free=15532294144,total=15640231936
directory has value testimage
Outputname is testimageresult2.jpg
2268,4032testimage/orion_10.jpg
Maxidx8u status=0
Maximum pixel: x=886,y=3142
Am I here
mirror status=0
Convert8/32 status=0
Am I here 4
FINAL COUNTDOWN
convert s/f status=0
iSum status=0
cudaerr=0
Filter status=0
Maxidx8u status=0
am i here now
free=15259664384,total=15640231936
filename=testimage/orion_1.jpg
convert s/f status=0
iSum status=0
cudaerr=0
Filter status=0
Maxidx8u status=0
totalwidth=2268,4032
diff=494,-717
Am I now
outboundupper x=1774,y=4749
outboundlower x=-494,y=717
newsize=2762,4749
newimage width=2762, height=4749
offsetposition=494,0
eresult=0
newimage width=2762, height=4749
offsetposition=494,0
eresult=0
newimage width=2762, height=4749
offsetposition=494,0
eresult=0
newimage width=2762, height=4749
offsetposition=494,0
eresult=0
newimage width=2762, height=4749
offsetposition=494,0
eresult=0
anothergo0
test
Last test bis
test
2762,4749
filename=testimage/orion_1.jpg
[i=1000[]
i=1001[]
i=1002[]
i=1003[]
i=1004[]
i=1005[]
i=1006[]
i=1007[]
i=1008[]
i=1009[]
i=1010[]
i=1011[]
i=1012[]
i=1013[]
i=1014[]
i=1015[]
i=1016[]
i=1017[]
i=1018[]
i=1019[]
i=1020[]
i=1021[]
i=1022[]
i=1023[]
i=1024[]
i=1025[]
i=1026[]
i=1027[]
i=1028[]
i=1029[]
i=1030[]
i=1031[]
i=1032[]
i=1033[]
i=1034[]
i=1035[]
i=1036[]
i=1037[]
i=1038[]
i=1039[]
i=1040[]
i=1041[]
i=1042[]
i=1043[]
i=1044[]
i=1045[]
i=1046[]
i=1047[]
i=1048[]
i=1049[]
i=1050[]
i=1051[]
i=1052[]
i=1053[]
i=1054[]
i=1055[]
i=1056[]
i=1057[]
i=1058[]
i=1059[]
i=1060[]
i=1061[]
i=1062[]
i=1063[]
i=1064[]
i=1065[]
i=1066[]
i=1067[]
i=1068[]
i=1069[]
i=1070[]
i=1071[]
i=1072[]
i=1073[]
i=1074[]
i=1075[]
i=1076[]
i=1077[]
i=1078[]
i=1079[]
i=1080[]
i=1081[]
i=1082[]
i=1083[]
i=1084[]
i=1085[]
i=1086[]
i=1087[]
i=1088[]
i=1089[]
i=1090[]
i=1091[]
i=1092[]
i=1093[]
i=1094[]
i=1095[]
i=1096[]
i=1097[]
i=1098[]
i=1099[]
i=1100[]
i=1101[]
i=1102[]
i=1103[]
i=1104[]
i=1105[]
i=1106[]
i=1107[]
i=1108[]
i=1109[]
i=1110[]
i=1111[]
i=1112[]
i=1113[]
i=1114[]
i=1115[]
i=1116[]
i=1117[]
i=1118[]
i=1119[]
i=1120[]
i=1121[]
i=1122[]
i=1123[]
i=1124[]
i=1125[]
i=1126[]
i=1127[]
i=1128[]
i=1129[]
i=1130[]
i=1131[]
i=1132[]
i=1133[]
i=1134[]
i=1135[]
i=1136[]
i=1137[]
i=1138[]
i=1139[]
i=1140[]
i=1141[]
i=1142[]
i=1143[]
i=1144[]
i=1145[]
i=1146[]
i=1147[]
i=1148[]
i=1149[]
i=1150[]
i=1151[]
i=1152[]
i=1153[]
i=1154[]
i=1155[]
i=1156[]
i=1157[]
i=1158[]
i=1159[]
i=1160[]
i=1161[]
i=1162[]
i=1163[]
i=1164[]
i=1165[]
i=1166[]
i=1167[]
i=1168[]
i=1169[]
i=1170[]
i=1171[]
i=1172[]
i=1173[]
i=1174[]
i=1175[]
i=1176[]
i=1177[]
i=1178[]
i=1179[]
i=1180[]
i=1181[]
i=1182[]
i=1183[]
i=1184[]
i=1185[]
i=1186[]
i=1187[]
i=1188[]
i=1189[]
i=1190[]
i=1191[]
i=1192[]
i=1193[]
i=1194[]
i=1195[]
i=1196[]
i=1197[]
i=1198[]
i=1199[]
i=1200[]
i=1201[]
i=1202[]
i=1203[]
i=1204[]
i=1205[]
i=1206[]
i=1207[]
i=1208[]
i=1209[]
i=1210[]
i=1211[]
i=1212[]
i=1213[]
i=1214[]
i=1215[]
i=1216[]
i=1217[]
i=1218[]
i=1219[]
i=1220[]
i=1221[]
i=1222[]
i=1223[]
i=1224[]
i=1225[]
i=1226[]
i=1227[]
i=1228[]
i=1229[]
i=1230[]
i=1231[]
i=1232[]
i=1233[]
i=1234[]
i=1235[]
i=1236[]
i=1237[]
i=1238[]
i=1239[]
i=1240[]
i=1241[]
i=1242[]
i=1243[]
i=1244[]
i=1245[]
i=1246[]
i=1247[]
i=1248[]
i=1249[]
i=1250[]
i=1251[]
i=1252[]
i=1253[]
i=1254[]
i=1255[]
i=1256[]
i=1257[]
i=1258[]
i=1259[]
i=1260[]
i=1261[]
i=1262[]
i=1263[]
i=1264[]
i=1265[]
i=1266[]
i=1267[]
i=1268[]
i=1269[]
i=1270[]
i=1271[]
i=1272[]
i=1273[]
i=1274[]
i=1275[]
i=1276[]
i=1277[]
i=1278[]
i=1279[]
i=1280[]
i=1281[]
i=1282[]
i=1283[]
i=1284[]
i=1285[]
i=1286[]
i=1287[]
i=1288[]
i=1289[]
i=1290[]
i=1291[]
i=1292[]
i=1293[]
i=1294[]
i=1295[]
i=1296[]
i=1297[]
i=1298[]
i=1299[]
i=1300[]
i=1301[]
i=1302[]
i=1303[]
i=1304[]
i=1305[]
i=1306[]
i=1307[]
i=1308[]
i=1309[]
i=1310[]
i=1311[]
i=1312[]
i=1313[]
i=1314[]
i=1315[]
i=1316[]
i=1317[]
i=1318[]
i=1319[]
i=1320[]
i=1321[]
i=1322[]
i=1323[]
i=1324[]
i=1325[]
i=1326[]
i=1327[]
i=1328[]
i=1329[]
i=1330[]
i=1331[]
i=1332[]
i=1333[]
i=1334[]
i=1335[]
i=1336[]
i=1337[]
i=1338[]
i=1339[]
i=1340[]
i=1341[]
i=1342[]
i=1343[]
i=1344[]
i=1345[]
i=1346[]
i=1347[]
i=1348[]
i=1349[]
i=1350[]
i=1351[]
i=1352[]
i=1353[]
i=1354[]
i=1355[]
i=1356[]
i=1357[]
i=1358[]
i=1359[]
i=1360[]
i=1361[]
i=1362[]
i=1363[]
i=1364[]
i=1365[]
i=1366[]
i=1367[]
i=1368[]
i=1369[]
i=1370[]
i=1371[]
i=1372[]
i=1373[]
i=1374[]
i=1375[]
i=1376[]
i=1377[]
i=1378[]
i=1379[]
i=1380[]
i=1381[]
i=1382[]
i=1383[]
i=1384[]
i=1385[]
i=1386[]
i=1387[]
i=1388[]
i=1389[]
i=1390[]
i=1391[]
i=1392[]
i=1393[]
i=1394[]
i=1395[]
i=1396[]
i=1397[]
i=1398[]
i=1399[]
i=1400[]
i=1401[]
i=1402[]
i=1403[]
i=1404[]
i=1405[]
i=1406[]
i=1407[]
i=1408[]
i=1409[]
i=1410[]
i=1411[]
i=1412[]
i=1413[]
i=1414[]
i=1415[]
i=1416[]
i=1417[]
i=1418[]
i=1419[]
i=1420[]
i=1421[]
i=1422[]
i=1423[]
i=1424[]
i=1425[]
i=1426[]
i=1427[]
i=1428[]
i=1429[]
i=1430[]
i=1431[]
i=1432[]
i=1433[]
i=1434[]
i=1435[]
i=1436[]
i=1437[]
i=1438[]
i=1439[]
i=1440[]
i=1441[]
i=1442[]
i=1443[]
i=1444[]
i=1445[]
i=1446[]
i=1447[]
i=1448[]
i=1449[]
i=1450[]
i=1451[]
i=1452[]
i=1453[]
i=1454[]
i=1455[]
i=1456[]
i=1457[]
i=1458[]
i=1459[]
i=1460[]
i=1461[]
i=1462[]
i=1463[]
i=1464[]
i=1465[]
i=1466[]
i=1467[]
i=1468[]
i=1469[]
i=1470[]
i=1471[]
i=1472[]
i=1473[]
i=1474[]
i=1475[]
i=1476[]
i=1477[]
i=1478[]
i=1479[]
i=1480[]
i=1481[]
i=1482[]
i=1483[]
i=1484[]
i=1485[]
i=1486[]
i=1487[]
i=1488[]
i=1489[]
i=1490[]
i=1491[]
i=1492[]
i=1493[]
i=1494[]
i=1495[]
i=1496[]
i=1497[]
i=1498[]
i=1499[]
i=1500[]
i=1501[]
i=1502[]
i=1503[]
i=1504[]
i=1505[]
i=1506[]
i=1507[]
i=1508[]
i=1509[]
i=1510[]
i=1511[]
i=1512[]
i=1513[]
i=1514[]
i=1515[]
i=1516[]
i=1517[]
i=1518[]
i=1519[]
i=1520[]
i=1521[]
i=1522[]
i=1523[]
i=1524[]
i=1525[]
i=1526[]
i=1527[]
i=1528[]
i=1529[]
i=1530[]
i=1531[]
i=1532[]
i=1533[]
i=1534[]
i=1535[]
i=1536[]
i=1537[]
i=1538[]
i=1539[]
i=1540[]
i=1541[]
i=1542[]
i=1543[]
i=1544[]
i=1545[]
i=1546[]
i=1547[]
i=1548[]
i=1549[]
i=1550[]
i=1551[]
i=1552[]
i=1553[]
i=1554[]
i=1555[]
i=1556[]
i=1557[]
i=1558[]
i=1559[]
i=1560[]
i=1561[]
i=1562[]
i=1563[]
i=1564[]
i=1565[]
i=1566[]
i=1567[]
i=1568[]
i=1569[]
i=1570[]
i=1571[]
i=1572[]
i=1573[]
i=1574[]
i=1575[]
i=1576[]
i=1577[]
i=1578[]
i=1579[]
i=1580[]
i=1581[]
i=1582[]
i=1583[]
i=1584[]
i=1585[]
i=1586[]
i=1587[]
i=1588[]
i=1589[]
i=1590[]
i=1591[]
i=1592[]
i=1593[]
i=1594[]
i=1595[]
i=1596[]
i=1597[]
i=1598[]
i=1599[]
i=1600[]
i=1601[]
i=1602[]
i=1603[]
i=1604[]
i=1605[]
i=1606[]
i=1607[]
i=1608[]
i=1609[]
i=1610[]
i=1611[]
i=1612[]
i=1613[]
i=1614[]
i=1615[]
i=1616[]
i=1617[]
i=1618[]
i=1619[]
i=1620[]
i=1621[]
i=1622[]
i=1623[]
i=1624[]
i=1625[]
i=1626[]
i=1627[]
i=1628[]
i=1629[]
i=1630[]
i=1631[]
i=1632[]
i=1633[]
i=1634[]
i=1635[]
i=1636[]
i=1637[]
i=1638[]
i=1639[]
i=1640[]
i=1641[]
i=1642[]
i=1643[]
i=1644[]
i=1645[]
i=1646[]
i=1647[]
i=1648[]
i=1649[]
i=1650[]
i=1651[]
i=1652[]
i=1653[]
i=1654[]
i=1655[]
i=1656[]
i=1657[]
i=1658[]
i=1659[]
i=1660[]
i=1661[]
i=1662[]
i=1663[]
i=1664[]
i=1665[]
i=1666[]
i=1667[]
i=1668[]
i=1669[]
i=1670[]
i=1671[]
i=1672[]
i=1673[]
i=1674[]
i=1675[]
i=1676[]
i=1677[]
i=1678[]
i=1679[]
i=1680[]
i=1681[]
i=1682[]
i=1683[]
i=1684[]
i=1685[]
i=1686[]
i=1687[]
i=1688[]
i=1689[]
i=1690[]
i=1691[]
i=1692[]
i=1693[]
i=1694[]
i=1695[]
i=1696[]
i=1697[]
i=1698[]
i=1699[]
i=1700[]
i=1701[]
i=1702[]
i=1703[]
i=1704[]
i=1705[]
i=1706[]
i=1707[]
i=1708[]
i=1709[]
i=1710[]
i=1711[]
i=1712[]
i=1713[]
i=1714[]
i=1715[]
i=1716[]
i=1717[]
i=1718[]
i=1719[]
i=1720[]
i=1721[]
i=1722[]
i=1723[]
i=1724[]
i=1725[]
i=1726[]
i=1727[]
i=1728[]
i=1729[]
i=1730[]
i=1731[]
i=1732[]
i=1733[]
i=1734[]
i=1735[]
i=1736[]
i=1737[]
i=1738[]
i=1739[]
i=1740[]
i=1741[]
i=1742[]
i=1743[]
i=1744[]
i=1745[]
i=1746[]
i=1747[]
i=1748[]
i=1749[]
i=1750[]
i=1751[]
i=1752[]
i=1753[]
i=1754[]
i=1755[]
i=1756[]
i=1757[]
i=1758[]
i=1759[]
i=1760[]
i=1761[]
i=1762[]
i=1763[]
i=1764[]
i=1765[]
i=1766[]
i=1767[]
i=1768[]
i=1769[]
i=1770[]
i=1771[]
i=1772[]
i=1773[]
i=1774[]
i=1775[]
i=1776[]
i=1777[]
i=1778[]
i=1779[]
i=1780[]
i=1781[]
i=1782[]
i=1783[]
i=1784[]
i=1785[]
i=1786[]
i=1787[]
i=1788[]
i=1789[]
i=1790[]
i=1791[]
i=1792[]
i=1793[]
i=1794[]
i=1795[]
i=1796[]
i=1797[]
i=1798[]
i=1799[]
i=1800[]
i=1801[]
i=1802[]
i=1803[]
i=1804[]
i=1805[]
i=1806[]
i=1807[]
i=1808[]
i=1809[]
i=1810[]
i=1811[]
i=1812[]
i=1813[]
i=1814[]
i=1815[]
i=1816[]
i=1817[]
i=1818[]
i=1819[]
i=1820[]
i=1821[]
i=1822[]
i=1823[]
i=1824[]
i=1825[]
i=1826[]
i=1827[]
i=1828[]
i=1829[]
i=1830[]
i=1831[]
i=1832[]
i=1833[]
i=1834[]
i=1835[]
i=1836[]
i=1837[]
i=1838[]
i=1839[]
i=1840[]
i=1841[]
i=1842[]
i=1843[]
i=1844[]
i=1845[]
i=1846[]
i=1847[]
i=1848[]
i=1849[]
i=1850[]
i=1851[]
i=1852[]
i=1853[]
i=1854[]
i=1855[]
i=1856[]
i=1857[]
i=1858[]
i=1859[]
i=1860[]
i=1861[]
i=1862[]
i=1863[]
i=1864[]
i=1865[]
i=1866[]
i=1867[]
i=1868[]
i=1869[]
i=1870[]
i=1871[]
i=1872[]
i=1873[]
i=1874[]
i=1875[]
i=1876[]
i=1877[]
i=1878[]
i=1879[]
i=1880[]
i=1881[]
i=1882[]
i=1883[]
i=1884[]
i=1885[]
i=1886[]
i=1887[]
i=1888[]
i=1889[]
i=1890[]
i=1891[]
i=1892[]
i=1893[]
i=1894[]
i=1895[]
i=1896[]
i=1897[]
i=1898[]
i=1899[]
i=1900[]
i=1901[]
i=1902[]
i=1903[]
i=1904[]
i=1905[]
i=1906[]
i=1907[]
i=1908[]
i=1909[]
i=1910[]
i=1911[]
i=1912[]
i=1913[]
i=1914[]
i=1915[]
i=1916[]
i=1917[]
i=1918[]
i=1919[]
i=1920[]
i=1921[]
i=1922[]
i=1923[]
i=1924[]
i=1925[]
i=1926[]
i=1927[]
i=1928[]
i=1929[]
i=1930[]
i=1931[]
i=1932[]
i=1933[]
i=1934[]
i=1935[]
i=1936[]
i=1937[]
i=1938[]
i=1939[]
i=1940[]
i=1941[]
i=1942[]
i=1943[]
i=1944[]
i=1945[]
i=1946[]
i=1947[]
i=1948[]
i=1949[]
i=1950[]
i=1951[]
i=1952[]
i=1953[]
i=1954[]
i=1955[]
i=1956[]
i=1957[]
i=1958[]
i=1959[]
i=1960[]
i=1961[]
i=1962[]
i=1963[]
i=1964[]
i=1965[]
i=1966[]
i=1967[]
i=1968[]
i=1969[]
i=1970[]
i=1971[]
i=1972[]
i=1973[]
i=1974[]
i=1975[]
i=1976[]
i=1977[]
i=1978[]
i=1979[]
i=1980[]
i=1981[]
i=1982[]
i=1983[]
i=1984[]
i=1985[]
i=1986[]
i=1987[]
i=1988[]
i=1989[]
i=1990[]
i=1991[]
i=1992[]
i=1993[]
i=1994[]
i=1995[]
i=1996[]
i=1997[]
i=1998[]
i=1999[]
i=2000[]
i=2001[]
i=2002[]
i=2003[]
i=2004[]
i=2005[]
i=2006[]
i=2007[]
i=2008[]
i=2009[]
i=2010[]
i=2011[]
i=2012[]
i=2013[]
i=2014[]
i=2015[]
i=2016[]
i=2017[]
i=2018[]
i=2019[]
i=2020[]
i=2021[]
i=2022[]
i=2023[]
i=2024[]
i=2025[]
i=2026[]
i=2027[]
i=2028[]
i=2029[]
i=2030[]
i=2031[]
i=2032[]
i=2033[]
i=2034[]
i=2035[]
i=2036[]
i=2037[]
i=2038[]
i=2039[]
i=2040[]
i=2041[]
i=2042[]
i=2043[]
i=2044[]
i=2045[]
i=2046[]
i=2047[]
i=2048[]
i=2049[]
i=2050[]
i=2051[]
i=2052[]
i=2053[]
i=2054[]
i=2055[]
i=2056[]
i=2057[]
i=2058[]
i=2059[]
i=2060[]
i=2061[]
i=2062[]
i=2063[]
i=2064[]
i=2065[]
i=2066[]
i=2067[]
i=2068[]
i=2069[]
i=2070[]
i=2071[]
i=2072[]
i=2073[]
i=2074[]
i=2075[]
i=2076[]
i=2077[]
i=2078[]
i=2079[]
i=2080[]
i=2081[]
i=2082[]
i=2083[]
i=2084[]
i=2085[]
i=2086[]
i=2087[]
i=2088[]
i=2089[]
i=2090[]
i=2091[]
i=2092[]
i=2093[]
i=2094[]
i=2095[]
i=2096[]
i=2097[]
i=2098[]
i=2099[]
i=2100[]
i=2101[]
i=2102[]
i=2103[]
i=2104[]
i=2105[]
i=2106[]
i=2107[]
i=2108[]
i=2109[]
i=2110[]
i=2111[]
i=2112[]
i=2113[]
i=2114[]
i=2115[]
i=2116[]
i=2117[]
i=2118[]
i=2119[]
i=2120[]
i=2121[]
i=2122[]
i=2123[]
i=2124[]
i=2125[]
i=2126[]
i=2127[]
i=2128[]
i=2129[]
i=2130[]
i=2131[]
i=2132[]
i=2133[]
i=2134[]
i=2135[]
i=2136[]
i=2137[]
i=2138[]
i=2139[]
i=2140[]
i=2141[]
i=2142[]
i=2143[]
i=2144[]
i=2145[]
i=2146[]
i=2147[]
i=2148[]
i=2149[]
i=2150[]
i=2151[]
i=2152[]
i=2153[]
i=2154[]
i=2155[]
i=2156[]
i=2157[]
i=2158[]
i=2159[]
i=2160[]
i=2161[]
i=2162[]
i=2163[]
i=2164[]
i=2165[]
i=2166[]
i=2167[]
i=2168[]
i=2169[]
i=2170[]
i=2171[]
i=2172[]
i=2173[]
i=2174[]
i=2175[]
i=2176[]
i=2177[]
i=2178[]
i=2179[]
i=2180[]
i=2181[]
i=2182[]
i=2183[]
i=2184[]
i=2185[]
i=2186[]
i=2187[]
i=2188[]
i=2189[]
i=2190[]
i=2191[]
i=2192[]
i=2193[]
i=2194[]
i=2195[]
i=2196[]
i=2197[]
i=2198[]
i=2199[]
i=2200[]
i=2201[]
i=2202[]
i=2203[]
i=2204[]
i=2205[]
i=2206[]
i=2207[]
i=2208[]
i=2209[]
i=2210[]
i=2211[]
i=2212[]
i=2213[]
i=2214[]
i=2215[]
i=2216[]
i=2217[]
i=2218[]
i=2219[]
i=2220[]
i=2221[]
i=2222[]
i=2223[]
i=2224[]
i=2225[]
i=2226[]
i=2227[]
i=2228[]
i=2229[]
i=2230[]
i=2231[]
i=2232[]
i=2233[]
i=2234[]
i=2235[]
i=2236[]
i=2237[]
i=2238[]
i=2239[]
i=2240[]
i=2241[]
i=2242[]
i=2243[]
i=2244[]
i=2245[]
i=2246[]
i=2247[]
i=2248[]
i=2249[]
i=2250[]
i=2251[]
i=2252[]
i=2253[]
i=2254[]
i=2255[]
i=2256[]
i=2257[]
i=2258[]
i=2259[]
i=2260[]
i=2261[]
i=2262[]
i=2263[]
i=2264[]
i=2265[]
i=2266[]
i=2267[]
i=2268[]
i=2269[]
i=2270[]
i=2271[]
i=2272[]
i=2273[]
i=2274[]
i=2275[]
i=2276[]
i=2277[]
i=2278[]
i=2279[]
i=2280[]
i=2281[]
i=2282[]
i=2283[]
i=2284[]
i=2285[]
i=2286[]
i=2287[]
i=2288[]
i=2289[]
i=2290[]
i=2291[]
i=2292[]
i=2293[]
i=2294[]
i=2295[]
i=2296[]
i=2297[]
i=2298[]
i=2299[]
i=2300[]
i=2301[]
i=2302[]
i=2303[]
i=2304[]
i=2305[]
i=2306[]
i=2307[]
i=2308[]
i=2309[]
i=2310[]
i=2311[]
i=2312[]
i=2313[]
i=2314[]
i=2315[]
i=2316[]
i=2317[]
i=2318[]
i=2319[]
i=2320[]
i=2321[]
i=2322[]
i=2323[]
i=2324[]
i=2325[]
i=2326[]
i=2327[]
i=2328[]
i=2329[]
i=2330[]
i=2331[]
i=2332[]
i=2333[]
i=2334[]
i=2335[]
i=2336[]
i=2337[]
i=2338[]
i=2339[]
i=2340[]
i=2341[]
i=2342[]
i=2343[]
i=2344[]
i=2345[]
i=2346[]
i=2347[]
i=2348[]
i=2349[]
i=2350[]
i=2351[]
i=2352[]
i=2353[]
i=2354[]
i=2355[]
i=2356[]
i=2357[]
i=2358[]
i=2359[]
i=2360[]
i=2361[]
i=2362[]
i=2363[]
i=2364[]
i=2365[]
i=2366[]
i=2367[]
i=2368[]
i=2369[]
i=2370[]
i=2371[]
i=2372[]
i=2373[]
i=2374[]
i=2375[]
i=2376[]
i=2377[]
i=2378[]
i=2379[]
i=2380[]
i=2381[]
i=2382[]
i=2383[]
i=2384[]
i=2385[]
i=2386[]
i=2387[]
i=2388[]
i=2389[]
i=2390[]
i=2391[]
i=2392[]
i=2393[]
i=2394[]
i=2395[]
i=2396[]
i=2397[]
i=2398[]
i=2399[]
i=2400[]
i=2401[]
i=2402[]
i=2403[]
i=2404[]
i=2405[]
i=2406[]
i=2407[]
i=2408[]
i=2409[]
i=2410[]
i=2411[]
i=2412[]
i=2413[]
i=2414[]
i=2415[]
i=2416[]
i=2417[]
i=2418[]
i=2419[]
i=2420[]
i=2421[]
i=2422[]
i=2423[]
i=2424[]
i=2425[]
i=2426[]
i=2427[]
i=2428[]
i=2429[]
i=2430[]
i=2431[]
i=2432[]
i=2433[]
i=2434[]
i=2435[]
i=2436[]
i=2437[]
i=2438[]
i=2439[]
i=2440[]
i=2441[]
i=2442[]
i=2443[]
i=2444[]
i=2445[]
i=2446[]
i=2447[]
i=2448[]
i=2449[]
i=2450[]
i=2451[]
i=2452[]
i=2453[]
i=2454[]
i=2455[]
i=2456[]
i=2457[]
i=2458[]
i=2459[]
i=2460[]
i=2461[]
i=2462[]
i=2463[]
i=2464[]
i=2465[]
i=2466[]
i=2467[]
i=2468[]
i=2469[]
i=2470[]
i=2471[]
i=2472[]
i=2473[]
i=2474[]
i=2475[]
i=2476[]
i=2477[]
i=2478[]
i=2479[]
i=2480[]
i=2481[]
i=2482[]
i=2483[]
i=2484[]
i=2485[]
i=2486[]
i=2487[]
i=2488[]
i=2489[]
i=2490[]
i=2491[]
i=2492[]
i=2493[]
i=2494[]
i=2495[]
i=2496[]
i=2497[]
i=2498[]
i=2499[]
i=2500[]
i=2501[]
i=2502[]
i=2503[]
i=2504[]
i=2505[]
i=2506[]
i=2507[]
i=2508[]
i=2509[]
i=2510[]
i=2511[]
i=2512[]
i=2513[]
i=2514[]
i=2515[]
i=2516[]
i=2517[]
i=2518[]
i=2519[]
i=2520[]
i=2521[]
i=2522[]
i=2523[]
i=2524[]
i=2525[]
i=2526[]
i=2527[]
i=2528[]
i=2529[]
i=2530[]
i=2531[]
i=2532[]
i=2533[]
i=2534[]
i=2535[]
i=2536[]
i=2537[]
i=2538[]
i=2539[]
i=2540[]
i=2541[]
i=2542[]
i=2543[]
i=2544[]
i=2545[]
i=2546[]
i=2547[]
i=2548[]
i=2549[]
i=2550[]
i=2551[]
i=2552[]
i=2553[]
i=2554[]
i=2555[]
i=2556[]
i=2557[]
i=2558[]
i=2559[]
i=2560[]
i=2561[]
i=2562[]
i=2563[]
i=2564[]
i=2565[]
i=2566[]
i=2567[]
i=2568[]
i=2569[]
i=2570[]
i=2571[]
i=2572[]
i=2573[]
i=2574[]
i=2575[]
i=2576[]
i=2577[]
i=2578[]
i=2579[]
i=2580[]
i=2581[]
i=2582[]
i=2583[]
i=2584[]
i=2585[]
i=2586[]
i=2587[]
i=2588[]
i=2589[]
i=2590[]
i=2591[]
i=2592[]
i=2593[]
i=2594[]
i=2595[]
i=2596[]
i=2597[]
i=2598[]
i=2599[]
i=2600[]
i=2601[]
i=2602[]
i=2603[]
i=2604[]
i=2605[]
i=2606[]
i=2607[]
i=2608[]
i=2609[]
i=2610[]
i=2611[]
i=2612[]
i=2613[]
i=2614[]
i=2615[]
i=2616[]
i=2617[]
i=2618[]
i=2619[]
i=2620[]
i=2621[]
i=2622[]
i=2623[]
i=2624[]
i=2625[]
i=2626[]
i=2627[]
i=2628[]
i=2629[]
i=2630[]
i=2631[]
i=2632[]
i=2633[]
i=2634[]
i=2635[]
i=2636[]
i=2637[]
i=2638[]
i=2639[]
i=2640[]
i=2641[]
i=2642[]
i=2643[]
i=2644[]
i=2645[]
i=2646[]
i=2647[]
i=2648[]
i=2649[]
i=2650[]
i=2651[]
i=2652[]
i=2653[]
i=2654[]
i=2655[]
i=2656[]
i=2657[]
i=2658[]
i=2659[]
i=2660[]
i=2661[]
i=2662[]
i=2663[]
i=2664[]
i=2665[]
i=2666[]
i=2667[]
i=2668[]
i=2669[]
i=2670[]
i=2671[]
i=2672[]
i=2673[]
i=2674[]
i=2675[]
i=2676[]
i=2677[]
i=2678[]
i=2679[]
i=2680[]
i=2681[]
i=2682[]
i=2683[]
i=2684[]
i=2685[]
i=2686[]
i=2687[]
i=2688[]
i=2689[]
i=2690[]
i=2691[]
i=2692[]
i=2693[]
i=2694[]
i=2695[]
i=2696[]
i=2697[]
i=2698[]
i=2699[]
i=2700[]
i=2701[]
i=2702[]
i=2703[]
i=2704[]
i=2705[]
i=2706[]
i=2707[]
i=2708[]
i=2709[]
i=2710[]
i=2711[]
i=2712[]
i=2713[]
i=2714[]
i=2715[]
i=2716[]
i=2717[]
i=2718[]
i=2719[]
i=2720[]
i=2721[]
i=2722[]
i=2723[]
i=2724[]
i=2725[]
i=2726[]
i=2727[]
i=2728[]
i=2729[]
i=2730[]
i=2731[]
i=2732[]
i=2733[]
i=2734[]
i=2735[]
i=2736[]
i=2737[]
i=2738[]
i=2739[]
i=2740[]
i=2741[]
i=2742[]
i=2743[]
i=2744[]
i=2745[]
i=2746[]
i=2747[]
i=2748[]
i=2749[]
i=2750[]
i=2751[]
i=2752[]
i=2753[]
i=2754[]
i=2755[]
i=2756[]
i=2757[]
i=2758[]
i=2759[]
i=2760[]
i=2761[]
i=2762[]
i=2763[]
i=2764[]
i=2765[]
i=2766[]
i=2767[]
i=2768[]
i=2769[]
i=2770[]
i=2771[]
i=2772[]
i=2773[]
i=2774[]
i=2775[]
i=2776[]
i=2777[]
i=2778[]
i=2779[]
i=2780[]
i=2781[]
i=2782[]
i=2783[]
i=2784[]
i=2785[]
i=2786[]
i=2787[]
i=2788[]
i=2789[]
i=2790[]
i=2791[]
i=2792[]
i=2793[]
i=2794[]
i=2795[]
i=2796[]
i=2797[]
i=2798[]
i=2799[]
i=2800[]
i=2801[]
i=2802[]
i=2803[]
i=2804[]
i=2805[]
i=2806[]
i=2807[]
i=2808[]
i=2809[]
i=2810[]
i=2811[]
i=2812[]
i=2813[]
i=2814[]
i=2815[]
i=2816[]
i=2817[]
i=2818[]
i=2819[]
i=2820[]
i=2821[]
i=2822[]
i=2823[]
i=2824[]
i=2825[]
i=2826[]
i=2827[]
i=2828[]
i=2829[]
i=2830[]
i=2831[]
i=2832[]
i=2833[]
i=2834[]
i=2835[]
i=2836[]
i=2837[]
i=2838[]
i=2839[]
i=2840[]
i=2841[]
i=2842[]
i=2843[]
i=2844[]
i=2845[]
i=2846[]
i=2847[]
i=2848[]
i=2849[]
i=2850[]
i=2851[]
i=2852[]
i=2853[]
i=2854[]
i=2855[]
i=2856[]
i=2857[]
i=2858[]
i=2859[]
i=2860[]
i=2861[]
i=2862[]
i=2863[]
i=2864[]
i=2865[]
i=2866[]
i=2867[]
i=2868[]
i=2869[]
i=2870[]
i=2871[]
i=2872[]
i=2873[]
i=2874[]
i=2875[]
i=2876[]
i=2877[]
i=2878[]
i=2879[]
i=2880[]
i=2881[128,160,]
i=2882[]
i=2883[]
i=2884[]
i=2885[128,128,128,128,]
i=2886[]
i=2887[]
i=2888[]
i=2889[]
i=2890[]
i=2891[]
i=2892[]
i=2893[]
i=2894[]
i=2895[]
i=2896[]
i=2897[128,]
i=2898[]
i=2899[]
i=2900[]
i=2901[128,128,]
i=2902[]
i=2903[]
i=2904[]
i=2905[128,]
i=2906[]
i=2907[]
i=2908[]
i=2909[]
i=2910[]
i=2911[]
i=2912[]
i=2913[]
i=2914[]
i=2915[]
i=2916[]
i=2917[]
i=2918[]
i=2919[]
i=2920[]
i=2921[]
i=2922[]
i=2923[]
i=2924[]
i=2925[]
i=2926[]
i=2927[]
i=2928[]
i=2929[]
i=2930[]
i=2931[]
i=2932[]
i=2933[]
i=2934[]
i=2935[]
i=2936[]
i=2937[]
i=2938[]
i=2939[]
i=2940[]
i=2941[]
i=2942[]
i=2943[]
i=2944[]
i=2945[]
i=2946[]
i=2947[]
i=2948[]
i=2949[]
i=2950[]
i=2951[]
i=2952[]
i=2953[]
i=2954[]
i=2955[]
i=2956[]
i=2957[]
i=2958[]
i=2959[]
i=2960[]
i=2961[]
i=2962[]
i=2963[]
i=2964[]
i=2965[]
i=2966[]
i=2967[]
i=2968[]
i=2969[]
i=2970[]
i=2971[]
i=2972[]
i=2973[]
i=2974[]
i=2975[]
i=2976[]
i=2977[]
i=2978[]
i=2979[]
i=2980[]
i=2981[]
i=2982[]
i=2983[]
i=2984[]
i=2985[]
i=2986[]
i=2987[]
i=2988[]
i=2989[]
i=2990[]
i=2991[]
i=2992[]
i=2993[]
i=2994[]
i=2995[]
i=2996[]
i=2997[]
i=2998[]
i=2999[]
i=3000[]
i=3001[]
i=3002[]
i=3003[]
i=3004[]
i=3005[]
i=3006[]
i=3007[]
i=3008[]
i=3009[]
i=3010[]
i=3011[]
i=3012[]
i=3013[]
i=3014[]
i=3015[]
i=3016[]
i=3017[]
i=3018[]
i=3019[]
i=3020[]
i=3021[]
i=3022[]
i=3023[]
i=3024[]
i=3025[]
i=3026[]
i=3027[]
i=3028[]
i=3029[]
i=3030[]
i=3031[]
i=3032[]
i=3033[]
i=3034[]
i=3035[]
i=3036[]
i=3037[]
i=3038[]
i=3039[]
i=3040[]
i=3041[]
i=3042[]
i=3043[]
i=3044[]
i=3045[]
i=3046[]
i=3047[]
i=3048[]
i=3049[]
i=3050[]
i=3051[]
i=3052[]
i=3053[]
i=3054[]
i=3055[]
i=3056[]
i=3057[]
i=3058[]
i=3059[]
i=3060[]
i=3061[]
i=3062[]
i=3063[]
i=3064[]
i=3065[]
i=3066[]
i=3067[]
i=3068[]
i=3069[]
i=3070[]
i=3071[]
i=3072[]
i=3073[]
i=3074[]
i=3075[]
i=3076[]
i=3077[]
i=3078[]
i=3079[]
i=3080[]
i=3081[]
i=3082[]
i=3083[]
i=3084[]
i=3085[]
i=3086[]
i=3087[]
i=3088[]
i=3089[]
i=3090[]
i=3091[]
i=3092[]
i=3093[]
i=3094[]
i=3095[]
i=3096[]
i=3097[]
i=3098[]
i=3099[]
i=3100[]
i=3101[]
i=3102[]
i=3103[]
i=3104[]
i=3105[]
i=3106[]
i=3107[]
i=3108[]
i=3109[]
i=3110[]
i=3111[]
i=3112[]
i=3113[]
i=3114[]
i=3115[]
i=3116[]
i=3117[]
i=3118[]
i=3119[]
i=3120[]
i=3121[]
i=3122[]
i=3123[]
i=3124[]
i=3125[]
i=3126[]
i=3127[]
i=3128[]
i=3129[]
i=3130[]
i=3131[]
i=3132[]
i=3133[]
i=3134[]
i=3135[]
i=3136[]
i=3137[]
i=3138[]
i=3139[]
i=3140[]
i=3141[]
i=3142[]
i=3143[]
i=3144[]
i=3145[]
i=3146[]
i=3147[]
i=3148[]
i=3149[]
i=3150[]
i=3151[]
i=3152[]
i=3153[]
i=3154[]
i=3155[]
i=3156[]
i=3157[]
i=3158[]
i=3159[]
i=3160[]
i=3161[]
i=3162[]
i=3163[]
i=3164[]
i=3165[]
i=3166[]
i=3167[]
i=3168[]
i=3169[]
i=3170[]
i=3171[]
i=3172[]
i=3173[]
i=3174[]
i=3175[]
i=3176[]
i=3177[]
i=3178[]
i=3179[]
i=3180[]
i=3181[]
i=3182[]
i=3183[]
i=3184[]
i=3185[]
i=3186[]
i=3187[]
i=3188[]
i=3189[]
i=3190[]
i=3191[]
i=3192[]
i=3193[]
i=3194[]
i=3195[]
i=3196[]
i=3197[]
i=3198[]
i=3199[]
i=3200[]
i=3201[]
i=3202[]
i=3203[]
i=3204[]
i=3205[]
i=3206[]
i=3207[]
i=3208[]
i=3209[]
i=3210[]
i=3211[]
i=3212[]
i=3213[]
i=3214[]
i=3215[]
i=3216[]
i=3217[]
i=3218[]
i=3219[]
i=3220[]
i=3221[]
i=3222[]
i=3223[]
i=3224[]
i=3225[]
i=3226[]
i=3227[]
i=3228[]
i=3229[]
i=3230[]
i=3231[]
i=3232[]
i=3233[]
i=3234[]
i=3235[]
i=3236[]
i=3237[]
i=3238[]
i=3239[]
i=3240[]
i=3241[]
i=3242[]
i=3243[]
i=3244[]
i=3245[]
i=3246[]
i=3247[]
i=3248[]
i=3249[]
i=3250[]
i=3251[]
i=3252[]
i=3253[]
i=3254[]
i=3255[]
i=3256[]
i=3257[]
i=3258[]
i=3259[]
i=3260[]
i=3261[]
i=3262[]
i=3263[]
i=3264[]
i=3265[]
i=3266[]
i=3267[]
i=3268[]
i=3269[]
i=3270[]
i=3271[]
i=3272[]
i=3273[]
i=3274[]
i=3275[]
i=3276[]
i=3277[]
i=3278[]
i=3279[]
i=3280[]
i=3281[]
i=3282[]
i=3283[]
i=3284[]
i=3285[]
i=3286[]
i=3287[]
i=3288[]
i=3289[]
i=3290[]
i=3291[]
i=3292[]
i=3293[]
i=3294[]
i=3295[]
i=3296[]
i=3297[]
i=3298[]
i=3299[]
i=3300[]
i=3301[]
i=3302[]
i=3303[]
i=3304[]
i=3305[]
i=3306[]
i=3307[]
i=3308[]
i=3309[]
i=3310[]
i=3311[]
i=3312[]
i=3313[]
i=3314[]
i=3315[]
i=3316[]
i=3317[]
i=3318[]
i=3319[]
i=3320[]
i=3321[]
i=3322[]
i=3323[]
i=3324[]
i=3325[]
i=3326[]
i=3327[]
i=3328[]
i=3329[]
i=3330[]
i=3331[]
i=3332[]
i=3333[]
i=3334[]
i=3335[]
i=3336[]
i=3337[]
i=3338[]
i=3339[]
i=3340[]
i=3341[]
i=3342[]
i=3343[]
i=3344[]
i=3345[]
i=3346[]
i=3347[]
i=3348[]
i=3349[]
i=3350[]
i=3351[]
i=3352[]
i=3353[]
i=3354[]
i=3355[]
i=3356[]
i=3357[]
i=3358[]
i=3359[]
i=3360[]
i=3361[]
i=3362[]
i=3363[]
i=3364[]
i=3365[]
i=3366[]
i=3367[]
i=3368[]
i=3369[]
i=3370[]
i=3371[]
i=3372[]
i=3373[]
i=3374[]
i=3375[]
i=3376[]
i=3377[]
i=3378[]
i=3379[]
i=3380[]
i=3381[]
i=3382[]
i=3383[]
i=3384[]
i=3385[]
i=3386[]
i=3387[]
i=3388[]
i=3389[]
i=3390[]
i=3391[]
i=3392[]
i=3393[]
i=3394[]
i=3395[]
i=3396[]
i=3397[]
i=3398[]
i=3399[]
i=3400[]
i=3401[]
i=3402[]
i=3403[]
i=3404[]
i=3405[]
i=3406[]
i=3407[]
i=3408[]
i=3409[]
i=3410[]
i=3411[]
i=3412[]
i=3413[]
i=3414[]
i=3415[]
i=3416[]
i=3417[]
i=3418[]
i=3419[]
i=3420[]
i=3421[]
i=3422[]
i=3423[]
i=3424[]
i=3425[]
i=3426[]
i=3427[]
i=3428[]
i=3429[]
i=3430[]
i=3431[]
i=3432[]
i=3433[]
i=3434[]
i=3435[]
i=3436[]
i=3437[]
i=3438[]
i=3439[]
i=3440[]
i=3441[]
i=3442[]
i=3443[]
i=3444[]
i=3445[]
i=3446[]
i=3447[]
i=3448[]
i=3449[]
i=3450[]
i=3451[]
i=3452[]
i=3453[]
i=3454[]
i=3455[]
i=3456[]
i=3457[]
i=3458[]
i=3459[]
i=3460[]
i=3461[]
i=3462[]
i=3463[]
i=3464[]
i=3465[]
i=3466[]
i=3467[]
i=3468[]
i=3469[]
i=3470[]
i=3471[]
i=3472[]
i=3473[]
i=3474[]
i=3475[]
i=3476[]
i=3477[]
i=3478[]
i=3479[]
i=3480[]
i=3481[]
i=3482[]
i=3483[]
i=3484[]
i=3485[]
i=3486[]
i=3487[]
i=3488[]
i=3489[]
i=3490[]
i=3491[]
i=3492[]
i=3493[]
i=3494[]
i=3495[]
i=3496[]
i=3497[]
i=3498[]
i=3499[]
i=3500[]
i=3501[]
i=3502[]
i=3503[]
i=3504[]
i=3505[]
i=3506[]
i=3507[]
i=3508[]
i=3509[]
i=3510[]
i=3511[]
i=3512[]
i=3513[]
i=3514[]
i=3515[]
i=3516[]
i=3517[]
i=3518[]
i=3519[]
i=3520[]
i=3521[]
i=3522[]
i=3523[]
i=3524[]
i=3525[]
i=3526[]
i=3527[]
i=3528[]
i=3529[]
i=3530[]
i=3531[]
i=3532[]
i=3533[]
i=3534[]
i=3535[]
i=3536[]
i=3537[]
i=3538[]
i=3539[]
i=3540[]
i=3541[]
i=3542[]
i=3543[]
i=3544[]
i=3545[]
i=3546[]
i=3547[]
i=3548[]
i=3549[]
i=3550[]
i=3551[]
i=3552[]
i=3553[]
i=3554[]
i=3555[]
i=3556[]
i=3557[]
i=3558[]
i=3559[]
i=3560[]
i=3561[]
i=3562[]
i=3563[]
i=3564[]
i=3565[]
i=3566[]
i=3567[]
i=3568[]
i=3569[]
i=3570[]
i=3571[]
i=3572[]
i=3573[]
i=3574[]
i=3575[]
i=3576[]
i=3577[]
i=3578[]
i=3579[]
i=3580[]
i=3581[]
i=3582[]
i=3583[]
i=3584[]
i=3585[]
i=3586[]
i=3587[]
i=3588[]
i=3589[]
i=3590[]
i=3591[]
i=3592[]
i=3593[]
i=3594[]
i=3595[]
i=3596[]
i=3597[]
i=3598[]
i=3599[]
i=3600[]
i=3601[]
i=3602[]
i=3603[]
i=3604[]
i=3605[]
i=3606[]
i=3607[]
i=3608[]
i=3609[]
i=3610[]
i=3611[]
i=3612[]
i=3613[]
i=3614[]
i=3615[]
i=3616[]
i=3617[]
i=3618[]
i=3619[]
i=3620[]
i=3621[]
i=3622[]
i=3623[]
i=3624[]
i=3625[]
i=3626[]
i=3627[]
i=3628[]
i=3629[]
i=3630[]
i=3631[]
i=3632[]
i=3633[]
i=3634[]
i=3635[]
i=3636[]
i=3637[]
i=3638[]
i=3639[]
i=3640[]
i=3641[]
i=3642[]
i=3643[]
i=3644[]
i=3645[]
i=3646[]
i=3647[]
i=3648[]
i=3649[]
i=3650[]
i=3651[]
i=3652[]
i=3653[]
i=3654[]
i=3655[]
i=3656[]
i=3657[]
i=3658[]
i=3659[]
i=3660[]
i=3661[]
i=3662[]
i=3663[]
i=3664[]
i=3665[]
i=3666[]
i=3667[]
i=3668[]
i=3669[]
i=3670[]
i=3671[]
i=3672[]
i=3673[]
i=3674[]
i=3675[]
i=3676[]
i=3677[]
i=3678[]
i=3679[]
i=3680[]
i=3681[]
i=3682[]
i=3683[]
i=3684[]
i=3685[]
i=3686[]
i=3687[]
i=3688[]
i=3689[]
i=3690[]
i=3691[]
i=3692[]
i=3693[]
i=3694[]
i=3695[]
i=3696[]
i=3697[]
i=3698[]
i=3699[]
i=3700[]
i=3701[]
i=3702[]
i=3703[]
i=3704[]
i=3705[]
i=3706[]
i=3707[]
i=3708[]
i=3709[]
i=3710[]
i=3711[]
i=3712[]
i=3713[]
i=3714[]
i=3715[]
i=3716[]
i=3717[]
i=3718[]
i=3719[]
i=3720[]
i=3721[]
i=3722[]
i=3723[]
i=3724[]
i=3725[]
i=3726[]
i=3727[]
i=3728[]
i=3729[]
i=3730[]
i=3731[]
i=3732[]
i=3733[]
i=3734[]
i=3735[]
i=3736[]
i=3737[]
i=3738[]
i=3739[]
i=3740[]
i=3741[]
i=3742[]
i=3743[]
i=3744[]
i=3745[]
i=3746[]
i=3747[]
i=3748[]
i=3749[]
i=3750[]
i=3751[]
i=3752[]
i=3753[]
i=3754[]
i=3755[]
i=3756[]
i=3757[]
i=3758[]
i=3759[]
i=3760[]
i=3761[]
i=3762[]
i=3763[]
i=3764[]
i=3765[]
i=3766[]
i=3767[]
i=3768[]
i=3769[]
i=3770[]
i=3771[]
i=3772[]
i=3773[]
i=3774[]
i=3775[]
i=3776[]
i=3777[]
i=3778[]
i=3779[]
i=3780[]
i=3781[]
i=3782[]
i=3783[]
i=3784[]
i=3785[]
i=3786[]
i=3787[]
i=3788[]
i=3789[]
i=3790[]
i=3791[]
i=3792[]
i=3793[]
i=3794[]
i=3795[]
i=3796[]
i=3797[]
i=3798[]
i=3799[]
i=3800[]
i=3801[]
i=3802[]
i=3803[]
i=3804[]
i=3805[]
i=3806[]
i=3807[]
i=3808[]
i=3809[]
i=3810[]
i=3811[]
i=3812[]
i=3813[]
i=3814[]
i=3815[]
i=3816[]
i=3817[]
i=3818[]
i=3819[]
i=3820[]
i=3821[]
i=3822[]
i=3823[]
i=3824[]
i=3825[]
i=3826[]
i=3827[]
i=3828[]
i=3829[]
i=3830[]
i=3831[]
i=3832[]
i=3833[]
i=3834[]
i=3835[]
i=3836[]
i=3837[]
i=3838[]
i=3839[]
i=3840[]
i=3841[]
i=3842[]
i=3843[]
i=3844[]
i=3845[]
i=3846[]
i=3847[]
i=3848[]
i=3849[]
i=3850[]
i=3851[]
i=3852[]
i=3853[]
i=3854[]
i=3855[]
i=3856[]
i=3857[]
i=3858[]
i=3859[]
i=3860[]
i=3861[]
i=3862[]
i=3863[]
i=3864[]
i=3865[]
i=3866[]
i=3867[]
i=3868[]
i=3869[]
i=3870[]
i=3871[]
i=3872[]
i=3873[]
i=3874[]
i=3875[]
i=3876[]
i=3877[]
i=3878[]
i=3879[]
i=3880[]
i=3881[]
i=3882[]
i=3883[]
i=3884[]
i=3885[]
i=3886[]
i=3887[]
i=3888[]
i=3889[]
i=3890[]
i=3891[]
i=3892[]
i=3893[]
i=3894[]
i=3895[]
i=3896[]
i=3897[]
i=3898[]
i=3899[]
i=3900[]
i=3901[]
i=3902[]
i=3903[]
i=3904[]
i=3905[]
i=3906[]
i=3907[]
i=3908[]
i=3909[]
i=3910[]
i=3911[]
i=3912[]
i=3913[]
i=3914[]
i=3915[]
i=3916[]
i=3917[]
i=3918[]
i=3919[]
i=3920[]
i=3921[]
i=3922[]
i=3923[]
i=3924[]
i=3925[]
i=3926[]
i=3927[]
i=3928[]
i=3929[]
i=3930[]
i=3931[]
i=3932[]
i=3933[]
i=3934[]
i=3935[]
i=3936[]
i=3937[]
i=3938[]
i=3939[]
i=3940[]
i=3941[]
i=3942[]
i=3943[]
i=3944[]
i=3945[]
i=3946[]
i=3947[]
i=3948[]
i=3949[]
i=3950[]
i=3951[]
i=3952[]
i=3953[]
i=3954[]
i=3955[]
i=3956[]
i=3957[]
i=3958[]
i=3959[]
i=3960[]
i=3961[]
i=3962[]
i=3963[]
i=3964[]
i=3965[]
i=3966[]
i=3967[]
i=3968[]
i=3969[]
i=3970[]
i=3971[]
i=3972[]
i=3973[]
i=3974[]
i=3975[]
i=3976[]
i=3977[]
i=3978[]
i=3979[]
i=3980[]
i=3981[]
i=3982[]
i=3983[]
i=3984[]
i=3985[]
i=3986[]
i=3987[]
i=3988[]
i=3989[]
i=3990[]
i=3991[]
i=3992[]
i=3993[]
i=3994[]
i=3995[]
i=3996[]
i=3997[]
i=3998[]
i=3999[]
]
filename=testimage/orion_10.jpg
convert s/f status=0
iSum status=0
cudaerr=0
Filter status=0
Maxidx8u status=0
totalwidth=2762,4749
diff=377,-491
Am I now
outboundupper x=1891,y=4523
outboundlower x=-377,y=491
newsize=3139,4749
newimage width=3139, height=4749
offsetposition=377,0
eresult=0
newimage width=3139, height=4749
offsetposition=377,0
eresult=0
newimage width=3139, height=4749
offsetposition=377,0
eresult=0
newimage width=3139, height=4749
offsetposition=377,0
eresult=0
newimage width=3139, height=4749
offsetposition=377,0
eresult=0
anothergo0
test
Last test bis
test
3139,4749
filename=testimage/orion_10.jpg
[i=1000[]
i=1001[]
i=1002[]
i=1003[]
i=1004[]
i=1005[]
i=1006[]
i=1007[]
i=1008[]
i=1009[]
i=1010[]
i=1011[]
i=1012[]
i=1013[]
i=1014[]
i=1015[]
i=1016[]
i=1017[]
i=1018[]
i=1019[]
i=1020[]
i=1021[]
i=1022[]
i=1023[]
i=1024[]
i=1025[]
i=1026[]
i=1027[]
i=1028[]
i=1029[]
i=1030[]
i=1031[]
i=1032[]
i=1033[]
i=1034[]
i=1035[]
i=1036[]
i=1037[]
i=1038[]
i=1039[]
i=1040[]
i=1041[]
i=1042[]
i=1043[]
i=1044[]
i=1045[]
i=1046[]
i=1047[]
i=1048[]
i=1049[]
i=1050[]
i=1051[]
i=1052[]
i=1053[]
i=1054[]
i=1055[]
i=1056[]
i=1057[]
i=1058[]
i=1059[]
i=1060[]
i=1061[]
i=1062[]
i=1063[]
i=1064[]
i=1065[]
i=1066[]
i=1067[]
i=1068[]
i=1069[]
i=1070[]
i=1071[]
i=1072[]
i=1073[]
i=1074[]
i=1075[]
i=1076[]
i=1077[]
i=1078[]
i=1079[]
i=1080[]
i=1081[]
i=1082[]
i=1083[]
i=1084[]
i=1085[]
i=1086[]
i=1087[]
i=1088[]
i=1089[]
i=1090[]
i=1091[]
i=1092[]
i=1093[]
i=1094[]
i=1095[]
i=1096[]
i=1097[]
i=1098[]
i=1099[]
i=1100[]
i=1101[]
i=1102[]
i=1103[]
i=1104[]
i=1105[]
i=1106[]
i=1107[]
i=1108[]
i=1109[]
i=1110[]
i=1111[]
i=1112[]
i=1113[]
i=1114[]
i=1115[]
i=1116[]
i=1117[]
i=1118[]
i=1119[]
i=1120[]
i=1121[]
i=1122[]
i=1123[]
i=1124[]
i=1125[]
i=1126[]
i=1127[]
i=1128[]
i=1129[]
i=1130[]
i=1131[]
i=1132[]
i=1133[]
i=1134[]
i=1135[]
i=1136[]
i=1137[]
i=1138[]
i=1139[]
i=1140[]
i=1141[]
i=1142[]
i=1143[]
i=1144[]
i=1145[]
i=1146[]
i=1147[]
i=1148[]
i=1149[]
i=1150[]
i=1151[]
i=1152[]
i=1153[]
i=1154[]
i=1155[]
i=1156[]
i=1157[]
i=1158[]
i=1159[]
i=1160[]
i=1161[]
i=1162[]
i=1163[]
i=1164[]
i=1165[]
i=1166[]
i=1167[]
i=1168[]
i=1169[]
i=1170[]
i=1171[]
i=1172[]
i=1173[]
i=1174[]
i=1175[]
i=1176[]
i=1177[]
i=1178[]
i=1179[]
i=1180[]
i=1181[]
i=1182[]
i=1183[]
i=1184[]
i=1185[]
i=1186[]
i=1187[]
i=1188[]
i=1189[]
i=1190[]
i=1191[]
i=1192[]
i=1193[]
i=1194[]
i=1195[]
i=1196[]
i=1197[]
i=1198[]
i=1199[]
i=1200[]
i=1201[]
i=1202[]
i=1203[]
i=1204[]
i=1205[]
i=1206[]
i=1207[]
i=1208[]
i=1209[]
i=1210[]
i=1211[]
i=1212[]
i=1213[]
i=1214[]
i=1215[]
i=1216[]
i=1217[]
i=1218[]
i=1219[]
i=1220[]
i=1221[]
i=1222[]
i=1223[]
i=1224[]
i=1225[]
i=1226[]
i=1227[]
i=1228[]
i=1229[]
i=1230[]
i=1231[]
i=1232[]
i=1233[]
i=1234[]
i=1235[]
i=1236[]
i=1237[]
i=1238[]
i=1239[]
i=1240[]
i=1241[]
i=1242[]
i=1243[]
i=1244[]
i=1245[]
i=1246[]
i=1247[]
i=1248[]
i=1249[]
i=1250[]
i=1251[]
i=1252[]
i=1253[]
i=1254[]
i=1255[]
i=1256[]
i=1257[]
i=1258[]
i=1259[]
i=1260[]
i=1261[]
i=1262[]
i=1263[]
i=1264[]
i=1265[]
i=1266[]
i=1267[]
i=1268[]
i=1269[]
i=1270[]
i=1271[]
i=1272[]
i=1273[]
i=1274[]
i=1275[]
i=1276[]
i=1277[]
i=1278[]
i=1279[]
i=1280[]
i=1281[]
i=1282[]
i=1283[]
i=1284[]
i=1285[]
i=1286[]
i=1287[]
i=1288[]
i=1289[]
i=1290[]
i=1291[]
i=1292[]
i=1293[]
i=1294[]
i=1295[]
i=1296[]
i=1297[]
i=1298[]
i=1299[]
i=1300[]
i=1301[]
i=1302[]
i=1303[]
i=1304[]
i=1305[]
i=1306[]
i=1307[]
i=1308[]
i=1309[]
i=1310[]
i=1311[]
i=1312[]
i=1313[]
i=1314[]
i=1315[]
i=1316[]
i=1317[]
i=1318[]
i=1319[]
i=1320[]
i=1321[]
i=1322[]
i=1323[]
i=1324[]
i=1325[]
i=1326[]
i=1327[]
i=1328[]
i=1329[]
i=1330[]
i=1331[]
i=1332[]
i=1333[]
i=1334[]
i=1335[]
i=1336[]
i=1337[]
i=1338[]
i=1339[]
i=1340[]
i=1341[]
i=1342[]
i=1343[]
i=1344[]
i=1345[]
i=1346[]
i=1347[]
i=1348[]
i=1349[]
i=1350[]
i=1351[]
i=1352[]
i=1353[]
i=1354[]
i=1355[]
i=1356[]
i=1357[]
i=1358[]
i=1359[]
i=1360[]
i=1361[]
i=1362[]
i=1363[]
i=1364[]
i=1365[]
i=1366[]
i=1367[]
i=1368[]
i=1369[]
i=1370[]
i=1371[]
i=1372[]
i=1373[]
i=1374[]
i=1375[]
i=1376[]
i=1377[]
i=1378[]
i=1379[]
i=1380[]
i=1381[]
i=1382[]
i=1383[]
i=1384[]
i=1385[]
i=1386[]
i=1387[]
i=1388[]
i=1389[]
i=1390[]
i=1391[]
i=1392[]
i=1393[]
i=1394[]
i=1395[]
i=1396[]
i=1397[]
i=1398[]
i=1399[]
i=1400[]
i=1401[]
i=1402[]
i=1403[]
i=1404[]
i=1405[]
i=1406[]
i=1407[]
i=1408[]
i=1409[]
i=1410[]
i=1411[]
i=1412[]
i=1413[]
i=1414[]
i=1415[]
i=1416[]
i=1417[]
i=1418[]
i=1419[]
i=1420[]
i=1421[]
i=1422[]
i=1423[]
i=1424[]
i=1425[]
i=1426[]
i=1427[]
i=1428[]
i=1429[]
i=1430[]
i=1431[]
i=1432[]
i=1433[]
i=1434[]
i=1435[]
i=1436[]
i=1437[]
i=1438[]
i=1439[]
i=1440[]
i=1441[]
i=1442[]
i=1443[]
i=1444[]
i=1445[]
i=1446[]
i=1447[]
i=1448[]
i=1449[]
i=1450[]
i=1451[]
i=1452[]
i=1453[]
i=1454[]
i=1455[]
i=1456[]
i=1457[]
i=1458[]
i=1459[]
i=1460[]
i=1461[]
i=1462[]
i=1463[]
i=1464[]
i=1465[]
i=1466[]
i=1467[]
i=1468[]
i=1469[]
i=1470[]
i=1471[]
i=1472[]
i=1473[]
i=1474[]
i=1475[]
i=1476[]
i=1477[]
i=1478[]
i=1479[]
i=1480[]
i=1481[]
i=1482[]
i=1483[]
i=1484[]
i=1485[]
i=1486[]
i=1487[]
i=1488[]
i=1489[]
i=1490[]
i=1491[]
i=1492[]
i=1493[]
i=1494[]
i=1495[]
i=1496[]
i=1497[]
i=1498[]
i=1499[]
i=1500[]
i=1501[]
i=1502[]
i=1503[]
i=1504[]
i=1505[]
i=1506[]
i=1507[]
i=1508[]
i=1509[]
i=1510[]
i=1511[]
i=1512[]
i=1513[]
i=1514[]
i=1515[]
i=1516[]
i=1517[]
i=1518[]
i=1519[]
i=1520[]
i=1521[]
i=1522[]
i=1523[]
i=1524[]
i=1525[]
i=1526[]
i=1527[]
i=1528[]
i=1529[]
i=1530[]
i=1531[]
i=1532[]
i=1533[]
i=1534[]
i=1535[]
i=1536[]
i=1537[]
i=1538[]
i=1539[]
i=1540[]
i=1541[]
i=1542[]
i=1543[]
i=1544[]
i=1545[]
i=1546[]
i=1547[]
i=1548[]
i=1549[]
i=1550[]
i=1551[]
i=1552[]
i=1553[]
i=1554[]
i=1555[]
i=1556[]
i=1557[]
i=1558[]
i=1559[]
i=1560[]
i=1561[]
i=1562[]
i=1563[]
i=1564[]
i=1565[]
i=1566[]
i=1567[]
i=1568[]
i=1569[]
i=1570[]
i=1571[]
i=1572[]
i=1573[]
i=1574[]
i=1575[]
i=1576[]
i=1577[]
i=1578[]
i=1579[]
i=1580[]
i=1581[]
i=1582[]
i=1583[]
i=1584[]
i=1585[]
i=1586[]
i=1587[]
i=1588[]
i=1589[]
i=1590[]
i=1591[]
i=1592[]
i=1593[]
i=1594[]
i=1595[]
i=1596[]
i=1597[]
i=1598[]
i=1599[]
i=1600[]
i=1601[]
i=1602[]
i=1603[]
i=1604[]
i=1605[]
i=1606[]
i=1607[]
i=1608[]
i=1609[]
i=1610[]
i=1611[]
i=1612[]
i=1613[]
i=1614[]
i=1615[]
i=1616[]
i=1617[]
i=1618[]
i=1619[]
i=1620[]
i=1621[]
i=1622[]
i=1623[]
i=1624[]
i=1625[]
i=1626[]
i=1627[]
i=1628[]
i=1629[]
i=1630[]
i=1631[]
i=1632[]
i=1633[]
i=1634[]
i=1635[]
i=1636[]
i=1637[]
i=1638[]
i=1639[]
i=1640[]
i=1641[]
i=1642[]
i=1643[]
i=1644[]
i=1645[]
i=1646[]
i=1647[]
i=1648[]
i=1649[]
i=1650[]
i=1651[]
i=1652[]
i=1653[]
i=1654[]
i=1655[]
i=1656[]
i=1657[]
i=1658[]
i=1659[]
i=1660[]
i=1661[]
i=1662[]
i=1663[]
i=1664[]
i=1665[]
i=1666[]
i=1667[]
i=1668[]
i=1669[]
i=1670[]
i=1671[]
i=1672[]
i=1673[]
i=1674[]
i=1675[]
i=1676[]
i=1677[]
i=1678[]
i=1679[]
i=1680[]
i=1681[]
i=1682[]
i=1683[]
i=1684[]
i=1685[]
i=1686[]
i=1687[]
i=1688[]
i=1689[]
i=1690[]
i=1691[]
i=1692[]
i=1693[]
i=1694[]
i=1695[]
i=1696[]
i=1697[]
i=1698[]
i=1699[]
i=1700[]
i=1701[]
i=1702[]
i=1703[]
i=1704[]
i=1705[]
i=1706[]
i=1707[]
i=1708[]
i=1709[]
i=1710[]
i=1711[]
i=1712[]
i=1713[]
i=1714[]
i=1715[]
i=1716[]
i=1717[]
i=1718[]
i=1719[]
i=1720[]
i=1721[]
i=1722[]
i=1723[]
i=1724[]
i=1725[]
i=1726[]
i=1727[]
i=1728[]
i=1729[]
i=1730[]
i=1731[]
i=1732[]
i=1733[]
i=1734[]
i=1735[]
i=1736[]
i=1737[]
i=1738[]
i=1739[]
i=1740[]
i=1741[]
i=1742[]
i=1743[]
i=1744[]
i=1745[]
i=1746[]
i=1747[]
i=1748[]
i=1749[]
i=1750[]
i=1751[]
i=1752[]
i=1753[]
i=1754[]
i=1755[]
i=1756[]
i=1757[]
i=1758[]
i=1759[]
i=1760[]
i=1761[]
i=1762[]
i=1763[]
i=1764[]
i=1765[]
i=1766[]
i=1767[]
i=1768[]
i=1769[]
i=1770[]
i=1771[]
i=1772[]
i=1773[]
i=1774[]
i=1775[]
i=1776[]
i=1777[]
i=1778[]
i=1779[]
i=1780[]
i=1781[]
i=1782[]
i=1783[]
i=1784[]
i=1785[]
i=1786[]
i=1787[]
i=1788[]
i=1789[]
i=1790[]
i=1791[]
i=1792[]
i=1793[]
i=1794[]
i=1795[]
i=1796[]
i=1797[]
i=1798[]
i=1799[]
i=1800[]
i=1801[]
i=1802[]
i=1803[]
i=1804[]
i=1805[]
i=1806[]
i=1807[]
i=1808[]
i=1809[]
i=1810[]
i=1811[]
i=1812[]
i=1813[]
i=1814[]
i=1815[]
i=1816[]
i=1817[]
i=1818[]
i=1819[]
i=1820[]
i=1821[]
i=1822[]
i=1823[]
i=1824[]
i=1825[]
i=1826[]
i=1827[]
i=1828[]
i=1829[]
i=1830[]
i=1831[]
i=1832[]
i=1833[]
i=1834[]
i=1835[]
i=1836[]
i=1837[]
i=1838[]
i=1839[]
i=1840[]
i=1841[]
i=1842[]
i=1843[]
i=1844[]
i=1845[]
i=1846[]
i=1847[]
i=1848[]
i=1849[]
i=1850[]
i=1851[]
i=1852[]
i=1853[]
i=1854[]
i=1855[]
i=1856[]
i=1857[]
i=1858[]
i=1859[]
i=1860[]
i=1861[]
i=1862[]
i=1863[]
i=1864[]
i=1865[]
i=1866[]
i=1867[]
i=1868[]
i=1869[]
i=1870[]
i=1871[]
i=1872[]
i=1873[]
i=1874[]
i=1875[]
i=1876[]
i=1877[]
i=1878[]
i=1879[]
i=1880[]
i=1881[]
i=1882[]
i=1883[]
i=1884[]
i=1885[]
i=1886[]
i=1887[]
i=1888[]
i=1889[]
i=1890[]
i=1891[]
i=1892[]
i=1893[]
i=1894[]
i=1895[]
i=1896[]
i=1897[]
i=1898[]
i=1899[]
i=1900[]
i=1901[]
i=1902[]
i=1903[]
i=1904[]
i=1905[]
i=1906[]
i=1907[]
i=1908[]
i=1909[]
i=1910[]
i=1911[]
i=1912[]
i=1913[]
i=1914[]
i=1915[]
i=1916[]
i=1917[]
i=1918[]
i=1919[]
i=1920[]
i=1921[]
i=1922[]
i=1923[]
i=1924[]
i=1925[]
i=1926[]
i=1927[]
i=1928[]
i=1929[]
i=1930[]
i=1931[]
i=1932[]
i=1933[]
i=1934[]
i=1935[]
i=1936[]
i=1937[]
i=1938[]
i=1939[]
i=1940[]
i=1941[]
i=1942[]
i=1943[]
i=1944[]
i=1945[]
i=1946[]
i=1947[]
i=1948[]
i=1949[]
i=1950[]
i=1951[]
i=1952[]
i=1953[]
i=1954[]
i=1955[]
i=1956[]
i=1957[]
i=1958[]
i=1959[]
i=1960[]
i=1961[]
i=1962[]
i=1963[]
i=1964[]
i=1965[]
i=1966[]
i=1967[]
i=1968[]
i=1969[]
i=1970[]
i=1971[]
i=1972[]
i=1973[]
i=1974[]
i=1975[]
i=1976[]
i=1977[]
i=1978[]
i=1979[]
i=1980[]
i=1981[]
i=1982[]
i=1983[]
i=1984[]
i=1985[]
i=1986[]
i=1987[]
i=1988[]
i=1989[]
i=1990[]
i=1991[]
i=1992[]
i=1993[]
i=1994[]
i=1995[]
i=1996[]
i=1997[]
i=1998[]
i=1999[]
i=2000[]
i=2001[]
i=2002[]
i=2003[]
i=2004[]
i=2005[]
i=2006[]
i=2007[]
i=2008[]
i=2009[]
i=2010[]
i=2011[]
i=2012[]
i=2013[]
i=2014[]
i=2015[]
i=2016[]
i=2017[]
i=2018[]
i=2019[]
i=2020[]
i=2021[]
i=2022[]
i=2023[]
i=2024[]
i=2025[]
i=2026[]
i=2027[]
i=2028[]
i=2029[]
i=2030[]
i=2031[]
i=2032[]
i=2033[]
i=2034[]
i=2035[]
i=2036[]
i=2037[]
i=2038[]
i=2039[]
i=2040[]
i=2041[]
i=2042[]
i=2043[]
i=2044[]
i=2045[]
i=2046[]
i=2047[]
i=2048[]
i=2049[]
i=2050[]
i=2051[]
i=2052[]
i=2053[]
i=2054[]
i=2055[]
i=2056[]
i=2057[]
i=2058[]
i=2059[]
i=2060[]
i=2061[]
i=2062[]
i=2063[]
i=2064[]
i=2065[]
i=2066[]
i=2067[]
i=2068[]
i=2069[]
i=2070[]
i=2071[]
i=2072[]
i=2073[]
i=2074[]
i=2075[]
i=2076[]
i=2077[]
i=2078[]
i=2079[]
i=2080[]
i=2081[]
i=2082[]
i=2083[]
i=2084[]
i=2085[]
i=2086[]
i=2087[]
i=2088[]
i=2089[]
i=2090[]
i=2091[]
i=2092[]
i=2093[]
i=2094[]
i=2095[]
i=2096[]
i=2097[]
i=2098[]
i=2099[]
i=2100[]
i=2101[]
i=2102[]
i=2103[]
i=2104[]
i=2105[]
i=2106[]
i=2107[]
i=2108[]
i=2109[]
i=2110[]
i=2111[]
i=2112[]
i=2113[]
i=2114[]
i=2115[]
i=2116[]
i=2117[]
i=2118[]
i=2119[]
i=2120[]
i=2121[]
i=2122[]
i=2123[]
i=2124[]
i=2125[]
i=2126[]
i=2127[]
i=2128[]
i=2129[]
i=2130[]
i=2131[]
i=2132[]
i=2133[]
i=2134[]
i=2135[]
i=2136[]
i=2137[]
i=2138[]
i=2139[]
i=2140[]
i=2141[]
i=2142[]
i=2143[]
i=2144[]
i=2145[]
i=2146[]
i=2147[]
i=2148[]
i=2149[]
i=2150[]
i=2151[]
i=2152[]
i=2153[]
i=2154[]
i=2155[]
i=2156[]
i=2157[]
i=2158[]
i=2159[]
i=2160[]
i=2161[]
i=2162[]
i=2163[]
i=2164[]
i=2165[]
i=2166[]
i=2167[]
i=2168[]
i=2169[]
i=2170[]
i=2171[]
i=2172[]
i=2173[]
i=2174[]
i=2175[]
i=2176[]
i=2177[]
i=2178[]
i=2179[]
i=2180[]
i=2181[]
i=2182[]
i=2183[]
i=2184[]
i=2185[]
i=2186[]
i=2187[]
i=2188[]
i=2189[]
i=2190[]
i=2191[]
i=2192[]
i=2193[]
i=2194[]
i=2195[]
i=2196[]
i=2197[]
i=2198[]
i=2199[]
i=2200[]
i=2201[]
i=2202[]
i=2203[]
i=2204[]
i=2205[]
i=2206[]
i=2207[]
i=2208[]
i=2209[]
i=2210[]
i=2211[]
i=2212[]
i=2213[]
i=2214[]
i=2215[]
i=2216[]
i=2217[]
i=2218[]
i=2219[]
i=2220[]
i=2221[]
i=2222[]
i=2223[]
i=2224[]
i=2225[]
i=2226[]
i=2227[]
i=2228[]
i=2229[]
i=2230[]
i=2231[]
i=2232[]
i=2233[]
i=2234[]
i=2235[]
i=2236[]
i=2237[]
i=2238[]
i=2239[]
i=2240[]
i=2241[]
i=2242[]
i=2243[]
i=2244[]
i=2245[]
i=2246[]
i=2247[]
i=2248[]
i=2249[]
i=2250[]
i=2251[]
i=2252[]
i=2253[]
i=2254[]
i=2255[]
i=2256[]
i=2257[]
i=2258[]
i=2259[]
i=2260[]
i=2261[]
i=2262[]
i=2263[]
i=2264[]
i=2265[]
i=2266[]
i=2267[]
i=2268[]
i=2269[]
i=2270[]
i=2271[]
i=2272[]
i=2273[]
i=2274[]
i=2275[]
i=2276[]
i=2277[]
i=2278[]
i=2279[]
i=2280[]
i=2281[]
i=2282[]
i=2283[]
i=2284[]
i=2285[]
i=2286[]
i=2287[]
i=2288[]
i=2289[]
i=2290[]
i=2291[]
i=2292[]
i=2293[]
i=2294[]
i=2295[]
i=2296[]
i=2297[]
i=2298[]
i=2299[]
i=2300[]
i=2301[]
i=2302[]
i=2303[]
i=2304[]
i=2305[]
i=2306[]
i=2307[]
i=2308[]
i=2309[]
i=2310[]
i=2311[]
i=2312[]
i=2313[]
i=2314[]
i=2315[]
i=2316[]
i=2317[]
i=2318[]
i=2319[]
i=2320[]
i=2321[]
i=2322[]
i=2323[]
i=2324[]
i=2325[]
i=2326[]
i=2327[]
i=2328[]
i=2329[]
i=2330[]
i=2331[]
i=2332[]
i=2333[]
i=2334[]
i=2335[]
i=2336[]
i=2337[]
i=2338[]
i=2339[]
i=2340[]
i=2341[]
i=2342[]
i=2343[]
i=2344[]
i=2345[]
i=2346[]
i=2347[]
i=2348[]
i=2349[]
i=2350[]
i=2351[]
i=2352[]
i=2353[]
i=2354[]
i=2355[]
i=2356[]
i=2357[]
i=2358[]
i=2359[]
i=2360[]
i=2361[]
i=2362[]
i=2363[]
i=2364[]
i=2365[]
i=2366[]
i=2367[]
i=2368[]
i=2369[]
i=2370[]
i=2371[]
i=2372[]
i=2373[]
i=2374[]
i=2375[]
i=2376[]
i=2377[]
i=2378[]
i=2379[]
i=2380[]
i=2381[]
i=2382[]
i=2383[]
i=2384[]
i=2385[]
i=2386[]
i=2387[]
i=2388[]
i=2389[]
i=2390[]
i=2391[]
i=2392[]
i=2393[]
i=2394[]
i=2395[]
i=2396[]
i=2397[]
i=2398[]
i=2399[]
i=2400[]
i=2401[]
i=2402[]
i=2403[]
i=2404[]
i=2405[]
i=2406[]
i=2407[]
i=2408[]
i=2409[]
i=2410[]
i=2411[]
i=2412[]
i=2413[]
i=2414[]
i=2415[]
i=2416[]
i=2417[]
i=2418[]
i=2419[]
i=2420[]
i=2421[]
i=2422[]
i=2423[]
i=2424[]
i=2425[]
i=2426[]
i=2427[]
i=2428[]
i=2429[]
i=2430[]
i=2431[]
i=2432[]
i=2433[]
i=2434[]
i=2435[]
i=2436[]
i=2437[]
i=2438[]
i=2439[]
i=2440[]
i=2441[]
i=2442[]
i=2443[]
i=2444[]
i=2445[]
i=2446[]
i=2447[]
i=2448[]
i=2449[]
i=2450[]
i=2451[]
i=2452[]
i=2453[]
i=2454[]
i=2455[]
i=2456[]
i=2457[]
i=2458[]
i=2459[]
i=2460[]
i=2461[]
i=2462[]
i=2463[]
i=2464[]
i=2465[]
i=2466[]
i=2467[]
i=2468[]
i=2469[]
i=2470[]
i=2471[]
i=2472[]
i=2473[]
i=2474[]
i=2475[]
i=2476[]
i=2477[]
i=2478[]
i=2479[]
i=2480[]
i=2481[]
i=2482[]
i=2483[]
i=2484[]
i=2485[]
i=2486[]
i=2487[]
i=2488[]
i=2489[]
i=2490[]
i=2491[]
i=2492[]
i=2493[]
i=2494[]
i=2495[]
i=2496[]
i=2497[]
i=2498[]
i=2499[]
i=2500[]
i=2501[]
i=2502[]
i=2503[]
i=2504[]
i=2505[]
i=2506[]
i=2507[]
i=2508[]
i=2509[]
i=2510[]
i=2511[]
i=2512[]
i=2513[]
i=2514[]
i=2515[]
i=2516[]
i=2517[]
i=2518[]
i=2519[]
i=2520[]
i=2521[]
i=2522[]
i=2523[]
i=2524[]
i=2525[]
i=2526[]
i=2527[]
i=2528[]
i=2529[]
i=2530[]
i=2531[]
i=2532[]
i=2533[]
i=2534[]
i=2535[]
i=2536[]
i=2537[]
i=2538[]
i=2539[]
i=2540[]
i=2541[]
i=2542[]
i=2543[]
i=2544[]
i=2545[]
i=2546[]
i=2547[]
i=2548[]
i=2549[]
i=2550[]
i=2551[]
i=2552[]
i=2553[]
i=2554[]
i=2555[]
i=2556[]
i=2557[]
i=2558[]
i=2559[]
i=2560[]
i=2561[]
i=2562[]
i=2563[]
i=2564[]
i=2565[]
i=2566[]
i=2567[]
i=2568[]
i=2569[]
i=2570[]
i=2571[]
i=2572[]
i=2573[]
i=2574[]
i=2575[]
i=2576[]
i=2577[]
i=2578[]
i=2579[]
i=2580[]
i=2581[]
i=2582[]
i=2583[]
i=2584[]
i=2585[]
i=2586[]
i=2587[]
i=2588[]
i=2589[]
i=2590[]
i=2591[]
i=2592[]
i=2593[]
i=2594[]
i=2595[]
i=2596[]
i=2597[]
i=2598[]
i=2599[]
i=2600[]
i=2601[]
i=2602[]
i=2603[]
i=2604[]
i=2605[]
i=2606[]
i=2607[]
i=2608[]
i=2609[]
i=2610[]
i=2611[]
i=2612[]
i=2613[]
i=2614[]
i=2615[]
i=2616[]
i=2617[]
i=2618[]
i=2619[]
i=2620[]
i=2621[]
i=2622[]
i=2623[]
i=2624[]
i=2625[]
i=2626[]
i=2627[]
i=2628[]
i=2629[]
i=2630[]
i=2631[]
i=2632[]
i=2633[]
i=2634[]
i=2635[]
i=2636[]
i=2637[]
i=2638[]
i=2639[]
i=2640[]
i=2641[]
i=2642[]
i=2643[]
i=2644[]
i=2645[]
i=2646[]
i=2647[]
i=2648[]
i=2649[]
i=2650[]
i=2651[]
i=2652[]
i=2653[]
i=2654[]
i=2655[]
i=2656[]
i=2657[]
i=2658[]
i=2659[]
i=2660[]
i=2661[]
i=2662[]
i=2663[]
i=2664[]
i=2665[]
i=2666[]
i=2667[]
i=2668[]
i=2669[]
i=2670[]
i=2671[]
i=2672[]
i=2673[]
i=2674[]
i=2675[]
i=2676[]
i=2677[]
i=2678[]
i=2679[]
i=2680[]
i=2681[]
i=2682[]
i=2683[]
i=2684[]
i=2685[]
i=2686[]
i=2687[]
i=2688[]
i=2689[]
i=2690[]
i=2691[]
i=2692[]
i=2693[]
i=2694[]
i=2695[]
i=2696[]
i=2697[]
i=2698[]
i=2699[]
i=2700[]
i=2701[]
i=2702[]
i=2703[]
i=2704[]
i=2705[]
i=2706[]
i=2707[]
i=2708[]
i=2709[]
i=2710[]
i=2711[]
i=2712[]
i=2713[]
i=2714[]
i=2715[]
i=2716[]
i=2717[]
i=2718[]
i=2719[]
i=2720[]
i=2721[]
i=2722[]
i=2723[]
i=2724[]
i=2725[]
i=2726[]
i=2727[]
i=2728[]
i=2729[]
i=2730[]
i=2731[]
i=2732[]
i=2733[]
i=2734[]
i=2735[]
i=2736[]
i=2737[]
i=2738[]
i=2739[]
i=2740[]
i=2741[]
i=2742[]
i=2743[]
i=2744[]
i=2745[]
i=2746[]
i=2747[]
i=2748[]
i=2749[]
i=2750[]
i=2751[]
i=2752[]
i=2753[]
i=2754[]
i=2755[]
i=2756[]
i=2757[]
i=2758[]
i=2759[]
i=2760[]
i=2761[]
i=2762[]
i=2763[]
i=2764[]
i=2765[]
i=2766[]
i=2767[]
i=2768[]
i=2769[]
i=2770[]
i=2771[]
i=2772[]
i=2773[]
i=2774[]
i=2775[]
i=2776[]
i=2777[]
i=2778[]
i=2779[]
i=2780[]
i=2781[]
i=2782[]
i=2783[]
i=2784[]
i=2785[]
i=2786[]
i=2787[]
i=2788[]
i=2789[]
i=2790[]
i=2791[]
i=2792[]
i=2793[]
i=2794[]
i=2795[]
i=2796[]
i=2797[]
i=2798[]
i=2799[]
i=2800[]
i=2801[]
i=2802[]
i=2803[]
i=2804[]
i=2805[]
i=2806[]
i=2807[]
i=2808[]
i=2809[]
i=2810[]
i=2811[]
i=2812[]
i=2813[]
i=2814[]
i=2815[]
i=2816[]
i=2817[]
i=2818[]
i=2819[]
i=2820[]
i=2821[]
i=2822[]
i=2823[]
i=2824[]
i=2825[]
i=2826[]
i=2827[]
i=2828[]
i=2829[]
i=2830[]
i=2831[]
i=2832[]
i=2833[]
i=2834[]
i=2835[]
i=2836[]
i=2837[]
i=2838[]
i=2839[]
i=2840[]
i=2841[]
i=2842[]
i=2843[]
i=2844[]
i=2845[]
i=2846[]
i=2847[]
i=2848[]
i=2849[]
i=2850[]
i=2851[]
i=2852[]
i=2853[]
i=2854[]
i=2855[]
i=2856[]
i=2857[]
i=2858[]
i=2859[]
i=2860[]
i=2861[]
i=2862[]
i=2863[]
i=2864[]
i=2865[]
i=2866[]
i=2867[]
i=2868[]
i=2869[]
i=2870[]
i=2871[]
i=2872[]
i=2873[]
i=2874[]
i=2875[]
i=2876[]
i=2877[]
i=2878[]
i=2879[]
i=2880[]
i=2881[128,160,]
i=2882[]
i=2883[]
i=2884[]
i=2885[128,128,128,128,]
i=2886[]
i=2887[]
i=2888[]
i=2889[]
i=2890[]
i=2891[]
i=2892[]
i=2893[]
i=2894[]
i=2895[]
i=2896[]
i=2897[128,]
i=2898[]
i=2899[]
i=2900[]
i=2901[128,128,]
i=2902[]
i=2903[]
i=2904[]
i=2905[128,]
i=2906[]
i=2907[]
i=2908[]
i=2909[]
i=2910[]
i=2911[]
i=2912[]
i=2913[]
i=2914[]
i=2915[]
i=2916[]
i=2917[]
i=2918[]
i=2919[]
i=2920[]
i=2921[]
i=2922[]
i=2923[]
i=2924[]
i=2925[]
i=2926[]
i=2927[]
i=2928[]
i=2929[]
i=2930[]
i=2931[]
i=2932[]
i=2933[]
i=2934[]
i=2935[]
i=2936[]
i=2937[]
i=2938[]
i=2939[]
i=2940[]
i=2941[]
i=2942[]
i=2943[]
i=2944[]
i=2945[]
i=2946[]
i=2947[]
i=2948[]
i=2949[]
i=2950[]
i=2951[]
i=2952[]
i=2953[]
i=2954[]
i=2955[]
i=2956[]
i=2957[]
i=2958[]
i=2959[]
i=2960[]
i=2961[]
i=2962[]
i=2963[]
i=2964[]
i=2965[]
i=2966[]
i=2967[]
i=2968[]
i=2969[]
i=2970[]
i=2971[]
i=2972[]
i=2973[]
i=2974[]
i=2975[]
i=2976[]
i=2977[]
i=2978[]
i=2979[]
i=2980[]
i=2981[]
i=2982[]
i=2983[]
i=2984[]
i=2985[]
i=2986[]
i=2987[]
i=2988[]
i=2989[]
i=2990[]
i=2991[]
i=2992[]
i=2993[]
i=2994[]
i=2995[]
i=2996[]
i=2997[]
i=2998[]
i=2999[]
i=3000[]
i=3001[]
i=3002[]
i=3003[]
i=3004[]
i=3005[]
i=3006[]
i=3007[]
i=3008[]
i=3009[]
i=3010[]
i=3011[]
i=3012[]
i=3013[]
i=3014[]
i=3015[]
i=3016[]
i=3017[]
i=3018[]
i=3019[]
i=3020[]
i=3021[]
i=3022[]
i=3023[]
i=3024[]
i=3025[]
i=3026[]
i=3027[]
i=3028[]
i=3029[]
i=3030[]
i=3031[]
i=3032[]
i=3033[]
i=3034[]
i=3035[]
i=3036[]
i=3037[]
i=3038[]
i=3039[]
i=3040[]
i=3041[]
i=3042[]
i=3043[]
i=3044[]
i=3045[]
i=3046[]
i=3047[]
i=3048[]
i=3049[]
i=3050[]
i=3051[]
i=3052[]
i=3053[]
i=3054[]
i=3055[]
i=3056[]
i=3057[]
i=3058[]
i=3059[]
i=3060[]
i=3061[]
i=3062[]
i=3063[]
i=3064[]
i=3065[]
i=3066[]
i=3067[]
i=3068[]
i=3069[]
i=3070[]
i=3071[]
i=3072[]
i=3073[]
i=3074[]
i=3075[]
i=3076[]
i=3077[]
i=3078[]
i=3079[]
i=3080[]
i=3081[]
i=3082[]
i=3083[]
i=3084[]
i=3085[]
i=3086[]
i=3087[]
i=3088[]
i=3089[]
i=3090[]
i=3091[]
i=3092[]
i=3093[]
i=3094[]
i=3095[]
i=3096[]
i=3097[]
i=3098[]
i=3099[]
i=3100[]
i=3101[]
i=3102[]
i=3103[]
i=3104[]
i=3105[]
i=3106[]
i=3107[]
i=3108[]
i=3109[]
i=3110[]
i=3111[]
i=3112[]
i=3113[]
i=3114[]
i=3115[]
i=3116[]
i=3117[]
i=3118[]
i=3119[]
i=3120[]
i=3121[]
i=3122[]
i=3123[]
i=3124[]
i=3125[]
i=3126[]
i=3127[]
i=3128[]
i=3129[]
i=3130[]
i=3131[]
i=3132[]
i=3133[]
i=3134[]
i=3135[]
i=3136[]
i=3137[]
i=3138[]
i=3139[]
i=3140[]
i=3141[]
i=3142[]
i=3143[]
i=3144[]
i=3145[]
i=3146[]
i=3147[]
i=3148[]
i=3149[]
i=3150[]
i=3151[]
i=3152[]
i=3153[]
i=3154[]
i=3155[]
i=3156[]
i=3157[]
i=3158[]
i=3159[]
i=3160[]
i=3161[]
i=3162[]
i=3163[]
i=3164[]
i=3165[]
i=3166[]
i=3167[]
i=3168[]
i=3169[]
i=3170[]
i=3171[]
i=3172[]
i=3173[]
i=3174[]
i=3175[]
i=3176[]
i=3177[]
i=3178[]
i=3179[]
i=3180[]
i=3181[]
i=3182[]
i=3183[]
i=3184[]
i=3185[]
i=3186[]
i=3187[]
i=3188[]
i=3189[]
i=3190[]
i=3191[]
i=3192[]
i=3193[]
i=3194[]
i=3195[]
i=3196[]
i=3197[]
i=3198[]
i=3199[]
i=3200[]
i=3201[]
i=3202[]
i=3203[]
i=3204[]
i=3205[]
i=3206[]
i=3207[]
i=3208[]
i=3209[]
i=3210[]
i=3211[]
i=3212[]
i=3213[]
i=3214[]
i=3215[]
i=3216[]
i=3217[]
i=3218[]
i=3219[]
i=3220[]
i=3221[]
i=3222[]
i=3223[]
i=3224[]
i=3225[]
i=3226[]
i=3227[]
i=3228[]
i=3229[]
i=3230[]
i=3231[]
i=3232[]
i=3233[]
i=3234[]
i=3235[]
i=3236[]
i=3237[]
i=3238[]
i=3239[]
i=3240[]
i=3241[]
i=3242[]
i=3243[]
i=3244[]
i=3245[]
i=3246[]
i=3247[]
i=3248[]
i=3249[]
i=3250[]
i=3251[]
i=3252[]
i=3253[]
i=3254[]
i=3255[]
i=3256[]
i=3257[]
i=3258[]
i=3259[]
i=3260[]
i=3261[]
i=3262[]
i=3263[]
i=3264[]
i=3265[]
i=3266[]
i=3267[]
i=3268[]
i=3269[]
i=3270[]
i=3271[]
i=3272[]
i=3273[]
i=3274[]
i=3275[]
i=3276[]
i=3277[]
i=3278[]
i=3279[]
i=3280[]
i=3281[]
i=3282[]
i=3283[]
i=3284[]
i=3285[]
i=3286[]
i=3287[]
i=3288[]
i=3289[]
i=3290[]
i=3291[]
i=3292[]
i=3293[]
i=3294[]
i=3295[]
i=3296[]
i=3297[]
i=3298[]
i=3299[]
i=3300[]
i=3301[]
i=3302[]
i=3303[]
i=3304[]
i=3305[]
i=3306[]
i=3307[]
i=3308[]
i=3309[]
i=3310[]
i=3311[]
i=3312[]
i=3313[]
i=3314[]
i=3315[]
i=3316[]
i=3317[]
i=3318[]
i=3319[]
i=3320[]
i=3321[]
i=3322[]
i=3323[]
i=3324[]
i=3325[]
i=3326[]
i=3327[]
i=3328[]
i=3329[]
i=3330[]
i=3331[]
i=3332[]
i=3333[]
i=3334[]
i=3335[]
i=3336[]
i=3337[]
i=3338[]
i=3339[]
i=3340[]
i=3341[]
i=3342[]
i=3343[]
i=3344[]
i=3345[]
i=3346[]
i=3347[]
i=3348[]
i=3349[]
i=3350[]
i=3351[]
i=3352[]
i=3353[]
i=3354[]
i=3355[]
i=3356[]
i=3357[]
i=3358[]
i=3359[]
i=3360[]
i=3361[]
i=3362[]
i=3363[]
i=3364[]
i=3365[]
i=3366[]
i=3367[]
i=3368[]
i=3369[]
i=3370[]
i=3371[]
i=3372[]
i=3373[]
i=3374[]
i=3375[]
i=3376[]
i=3377[]
i=3378[]
i=3379[]
i=3380[]
i=3381[]
i=3382[]
i=3383[]
i=3384[]
i=3385[]
i=3386[]
i=3387[]
i=3388[]
i=3389[]
i=3390[]
i=3391[]
i=3392[]
i=3393[]
i=3394[]
i=3395[]
i=3396[]
i=3397[]
i=3398[]
i=3399[]
i=3400[]
i=3401[]
i=3402[]
i=3403[]
i=3404[]
i=3405[]
i=3406[]
i=3407[]
i=3408[]
i=3409[]
i=3410[]
i=3411[]
i=3412[]
i=3413[]
i=3414[]
i=3415[]
i=3416[]
i=3417[]
i=3418[]
i=3419[]
i=3420[]
i=3421[]
i=3422[]
i=3423[]
i=3424[]
i=3425[]
i=3426[]
i=3427[]
i=3428[]
i=3429[]
i=3430[]
i=3431[]
i=3432[]
i=3433[]
i=3434[]
i=3435[]
i=3436[]
i=3437[]
i=3438[]
i=3439[]
i=3440[]
i=3441[]
i=3442[]
i=3443[]
i=3444[]
i=3445[]
i=3446[]
i=3447[]
i=3448[]
i=3449[]
i=3450[]
i=3451[]
i=3452[]
i=3453[]
i=3454[]
i=3455[]
i=3456[]
i=3457[]
i=3458[]
i=3459[]
i=3460[]
i=3461[]
i=3462[]
i=3463[]
i=3464[]
i=3465[]
i=3466[]
i=3467[]
i=3468[]
i=3469[]
i=3470[]
i=3471[]
i=3472[]
i=3473[]
i=3474[]
i=3475[]
i=3476[]
i=3477[]
i=3478[]
i=3479[]
i=3480[]
i=3481[]
i=3482[]
i=3483[]
i=3484[]
i=3485[]
i=3486[]
i=3487[]
i=3488[]
i=3489[]
i=3490[]
i=3491[]
i=3492[]
i=3493[]
i=3494[]
i=3495[]
i=3496[]
i=3497[]
i=3498[]
i=3499[]
i=3500[]
i=3501[]
i=3502[]
i=3503[]
i=3504[]
i=3505[]
i=3506[]
i=3507[]
i=3508[]
i=3509[]
i=3510[]
i=3511[]
i=3512[]
i=3513[]
i=3514[]
i=3515[]
i=3516[]
i=3517[]
i=3518[]
i=3519[]
i=3520[]
i=3521[]
i=3522[]
i=3523[]
i=3524[]
i=3525[]
i=3526[]
i=3527[]
i=3528[]
i=3529[]
i=3530[]
i=3531[]
i=3532[]
i=3533[]
i=3534[]
i=3535[]
i=3536[]
i=3537[]
i=3538[]
i=3539[]
i=3540[]
i=3541[]
i=3542[]
i=3543[]
i=3544[]
i=3545[]
i=3546[]
i=3547[]
i=3548[]
i=3549[]
i=3550[]
i=3551[]
i=3552[]
i=3553[]
i=3554[]
i=3555[]
i=3556[]
i=3557[]
i=3558[]
i=3559[]
i=3560[]
i=3561[]
i=3562[]
i=3563[]
i=3564[]
i=3565[]
i=3566[]
i=3567[]
i=3568[]
i=3569[]
i=3570[]
i=3571[]
i=3572[]
i=3573[]
i=3574[]
i=3575[]
i=3576[]
i=3577[]
i=3578[]
i=3579[]
i=3580[]
i=3581[]
i=3582[]
i=3583[]
i=3584[]
i=3585[]
i=3586[]
i=3587[]
i=3588[]
i=3589[]
i=3590[]
i=3591[]
i=3592[]
i=3593[]
i=3594[]
i=3595[]
i=3596[]
i=3597[]
i=3598[]
i=3599[]
i=3600[]
i=3601[]
i=3602[]
i=3603[]
i=3604[]
i=3605[]
i=3606[]
i=3607[]
i=3608[]
i=3609[]
i=3610[]
i=3611[]
i=3612[]
i=3613[]
i=3614[]
i=3615[]
i=3616[]
i=3617[]
i=3618[]
i=3619[]
i=3620[]
i=3621[]
i=3622[]
i=3623[]
i=3624[]
i=3625[]
i=3626[]
i=3627[]
i=3628[]
i=3629[]
i=3630[]
i=3631[]
i=3632[]
i=3633[]
i=3634[]
i=3635[]
i=3636[]
i=3637[]
i=3638[]
i=3639[]
i=3640[]
i=3641[]
i=3642[]
i=3643[]
i=3644[]
i=3645[]
i=3646[]
i=3647[]
i=3648[]
i=3649[]
i=3650[]
i=3651[]
i=3652[]
i=3653[]
i=3654[]
i=3655[]
i=3656[]
i=3657[]
i=3658[]
i=3659[]
i=3660[]
i=3661[]
i=3662[]
i=3663[]
i=3664[]
i=3665[]
i=3666[]
i=3667[]
i=3668[]
i=3669[]
i=3670[]
i=3671[]
i=3672[]
i=3673[]
i=3674[]
i=3675[]
i=3676[]
i=3677[]
i=3678[]
i=3679[]
i=3680[]
i=3681[]
i=3682[]
i=3683[]
i=3684[]
i=3685[]
i=3686[]
i=3687[]
i=3688[]
i=3689[]
i=3690[]
i=3691[]
i=3692[]
i=3693[]
i=3694[]
i=3695[]
i=3696[]
i=3697[]
i=3698[]
i=3699[]
i=3700[]
i=3701[]
i=3702[]
i=3703[]
i=3704[]
i=3705[]
i=3706[]
i=3707[]
i=3708[]
i=3709[]
i=3710[]
i=3711[]
i=3712[]
i=3713[]
i=3714[]
i=3715[]
i=3716[]
i=3717[]
i=3718[]
i=3719[]
i=3720[]
i=3721[]
i=3722[]
i=3723[]
i=3724[]
i=3725[]
i=3726[]
i=3727[]
i=3728[]
i=3729[]
i=3730[]
i=3731[]
i=3732[]
i=3733[]
i=3734[]
i=3735[]
i=3736[]
i=3737[]
i=3738[]
i=3739[]
i=3740[]
i=3741[]
i=3742[]
i=3743[]
i=3744[]
i=3745[]
i=3746[]
i=3747[]
i=3748[]
i=3749[]
i=3750[]
i=3751[]
i=3752[]
i=3753[]
i=3754[]
i=3755[]
i=3756[]
i=3757[]
i=3758[]
i=3759[]
i=3760[]
i=3761[]
i=3762[]
i=3763[]
i=3764[]
i=3765[]
i=3766[]
i=3767[]
i=3768[]
i=3769[]
i=3770[]
i=3771[]
i=3772[]
i=3773[]
i=3774[]
i=3775[]
i=3776[]
i=3777[]
i=3778[]
i=3779[]
i=3780[]
i=3781[]
i=3782[]
i=3783[]
i=3784[]
i=3785[]
i=3786[]
i=3787[]
i=3788[]
i=3789[]
i=3790[]
i=3791[]
i=3792[]
i=3793[]
i=3794[]
i=3795[]
i=3796[]
i=3797[]
i=3798[]
i=3799[]
i=3800[]
i=3801[]
i=3802[]
i=3803[]
i=3804[]
i=3805[]
i=3806[]
i=3807[]
i=3808[]
i=3809[]
i=3810[]
i=3811[]
i=3812[]
i=3813[]
i=3814[]
i=3815[]
i=3816[]
i=3817[]
i=3818[]
i=3819[]
i=3820[]
i=3821[]
i=3822[]
i=3823[]
i=3824[]
i=3825[]
i=3826[]
i=3827[]
i=3828[]
i=3829[]
i=3830[]
i=3831[]
i=3832[]
i=3833[]
i=3834[]
i=3835[]
i=3836[]
i=3837[]
i=3838[]
i=3839[]
i=3840[]
i=3841[]
i=3842[]
i=3843[]
i=3844[]
i=3845[]
i=3846[]
i=3847[]
i=3848[]
i=3849[]
i=3850[]
i=3851[]
i=3852[]
i=3853[]
i=3854[]
i=3855[]
i=3856[]
i=3857[]
i=3858[]
i=3859[]
i=3860[]
i=3861[]
i=3862[]
i=3863[]
i=3864[]
i=3865[]
i=3866[]
i=3867[]
i=3868[]
i=3869[]
i=3870[]
i=3871[]
i=3872[]
i=3873[]
i=3874[]
i=3875[]
i=3876[]
i=3877[]
i=3878[]
i=3879[]
i=3880[]
i=3881[]
i=3882[]
i=3883[]
i=3884[]
i=3885[]
i=3886[]
i=3887[]
i=3888[]
i=3889[]
i=3890[]
i=3891[]
i=3892[]
i=3893[]
i=3894[]
i=3895[]
i=3896[]
i=3897[]
i=3898[]
i=3899[]
i=3900[]
i=3901[]
i=3902[]
i=3903[]
i=3904[]
i=3905[]
i=3906[]
i=3907[]
i=3908[]
i=3909[]
i=3910[]
i=3911[]
i=3912[]
i=3913[]
i=3914[]
i=3915[]
i=3916[]
i=3917[]
i=3918[]
i=3919[]
i=3920[]
i=3921[]
i=3922[]
i=3923[]
i=3924[]
i=3925[]
i=3926[]
i=3927[]
i=3928[]
i=3929[]
i=3930[]
i=3931[]
i=3932[]
i=3933[]
i=3934[]
i=3935[]
i=3936[]
i=3937[]
i=3938[]
i=3939[]
i=3940[]
i=3941[]
i=3942[]
i=3943[]
i=3944[]
i=3945[]
i=3946[]
i=3947[]
i=3948[]
i=3949[]
i=3950[]
i=3951[]
i=3952[]
i=3953[]
i=3954[]
i=3955[]
i=3956[]
i=3957[]
i=3958[]
i=3959[]
i=3960[]
i=3961[]
i=3962[]
i=3963[]
i=3964[]
i=3965[]
i=3966[]
i=3967[]
i=3968[]
i=3969[]
i=3970[]
i=3971[]
i=3972[]
i=3973[]
i=3974[]
i=3975[]
i=3976[]
i=3977[]
i=3978[]
i=3979[]
i=3980[]
i=3981[]
i=3982[]
i=3983[]
i=3984[]
i=3985[]
i=3986[]
i=3987[]
i=3988[]
i=3989[]
i=3990[]
i=3991[]
i=3992[]
i=3993[]
i=3994[]
i=3995[]
i=3996[]
i=3997[]
i=3998[]
i=3999[]
]
filename=testimage/orion_11.jpg
convert s/f status=0
iSum status=0
cudaerr=0
Filter status=0
Maxidx8u status=0
totalwidth=3139,4749
diff=38,-466
Am I now
outboundupper x=2230,y=4498
outboundlower x=-38,y=466
newsize=3177,4749
newimage width=3177, height=4749
offsetposition=38,0
eresult=0
newimage width=3177, height=4749
offsetposition=38,0
eresult=0
newimage width=3177, height=4749
offsetposition=38,0
eresult=0
newimage width=3177, height=4749
offsetposition=38,0
eresult=0
newimage width=3177, height=4749
offsetposition=38,0
eresult=0
anothergo0
test
Last test bis
test
3177,4749
filename=testimage/orion_11.jpg
[i=1000[]
i=1001[]
i=1002[]
i=1003[]
i=1004[]
i=1005[]
i=1006[]
i=1007[]
i=1008[]
i=1009[]
i=1010[]
i=1011[]
i=1012[]
i=1013[]
i=1014[]
i=1015[]
i=1016[]
i=1017[]
i=1018[]
i=1019[]
i=1020[]
i=1021[]
i=1022[]
i=1023[]
i=1024[]
i=1025[]
i=1026[]
i=1027[]
i=1028[]
i=1029[]
i=1030[]
i=1031[]
i=1032[]
i=1033[]
i=1034[]
i=1035[]
i=1036[]
i=1037[]
i=1038[]
i=1039[]
i=1040[]
i=1041[]
i=1042[]
i=1043[]
i=1044[]
i=1045[]
i=1046[]
i=1047[]
i=1048[]
i=1049[]
i=1050[]
i=1051[]
i=1052[]
i=1053[]
i=1054[]
i=1055[]
i=1056[]
i=1057[]
i=1058[]
i=1059[]
i=1060[]
i=1061[]
i=1062[]
i=1063[]
i=1064[]
i=1065[]
i=1066[]
i=1067[]
i=1068[]
i=1069[]
i=1070[]
i=1071[]
i=1072[]
i=1073[]
i=1074[]
i=1075[]
i=1076[]
i=1077[]
i=1078[]
i=1079[]
i=1080[]
i=1081[]
i=1082[]
i=1083[]
i=1084[]
i=1085[]
i=1086[]
i=1087[]
i=1088[]
i=1089[]
i=1090[]
i=1091[]
i=1092[]
i=1093[]
i=1094[]
i=1095[]
i=1096[]
i=1097[]
i=1098[]
i=1099[]
i=1100[]
i=1101[]
i=1102[]
i=1103[]
i=1104[]
i=1105[]
i=1106[]
i=1107[]
i=1108[]
i=1109[]
i=1110[]
i=1111[]
i=1112[]
i=1113[]
i=1114[]
i=1115[]
i=1116[]
i=1117[]
i=1118[]
i=1119[]
i=1120[]
i=1121[]
i=1122[]
i=1123[]
i=1124[]
i=1125[]
i=1126[]
i=1127[]
i=1128[]
i=1129[]
i=1130[]
i=1131[]
i=1132[]
i=1133[]
i=1134[]
i=1135[]
i=1136[]
i=1137[]
i=1138[]
i=1139[]
i=1140[]
i=1141[]
i=1142[]
i=1143[]
i=1144[]
i=1145[]
i=1146[]
i=1147[]
i=1148[]
i=1149[]
i=1150[]
i=1151[]
i=1152[]
i=1153[]
i=1154[]
i=1155[]
i=1156[]
i=1157[]
i=1158[]
i=1159[]
i=1160[]
i=1161[]
i=1162[]
i=1163[]
i=1164[]
i=1165[]
i=1166[]
i=1167[]
i=1168[]
i=1169[]
i=1170[]
i=1171[]
i=1172[]
i=1173[]
i=1174[]
i=1175[]
i=1176[]
i=1177[]
i=1178[]
i=1179[]
i=1180[]
i=1181[]
i=1182[]
i=1183[]
i=1184[]
i=1185[]
i=1186[]
i=1187[]
i=1188[]
i=1189[]
i=1190[]
i=1191[]
i=1192[]
i=1193[]
i=1194[]
i=1195[]
i=1196[]
i=1197[]
i=1198[]
i=1199[]
i=1200[]
i=1201[]
i=1202[]
i=1203[]
i=1204[]
i=1205[]
i=1206[]
i=1207[]
i=1208[]
i=1209[]
i=1210[]
i=1211[]
i=1212[]
i=1213[]
i=1214[]
i=1215[]
i=1216[]
i=1217[]
i=1218[]
i=1219[]
i=1220[]
i=1221[]
i=1222[]
i=1223[]
i=1224[]
i=1225[]
i=1226[]
i=1227[]
i=1228[]
i=1229[]
i=1230[]
i=1231[]
i=1232[]
i=1233[]
i=1234[]
i=1235[]
i=1236[]
i=1237[]
i=1238[]
i=1239[]
i=1240[]
i=1241[]
i=1242[]
i=1243[]
i=1244[]
i=1245[]
i=1246[]
i=1247[]
i=1248[]
i=1249[]
i=1250[]
i=1251[]
i=1252[]
i=1253[]
i=1254[]
i=1255[]
i=1256[]
i=1257[]
i=1258[]
i=1259[]
i=1260[]
i=1261[]
i=1262[]
i=1263[]
i=1264[]
i=1265[]
i=1266[]
i=1267[]
i=1268[]
i=1269[]
i=1270[]
i=1271[]
i=1272[]
i=1273[]
i=1274[]
i=1275[]
i=1276[]
i=1277[]
i=1278[]
i=1279[]
i=1280[]
i=1281[]
i=1282[]
i=1283[]
i=1284[]
i=1285[]
i=1286[]
i=1287[]
i=1288[]
i=1289[]
i=1290[]
i=1291[]
i=1292[]
i=1293[]
i=1294[]
i=1295[]
i=1296[]
i=1297[]
i=1298[]
i=1299[]
i=1300[]
i=1301[]
i=1302[]
i=1303[]
i=1304[]
i=1305[]
i=1306[]
i=1307[]
i=1308[]
i=1309[]
i=1310[]
i=1311[]
i=1312[]
i=1313[]
i=1314[]
i=1315[]
i=1316[]
i=1317[]
i=1318[]
i=1319[]
i=1320[]
i=1321[]
i=1322[]
i=1323[]
i=1324[]
i=1325[]
i=1326[]
i=1327[]
i=1328[]
i=1329[]
i=1330[]
i=1331[]
i=1332[]
i=1333[]
i=1334[]
i=1335[]
i=1336[]
i=1337[]
i=1338[]
i=1339[]
i=1340[]
i=1341[]
i=1342[]
i=1343[]
i=1344[]
i=1345[]
i=1346[]
i=1347[]
i=1348[]
i=1349[]
i=1350[]
i=1351[]
i=1352[]
i=1353[]
i=1354[]
i=1355[]
i=1356[]
i=1357[]
i=1358[]
i=1359[]
i=1360[]
i=1361[]
i=1362[]
i=1363[]
i=1364[]
i=1365[]
i=1366[]
i=1367[]
i=1368[]
i=1369[]
i=1370[]
i=1371[]
i=1372[]
i=1373[]
i=1374[]
i=1375[]
i=1376[]
i=1377[]
i=1378[]
i=1379[]
i=1380[]
i=1381[]
i=1382[]
i=1383[]
i=1384[]
i=1385[]
i=1386[]
i=1387[]
i=1388[]
i=1389[]
i=1390[]
i=1391[]
i=1392[]
i=1393[]
i=1394[]
i=1395[]
i=1396[]
i=1397[]
i=1398[]
i=1399[]
i=1400[]
i=1401[]
i=1402[]
i=1403[]
i=1404[]
i=1405[]
i=1406[]
i=1407[]
i=1408[]
i=1409[]
i=1410[]
i=1411[]
i=1412[]
i=1413[]
i=1414[]
i=1415[]
i=1416[]
i=1417[]
i=1418[]
i=1419[]
i=1420[]
i=1421[]
i=1422[]
i=1423[]
i=1424[]
i=1425[]
i=1426[]
i=1427[]
i=1428[]
i=1429[]
i=1430[]
i=1431[]
i=1432[]
i=1433[]
i=1434[]
i=1435[]
i=1436[]
i=1437[]
i=1438[]
i=1439[]
i=1440[]
i=1441[]
i=1442[]
i=1443[]
i=1444[]
i=1445[]
i=1446[]
i=1447[]
i=1448[]
i=1449[]
i=1450[]
i=1451[]
i=1452[]
i=1453[]
i=1454[]
i=1455[]
i=1456[]
i=1457[]
i=1458[]
i=1459[]
i=1460[]
i=1461[]
i=1462[]
i=1463[]
i=1464[]
i=1465[]
i=1466[]
i=1467[]
i=1468[]
i=1469[]
i=1470[]
i=1471[]
i=1472[]
i=1473[]
i=1474[]
i=1475[]
i=1476[]
i=1477[]
i=1478[]
i=1479[]
i=1480[]
i=1481[]
i=1482[]
i=1483[]
i=1484[]
i=1485[]
i=1486[]
i=1487[]
i=1488[]
i=1489[]
i=1490[]
i=1491[]
i=1492[]
i=1493[]
i=1494[]
i=1495[]
i=1496[]
i=1497[]
i=1498[]
i=1499[]
i=1500[]
i=1501[]
i=1502[]
i=1503[]
i=1504[]
i=1505[]
i=1506[]
i=1507[]
i=1508[]
i=1509[]
i=1510[]
i=1511[]
i=1512[]
i=1513[]
i=1514[]
i=1515[]
i=1516[]
i=1517[]
i=1518[]
i=1519[]
i=1520[]
i=1521[]
i=1522[]
i=1523[]
i=1524[]
i=1525[]
i=1526[]
i=1527[]
i=1528[]
i=1529[]
i=1530[]
i=1531[]
i=1532[]
i=1533[]
i=1534[]
i=1535[]
i=1536[]
i=1537[]
i=1538[]
i=1539[]
i=1540[]
i=1541[]
i=1542[]
i=1543[]
i=1544[]
i=1545[]
i=1546[]
i=1547[]
i=1548[]
i=1549[]
i=1550[]
i=1551[]
i=1552[]
i=1553[]
i=1554[]
i=1555[]
i=1556[]
i=1557[]
i=1558[]
i=1559[]
i=1560[]
i=1561[]
i=1562[]
i=1563[]
i=1564[]
i=1565[]
i=1566[]
i=1567[]
i=1568[]
i=1569[]
i=1570[]
i=1571[]
i=1572[]
i=1573[]
i=1574[]
i=1575[]
i=1576[]
i=1577[]
i=1578[]
i=1579[]
i=1580[]
i=1581[]
i=1582[]
i=1583[]
i=1584[]
i=1585[]
i=1586[]
i=1587[]
i=1588[]
i=1589[]
i=1590[]
i=1591[]
i=1592[]
i=1593[]
i=1594[]
i=1595[]
i=1596[]
i=1597[]
i=1598[]
i=1599[]
i=1600[]
i=1601[]
i=1602[]
i=1603[]
i=1604[]
i=1605[]
i=1606[]
i=1607[]
i=1608[]
i=1609[]
i=1610[]
i=1611[]
i=1612[]
i=1613[]
i=1614[]
i=1615[]
i=1616[]
i=1617[]
i=1618[]
i=1619[]
i=1620[]
i=1621[]
i=1622[]
i=1623[]
i=1624[]
i=1625[]
i=1626[]
i=1627[]
i=1628[]
i=1629[]
i=1630[]
i=1631[]
i=1632[]
i=1633[]
i=1634[]
i=1635[]
i=1636[]
i=1637[]
i=1638[]
i=1639[]
i=1640[]
i=1641[]
i=1642[]
i=1643[]
i=1644[]
i=1645[]
i=1646[]
i=1647[]
i=1648[]
i=1649[]
i=1650[]
i=1651[]
i=1652[]
i=1653[]
i=1654[]
i=1655[]
i=1656[]
i=1657[]
i=1658[]
i=1659[]
i=1660[]
i=1661[]
i=1662[]
i=1663[]
i=1664[]
i=1665[]
i=1666[]
i=1667[]
i=1668[]
i=1669[]
i=1670[]
i=1671[]
i=1672[]
i=1673[]
i=1674[]
i=1675[]
i=1676[]
i=1677[]
i=1678[]
i=1679[]
i=1680[]
i=1681[]
i=1682[]
i=1683[]
i=1684[]
i=1685[]
i=1686[]
i=1687[]
i=1688[]
i=1689[]
i=1690[]
i=1691[]
i=1692[]
i=1693[]
i=1694[]
i=1695[]
i=1696[]
i=1697[]
i=1698[]
i=1699[]
i=1700[]
i=1701[]
i=1702[]
i=1703[]
i=1704[]
i=1705[]
i=1706[]
i=1707[]
i=1708[]
i=1709[]
i=1710[]
i=1711[]
i=1712[]
i=1713[]
i=1714[]
i=1715[]
i=1716[]
i=1717[]
i=1718[]
i=1719[]
i=1720[]
i=1721[]
i=1722[]
i=1723[]
i=1724[]
i=1725[]
i=1726[]
i=1727[]
i=1728[]
i=1729[]
i=1730[]
i=1731[]
i=1732[]
i=1733[]
i=1734[]
i=1735[]
i=1736[]
i=1737[]
i=1738[]
i=1739[]
i=1740[]
i=1741[]
i=1742[]
i=1743[]
i=1744[]
i=1745[]
i=1746[]
i=1747[]
i=1748[]
i=1749[]
i=1750[]
i=1751[]
i=1752[]
i=1753[]
i=1754[]
i=1755[]
i=1756[]
i=1757[]
i=1758[]
i=1759[]
i=1760[]
i=1761[]
i=1762[]
i=1763[]
i=1764[]
i=1765[]
i=1766[]
i=1767[]
i=1768[]
i=1769[]
i=1770[]
i=1771[]
i=1772[]
i=1773[]
i=1774[]
i=1775[]
i=1776[]
i=1777[]
i=1778[]
i=1779[]
i=1780[]
i=1781[]
i=1782[]
i=1783[]
i=1784[]
i=1785[]
i=1786[]
i=1787[]
i=1788[]
i=1789[]
i=1790[]
i=1791[]
i=1792[]
i=1793[]
i=1794[]
i=1795[]
i=1796[]
i=1797[]
i=1798[]
i=1799[]
i=1800[]
i=1801[]
i=1802[]
i=1803[]
i=1804[]
i=1805[]
i=1806[]
i=1807[]
i=1808[]
i=1809[]
i=1810[]
i=1811[]
i=1812[]
i=1813[]
i=1814[]
i=1815[]
i=1816[]
i=1817[]
i=1818[]
i=1819[]
i=1820[]
i=1821[]
i=1822[]
i=1823[]
i=1824[]
i=1825[]
i=1826[]
i=1827[]
i=1828[]
i=1829[]
i=1830[]
i=1831[]
i=1832[]
i=1833[]
i=1834[]
i=1835[]
i=1836[]
i=1837[]
i=1838[]
i=1839[]
i=1840[]
i=1841[]
i=1842[]
i=1843[]
i=1844[]
i=1845[]
i=1846[]
i=1847[]
i=1848[]
i=1849[]
i=1850[]
i=1851[]
i=1852[]
i=1853[]
i=1854[]
i=1855[]
i=1856[]
i=1857[]
i=1858[]
i=1859[]
i=1860[]
i=1861[]
i=1862[]
i=1863[]
i=1864[]
i=1865[]
i=1866[]
i=1867[]
i=1868[]
i=1869[]
i=1870[]
i=1871[]
i=1872[]
i=1873[]
i=1874[]
i=1875[]
i=1876[]
i=1877[]
i=1878[]
i=1879[]
i=1880[]
i=1881[]
i=1882[]
i=1883[]
i=1884[]
i=1885[]
i=1886[]
i=1887[]
i=1888[]
i=1889[]
i=1890[]
i=1891[]
i=1892[]
i=1893[]
i=1894[]
i=1895[]
i=1896[]
i=1897[]
i=1898[]
i=1899[]
i=1900[]
i=1901[]
i=1902[]
i=1903[]
i=1904[]
i=1905[]
i=1906[]
i=1907[]
i=1908[]
i=1909[]
i=1910[]
i=1911[]
i=1912[]
i=1913[]
i=1914[]
i=1915[]
i=1916[]
i=1917[]
i=1918[]
i=1919[]
i=1920[]
i=1921[]
i=1922[]
i=1923[]
i=1924[]
i=1925[]
i=1926[]
i=1927[]
i=1928[]
i=1929[]
i=1930[]
i=1931[]
i=1932[]
i=1933[]
i=1934[]
i=1935[]
i=1936[]
i=1937[]
i=1938[]
i=1939[]
i=1940[]
i=1941[]
i=1942[]
i=1943[]
i=1944[]
i=1945[]
i=1946[]
i=1947[]
i=1948[]
i=1949[]
i=1950[]
i=1951[]
i=1952[]
i=1953[]
i=1954[]
i=1955[]
i=1956[]
i=1957[]
i=1958[]
i=1959[]
i=1960[]
i=1961[]
i=1962[]
i=1963[]
i=1964[]
i=1965[]
i=1966[]
i=1967[]
i=1968[]
i=1969[]
i=1970[]
i=1971[]
i=1972[]
i=1973[]
i=1974[]
i=1975[]
i=1976[]
i=1977[]
i=1978[]
i=1979[]
i=1980[]
i=1981[]
i=1982[]
i=1983[]
i=1984[]
i=1985[]
i=1986[]
i=1987[]
i=1988[]
i=1989[]
i=1990[]
i=1991[]
i=1992[]
i=1993[]
i=1994[]
i=1995[]
i=1996[]
i=1997[]
i=1998[]
i=1999[]
i=2000[]
i=2001[]
i=2002[]
i=2003[]
i=2004[]
i=2005[]
i=2006[]
i=2007[]
i=2008[]
i=2009[]
i=2010[]
i=2011[]
i=2012[]
i=2013[]
i=2014[]
i=2015[]
i=2016[]
i=2017[]
i=2018[]
i=2019[]
i=2020[]
i=2021[]
i=2022[]
i=2023[]
i=2024[]
i=2025[]
i=2026[]
i=2027[]
i=2028[]
i=2029[]
i=2030[]
i=2031[]
i=2032[]
i=2033[]
i=2034[]
i=2035[]
i=2036[]
i=2037[]
i=2038[]
i=2039[]
i=2040[]
i=2041[]
i=2042[]
i=2043[]
i=2044[]
i=2045[]
i=2046[]
i=2047[]
i=2048[]
i=2049[]
i=2050[]
i=2051[]
i=2052[]
i=2053[]
i=2054[]
i=2055[]
i=2056[]
i=2057[]
i=2058[]
i=2059[]
i=2060[]
i=2061[]
i=2062[]
i=2063[]
i=2064[]
i=2065[]
i=2066[]
i=2067[]
i=2068[]
i=2069[]
i=2070[]
i=2071[]
i=2072[]
i=2073[]
i=2074[]
i=2075[]
i=2076[]
i=2077[]
i=2078[]
i=2079[]
i=2080[]
i=2081[]
i=2082[]
i=2083[]
i=2084[]
i=2085[]
i=2086[]
i=2087[]
i=2088[]
i=2089[]
i=2090[]
i=2091[]
i=2092[]
i=2093[]
i=2094[]
i=2095[]
i=2096[]
i=2097[]
i=2098[]
i=2099[]
i=2100[]
i=2101[]
i=2102[]
i=2103[]
i=2104[]
i=2105[]
i=2106[]
i=2107[]
i=2108[]
i=2109[]
i=2110[]
i=2111[]
i=2112[]
i=2113[]
i=2114[]
i=2115[]
i=2116[]
i=2117[]
i=2118[]
i=2119[]
i=2120[]
i=2121[]
i=2122[]
i=2123[]
i=2124[]
i=2125[]
i=2126[]
i=2127[]
i=2128[]
i=2129[]
i=2130[]
i=2131[]
i=2132[]
i=2133[]
i=2134[]
i=2135[]
i=2136[]
i=2137[]
i=2138[]
i=2139[]
i=2140[]
i=2141[]
i=2142[]
i=2143[]
i=2144[]
i=2145[]
i=2146[]
i=2147[]
i=2148[]
i=2149[]
i=2150[]
i=2151[]
i=2152[]
i=2153[]
i=2154[]
i=2155[]
i=2156[]
i=2157[]
i=2158[]
i=2159[]
i=2160[]
i=2161[]
i=2162[]
i=2163[]
i=2164[]
i=2165[]
i=2166[]
i=2167[]
i=2168[]
i=2169[]
i=2170[]
i=2171[]
i=2172[]
i=2173[]
i=2174[]
i=2175[]
i=2176[]
i=2177[]
i=2178[]
i=2179[]
i=2180[]
i=2181[]
i=2182[]
i=2183[]
i=2184[]
i=2185[]
i=2186[]
i=2187[]
i=2188[]
i=2189[]
i=2190[]
i=2191[]
i=2192[]
i=2193[]
i=2194[]
i=2195[]
i=2196[]
i=2197[]
i=2198[]
i=2199[]
i=2200[]
i=2201[]
i=2202[]
i=2203[]
i=2204[]
i=2205[]
i=2206[]
i=2207[]
i=2208[]
i=2209[]
i=2210[]
i=2211[]
i=2212[]
i=2213[]
i=2214[]
i=2215[]
i=2216[]
i=2217[]
i=2218[]
i=2219[]
i=2220[]
i=2221[]
i=2222[]
i=2223[]
i=2224[]
i=2225[]
i=2226[]
i=2227[]
i=2228[]
i=2229[]
i=2230[]
i=2231[]
i=2232[]
i=2233[]
i=2234[]
i=2235[]
i=2236[]
i=2237[]
i=2238[]
i=2239[]
i=2240[]
i=2241[]
i=2242[]
i=2243[]
i=2244[]
i=2245[]
i=2246[]
i=2247[]
i=2248[]
i=2249[]
i=2250[]
i=2251[]
i=2252[]
i=2253[]
i=2254[]
i=2255[]
i=2256[]
i=2257[]
i=2258[]
i=2259[]
i=2260[]
i=2261[]
i=2262[]
i=2263[]
i=2264[]
i=2265[]
i=2266[]
i=2267[]
i=2268[]
i=2269[]
i=2270[]
i=2271[]
i=2272[]
i=2273[]
i=2274[]
i=2275[]
i=2276[]
i=2277[]
i=2278[]
i=2279[]
i=2280[]
i=2281[]
i=2282[]
i=2283[]
i=2284[]
i=2285[]
i=2286[]
i=2287[]
i=2288[]
i=2289[]
i=2290[]
i=2291[]
i=2292[]
i=2293[]
i=2294[]
i=2295[]
i=2296[]
i=2297[]
i=2298[]
i=2299[]
i=2300[]
i=2301[]
i=2302[]
i=2303[]
i=2304[]
i=2305[]
i=2306[]
i=2307[]
i=2308[]
i=2309[]
i=2310[]
i=2311[]
i=2312[]
i=2313[]
i=2314[]
i=2315[]
i=2316[]
i=2317[]
i=2318[]
i=2319[]
i=2320[]
i=2321[]
i=2322[]
i=2323[]
i=2324[]
i=2325[]
i=2326[]
i=2327[]
i=2328[]
i=2329[]
i=2330[]
i=2331[]
i=2332[]
i=2333[]
i=2334[]
i=2335[]
i=2336[]
i=2337[]
i=2338[]
i=2339[]
i=2340[]
i=2341[]
i=2342[]
i=2343[]
i=2344[]
i=2345[]
i=2346[]
i=2347[]
i=2348[]
i=2349[]
i=2350[]
i=2351[]
i=2352[]
i=2353[]
i=2354[]
i=2355[]
i=2356[]
i=2357[]
i=2358[]
i=2359[]
i=2360[]
i=2361[]
i=2362[]
i=2363[]
i=2364[]
i=2365[]
i=2366[]
i=2367[]
i=2368[]
i=2369[]
i=2370[]
i=2371[]
i=2372[]
i=2373[]
i=2374[]
i=2375[]
i=2376[]
i=2377[]
i=2378[]
i=2379[]
i=2380[]
i=2381[]
i=2382[]
i=2383[]
i=2384[]
i=2385[]
i=2386[]
i=2387[]
i=2388[]
i=2389[]
i=2390[]
i=2391[]
i=2392[]
i=2393[]
i=2394[]
i=2395[]
i=2396[]
i=2397[]
i=2398[]
i=2399[]
i=2400[]
i=2401[]
i=2402[]
i=2403[]
i=2404[]
i=2405[]
i=2406[]
i=2407[]
i=2408[]
i=2409[]
i=2410[]
i=2411[]
i=2412[]
i=2413[]
i=2414[]
i=2415[]
i=2416[]
i=2417[]
i=2418[]
i=2419[]
i=2420[]
i=2421[]
i=2422[]
i=2423[]
i=2424[]
i=2425[]
i=2426[]
i=2427[]
i=2428[]
i=2429[]
i=2430[]
i=2431[]
i=2432[]
i=2433[]
i=2434[]
i=2435[]
i=2436[]
i=2437[]
i=2438[]
i=2439[]
i=2440[]
i=2441[]
i=2442[]
i=2443[]
i=2444[]
i=2445[]
i=2446[]
i=2447[]
i=2448[]
i=2449[]
i=2450[]
i=2451[]
i=2452[]
i=2453[]
i=2454[]
i=2455[]
i=2456[]
i=2457[]
i=2458[]
i=2459[]
i=2460[]
i=2461[]
i=2462[]
i=2463[]
i=2464[]
i=2465[]
i=2466[]
i=2467[]
i=2468[]
i=2469[]
i=2470[]
i=2471[]
i=2472[]
i=2473[]
i=2474[]
i=2475[]
i=2476[]
i=2477[]
i=2478[]
i=2479[]
i=2480[]
i=2481[]
i=2482[]
i=2483[]
i=2484[]
i=2485[]
i=2486[]
i=2487[]
i=2488[]
i=2489[]
i=2490[]
i=2491[]
i=2492[]
i=2493[]
i=2494[]
i=2495[]
i=2496[]
i=2497[]
i=2498[]
i=2499[]
i=2500[]
i=2501[]
i=2502[]
i=2503[]
i=2504[]
i=2505[]
i=2506[]
i=2507[]
i=2508[]
i=2509[]
i=2510[]
i=2511[]
i=2512[]
i=2513[]
i=2514[]
i=2515[]
i=2516[]
i=2517[]
i=2518[]
i=2519[]
i=2520[]
i=2521[]
i=2522[]
i=2523[]
i=2524[]
i=2525[]
i=2526[]
i=2527[]
i=2528[]
i=2529[]
i=2530[]
i=2531[]
i=2532[]
i=2533[]
i=2534[]
i=2535[]
i=2536[]
i=2537[]
i=2538[]
i=2539[]
i=2540[]
i=2541[]
i=2542[]
i=2543[]
i=2544[]
i=2545[]
i=2546[]
i=2547[]
i=2548[]
i=2549[]
i=2550[]
i=2551[]
i=2552[]
i=2553[]
i=2554[]
i=2555[]
i=2556[]
i=2557[]
i=2558[]
i=2559[]
i=2560[]
i=2561[]
i=2562[]
i=2563[]
i=2564[]
i=2565[]
i=2566[]
i=2567[]
i=2568[]
i=2569[]
i=2570[]
i=2571[]
i=2572[]
i=2573[]
i=2574[]
i=2575[]
i=2576[]
i=2577[]
i=2578[]
i=2579[]
i=2580[]
i=2581[]
i=2582[]
i=2583[]
i=2584[]
i=2585[]
i=2586[]
i=2587[]
i=2588[]
i=2589[]
i=2590[]
i=2591[]
i=2592[]
i=2593[]
i=2594[]
i=2595[]
i=2596[]
i=2597[]
i=2598[]
i=2599[]
i=2600[]
i=2601[]
i=2602[]
i=2603[]
i=2604[]
i=2605[]
i=2606[]
i=2607[]
i=2608[]
i=2609[]
i=2610[]
i=2611[]
i=2612[]
i=2613[]
i=2614[]
i=2615[]
i=2616[]
i=2617[]
i=2618[]
i=2619[]
i=2620[]
i=2621[]
i=2622[]
i=2623[]
i=2624[]
i=2625[]
i=2626[]
i=2627[]
i=2628[]
i=2629[]
i=2630[]
i=2631[]
i=2632[]
i=2633[]
i=2634[]
i=2635[]
i=2636[]
i=2637[]
i=2638[]
i=2639[]
i=2640[]
i=2641[]
i=2642[]
i=2643[]
i=2644[]
i=2645[]
i=2646[]
i=2647[]
i=2648[]
i=2649[]
i=2650[]
i=2651[]
i=2652[]
i=2653[]
i=2654[]
i=2655[]
i=2656[]
i=2657[]
i=2658[]
i=2659[]
i=2660[]
i=2661[]
i=2662[]
i=2663[]
i=2664[]
i=2665[]
i=2666[]
i=2667[]
i=2668[]
i=2669[]
i=2670[]
i=2671[]
i=2672[]
i=2673[]
i=2674[]
i=2675[]
i=2676[]
i=2677[]
i=2678[]
i=2679[]
i=2680[]
i=2681[]
i=2682[]
i=2683[]
i=2684[]
i=2685[]
i=2686[]
i=2687[]
i=2688[]
i=2689[]
i=2690[]
i=2691[]
i=2692[]
i=2693[]
i=2694[]
i=2695[]
i=2696[]
i=2697[]
i=2698[]
i=2699[]
i=2700[]
i=2701[]
i=2702[]
i=2703[]
i=2704[]
i=2705[]
i=2706[]
i=2707[]
i=2708[]
i=2709[]
i=2710[]
i=2711[]
i=2712[]
i=2713[]
i=2714[]
i=2715[]
i=2716[]
i=2717[]
i=2718[]
i=2719[]
i=2720[]
i=2721[]
i=2722[]
i=2723[]
i=2724[]
i=2725[]
i=2726[]
i=2727[]
i=2728[]
i=2729[]
i=2730[]
i=2731[]
i=2732[]
i=2733[]
i=2734[]
i=2735[]
i=2736[]
i=2737[]
i=2738[]
i=2739[]
i=2740[]
i=2741[]
i=2742[]
i=2743[]
i=2744[]
i=2745[]
i=2746[]
i=2747[]
i=2748[]
i=2749[]
i=2750[]
i=2751[]
i=2752[]
i=2753[]
i=2754[]
i=2755[]
i=2756[]
i=2757[]
i=2758[]
i=2759[]
i=2760[]
i=2761[]
i=2762[]
i=2763[]
i=2764[]
i=2765[]
i=2766[]
i=2767[]
i=2768[]
i=2769[]
i=2770[]
i=2771[]
i=2772[]
i=2773[]
i=2774[]
i=2775[]
i=2776[]
i=2777[]
i=2778[]
i=2779[]
i=2780[]
i=2781[]
i=2782[]
i=2783[]
i=2784[]
i=2785[]
i=2786[]
i=2787[]
i=2788[]
i=2789[]
i=2790[]
i=2791[]
i=2792[]
i=2793[]
i=2794[]
i=2795[]
i=2796[]
i=2797[]
i=2798[]
i=2799[]
i=2800[]
i=2801[]
i=2802[]
i=2803[]
i=2804[]
i=2805[]
i=2806[]
i=2807[]
i=2808[]
i=2809[]
i=2810[]
i=2811[]
i=2812[]
i=2813[]
i=2814[]
i=2815[]
i=2816[]
i=2817[]
i=2818[]
i=2819[]
i=2820[]
i=2821[]
i=2822[]
i=2823[]
i=2824[]
i=2825[]
i=2826[]
i=2827[]
i=2828[]
i=2829[]
i=2830[]
i=2831[]
i=2832[]
i=2833[]
i=2834[]
i=2835[]
i=2836[]
i=2837[]
i=2838[]
i=2839[]
i=2840[]
i=2841[]
i=2842[]
i=2843[]
i=2844[]
i=2845[]
i=2846[]
i=2847[]
i=2848[]
i=2849[]
i=2850[]
i=2851[]
i=2852[]
i=2853[]
i=2854[]
i=2855[]
i=2856[]
i=2857[]
i=2858[]
i=2859[]
i=2860[]
i=2861[]
i=2862[]
i=2863[]
i=2864[]
i=2865[]
i=2866[]
i=2867[]
i=2868[]
i=2869[]
i=2870[]
i=2871[]
i=2872[]
i=2873[]
i=2874[]
i=2875[]
i=2876[]
i=2877[]
i=2878[]
i=2879[]
i=2880[]
i=2881[]
i=2882[]
i=2883[]
i=2884[]
i=2885[]
i=2886[]
i=2887[]
i=2888[]
i=2889[]
i=2890[]
i=2891[]
i=2892[]
i=2893[]
i=2894[]
i=2895[]
i=2896[]
i=2897[]
i=2898[]
i=2899[]
i=2900[]
i=2901[]
i=2902[]
i=2903[]
i=2904[]
i=2905[]
i=2906[]
i=2907[]
i=2908[]
i=2909[]
i=2910[]
i=2911[]
i=2912[]
i=2913[]
i=2914[]
i=2915[]
i=2916[]
i=2917[]
i=2918[]
i=2919[]
i=2920[]
i=2921[]
i=2922[]
i=2923[]
i=2924[]
i=2925[]
i=2926[]
i=2927[]
i=2928[]
i=2929[]
i=2930[]
i=2931[]
i=2932[]
i=2933[]
i=2934[]
i=2935[]
i=2936[]
i=2937[]
i=2938[]
i=2939[]
i=2940[]
i=2941[]
i=2942[]
i=2943[]
i=2944[]
i=2945[]
i=2946[]
i=2947[]
i=2948[]
i=2949[]
i=2950[]
i=2951[]
i=2952[]
i=2953[]
i=2954[]
i=2955[]
i=2956[]
i=2957[]
i=2958[]
i=2959[]
i=2960[]
i=2961[]
i=2962[]
i=2963[]
i=2964[]
i=2965[]
i=2966[]
i=2967[]
i=2968[]
i=2969[]
i=2970[]
i=2971[]
i=2972[]
i=2973[]
i=2974[]
i=2975[]
i=2976[]
i=2977[]
i=2978[]
i=2979[]
i=2980[]
i=2981[]
i=2982[]
i=2983[]
i=2984[]
i=2985[]
i=2986[]
i=2987[]
i=2988[]
i=2989[]
i=2990[]
i=2991[]
i=2992[]
i=2993[]
i=2994[]
i=2995[]
i=2996[]
i=2997[]
i=2998[]
i=2999[]
i=3000[]
i=3001[]
i=3002[]
i=3003[]
i=3004[]
i=3005[]
i=3006[]
i=3007[]
i=3008[]
i=3009[]
i=3010[]
i=3011[]
i=3012[]
i=3013[]
i=3014[]
i=3015[]
i=3016[]
i=3017[]
i=3018[]
i=3019[]
i=3020[]
i=3021[]
i=3022[]
i=3023[]
i=3024[]
i=3025[]
i=3026[]
i=3027[]
i=3028[]
i=3029[]
i=3030[]
i=3031[]
i=3032[]
i=3033[]
i=3034[]
i=3035[]
i=3036[]
i=3037[]
i=3038[]
i=3039[]
i=3040[]
i=3041[]
i=3042[]
i=3043[]
i=3044[]
i=3045[]
i=3046[]
i=3047[]
i=3048[]
i=3049[]
i=3050[]
i=3051[]
i=3052[]
i=3053[]
i=3054[]
i=3055[]
i=3056[]
i=3057[]
i=3058[]
i=3059[]
i=3060[]
i=3061[]
i=3062[]
i=3063[]
i=3064[]
i=3065[]
i=3066[]
i=3067[]
i=3068[]
i=3069[]
i=3070[]
i=3071[]
i=3072[]
i=3073[]
i=3074[]
i=3075[]
i=3076[]
i=3077[]
i=3078[]
i=3079[]
i=3080[]
i=3081[]
i=3082[]
i=3083[]
i=3084[]
i=3085[]
i=3086[]
i=3087[]
i=3088[]
i=3089[]
i=3090[]
i=3091[]
i=3092[]
i=3093[]
i=3094[]
i=3095[]
i=3096[]
i=3097[]
i=3098[]
i=3099[]
i=3100[]
i=3101[]
i=3102[]
i=3103[]
i=3104[]
i=3105[]
i=3106[]
i=3107[]
i=3108[]
i=3109[]
i=3110[]
i=3111[]
i=3112[]
i=3113[]
i=3114[]
i=3115[]
i=3116[]
i=3117[]
i=3118[]
i=3119[]
i=3120[]
i=3121[]
i=3122[]
i=3123[]
i=3124[]
i=3125[]
i=3126[]
i=3127[]
i=3128[]
i=3129[]
i=3130[]
i=3131[]
i=3132[]
i=3133[]
i=3134[]
i=3135[]
i=3136[]
i=3137[]
i=3138[]
i=3139[]
i=3140[]
i=3141[]
i=3142[]
i=3143[]
i=3144[]
i=3145[]
i=3146[]
i=3147[]
i=3148[]
i=3149[]
i=3150[]
i=3151[]
i=3152[]
i=3153[]
i=3154[]
i=3155[]
i=3156[]
i=3157[]
i=3158[]
i=3159[]
i=3160[]
i=3161[]
i=3162[]
i=3163[]
i=3164[]
i=3165[]
i=3166[]
i=3167[]
i=3168[]
i=3169[]
i=3170[]
i=3171[]
i=3172[]
i=3173[]
i=3174[]
i=3175[]
i=3176[]
i=3177[]
i=3178[]
i=3179[]
i=3180[]
i=3181[]
i=3182[]
i=3183[]
i=3184[]
i=3185[]
i=3186[]
i=3187[]
i=3188[]
i=3189[]
i=3190[]
i=3191[]
i=3192[]
i=3193[]
i=3194[]
i=3195[]
i=3196[]
i=3197[]
i=3198[]
i=3199[]
i=3200[]
i=3201[]
i=3202[]
i=3203[]
i=3204[]
i=3205[]
i=3206[]
i=3207[]
i=3208[]
i=3209[]
i=3210[]
i=3211[]
i=3212[]
i=3213[]
i=3214[]
i=3215[]
i=3216[]
i=3217[]
i=3218[]
i=3219[]
i=3220[]
i=3221[]
i=3222[]
i=3223[]
i=3224[]
i=3225[]
i=3226[]
i=3227[]
i=3228[]
i=3229[]
i=3230[]
i=3231[]
i=3232[]
i=3233[]
i=3234[]
i=3235[]
i=3236[]
i=3237[]
i=3238[]
i=3239[]
i=3240[]
i=3241[]
i=3242[]
i=3243[]
i=3244[]
i=3245[]
i=3246[]
i=3247[]
i=3248[]
i=3249[]
i=3250[]
i=3251[]
i=3252[]
i=3253[]
i=3254[]
i=3255[]
i=3256[]
i=3257[]
i=3258[]
i=3259[]
i=3260[]
i=3261[]
i=3262[]
i=3263[]
i=3264[]
i=3265[]
i=3266[]
i=3267[]
i=3268[]
i=3269[]
i=3270[]
i=3271[]
i=3272[]
i=3273[]
i=3274[]
i=3275[]
i=3276[]
i=3277[]
i=3278[]
i=3279[]
i=3280[]
i=3281[]
i=3282[]
i=3283[]
i=3284[]
i=3285[]
i=3286[]
i=3287[]
i=3288[]
i=3289[]
i=3290[]
i=3291[]
i=3292[]
i=3293[]
i=3294[]
i=3295[]
i=3296[]
i=3297[]
i=3298[]
i=3299[]
i=3300[]
i=3301[]
i=3302[]
i=3303[]
i=3304[]
i=3305[]
i=3306[]
i=3307[]
i=3308[]
i=3309[]
i=3310[]
i=3311[]
i=3312[]
i=3313[]
i=3314[]
i=3315[]
i=3316[]
i=3317[]
i=3318[]
i=3319[]
i=3320[]
i=3321[]
i=3322[]
i=3323[]
i=3324[]
i=3325[]
i=3326[]
i=3327[]
i=3328[]
i=3329[]
i=3330[]
i=3331[]
i=3332[]
i=3333[]
i=3334[]
i=3335[]
i=3336[]
i=3337[]
i=3338[]
i=3339[]
i=3340[]
i=3341[]
i=3342[]
i=3343[]
i=3344[]
i=3345[]
i=3346[]
i=3347[]
i=3348[]
i=3349[]
i=3350[]
i=3351[]
i=3352[]
i=3353[]
i=3354[]
i=3355[]
i=3356[]
i=3357[]
i=3358[]
i=3359[]
i=3360[]
i=3361[]
i=3362[]
i=3363[]
i=3364[]
i=3365[]
i=3366[]
i=3367[]
i=3368[]
i=3369[]
i=3370[]
i=3371[]
i=3372[]
i=3373[]
i=3374[]
i=3375[]
i=3376[]
i=3377[]
i=3378[]
i=3379[]
i=3380[]
i=3381[]
i=3382[]
i=3383[]
i=3384[]
i=3385[]
i=3386[]
i=3387[]
i=3388[]
i=3389[]
i=3390[]
i=3391[]
i=3392[]
i=3393[]
i=3394[]
i=3395[]
i=3396[]
i=3397[]
i=3398[]
i=3399[]
i=3400[]
i=3401[]
i=3402[]
i=3403[]
i=3404[]
i=3405[]
i=3406[]
i=3407[]
i=3408[]
i=3409[]
i=3410[]
i=3411[]
i=3412[]
i=3413[]
i=3414[]
i=3415[]
i=3416[]
i=3417[]
i=3418[]
i=3419[]
i=3420[]
i=3421[]
i=3422[]
i=3423[]
i=3424[]
i=3425[]
i=3426[]
i=3427[]
i=3428[]
i=3429[]
i=3430[]
i=3431[]
i=3432[]
i=3433[]
i=3434[]
i=3435[]
i=3436[]
i=3437[]
i=3438[]
i=3439[]
i=3440[]
i=3441[]
i=3442[]
i=3443[]
i=3444[]
i=3445[]
i=3446[]
i=3447[]
i=3448[]
i=3449[]
i=3450[]
i=3451[]
i=3452[]
i=3453[]
i=3454[]
i=3455[]
i=3456[]
i=3457[]
i=3458[]
i=3459[]
i=3460[]
i=3461[]
i=3462[]
i=3463[]
i=3464[]
i=3465[]
i=3466[]
i=3467[]
i=3468[]
i=3469[]
i=3470[]
i=3471[]
i=3472[]
i=3473[]
i=3474[]
i=3475[]
i=3476[]
i=3477[]
i=3478[]
i=3479[]
i=3480[]
i=3481[]
i=3482[]
i=3483[]
i=3484[]
i=3485[]
i=3486[]
i=3487[]
i=3488[]
i=3489[]
i=3490[]
i=3491[]
i=3492[]
i=3493[]
i=3494[]
i=3495[]
i=3496[]
i=3497[]
i=3498[]
i=3499[]
i=3500[]
i=3501[]
i=3502[]
i=3503[]
i=3504[]
i=3505[]
i=3506[]
i=3507[]
i=3508[]
i=3509[]
i=3510[]
i=3511[]
i=3512[]
i=3513[]
i=3514[]
i=3515[]
i=3516[]
i=3517[]
i=3518[]
i=3519[]
i=3520[]
i=3521[]
i=3522[]
i=3523[]
i=3524[]
i=3525[]
i=3526[]
i=3527[]
i=3528[]
i=3529[]
i=3530[]
i=3531[]
i=3532[]
i=3533[]
i=3534[]
i=3535[]
i=3536[]
i=3537[]
i=3538[]
i=3539[]
i=3540[]
i=3541[]
i=3542[]
i=3543[]
i=3544[]
i=3545[]
i=3546[]
i=3547[]
i=3548[]
i=3549[]
i=3550[]
i=3551[]
i=3552[]
i=3553[]
i=3554[]
i=3555[]
i=3556[]
i=3557[]
i=3558[]
i=3559[]
i=3560[]
i=3561[]
i=3562[]
i=3563[]
i=3564[]
i=3565[]
i=3566[]
i=3567[]
i=3568[]
i=3569[]
i=3570[]
i=3571[]
i=3572[]
i=3573[]
i=3574[]
i=3575[]
i=3576[]
i=3577[]
i=3578[]
i=3579[]
i=3580[]
i=3581[]
i=3582[]
i=3583[]
i=3584[]
i=3585[]
i=3586[]
i=3587[]
i=3588[]
i=3589[]
i=3590[]
i=3591[]
i=3592[]
i=3593[]
i=3594[]
i=3595[]
i=3596[]
i=3597[]
i=3598[]
i=3599[]
i=3600[]
i=3601[]
i=3602[]
i=3603[]
i=3604[]
i=3605[]
i=3606[]
i=3607[]
i=3608[]
i=3609[]
i=3610[]
i=3611[]
i=3612[]
i=3613[]
i=3614[]
i=3615[]
i=3616[]
i=3617[]
i=3618[]
i=3619[]
i=3620[]
i=3621[]
i=3622[]
i=3623[]
i=3624[]
i=3625[]
i=3626[]
i=3627[]
i=3628[]
i=3629[]
i=3630[]
i=3631[]
i=3632[]
i=3633[]
i=3634[]
i=3635[]
i=3636[]
i=3637[]
i=3638[]
i=3639[]
i=3640[]
i=3641[]
i=3642[]
i=3643[]
i=3644[]
i=3645[]
i=3646[]
i=3647[]
i=3648[]
i=3649[]
i=3650[]
i=3651[]
i=3652[]
i=3653[]
i=3654[]
i=3655[]
i=3656[]
i=3657[]
i=3658[]
i=3659[]
i=3660[]
i=3661[]
i=3662[]
i=3663[]
i=3664[]
i=3665[]
i=3666[]
i=3667[]
i=3668[]
i=3669[]
i=3670[]
i=3671[]
i=3672[]
i=3673[]
i=3674[]
i=3675[]
i=3676[]
i=3677[]
i=3678[]
i=3679[]
i=3680[]
i=3681[]
i=3682[]
i=3683[]
i=3684[]
i=3685[]
i=3686[]
i=3687[]
i=3688[]
i=3689[]
i=3690[]
i=3691[]
i=3692[]
i=3693[]
i=3694[]
i=3695[]
i=3696[]
i=3697[]
i=3698[]
i=3699[]
i=3700[]
i=3701[]
i=3702[]
i=3703[]
i=3704[]
i=3705[]
i=3706[]
i=3707[]
i=3708[]
i=3709[]
i=3710[]
i=3711[]
i=3712[]
i=3713[]
i=3714[]
i=3715[]
i=3716[]
i=3717[]
i=3718[]
i=3719[]
i=3720[]
i=3721[]
i=3722[]
i=3723[]
i=3724[]
i=3725[]
i=3726[]
i=3727[]
i=3728[]
i=3729[]
i=3730[]
i=3731[]
i=3732[]
i=3733[]
i=3734[]
i=3735[]
i=3736[]
i=3737[]
i=3738[]
i=3739[]
i=3740[]
i=3741[]
i=3742[]
i=3743[]
i=3744[]
i=3745[]
i=3746[]
i=3747[]
i=3748[]
i=3749[]
i=3750[]
i=3751[]
i=3752[]
i=3753[]
i=3754[]
i=3755[]
i=3756[]
i=3757[]
i=3758[]
i=3759[]
i=3760[]
i=3761[]
i=3762[]
i=3763[]
i=3764[]
i=3765[]
i=3766[]
i=3767[]
i=3768[]
i=3769[]
i=3770[]
i=3771[]
i=3772[]
i=3773[]
i=3774[]
i=3775[]
i=3776[]
i=3777[]
i=3778[]
i=3779[]
i=3780[]
i=3781[]
i=3782[]
i=3783[]
i=3784[]
i=3785[]
i=3786[]
i=3787[]
i=3788[]
i=3789[]
i=3790[]
i=3791[]
i=3792[]
i=3793[]
i=3794[]
i=3795[]
i=3796[]
i=3797[]
i=3798[]
i=3799[]
i=3800[]
i=3801[]
i=3802[]
i=3803[]
i=3804[]
i=3805[]
i=3806[]
i=3807[]
i=3808[]
i=3809[]
i=3810[]
i=3811[]
i=3812[]
i=3813[]
i=3814[]
i=3815[]
i=3816[]
i=3817[]
i=3818[]
i=3819[]
i=3820[]
i=3821[]
i=3822[]
i=3823[]
i=3824[]
i=3825[]
i=3826[]
i=3827[]
i=3828[]
i=3829[]
i=3830[]
i=3831[]
i=3832[]
i=3833[]
i=3834[]
i=3835[]
i=3836[]
i=3837[]
i=3838[]
i=3839[]
i=3840[]
i=3841[]
i=3842[]
i=3843[]
i=3844[]
i=3845[]
i=3846[]
i=3847[]
i=3848[]
i=3849[]
i=3850[]
i=3851[]
i=3852[]
i=3853[]
i=3854[]
i=3855[]
i=3856[]
i=3857[]
i=3858[]
i=3859[]
i=3860[]
i=3861[]
i=3862[]
i=3863[]
i=3864[]
i=3865[]
i=3866[]
i=3867[]
i=3868[]
i=3869[]
i=3870[]
i=3871[]
i=3872[]
i=3873[]
i=3874[]
i=3875[]
i=3876[]
i=3877[]
i=3878[]
i=3879[]
i=3880[]
i=3881[]
i=3882[]
i=3883[]
i=3884[]
i=3885[]
i=3886[]
i=3887[]
i=3888[]
i=3889[]
i=3890[]
i=3891[]
i=3892[]
i=3893[]
i=3894[]
i=3895[]
i=3896[]
i=3897[]
i=3898[]
i=3899[]
i=3900[]
i=3901[]
i=3902[]
i=3903[]
i=3904[]
i=3905[]
i=3906[]
i=3907[]
i=3908[]
i=3909[]
i=3910[]
i=3911[]
i=3912[]
i=3913[]
i=3914[]
i=3915[]
i=3916[]
i=3917[]
i=3918[]
i=3919[]
i=3920[]
i=3921[]
i=3922[]
i=3923[]
i=3924[]
i=3925[]
i=3926[]
i=3927[]
i=3928[]
i=3929[]
i=3930[]
i=3931[]
i=3932[]
i=3933[]
i=3934[]
i=3935[]
i=3936[]
i=3937[]
i=3938[]
i=3939[]
i=3940[]
i=3941[]
i=3942[]
i=3943[]
i=3944[]
i=3945[]
i=3946[]
i=3947[]
i=3948[]
i=3949[]
i=3950[]
i=3951[]
i=3952[]
i=3953[]
i=3954[]
i=3955[]
i=3956[]
i=3957[]
i=3958[]
i=3959[]
i=3960[]
i=3961[]
i=3962[]
i=3963[]
i=3964[]
i=3965[]
i=3966[]
i=3967[]
i=3968[]
i=3969[]
i=3970[]
i=3971[]
i=3972[]
i=3973[]
i=3974[]
i=3975[]
i=3976[]
i=3977[]
i=3978[]
i=3979[]
i=3980[]
i=3981[]
i=3982[]
i=3983[]
i=3984[]
i=3985[]
i=3986[]
i=3987[]
i=3988[]
i=3989[]
i=3990[]
i=3991[]
i=3992[]
i=3993[]
i=3994[]
i=3995[]
i=3996[]
i=3997[]
i=3998[]
i=3999[]
]
filename=testimage/orion_12.jpg
convert s/f status=0
iSum status=0
cudaerr=0
Filter status=0
Maxidx8u status=0
totalwidth=3177,4749
diff=48,-441
Am I now
outboundupper x=2220,y=4473
outboundlower x=-48,y=441
newsize=3225,4749
newimage width=3225, height=4749
offsetposition=48,0
eresult=0
newimage width=3225, height=4749
offsetposition=48,0
eresult=0
newimage width=3225, height=4749
offsetposition=48,0
eresult=0
newimage width=3225, height=4749
offsetposition=48,0
eresult=0
newimage width=3225, height=4749
offsetposition=48,0
eresult=0
anothergo0
test
Last test bis
test
3225,4749
filename=testimage/orion_12.jpg
[i=1000[]
i=1001[]
i=1002[]
i=1003[]
i=1004[]
i=1005[]
i=1006[]
i=1007[]
i=1008[]
i=1009[]
i=1010[]
i=1011[]
i=1012[]
i=1013[]
i=1014[]
i=1015[]
i=1016[]
i=1017[]
i=1018[]
i=1019[]
i=1020[]
i=1021[]
i=1022[]
i=1023[]
i=1024[]
i=1025[]
i=1026[]
i=1027[]
i=1028[]
i=1029[]
i=1030[]
i=1031[]
i=1032[]
i=1033[]
i=1034[]
i=1035[]
i=1036[]
i=1037[]
i=1038[]
i=1039[]
i=1040[]
i=1041[]
i=1042[]
i=1043[]
i=1044[]
i=1045[]
i=1046[]
i=1047[]
i=1048[]
i=1049[]
i=1050[]
i=1051[]
i=1052[]
i=1053[]
i=1054[]
i=1055[]
i=1056[]
i=1057[]
i=1058[]
i=1059[]
i=1060[]
i=1061[]
i=1062[]
i=1063[]
i=1064[]
i=1065[]
i=1066[]
i=1067[]
i=1068[]
i=1069[]
i=1070[]
i=1071[]
i=1072[]
i=1073[]
i=1074[]
i=1075[]
i=1076[]
i=1077[]
i=1078[]
i=1079[]
i=1080[]
i=1081[]
i=1082[]
i=1083[]
i=1084[]
i=1085[]
i=1086[]
i=1087[]
i=1088[]
i=1089[]
i=1090[]
i=1091[]
i=1092[]
i=1093[]
i=1094[]
i=1095[]
i=1096[]
i=1097[]
i=1098[]
i=1099[]
i=1100[]
i=1101[]
i=1102[]
i=1103[]
i=1104[]
i=1105[]
i=1106[]
i=1107[]
i=1108[]
i=1109[]
i=1110[]
i=1111[]
i=1112[]
i=1113[]
i=1114[]
i=1115[]
i=1116[]
i=1117[]
i=1118[]
i=1119[]
i=1120[]
i=1121[]
i=1122[]
i=1123[]
i=1124[]
i=1125[]
i=1126[]
i=1127[]
i=1128[]
i=1129[]
i=1130[]
i=1131[]
i=1132[]
i=1133[]
i=1134[]
i=1135[]
i=1136[]
i=1137[]
i=1138[]
i=1139[]
i=1140[]
i=1141[]
i=1142[]
i=1143[]
i=1144[]
i=1145[]
i=1146[]
i=1147[]
i=1148[]
i=1149[]
i=1150[]
i=1151[]
i=1152[]
i=1153[]
i=1154[]
i=1155[]
i=1156[]
i=1157[]
i=1158[]
i=1159[]
i=1160[]
i=1161[]
i=1162[]
i=1163[]
i=1164[]
i=1165[]
i=1166[]
i=1167[]
i=1168[]
i=1169[]
i=1170[]
i=1171[]
i=1172[]
i=1173[]
i=1174[]
i=1175[]
i=1176[]
i=1177[]
i=1178[]
i=1179[]
i=1180[]
i=1181[]
i=1182[]
i=1183[]
i=1184[]
i=1185[]
i=1186[]
i=1187[]
i=1188[]
i=1189[]
i=1190[]
i=1191[]
i=1192[]
i=1193[]
i=1194[]
i=1195[]
i=1196[]
i=1197[]
i=1198[]
i=1199[]
i=1200[]
i=1201[]
i=1202[]
i=1203[]
i=1204[]
i=1205[]
i=1206[]
i=1207[]
i=1208[]
i=1209[]
i=1210[]
i=1211[]
i=1212[]
i=1213[]
i=1214[]
i=1215[]
i=1216[]
i=1217[]
i=1218[]
i=1219[]
i=1220[]
i=1221[]
i=1222[]
i=1223[]
i=1224[]
i=1225[]
i=1226[]
i=1227[]
i=1228[]
i=1229[]
i=1230[]
i=1231[]
i=1232[]
i=1233[]
i=1234[]
i=1235[]
i=1236[]
i=1237[]
i=1238[]
i=1239[]
i=1240[]
i=1241[]
i=1242[]
i=1243[]
i=1244[]
i=1245[]
i=1246[]
i=1247[]
i=1248[]
i=1249[]
i=1250[]
i=1251[]
i=1252[]
i=1253[]
i=1254[]
i=1255[]
i=1256[]
i=1257[]
i=1258[]
i=1259[]
i=1260[]
i=1261[]
i=1262[]
i=1263[]
i=1264[]
i=1265[]
i=1266[]
i=1267[]
i=1268[]
i=1269[]
i=1270[]
i=1271[]
i=1272[]
i=1273[]
i=1274[]
i=1275[]
i=1276[]
i=1277[]
i=1278[]
i=1279[]
i=1280[]
i=1281[]
i=1282[]
i=1283[]
i=1284[]
i=1285[]
i=1286[]
i=1287[]
i=1288[]
i=1289[]
i=1290[]
i=1291[]
i=1292[]
i=1293[]
i=1294[]
i=1295[]
i=1296[]
i=1297[]
i=1298[]
i=1299[]
i=1300[]
i=1301[]
i=1302[]
i=1303[]
i=1304[]
i=1305[]
i=1306[]
i=1307[]
i=1308[]
i=1309[]
i=1310[]
i=1311[]
i=1312[]
i=1313[]
i=1314[]
i=1315[]
i=1316[]
i=1317[]
i=1318[]
i=1319[]
i=1320[]
i=1321[]
i=1322[]
i=1323[]
i=1324[]
i=1325[]
i=1326[]
i=1327[]
i=1328[]
i=1329[]
i=1330[]
i=1331[]
i=1332[]
i=1333[]
i=1334[]
i=1335[]
i=1336[]
i=1337[]
i=1338[]
i=1339[]
i=1340[]
i=1341[]
i=1342[]
i=1343[]
i=1344[]
i=1345[]
i=1346[]
i=1347[]
i=1348[]
i=1349[]
i=1350[]
i=1351[]
i=1352[]
i=1353[]
i=1354[]
i=1355[]
i=1356[]
i=1357[]
i=1358[]
i=1359[]
i=1360[]
i=1361[]
i=1362[]
i=1363[]
i=1364[]
i=1365[]
i=1366[]
i=1367[]
i=1368[]
i=1369[]
i=1370[]
i=1371[]
i=1372[]
i=1373[]
i=1374[]
i=1375[]
i=1376[]
i=1377[]
i=1378[]
i=1379[]
i=1380[]
i=1381[]
i=1382[]
i=1383[]
i=1384[]
i=1385[]
i=1386[]
i=1387[]
i=1388[]
i=1389[]
i=1390[]
i=1391[]
i=1392[]
i=1393[]
i=1394[]
i=1395[]
i=1396[]
i=1397[]
i=1398[]
i=1399[]
i=1400[]
i=1401[]
i=1402[]
i=1403[]
i=1404[]
i=1405[]
i=1406[]
i=1407[]
i=1408[]
i=1409[]
i=1410[]
i=1411[]
i=1412[]
i=1413[]
i=1414[]
i=1415[]
i=1416[]
i=1417[]
i=1418[]
i=1419[]
i=1420[]
i=1421[]
i=1422[]
i=1423[]
i=1424[]
i=1425[]
i=1426[]
i=1427[]
i=1428[]
i=1429[]
i=1430[]
i=1431[]
i=1432[]
i=1433[]
i=1434[]
i=1435[]
i=1436[]
i=1437[]
i=1438[]
i=1439[]
i=1440[]
i=1441[]
i=1442[]
i=1443[]
i=1444[]
i=1445[]
i=1446[]
i=1447[]
i=1448[]
i=1449[]
i=1450[]
i=1451[]
i=1452[]
i=1453[]
i=1454[]
i=1455[]
i=1456[]
i=1457[]
i=1458[]
i=1459[]
i=1460[]
i=1461[]
i=1462[]
i=1463[]
i=1464[]
i=1465[]
i=1466[]
i=1467[]
i=1468[]
i=1469[]
i=1470[]
i=1471[]
i=1472[]
i=1473[]
i=1474[]
i=1475[]
i=1476[]
i=1477[]
i=1478[]
i=1479[]
i=1480[]
i=1481[]
i=1482[]
i=1483[]
i=1484[]
i=1485[]
i=1486[]
i=1487[]
i=1488[]
i=1489[]
i=1490[]
i=1491[]
i=1492[]
i=1493[]
i=1494[]
i=1495[]
i=1496[]
i=1497[]
i=1498[]
i=1499[]
i=1500[]
i=1501[]
i=1502[]
i=1503[]
i=1504[]
i=1505[]
i=1506[]
i=1507[]
i=1508[]
i=1509[]
i=1510[]
i=1511[]
i=1512[]
i=1513[]
i=1514[]
i=1515[]
i=1516[]
i=1517[]
i=1518[]
i=1519[]
i=1520[]
i=1521[]
i=1522[]
i=1523[]
i=1524[]
i=1525[]
i=1526[]
i=1527[]
i=1528[]
i=1529[]
i=1530[]
i=1531[]
i=1532[]
i=1533[]
i=1534[]
i=1535[]
i=1536[]
i=1537[]
i=1538[]
i=1539[]
i=1540[]
i=1541[]
i=1542[]
i=1543[]
i=1544[]
i=1545[]
i=1546[]
i=1547[]
i=1548[]
i=1549[]
i=1550[]
i=1551[]
i=1552[]
i=1553[]
i=1554[]
i=1555[]
i=1556[]
i=1557[]
i=1558[]
i=1559[]
i=1560[]
i=1561[]
i=1562[]
i=1563[]
i=1564[]
i=1565[]
i=1566[]
i=1567[]
i=1568[]
i=1569[]
i=1570[]
i=1571[]
i=1572[]
i=1573[]
i=1574[]
i=1575[]
i=1576[]
i=1577[]
i=1578[]
i=1579[]
i=1580[]
i=1581[]
i=1582[]
i=1583[]
i=1584[]
i=1585[]
i=1586[]
i=1587[]
i=1588[]
i=1589[]
i=1590[]
i=1591[]
i=1592[]
i=1593[]
i=1594[]
i=1595[]
i=1596[]
i=1597[]
i=1598[]
i=1599[]
i=1600[]
i=1601[]
i=1602[]
i=1603[]
i=1604[]
i=1605[]
i=1606[]
i=1607[]
i=1608[]
i=1609[]
i=1610[]
i=1611[]
i=1612[]
i=1613[]
i=1614[]
i=1615[]
i=1616[]
i=1617[]
i=1618[]
i=1619[]
i=1620[]
i=1621[]
i=1622[]
i=1623[]
i=1624[]
i=1625[]
i=1626[]
i=1627[]
i=1628[]
i=1629[]
i=1630[]
i=1631[]
i=1632[]
i=1633[]
i=1634[]
i=1635[]
i=1636[]
i=1637[]
i=1638[]
i=1639[]
i=1640[]
i=1641[]
i=1642[]
i=1643[]
i=1644[]
i=1645[]
i=1646[]
i=1647[]
i=1648[]
i=1649[]
i=1650[]
i=1651[]
i=1652[]
i=1653[]
i=1654[]
i=1655[]
i=1656[]
i=1657[]
i=1658[]
i=1659[]
i=1660[]
i=1661[]
i=1662[]
i=1663[]
i=1664[]
i=1665[]
i=1666[]
i=1667[]
i=1668[]
i=1669[]
i=1670[]
i=1671[]
i=1672[]
i=1673[]
i=1674[]
i=1675[]
i=1676[]
i=1677[]
i=1678[]
i=1679[]
i=1680[]
i=1681[]
i=1682[]
i=1683[]
i=1684[]
i=1685[]
i=1686[]
i=1687[]
i=1688[]
i=1689[]
i=1690[]
i=1691[]
i=1692[]
i=1693[]
i=1694[]
i=1695[]
i=1696[]
i=1697[]
i=1698[]
i=1699[]
i=1700[]
i=1701[]
i=1702[]
i=1703[]
i=1704[]
i=1705[]
i=1706[]
i=1707[]
i=1708[]
i=1709[]
i=1710[]
i=1711[]
i=1712[]
i=1713[]
i=1714[]
i=1715[]
i=1716[]
i=1717[]
i=1718[]
i=1719[]
i=1720[]
i=1721[]
i=1722[]
i=1723[]
i=1724[]
i=1725[]
i=1726[]
i=1727[]
i=1728[]
i=1729[]
i=1730[]
i=1731[]
i=1732[]
i=1733[]
i=1734[]
i=1735[]
i=1736[]
i=1737[]
i=1738[]
i=1739[]
i=1740[]
i=1741[]
i=1742[]
i=1743[]
i=1744[]
i=1745[]
i=1746[]
i=1747[]
i=1748[]
i=1749[]
i=1750[]
i=1751[]
i=1752[]
i=1753[]
i=1754[]
i=1755[]
i=1756[]
i=1757[]
i=1758[]
i=1759[]
i=1760[]
i=1761[]
i=1762[]
i=1763[]
i=1764[]
i=1765[]
i=1766[]
i=1767[]
i=1768[]
i=1769[]
i=1770[]
i=1771[]
i=1772[]
i=1773[]
i=1774[]
i=1775[]
i=1776[]
i=1777[]
i=1778[]
i=1779[]
i=1780[]
i=1781[]
i=1782[]
i=1783[]
i=1784[]
i=1785[]
i=1786[]
i=1787[]
i=1788[]
i=1789[]
i=1790[]
i=1791[]
i=1792[]
i=1793[]
i=1794[]
i=1795[]
i=1796[]
i=1797[]
i=1798[]
i=1799[]
i=1800[]
i=1801[]
i=1802[]
i=1803[]
i=1804[]
i=1805[]
i=1806[]
i=1807[]
i=1808[]
i=1809[]
i=1810[]
i=1811[]
i=1812[]
i=1813[]
i=1814[]
i=1815[]
i=1816[]
i=1817[]
i=1818[]
i=1819[]
i=1820[]
i=1821[]
i=1822[]
i=1823[]
i=1824[]
i=1825[]
i=1826[]
i=1827[]
i=1828[]
i=1829[]
i=1830[]
i=1831[]
i=1832[]
i=1833[]
i=1834[]
i=1835[]
i=1836[]
i=1837[]
i=1838[]
i=1839[]
i=1840[]
i=1841[]
i=1842[]
i=1843[]
i=1844[]
i=1845[]
i=1846[]
i=1847[]
i=1848[]
i=1849[]
i=1850[]
i=1851[]
i=1852[]
i=1853[]
i=1854[]
i=1855[]
i=1856[]
i=1857[]
i=1858[]
i=1859[]
i=1860[]
i=1861[]
i=1862[]
i=1863[]
i=1864[]
i=1865[]
i=1866[]
i=1867[]
i=1868[]
i=1869[]
i=1870[]
i=1871[]
i=1872[]
i=1873[]
i=1874[]
i=1875[]
i=1876[]
i=1877[]
i=1878[]
i=1879[]
i=1880[]
i=1881[]
i=1882[]
i=1883[]
i=1884[]
i=1885[]
i=1886[]
i=1887[]
i=1888[]
i=1889[]
i=1890[]
i=1891[]
i=1892[]
i=1893[]
i=1894[]
i=1895[]
i=1896[]
i=1897[]
i=1898[]
i=1899[]
i=1900[]
i=1901[]
i=1902[]
i=1903[]
i=1904[]
i=1905[]
i=1906[]
i=1907[]
i=1908[]
i=1909[]
i=1910[]
i=1911[]
i=1912[]
i=1913[]
i=1914[]
i=1915[]
i=1916[]
i=1917[]
i=1918[]
i=1919[]
i=1920[]
i=1921[]
i=1922[]
i=1923[]
i=1924[]
i=1925[]
i=1926[]
i=1927[]
i=1928[]
i=1929[]
i=1930[]
i=1931[]
i=1932[]
i=1933[]
i=1934[]
i=1935[]
i=1936[]
i=1937[]
i=1938[]
i=1939[]
i=1940[]
i=1941[]
i=1942[]
i=1943[]
i=1944[]
i=1945[]
i=1946[]
i=1947[]
i=1948[]
i=1949[]
i=1950[]
i=1951[]
i=1952[]
i=1953[]
i=1954[]
i=1955[]
i=1956[]
i=1957[]
i=1958[]
i=1959[]
i=1960[]
i=1961[]
i=1962[]
i=1963[]
i=1964[]
i=1965[]
i=1966[]
i=1967[]
i=1968[]
i=1969[]
i=1970[]
i=1971[]
i=1972[]
i=1973[]
i=1974[]
i=1975[]
i=1976[]
i=1977[]
i=1978[]
i=1979[]
i=1980[]
i=1981[]
i=1982[]
i=1983[]
i=1984[]
i=1985[]
i=1986[]
i=1987[]
i=1988[]
i=1989[]
i=1990[]
i=1991[]
i=1992[]
i=1993[]
i=1994[]
i=1995[]
i=1996[]
i=1997[]
i=1998[]
i=1999[]
i=2000[]
i=2001[]
i=2002[]
i=2003[]
i=2004[]
i=2005[]
i=2006[]
i=2007[]
i=2008[]
i=2009[]
i=2010[]
i=2011[]
i=2012[]
i=2013[]
i=2014[]
i=2015[]
i=2016[]
i=2017[]
i=2018[]
i=2019[]
i=2020[]
i=2021[]
i=2022[]
i=2023[]
i=2024[]
i=2025[]
i=2026[]
i=2027[]
i=2028[]
i=2029[]
i=2030[]
i=2031[]
i=2032[]
i=2033[]
i=2034[]
i=2035[]
i=2036[]
i=2037[]
i=2038[]
i=2039[]
i=2040[]
i=2041[]
i=2042[]
i=2043[]
i=2044[]
i=2045[]
i=2046[]
i=2047[]
i=2048[]
i=2049[]
i=2050[]
i=2051[]
i=2052[]
i=2053[]
i=2054[]
i=2055[]
i=2056[]
i=2057[]
i=2058[]
i=2059[]
i=2060[]
i=2061[]
i=2062[]
i=2063[]
i=2064[]
i=2065[]
i=2066[]
i=2067[]
i=2068[]
i=2069[]
i=2070[]
i=2071[]
i=2072[]
i=2073[]
i=2074[]
i=2075[]
i=2076[]
i=2077[]
i=2078[]
i=2079[]
i=2080[]
i=2081[]
i=2082[]
i=2083[]
i=2084[]
i=2085[]
i=2086[]
i=2087[]
i=2088[]
i=2089[]
i=2090[]
i=2091[]
i=2092[]
i=2093[]
i=2094[]
i=2095[]
i=2096[]
i=2097[]
i=2098[]
i=2099[]
i=2100[]
i=2101[]
i=2102[]
i=2103[]
i=2104[]
i=2105[]
i=2106[]
i=2107[]
i=2108[]
i=2109[]
i=2110[]
i=2111[]
i=2112[]
i=2113[]
i=2114[]
i=2115[]
i=2116[]
i=2117[]
i=2118[]
i=2119[]
i=2120[]
i=2121[]
i=2122[]
i=2123[]
i=2124[]
i=2125[]
i=2126[]
i=2127[]
i=2128[]
i=2129[]
i=2130[]
i=2131[]
i=2132[]
i=2133[]
i=2134[]
i=2135[]
i=2136[]
i=2137[]
i=2138[]
i=2139[]
i=2140[]
i=2141[]
i=2142[]
i=2143[]
i=2144[]
i=2145[]
i=2146[]
i=2147[]
i=2148[]
i=2149[]
i=2150[]
i=2151[]
i=2152[]
i=2153[]
i=2154[]
i=2155[]
i=2156[]
i=2157[]
i=2158[]
i=2159[]
i=2160[]
i=2161[]
i=2162[]
i=2163[]
i=2164[]
i=2165[]
i=2166[]
i=2167[]
i=2168[]
i=2169[]
i=2170[]
i=2171[]
i=2172[]
i=2173[]
i=2174[]
i=2175[]
i=2176[]
i=2177[]
i=2178[]
i=2179[]
i=2180[]
i=2181[]
i=2182[]
i=2183[]
i=2184[]
i=2185[]
i=2186[]
i=2187[]
i=2188[]
i=2189[]
i=2190[]
i=2191[]
i=2192[]
i=2193[]
i=2194[]
i=2195[]
i=2196[]
i=2197[]
i=2198[]
i=2199[]
i=2200[]
i=2201[]
i=2202[]
i=2203[]
i=2204[]
i=2205[]
i=2206[]
i=2207[]
i=2208[]
i=2209[]
i=2210[]
i=2211[]
i=2212[]
i=2213[]
i=2214[]
i=2215[]
i=2216[]
i=2217[]
i=2218[]
i=2219[]
i=2220[]
i=2221[]
i=2222[]
i=2223[]
i=2224[]
i=2225[]
i=2226[]
i=2227[]
i=2228[]
i=2229[]
i=2230[]
i=2231[]
i=2232[]
i=2233[]
i=2234[]
i=2235[]
i=2236[]
i=2237[]
i=2238[]
i=2239[]
i=2240[]
i=2241[]
i=2242[]
i=2243[]
i=2244[]
i=2245[]
i=2246[]
i=2247[]
i=2248[]
i=2249[]
i=2250[]
i=2251[]
i=2252[]
i=2253[]
i=2254[]
i=2255[]
i=2256[]
i=2257[]
i=2258[]
i=2259[]
i=2260[]
i=2261[]
i=2262[]
i=2263[]
i=2264[]
i=2265[]
i=2266[]
i=2267[]
i=2268[]
i=2269[]
i=2270[]
i=2271[]
i=2272[]
i=2273[]
i=2274[]
i=2275[]
i=2276[]
i=2277[]
i=2278[]
i=2279[]
i=2280[]
i=2281[]
i=2282[]
i=2283[]
i=2284[]
i=2285[]
i=2286[]
i=2287[]
i=2288[]
i=2289[]
i=2290[]
i=2291[]
i=2292[]
i=2293[]
i=2294[]
i=2295[]
i=2296[]
i=2297[]
i=2298[]
i=2299[]
i=2300[]
i=2301[]
i=2302[]
i=2303[]
i=2304[]
i=2305[]
i=2306[]
i=2307[]
i=2308[]
i=2309[]
i=2310[]
i=2311[]
i=2312[]
i=2313[]
i=2314[]
i=2315[]
i=2316[]
i=2317[]
i=2318[]
i=2319[]
i=2320[]
i=2321[]
i=2322[]
i=2323[]
i=2324[]
i=2325[]
i=2326[]
i=2327[]
i=2328[]
i=2329[]
i=2330[]
i=2331[]
i=2332[]
i=2333[]
i=2334[]
i=2335[]
i=2336[]
i=2337[]
i=2338[]
i=2339[]
i=2340[]
i=2341[]
i=2342[]
i=2343[]
i=2344[]
i=2345[]
i=2346[]
i=2347[]
i=2348[]
i=2349[]
i=2350[]
i=2351[]
i=2352[]
i=2353[]
i=2354[]
i=2355[]
i=2356[]
i=2357[]
i=2358[]
i=2359[]
i=2360[]
i=2361[]
i=2362[]
i=2363[]
i=2364[]
i=2365[]
i=2366[]
i=2367[]
i=2368[]
i=2369[]
i=2370[]
i=2371[]
i=2372[]
i=2373[]
i=2374[]
i=2375[]
i=2376[]
i=2377[]
i=2378[]
i=2379[]
i=2380[]
i=2381[]
i=2382[]
i=2383[]
i=2384[]
i=2385[]
i=2386[]
i=2387[]
i=2388[]
i=2389[]
i=2390[]
i=2391[]
i=2392[]
i=2393[]
i=2394[]
i=2395[]
i=2396[]
i=2397[]
i=2398[]
i=2399[]
i=2400[]
i=2401[]
i=2402[]
i=2403[]
i=2404[]
i=2405[]
i=2406[]
i=2407[]
i=2408[]
i=2409[]
i=2410[]
i=2411[]
i=2412[]
i=2413[]
i=2414[]
i=2415[]
i=2416[]
i=2417[]
i=2418[]
i=2419[]
i=2420[]
i=2421[]
i=2422[]
i=2423[]
i=2424[]
i=2425[]
i=2426[]
i=2427[]
i=2428[]
i=2429[]
i=2430[]
i=2431[]
i=2432[]
i=2433[]
i=2434[]
i=2435[]
i=2436[]
i=2437[]
i=2438[]
i=2439[]
i=2440[]
i=2441[]
i=2442[]
i=2443[]
i=2444[]
i=2445[]
i=2446[]
i=2447[]
i=2448[]
i=2449[]
i=2450[]
i=2451[]
i=2452[]
i=2453[]
i=2454[]
i=2455[]
i=2456[]
i=2457[]
i=2458[]
i=2459[]
i=2460[]
i=2461[]
i=2462[]
i=2463[]
i=2464[]
i=2465[]
i=2466[]
i=2467[]
i=2468[]
i=2469[]
i=2470[]
i=2471[]
i=2472[]
i=2473[]
i=2474[]
i=2475[]
i=2476[]
i=2477[]
i=2478[]
i=2479[]
i=2480[]
i=2481[]
i=2482[]
i=2483[]
i=2484[]
i=2485[]
i=2486[]
i=2487[]
i=2488[]
i=2489[]
i=2490[]
i=2491[]
i=2492[]
i=2493[]
i=2494[]
i=2495[]
i=2496[]
i=2497[]
i=2498[]
i=2499[]
i=2500[]
i=2501[]
i=2502[]
i=2503[]
i=2504[]
i=2505[]
i=2506[]
i=2507[]
i=2508[]
i=2509[]
i=2510[]
i=2511[]
i=2512[]
i=2513[]
i=2514[]
i=2515[]
i=2516[]
i=2517[]
i=2518[]
i=2519[]
i=2520[]
i=2521[]
i=2522[]
i=2523[]
i=2524[]
i=2525[]
i=2526[]
i=2527[]
i=2528[]
i=2529[]
i=2530[]
i=2531[]
i=2532[]
i=2533[]
i=2534[]
i=2535[]
i=2536[]
i=2537[]
i=2538[]
i=2539[]
i=2540[]
i=2541[]
i=2542[]
i=2543[]
i=2544[]
i=2545[]
i=2546[]
i=2547[]
i=2548[]
i=2549[]
i=2550[]
i=2551[]
i=2552[]
i=2553[]
i=2554[]
i=2555[]
i=2556[]
i=2557[]
i=2558[]
i=2559[]
i=2560[]
i=2561[]
i=2562[]
i=2563[]
i=2564[]
i=2565[]
i=2566[]
i=2567[]
i=2568[]
i=2569[]
i=2570[]
i=2571[]
i=2572[]
i=2573[]
i=2574[]
i=2575[]
i=2576[]
i=2577[]
i=2578[]
i=2579[]
i=2580[]
i=2581[]
i=2582[]
i=2583[]
i=2584[]
i=2585[]
i=2586[]
i=2587[]
i=2588[]
i=2589[]
i=2590[]
i=2591[]
i=2592[]
i=2593[]
i=2594[]
i=2595[]
i=2596[]
i=2597[]
i=2598[]
i=2599[]
i=2600[]
i=2601[]
i=2602[]
i=2603[]
i=2604[]
i=2605[]
i=2606[]
i=2607[]
i=2608[]
i=2609[]
i=2610[]
i=2611[]
i=2612[]
i=2613[]
i=2614[]
i=2615[]
i=2616[]
i=2617[]
i=2618[]
i=2619[]
i=2620[]
i=2621[]
i=2622[]
i=2623[]
i=2624[]
i=2625[]
i=2626[]
i=2627[]
i=2628[]
i=2629[]
i=2630[]
i=2631[]
i=2632[]
i=2633[]
i=2634[]
i=2635[]
i=2636[]
i=2637[]
i=2638[]
i=2639[]
i=2640[]
i=2641[]
i=2642[]
i=2643[]
i=2644[]
i=2645[]
i=2646[]
i=2647[]
i=2648[]
i=2649[]
i=2650[]
i=2651[]
i=2652[]
i=2653[]
i=2654[]
i=2655[]
i=2656[]
i=2657[]
i=2658[]
i=2659[]
i=2660[]
i=2661[]
i=2662[]
i=2663[]
i=2664[]
i=2665[]
i=2666[]
i=2667[]
i=2668[]
i=2669[]
i=2670[]
i=2671[]
i=2672[]
i=2673[]
i=2674[]
i=2675[]
i=2676[]
i=2677[]
i=2678[]
i=2679[]
i=2680[]
i=2681[]
i=2682[]
i=2683[]
i=2684[]
i=2685[]
i=2686[]
i=2687[]
i=2688[]
i=2689[]
i=2690[]
i=2691[]
i=2692[]
i=2693[]
i=2694[]
i=2695[]
i=2696[]
i=2697[]
i=2698[]
i=2699[]
i=2700[]
i=2701[]
i=2702[]
i=2703[]
i=2704[]
i=2705[]
i=2706[]
i=2707[]
i=2708[]
i=2709[]
i=2710[]
i=2711[]
i=2712[]
i=2713[]
i=2714[]
i=2715[]
i=2716[]
i=2717[]
i=2718[]
i=2719[]
i=2720[]
i=2721[]
i=2722[]
i=2723[]
i=2724[]
i=2725[]
i=2726[]
i=2727[]
i=2728[]
i=2729[]
i=2730[]
i=2731[]
i=2732[]
i=2733[]
i=2734[]
i=2735[]
i=2736[]
i=2737[]
i=2738[]
i=2739[]
i=2740[]
i=2741[]
i=2742[]
i=2743[]
i=2744[]
i=2745[]
i=2746[]
i=2747[]
i=2748[]
i=2749[]
i=2750[]
i=2751[]
i=2752[]
i=2753[]
i=2754[]
i=2755[]
i=2756[]
i=2757[]
i=2758[]
i=2759[]
i=2760[]
i=2761[]
i=2762[]
i=2763[]
i=2764[]
i=2765[]
i=2766[]
i=2767[]
i=2768[]
i=2769[]
i=2770[]
i=2771[]
i=2772[]
i=2773[]
i=2774[]
i=2775[]
i=2776[]
i=2777[]
i=2778[]
i=2779[]
i=2780[]
i=2781[]
i=2782[]
i=2783[]
i=2784[]
i=2785[]
i=2786[]
i=2787[]
i=2788[]
i=2789[]
i=2790[]
i=2791[]
i=2792[]
i=2793[]
i=2794[]
i=2795[]
i=2796[]
i=2797[]
i=2798[]
i=2799[]
i=2800[]
i=2801[]
i=2802[]
i=2803[]
i=2804[]
i=2805[]
i=2806[]
i=2807[]
i=2808[]
i=2809[]
i=2810[]
i=2811[]
i=2812[]
i=2813[]
i=2814[]
i=2815[]
i=2816[]
i=2817[]
i=2818[]
i=2819[]
i=2820[]
i=2821[]
i=2822[]
i=2823[]
i=2824[]
i=2825[]
i=2826[]
i=2827[]
i=2828[]
i=2829[]
i=2830[]
i=2831[]
i=2832[]
i=2833[]
i=2834[]
i=2835[]
i=2836[]
i=2837[]
i=2838[]
i=2839[]
i=2840[]
i=2841[]
i=2842[]
i=2843[]
i=2844[]
i=2845[]
i=2846[]
i=2847[]
i=2848[]
i=2849[]
i=2850[]
i=2851[]
i=2852[]
i=2853[]
i=2854[]
i=2855[]
i=2856[]
i=2857[]
i=2858[]
i=2859[]
i=2860[]
i=2861[]
i=2862[]
i=2863[]
i=2864[]
i=2865[]
i=2866[]
i=2867[]
i=2868[]
i=2869[]
i=2870[]
i=2871[]
i=2872[]
i=2873[]
i=2874[]
i=2875[]
i=2876[]
i=2877[]
i=2878[]
i=2879[]
i=2880[]
i=2881[]
i=2882[]
i=2883[]
i=2884[]
i=2885[]
i=2886[]
i=2887[]
i=2888[]
i=2889[]
i=2890[]
i=2891[]
i=2892[]
i=2893[]
i=2894[]
i=2895[]
i=2896[]
i=2897[]
i=2898[]
i=2899[]
i=2900[]
i=2901[]
i=2902[]
i=2903[]
i=2904[]
i=2905[]
i=2906[]
i=2907[]
i=2908[]
i=2909[]
i=2910[]
i=2911[]
i=2912[]
i=2913[]
i=2914[]
i=2915[]
i=2916[]
i=2917[]
i=2918[]
i=2919[]
i=2920[]
i=2921[]
i=2922[]
i=2923[]
i=2924[]
i=2925[]
i=2926[]
i=2927[]
i=2928[]
i=2929[]
i=2930[]
i=2931[]
i=2932[]
i=2933[]
i=2934[]
i=2935[]
i=2936[]
i=2937[]
i=2938[]
i=2939[]
i=2940[]
i=2941[]
i=2942[]
i=2943[]
i=2944[]
i=2945[]
i=2946[]
i=2947[]
i=2948[]
i=2949[]
i=2950[]
i=2951[]
i=2952[]
i=2953[]
i=2954[]
i=2955[]
i=2956[]
i=2957[]
i=2958[]
i=2959[]
i=2960[]
i=2961[]
i=2962[]
i=2963[]
i=2964[]
i=2965[]
i=2966[]
i=2967[]
i=2968[]
i=2969[]
i=2970[]
i=2971[]
i=2972[]
i=2973[]
i=2974[]
i=2975[]
i=2976[]
i=2977[]
i=2978[]
i=2979[]
i=2980[]
i=2981[]
i=2982[]
i=2983[]
i=2984[]
i=2985[]
i=2986[]
i=2987[]
i=2988[]
i=2989[]
i=2990[]
i=2991[]
i=2992[]
i=2993[]
i=2994[]
i=2995[]
i=2996[]
i=2997[]
i=2998[]
i=2999[]
i=3000[]
i=3001[]
i=3002[]
i=3003[]
i=3004[]
i=3005[]
i=3006[]
i=3007[]
i=3008[]
i=3009[]
i=3010[]
i=3011[]
i=3012[]
i=3013[]
i=3014[]
i=3015[]
i=3016[]
i=3017[]
i=3018[]
i=3019[]
i=3020[]
i=3021[]
i=3022[]
i=3023[]
i=3024[]
i=3025[]
i=3026[]
i=3027[]
i=3028[]
i=3029[]
i=3030[]
i=3031[]
i=3032[]
i=3033[]
i=3034[]
i=3035[]
i=3036[]
i=3037[]
i=3038[]
i=3039[]
i=3040[]
i=3041[]
i=3042[]
i=3043[]
i=3044[]
i=3045[]
i=3046[]
i=3047[]
i=3048[]
i=3049[]
i=3050[]
i=3051[]
i=3052[]
i=3053[]
i=3054[]
i=3055[]
i=3056[]
i=3057[]
i=3058[]
i=3059[]
i=3060[]
i=3061[]
i=3062[]
i=3063[]
i=3064[]
i=3065[]
i=3066[]
i=3067[]
i=3068[]
i=3069[]
i=3070[]
i=3071[]
i=3072[]
i=3073[]
i=3074[]
i=3075[]
i=3076[]
i=3077[]
i=3078[]
i=3079[]
i=3080[]
i=3081[]
i=3082[]
i=3083[]
i=3084[]
i=3085[]
i=3086[]
i=3087[]
i=3088[]
i=3089[]
i=3090[]
i=3091[]
i=3092[]
i=3093[]
i=3094[]
i=3095[]
i=3096[]
i=3097[]
i=3098[]
i=3099[]
i=3100[]
i=3101[]
i=3102[]
i=3103[]
i=3104[]
i=3105[]
i=3106[]
i=3107[]
i=3108[]
i=3109[]
i=3110[]
i=3111[]
i=3112[]
i=3113[]
i=3114[]
i=3115[]
i=3116[]
i=3117[]
i=3118[]
i=3119[]
i=3120[]
i=3121[]
i=3122[]
i=3123[]
i=3124[]
i=3125[]
i=3126[]
i=3127[]
i=3128[]
i=3129[]
i=3130[]
i=3131[]
i=3132[]
i=3133[]
i=3134[]
i=3135[]
i=3136[]
i=3137[]
i=3138[]
i=3139[]
i=3140[]
i=3141[]
i=3142[]
i=3143[]
i=3144[]
i=3145[]
i=3146[]
i=3147[]
i=3148[]
i=3149[]
i=3150[]
i=3151[]
i=3152[]
i=3153[]
i=3154[]
i=3155[]
i=3156[]
i=3157[]
i=3158[]
i=3159[]
i=3160[]
i=3161[]
i=3162[]
i=3163[]
i=3164[]
i=3165[]
i=3166[]
i=3167[]
i=3168[]
i=3169[]
i=3170[]
i=3171[]
i=3172[]
i=3173[]
i=3174[]
i=3175[]
i=3176[]
i=3177[]
i=3178[]
i=3179[]
i=3180[]
i=3181[]
i=3182[]
i=3183[]
i=3184[]
i=3185[]
i=3186[]
i=3187[]
i=3188[]
i=3189[]
i=3190[]
i=3191[]
i=3192[]
i=3193[]
i=3194[]
i=3195[]
i=3196[]
i=3197[]
i=3198[]
i=3199[]
i=3200[]
i=3201[]
i=3202[]
i=3203[]
i=3204[]
i=3205[]
i=3206[]
i=3207[]
i=3208[]
i=3209[]
i=3210[]
i=3211[]
i=3212[]
i=3213[]
i=3214[]
i=3215[]
i=3216[]
i=3217[]
i=3218[]
i=3219[]
i=3220[]
i=3221[]
i=3222[]
i=3223[]
i=3224[]
i=3225[]
i=3226[]
i=3227[]
i=3228[]
i=3229[]
i=3230[]
i=3231[]
i=3232[]
i=3233[]
i=3234[]
i=3235[]
i=3236[]
i=3237[]
i=3238[]
i=3239[]
i=3240[]
i=3241[]
i=3242[]
i=3243[]
i=3244[]
i=3245[]
i=3246[]
i=3247[]
i=3248[]
i=3249[]
i=3250[]
i=3251[]
i=3252[]
i=3253[]
i=3254[]
i=3255[]
i=3256[]
i=3257[]
i=3258[]
i=3259[]
i=3260[]
i=3261[]
i=3262[]
i=3263[]
i=3264[]
i=3265[]
i=3266[]
i=3267[]
i=3268[]
i=3269[]
i=3270[]
i=3271[]
i=3272[]
i=3273[]
i=3274[]
i=3275[]
i=3276[]
i=3277[]
i=3278[]
i=3279[]
i=3280[]
i=3281[]
i=3282[]
i=3283[]
i=3284[]
i=3285[]
i=3286[]
i=3287[]
i=3288[]
i=3289[]
i=3290[]
i=3291[]
i=3292[]
i=3293[]
i=3294[]
i=3295[]
i=3296[]
i=3297[]
i=3298[]
i=3299[]
i=3300[]
i=3301[]
i=3302[]
i=3303[]
i=3304[]
i=3305[]
i=3306[]
i=3307[]
i=3308[]
i=3309[]
i=3310[]
i=3311[]
i=3312[]
i=3313[]
i=3314[]
i=3315[]
i=3316[]
i=3317[]
i=3318[]
i=3319[]
i=3320[]
i=3321[]
i=3322[]
i=3323[]
i=3324[]
i=3325[]
i=3326[]
i=3327[]
i=3328[]
i=3329[]
i=3330[]
i=3331[]
i=3332[]
i=3333[]
i=3334[]
i=3335[]
i=3336[]
i=3337[]
i=3338[]
i=3339[]
i=3340[]
i=3341[]
i=3342[]
i=3343[]
i=3344[]
i=3345[]
i=3346[]
i=3347[]
i=3348[]
i=3349[]
i=3350[]
i=3351[]
i=3352[]
i=3353[]
i=3354[]
i=3355[]
i=3356[]
i=3357[]
i=3358[]
i=3359[]
i=3360[]
i=3361[]
i=3362[]
i=3363[]
i=3364[]
i=3365[]
i=3366[]
i=3367[]
i=3368[]
i=3369[]
i=3370[]
i=3371[]
i=3372[]
i=3373[]
i=3374[]
i=3375[]
i=3376[]
i=3377[]
i=3378[]
i=3379[]
i=3380[]
i=3381[]
i=3382[]
i=3383[]
i=3384[]
i=3385[]
i=3386[]
i=3387[]
i=3388[]
i=3389[]
i=3390[]
i=3391[]
i=3392[]
i=3393[]
i=3394[]
i=3395[]
i=3396[]
i=3397[]
i=3398[]
i=3399[]
i=3400[]
i=3401[]
i=3402[]
i=3403[]
i=3404[]
i=3405[]
i=3406[]
i=3407[]
i=3408[]
i=3409[]
i=3410[]
i=3411[]
i=3412[]
i=3413[]
i=3414[]
i=3415[]
i=3416[]
i=3417[]
i=3418[]
i=3419[]
i=3420[]
i=3421[]
i=3422[]
i=3423[]
i=3424[]
i=3425[]
i=3426[]
i=3427[]
i=3428[]
i=3429[]
i=3430[]
i=3431[]
i=3432[]
i=3433[]
i=3434[]
i=3435[]
i=3436[]
i=3437[]
i=3438[]
i=3439[]
i=3440[]
i=3441[]
i=3442[]
i=3443[]
i=3444[]
i=3445[]
i=3446[]
i=3447[]
i=3448[]
i=3449[]
i=3450[]
i=3451[]
i=3452[]
i=3453[]
i=3454[]
i=3455[]
i=3456[]
i=3457[]
i=3458[]
i=3459[]
i=3460[]
i=3461[]
i=3462[]
i=3463[]
i=3464[]
i=3465[]
i=3466[]
i=3467[]
i=3468[]
i=3469[]
i=3470[]
i=3471[]
i=3472[]
i=3473[]
i=3474[]
i=3475[]
i=3476[]
i=3477[]
i=3478[]
i=3479[]
i=3480[]
i=3481[]
i=3482[]
i=3483[]
i=3484[]
i=3485[]
i=3486[]
i=3487[]
i=3488[]
i=3489[]
i=3490[]
i=3491[]
i=3492[]
i=3493[]
i=3494[]
i=3495[]
i=3496[]
i=3497[]
i=3498[]
i=3499[]
i=3500[]
i=3501[]
i=3502[]
i=3503[]
i=3504[]
i=3505[]
i=3506[]
i=3507[]
i=3508[]
i=3509[]
i=3510[]
i=3511[]
i=3512[]
i=3513[]
i=3514[]
i=3515[]
i=3516[]
i=3517[]
i=3518[]
i=3519[]
i=3520[]
i=3521[]
i=3522[]
i=3523[]
i=3524[]
i=3525[]
i=3526[]
i=3527[]
i=3528[]
i=3529[]
i=3530[]
i=3531[]
i=3532[]
i=3533[]
i=3534[]
i=3535[]
i=3536[]
i=3537[]
i=3538[]
i=3539[]
i=3540[]
i=3541[]
i=3542[]
i=3543[]
i=3544[]
i=3545[]
i=3546[]
i=3547[]
i=3548[]
i=3549[]
i=3550[]
i=3551[]
i=3552[]
i=3553[]
i=3554[]
i=3555[]
i=3556[]
i=3557[]
i=3558[]
i=3559[]
i=3560[]
i=3561[]
i=3562[]
i=3563[]
i=3564[]
i=3565[]
i=3566[]
i=3567[]
i=3568[]
i=3569[]
i=3570[]
i=3571[]
i=3572[]
i=3573[]
i=3574[]
i=3575[]
i=3576[]
i=3577[]
i=3578[]
i=3579[]
i=3580[]
i=3581[]
i=3582[]
i=3583[]
i=3584[]
i=3585[]
i=3586[]
i=3587[]
i=3588[]
i=3589[]
i=3590[]
i=3591[]
i=3592[]
i=3593[]
i=3594[]
i=3595[]
i=3596[]
i=3597[]
i=3598[]
i=3599[]
i=3600[]
i=3601[]
i=3602[]
i=3603[]
i=3604[]
i=3605[]
i=3606[]
i=3607[]
i=3608[]
i=3609[]
i=3610[]
i=3611[]
i=3612[]
i=3613[]
i=3614[]
i=3615[]
i=3616[]
i=3617[]
i=3618[]
i=3619[]
i=3620[]
i=3621[]
i=3622[]
i=3623[]
i=3624[]
i=3625[]
i=3626[]
i=3627[]
i=3628[]
i=3629[]
i=3630[]
i=3631[]
i=3632[]
i=3633[]
i=3634[]
i=3635[]
i=3636[]
i=3637[]
i=3638[]
i=3639[]
i=3640[]
i=3641[]
i=3642[]
i=3643[]
i=3644[]
i=3645[]
i=3646[]
i=3647[]
i=3648[]
i=3649[]
i=3650[]
i=3651[]
i=3652[]
i=3653[]
i=3654[]
i=3655[]
i=3656[]
i=3657[]
i=3658[]
i=3659[]
i=3660[]
i=3661[]
i=3662[]
i=3663[]
i=3664[]
i=3665[]
i=3666[]
i=3667[]
i=3668[]
i=3669[]
i=3670[]
i=3671[]
i=3672[]
i=3673[]
i=3674[]
i=3675[]
i=3676[]
i=3677[]
i=3678[]
i=3679[]
i=3680[]
i=3681[]
i=3682[]
i=3683[]
i=3684[]
i=3685[]
i=3686[]
i=3687[]
i=3688[]
i=3689[]
i=3690[]
i=3691[]
i=3692[]
i=3693[]
i=3694[]
i=3695[]
i=3696[]
i=3697[]
i=3698[]
i=3699[]
i=3700[]
i=3701[]
i=3702[]
i=3703[]
i=3704[]
i=3705[]
i=3706[]
i=3707[]
i=3708[]
i=3709[]
i=3710[]
i=3711[]
i=3712[]
i=3713[]
i=3714[]
i=3715[]
i=3716[]
i=3717[]
i=3718[]
i=3719[]
i=3720[]
i=3721[]
i=3722[]
i=3723[]
i=3724[]
i=3725[]
i=3726[]
i=3727[]
i=3728[]
i=3729[]
i=3730[]
i=3731[]
i=3732[]
i=3733[]
i=3734[]
i=3735[]
i=3736[]
i=3737[]
i=3738[]
i=3739[]
i=3740[]
i=3741[]
i=3742[]
i=3743[]
i=3744[]
i=3745[]
i=3746[]
i=3747[]
i=3748[]
i=3749[]
i=3750[]
i=3751[]
i=3752[]
i=3753[]
i=3754[]
i=3755[]
i=3756[]
i=3757[]
i=3758[]
i=3759[]
i=3760[]
i=3761[]
i=3762[]
i=3763[]
i=3764[]
i=3765[]
i=3766[]
i=3767[]
i=3768[]
i=3769[]
i=3770[]
i=3771[]
i=3772[]
i=3773[]
i=3774[]
i=3775[]
i=3776[]
i=3777[]
i=3778[]
i=3779[]
i=3780[]
i=3781[]
i=3782[]
i=3783[]
i=3784[]
i=3785[]
i=3786[]
i=3787[]
i=3788[]
i=3789[]
i=3790[]
i=3791[]
i=3792[]
i=3793[]
i=3794[]
i=3795[]
i=3796[]
i=3797[]
i=3798[]
i=3799[]
i=3800[]
i=3801[]
i=3802[]
i=3803[]
i=3804[]
i=3805[]
i=3806[]
i=3807[]
i=3808[]
i=3809[]
i=3810[]
i=3811[]
i=3812[]
i=3813[]
i=3814[]
i=3815[]
i=3816[]
i=3817[]
i=3818[]
i=3819[]
i=3820[]
i=3821[]
i=3822[]
i=3823[]
i=3824[]
i=3825[]
i=3826[]
i=3827[]
i=3828[]
i=3829[]
i=3830[]
i=3831[]
i=3832[]
i=3833[]
i=3834[]
i=3835[]
i=3836[]
i=3837[]
i=3838[]
i=3839[]
i=3840[]
i=3841[]
i=3842[]
i=3843[]
i=3844[]
i=3845[]
i=3846[]
i=3847[]
i=3848[]
i=3849[]
i=3850[]
i=3851[]
i=3852[]
i=3853[]
i=3854[]
i=3855[]
i=3856[]
i=3857[]
i=3858[]
i=3859[]
i=3860[]
i=3861[]
i=3862[]
i=3863[]
i=3864[]
i=3865[]
i=3866[]
i=3867[]
i=3868[]
i=3869[]
i=3870[]
i=3871[]
i=3872[]
i=3873[]
i=3874[]
i=3875[]
i=3876[]
i=3877[]
i=3878[]
i=3879[]
i=3880[]
i=3881[]
i=3882[]
i=3883[]
i=3884[]
i=3885[]
i=3886[]
i=3887[]
i=3888[]
i=3889[]
i=3890[]
i=3891[]
i=3892[]
i=3893[]
i=3894[]
i=3895[]
i=3896[]
i=3897[]
i=3898[]
i=3899[]
i=3900[]
i=3901[]
i=3902[]
i=3903[]
i=3904[]
i=3905[]
i=3906[]
i=3907[]
i=3908[]
i=3909[]
i=3910[]
i=3911[]
i=3912[]
i=3913[]
i=3914[]
i=3915[]
i=3916[]
i=3917[]
i=3918[]
i=3919[]
i=3920[]
i=3921[]
i=3922[]
i=3923[]
i=3924[]
i=3925[]
i=3926[]
i=3927[]
i=3928[]
i=3929[]
i=3930[]
i=3931[]
i=3932[]
i=3933[]
i=3934[]
i=3935[]
i=3936[]
i=3937[]
i=3938[]
i=3939[]
i=3940[]
i=3941[]
i=3942[]
i=3943[]
i=3944[]
i=3945[]
i=3946[]
i=3947[]
i=3948[]
i=3949[]
i=3950[]
i=3951[]
i=3952[]
i=3953[]
i=3954[]
i=3955[]
i=3956[]
i=3957[]
i=3958[]
i=3959[]
i=3960[]
i=3961[]
i=3962[]
i=3963[]
i=3964[]
i=3965[]
i=3966[]
i=3967[]
i=3968[]
i=3969[]
i=3970[]
i=3971[]
i=3972[]
i=3973[]
i=3974[]
i=3975[]
i=3976[]
i=3977[]
i=3978[]
i=3979[]
i=3980[]
i=3981[]
i=3982[]
i=3983[]
i=3984[]
i=3985[]
i=3986[]
i=3987[]
i=3988[]
i=3989[]
i=3990[]
i=3991[]
i=3992[]
i=3993[]
i=3994[]
i=3995[]
i=3996[]
i=3997[]
i=3998[]
i=3999[]
]
filename=testimage/orion_13.jpg
convert s/f status=0
iSum status=0
cudaerr=0
Filter status=0
Maxidx8u status=0
totalwidth=3225,4749
diff=45,-416
Am I now
outboundupper x=2223,y=4448
outboundlower x=-45,y=416
newsize=3270,4749
newimage width=3270, height=4749
offsetposition=45,0
eresult=0
newimage width=3270, height=4749
offsetposition=45,0
eresult=0
newimage width=3270, height=4749
offsetposition=45,0
eresult=0
newimage width=3270, height=4749
offsetposition=45,0
eresult=0
newimage width=3270, height=4749
offsetposition=45,0
eresult=0
anothergo0
test
Last test bis
test
3270,4749
filename=testimage/orion_13.jpg
[i=1000[]
i=1001[]
i=1002[]
i=1003[]
i=1004[]
i=1005[]
i=1006[]
i=1007[]
i=1008[]
i=1009[]
i=1010[]
i=1011[]
i=1012[]
i=1013[]
i=1014[]
i=1015[]
i=1016[]
i=1017[]
i=1018[]
i=1019[]
i=1020[]
i=1021[]
i=1022[]
i=1023[]
i=1024[]
i=1025[]
i=1026[]
i=1027[]
i=1028[]
i=1029[]
i=1030[]
i=1031[]
i=1032[]
i=1033[]
i=1034[]
i=1035[]
i=1036[]
i=1037[]
i=1038[]
i=1039[]
i=1040[]
i=1041[]
i=1042[]
i=1043[]
i=1044[]
i=1045[]
i=1046[]
i=1047[]
i=1048[]
i=1049[]
i=1050[]
i=1051[]
i=1052[]
i=1053[]
i=1054[]
i=1055[]
i=1056[]
i=1057[]
i=1058[]
i=1059[]
i=1060[]
i=1061[]
i=1062[]
i=1063[]
i=1064[]
i=1065[]
i=1066[]
i=1067[]
i=1068[]
i=1069[]
i=1070[]
i=1071[]
i=1072[]
i=1073[]
i=1074[]
i=1075[]
i=1076[]
i=1077[]
i=1078[]
i=1079[]
i=1080[]
i=1081[]
i=1082[]
i=1083[]
i=1084[]
i=1085[]
i=1086[]
i=1087[]
i=1088[]
i=1089[]
i=1090[]
i=1091[]
i=1092[]
i=1093[]
i=1094[]
i=1095[]
i=1096[]
i=1097[]
i=1098[]
i=1099[]
i=1100[]
i=1101[]
i=1102[]
i=1103[]
i=1104[]
i=1105[]
i=1106[]
i=1107[]
i=1108[]
i=1109[]
i=1110[]
i=1111[]
i=1112[]
i=1113[]
i=1114[]
i=1115[]
i=1116[]
i=1117[]
i=1118[]
i=1119[]
i=1120[]
i=1121[]
i=1122[]
i=1123[]
i=1124[]
i=1125[]
i=1126[]
i=1127[]
i=1128[]
i=1129[]
i=1130[]
i=1131[]
i=1132[]
i=1133[]
i=1134[]
i=1135[]
i=1136[]
i=1137[]
i=1138[]
i=1139[]
i=1140[]
i=1141[]
i=1142[]
i=1143[]
i=1144[]
i=1145[]
i=1146[]
i=1147[]
i=1148[]
i=1149[]
i=1150[]
i=1151[]
i=1152[]
i=1153[]
i=1154[]
i=1155[]
i=1156[]
i=1157[]
i=1158[]
i=1159[]
i=1160[]
i=1161[]
i=1162[]
i=1163[]
i=1164[]
i=1165[]
i=1166[]
i=1167[]
i=1168[]
i=1169[]
i=1170[]
i=1171[]
i=1172[]
i=1173[]
i=1174[]
i=1175[]
i=1176[]
i=1177[]
i=1178[]
i=1179[]
i=1180[]
i=1181[]
i=1182[]
i=1183[]
i=1184[]
i=1185[]
i=1186[]
i=1187[]
i=1188[]
i=1189[]
i=1190[]
i=1191[]
i=1192[]
i=1193[]
i=1194[]
i=1195[]
i=1196[]
i=1197[]
i=1198[]
i=1199[]
i=1200[]
i=1201[]
i=1202[]
i=1203[]
i=1204[]
i=1205[]
i=1206[]
i=1207[]
i=1208[]
i=1209[]
i=1210[]
i=1211[]
i=1212[]
i=1213[]
i=1214[]
i=1215[]
i=1216[]
i=1217[]
i=1218[]
i=1219[]
i=1220[]
i=1221[]
i=1222[]
i=1223[]
i=1224[]
i=1225[]
i=1226[]
i=1227[]
i=1228[]
i=1229[]
i=1230[]
i=1231[]
i=1232[]
i=1233[]
i=1234[]
i=1235[]
i=1236[]
i=1237[]
i=1238[]
i=1239[]
i=1240[]
i=1241[]
i=1242[]
i=1243[]
i=1244[]
i=1245[]
i=1246[]
i=1247[]
i=1248[]
i=1249[]
i=1250[]
i=1251[]
i=1252[]
i=1253[]
i=1254[]
i=1255[]
i=1256[]
i=1257[]
i=1258[]
i=1259[]
i=1260[]
i=1261[]
i=1262[]
i=1263[]
i=1264[]
i=1265[]
i=1266[]
i=1267[]
i=1268[]
i=1269[]
i=1270[]
i=1271[]
i=1272[]
i=1273[]
i=1274[]
i=1275[]
i=1276[]
i=1277[]
i=1278[]
i=1279[]
i=1280[]
i=1281[]
i=1282[]
i=1283[]
i=1284[]
i=1285[]
i=1286[]
i=1287[]
i=1288[]
i=1289[]
i=1290[]
i=1291[]
i=1292[]
i=1293[]
i=1294[]
i=1295[]
i=1296[]
i=1297[]
i=1298[]
i=1299[]
i=1300[]
i=1301[]
i=1302[]
i=1303[]
i=1304[]
i=1305[]
i=1306[]
i=1307[]
i=1308[]
i=1309[]
i=1310[]
i=1311[]
i=1312[]
i=1313[]
i=1314[]
i=1315[]
i=1316[]
i=1317[]
i=1318[]
i=1319[]
i=1320[]
i=1321[]
i=1322[]
i=1323[]
i=1324[]
i=1325[]
i=1326[]
i=1327[]
i=1328[]
i=1329[]
i=1330[]
i=1331[]
i=1332[]
i=1333[]
i=1334[]
i=1335[]
i=1336[]
i=1337[]
i=1338[]
i=1339[]
i=1340[]
i=1341[]
i=1342[]
i=1343[]
i=1344[]
i=1345[]
i=1346[]
i=1347[]
i=1348[]
i=1349[]
i=1350[]
i=1351[]
i=1352[]
i=1353[]
i=1354[]
i=1355[]
i=1356[]
i=1357[]
i=1358[]
i=1359[]
i=1360[]
i=1361[]
i=1362[]
i=1363[]
i=1364[]
i=1365[]
i=1366[]
i=1367[]
i=1368[]
i=1369[]
i=1370[]
i=1371[]
i=1372[]
i=1373[]
i=1374[]
i=1375[]
i=1376[]
i=1377[]
i=1378[]
i=1379[]
i=1380[]
i=1381[]
i=1382[]
i=1383[]
i=1384[]
i=1385[]
i=1386[]
i=1387[]
i=1388[]
i=1389[]
i=1390[]
i=1391[]
i=1392[]
i=1393[]
i=1394[]
i=1395[]
i=1396[]
i=1397[]
i=1398[]
i=1399[]
i=1400[]
i=1401[]
i=1402[]
i=1403[]
i=1404[]
i=1405[]
i=1406[]
i=1407[]
i=1408[]
i=1409[]
i=1410[]
i=1411[]
i=1412[]
i=1413[]
i=1414[]
i=1415[]
i=1416[]
i=1417[]
i=1418[]
i=1419[]
i=1420[]
i=1421[]
i=1422[]
i=1423[]
i=1424[]
i=1425[]
i=1426[]
i=1427[]
i=1428[]
i=1429[]
i=1430[]
i=1431[]
i=1432[]
i=1433[]
i=1434[]
i=1435[]
i=1436[]
i=1437[]
i=1438[]
i=1439[]
i=1440[]
i=1441[]
i=1442[]
i=1443[]
i=1444[]
i=1445[]
i=1446[]
i=1447[]
i=1448[]
i=1449[]
i=1450[]
i=1451[]
i=1452[]
i=1453[]
i=1454[]
i=1455[]
i=1456[]
i=1457[]
i=1458[]
i=1459[]
i=1460[]
i=1461[]
i=1462[]
i=1463[]
i=1464[]
i=1465[]
i=1466[]
i=1467[]
i=1468[]
i=1469[]
i=1470[]
i=1471[]
i=1472[]
i=1473[]
i=1474[]
i=1475[]
i=1476[]
i=1477[]
i=1478[]
i=1479[]
i=1480[]
i=1481[]
i=1482[]
i=1483[]
i=1484[]
i=1485[]
i=1486[]
i=1487[]
i=1488[]
i=1489[]
i=1490[]
i=1491[]
i=1492[]
i=1493[]
i=1494[]
i=1495[]
i=1496[]
i=1497[]
i=1498[]
i=1499[]
i=1500[]
i=1501[]
i=1502[]
i=1503[]
i=1504[]
i=1505[]
i=1506[]
i=1507[]
i=1508[]
i=1509[]
i=1510[]
i=1511[]
i=1512[]
i=1513[]
i=1514[]
i=1515[]
i=1516[]
i=1517[]
i=1518[]
i=1519[]
i=1520[]
i=1521[]
i=1522[]
i=1523[]
i=1524[]
i=1525[]
i=1526[]
i=1527[]
i=1528[]
i=1529[]
i=1530[]
i=1531[]
i=1532[]
i=1533[]
i=1534[]
i=1535[]
i=1536[]
i=1537[]
i=1538[]
i=1539[]
i=1540[]
i=1541[]
i=1542[]
i=1543[]
i=1544[]
i=1545[]
i=1546[]
i=1547[]
i=1548[]
i=1549[]
i=1550[]
i=1551[]
i=1552[]
i=1553[]
i=1554[]
i=1555[]
i=1556[]
i=1557[]
i=1558[]
i=1559[]
i=1560[]
i=1561[]
i=1562[]
i=1563[]
i=1564[]
i=1565[]
i=1566[]
i=1567[]
i=1568[]
i=1569[]
i=1570[]
i=1571[]
i=1572[]
i=1573[]
i=1574[]
i=1575[]
i=1576[]
i=1577[]
i=1578[]
i=1579[]
i=1580[]
i=1581[]
i=1582[]
i=1583[]
i=1584[]
i=1585[]
i=1586[]
i=1587[]
i=1588[]
i=1589[]
i=1590[]
i=1591[]
i=1592[]
i=1593[]
i=1594[]
i=1595[]
i=1596[]
i=1597[]
i=1598[]
i=1599[]
i=1600[]
i=1601[]
i=1602[]
i=1603[]
i=1604[]
i=1605[]
i=1606[]
i=1607[]
i=1608[]
i=1609[]
i=1610[]
i=1611[]
i=1612[]
i=1613[]
i=1614[]
i=1615[]
i=1616[]
i=1617[]
i=1618[]
i=1619[]
i=1620[]
i=1621[]
i=1622[]
i=1623[]
i=1624[]
i=1625[]
i=1626[]
i=1627[]
i=1628[]
i=1629[]
i=1630[]
i=1631[]
i=1632[]
i=1633[]
i=1634[]
i=1635[]
i=1636[]
i=1637[]
i=1638[]
i=1639[]
i=1640[]
i=1641[]
i=1642[]
i=1643[]
i=1644[]
i=1645[]
i=1646[]
i=1647[]
i=1648[]
i=1649[]
i=1650[]
i=1651[]
i=1652[]
i=1653[]
i=1654[]
i=1655[]
i=1656[]
i=1657[]
i=1658[]
i=1659[]
i=1660[]
i=1661[]
i=1662[]
i=1663[]
i=1664[]
i=1665[]
i=1666[]
i=1667[]
i=1668[]
i=1669[]
i=1670[]
i=1671[]
i=1672[]
i=1673[]
i=1674[]
i=1675[]
i=1676[]
i=1677[]
i=1678[]
i=1679[]
i=1680[]
i=1681[]
i=1682[]
i=1683[]
i=1684[]
i=1685[]
i=1686[]
i=1687[]
i=1688[]
i=1689[]
i=1690[]
i=1691[]
i=1692[]
i=1693[]
i=1694[]
i=1695[]
i=1696[]
i=1697[]
i=1698[]
i=1699[]
i=1700[]
i=1701[]
i=1702[]
i=1703[]
i=1704[]
i=1705[]
i=1706[]
i=1707[]
i=1708[]
i=1709[]
i=1710[]
i=1711[]
i=1712[]
i=1713[]
i=1714[]
i=1715[]
i=1716[]
i=1717[]
i=1718[]
i=1719[]
i=1720[]
i=1721[]
i=1722[]
i=1723[]
i=1724[]
i=1725[]
i=1726[]
i=1727[]
i=1728[]
i=1729[]
i=1730[]
i=1731[]
i=1732[]
i=1733[]
i=1734[]
i=1735[]
i=1736[]
i=1737[]
i=1738[]
i=1739[]
i=1740[]
i=1741[]
i=1742[]
i=1743[]
i=1744[]
i=1745[]
i=1746[]
i=1747[]
i=1748[]
i=1749[]
i=1750[]
i=1751[]
i=1752[]
i=1753[]
i=1754[]
i=1755[]
i=1756[]
i=1757[]
i=1758[]
i=1759[]
i=1760[]
i=1761[]
i=1762[]
i=1763[]
i=1764[]
i=1765[]
i=1766[]
i=1767[]
i=1768[]
i=1769[]
i=1770[]
i=1771[]
i=1772[]
i=1773[]
i=1774[]
i=1775[]
i=1776[]
i=1777[]
i=1778[]
i=1779[]
i=1780[]
i=1781[]
i=1782[]
i=1783[]
i=1784[]
i=1785[]
i=1786[]
i=1787[]
i=1788[]
i=1789[]
i=1790[]
i=1791[]
i=1792[]
i=1793[]
i=1794[]
i=1795[]
i=1796[]
i=1797[]
i=1798[]
i=1799[]
i=1800[]
i=1801[]
i=1802[]
i=1803[]
i=1804[]
i=1805[]
i=1806[]
i=1807[]
i=1808[]
i=1809[]
i=1810[]
i=1811[]
i=1812[]
i=1813[]
i=1814[]
i=1815[]
i=1816[]
i=1817[]
i=1818[]
i=1819[]
i=1820[]
i=1821[]
i=1822[]
i=1823[]
i=1824[]
i=1825[]
i=1826[]
i=1827[]
i=1828[]
i=1829[]
i=1830[]
i=1831[]
i=1832[]
i=1833[]
i=1834[]
i=1835[]
i=1836[]
i=1837[]
i=1838[]
i=1839[]
i=1840[]
i=1841[]
i=1842[]
i=1843[]
i=1844[]
i=1845[]
i=1846[]
i=1847[]
i=1848[]
i=1849[]
i=1850[]
i=1851[]
i=1852[]
i=1853[]
i=1854[]
i=1855[]
i=1856[]
i=1857[]
i=1858[]
i=1859[]
i=1860[]
i=1861[]
i=1862[]
i=1863[]
i=1864[]
i=1865[]
i=1866[]
i=1867[]
i=1868[]
i=1869[]
i=1870[]
i=1871[]
i=1872[]
i=1873[]
i=1874[]
i=1875[]
i=1876[]
i=1877[]
i=1878[]
i=1879[]
i=1880[]
i=1881[]
i=1882[]
i=1883[]
i=1884[]
i=1885[]
i=1886[]
i=1887[]
i=1888[]
i=1889[]
i=1890[]
i=1891[]
i=1892[]
i=1893[]
i=1894[]
i=1895[]
i=1896[]
i=1897[]
i=1898[]
i=1899[]
i=1900[]
i=1901[]
i=1902[]
i=1903[]
i=1904[]
i=1905[]
i=1906[]
i=1907[]
i=1908[]
i=1909[]
i=1910[]
i=1911[]
i=1912[]
i=1913[]
i=1914[]
i=1915[]
i=1916[]
i=1917[]
i=1918[]
i=1919[]
i=1920[]
i=1921[]
i=1922[]
i=1923[]
i=1924[]
i=1925[]
i=1926[]
i=1927[]
i=1928[]
i=1929[]
i=1930[]
i=1931[]
i=1932[]
i=1933[]
i=1934[]
i=1935[]
i=1936[]
i=1937[]
i=1938[]
i=1939[]
i=1940[]
i=1941[]
i=1942[]
i=1943[]
i=1944[]
i=1945[]
i=1946[]
i=1947[]
i=1948[]
i=1949[]
i=1950[]
i=1951[]
i=1952[]
i=1953[]
i=1954[]
i=1955[]
i=1956[]
i=1957[]
i=1958[]
i=1959[]
i=1960[]
i=1961[]
i=1962[]
i=1963[]
i=1964[]
i=1965[]
i=1966[]
i=1967[]
i=1968[]
i=1969[]
i=1970[]
i=1971[]
i=1972[]
i=1973[]
i=1974[]
i=1975[]
i=1976[]
i=1977[]
i=1978[]
i=1979[]
i=1980[]
i=1981[]
i=1982[]
i=1983[]
i=1984[]
i=1985[]
i=1986[]
i=1987[]
i=1988[]
i=1989[]
i=1990[]
i=1991[]
i=1992[]
i=1993[]
i=1994[]
i=1995[]
i=1996[]
i=1997[]
i=1998[]
i=1999[]
i=2000[]
i=2001[]
i=2002[]
i=2003[]
i=2004[]
i=2005[]
i=2006[]
i=2007[]
i=2008[]
i=2009[]
i=2010[]
i=2011[]
i=2012[]
i=2013[]
i=2014[]
i=2015[]
i=2016[]
i=2017[]
i=2018[]
i=2019[]
i=2020[]
i=2021[]
i=2022[]
i=2023[]
i=2024[]
i=2025[]
i=2026[]
i=2027[]
i=2028[]
i=2029[]
i=2030[]
i=2031[]
i=2032[]
i=2033[]
i=2034[]
i=2035[]
i=2036[]
i=2037[]
i=2038[]
i=2039[]
i=2040[]
i=2041[]
i=2042[]
i=2043[]
i=2044[]
i=2045[]
i=2046[]
i=2047[]
i=2048[]
i=2049[]
i=2050[]
i=2051[]
i=2052[]
i=2053[]
i=2054[]
i=2055[]
i=2056[]
i=2057[]
i=2058[]
i=2059[]
i=2060[]
i=2061[]
i=2062[]
i=2063[]
i=2064[]
i=2065[]
i=2066[]
i=2067[]
i=2068[]
i=2069[]
i=2070[]
i=2071[]
i=2072[]
i=2073[]
i=2074[]
i=2075[]
i=2076[]
i=2077[]
i=2078[]
i=2079[]
i=2080[]
i=2081[]
i=2082[]
i=2083[]
i=2084[]
i=2085[]
i=2086[]
i=2087[]
i=2088[]
i=2089[]
i=2090[]
i=2091[]
i=2092[]
i=2093[]
i=2094[]
i=2095[]
i=2096[]
i=2097[]
i=2098[]
i=2099[]
i=2100[]
i=2101[]
i=2102[]
i=2103[]
i=2104[]
i=2105[]
i=2106[]
i=2107[]
i=2108[]
i=2109[]
i=2110[]
i=2111[]
i=2112[]
i=2113[]
i=2114[]
i=2115[]
i=2116[]
i=2117[]
i=2118[]
i=2119[]
i=2120[]
i=2121[]
i=2122[]
i=2123[]
i=2124[]
i=2125[]
i=2126[]
i=2127[]
i=2128[]
i=2129[]
i=2130[]
i=2131[]
i=2132[]
i=2133[]
i=2134[]
i=2135[]
i=2136[]
i=2137[]
i=2138[]
i=2139[]
i=2140[]
i=2141[]
i=2142[]
i=2143[]
i=2144[]
i=2145[]
i=2146[]
i=2147[]
i=2148[]
i=2149[]
i=2150[]
i=2151[]
i=2152[]
i=2153[]
i=2154[]
i=2155[]
i=2156[]
i=2157[]
i=2158[]
i=2159[]
i=2160[]
i=2161[]
i=2162[]
i=2163[]
i=2164[]
i=2165[]
i=2166[]
i=2167[]
i=2168[]
i=2169[]
i=2170[]
i=2171[]
i=2172[]
i=2173[]
i=2174[]
i=2175[]
i=2176[]
i=2177[]
i=2178[]
i=2179[]
i=2180[]
i=2181[]
i=2182[]
i=2183[]
i=2184[]
i=2185[]
i=2186[]
i=2187[]
i=2188[]
i=2189[]
i=2190[]
i=2191[]
i=2192[]
i=2193[]
i=2194[]
i=2195[]
i=2196[]
i=2197[]
i=2198[]
i=2199[]
i=2200[]
i=2201[]
i=2202[]
i=2203[]
i=2204[]
i=2205[]
i=2206[]
i=2207[]
i=2208[]
i=2209[]
i=2210[]
i=2211[]
i=2212[]
i=2213[]
i=2214[]
i=2215[]
i=2216[]
i=2217[]
i=2218[]
i=2219[]
i=2220[]
i=2221[]
i=2222[]
i=2223[]
i=2224[]
i=2225[]
i=2226[]
i=2227[]
i=2228[]
i=2229[]
i=2230[]
i=2231[]
i=2232[]
i=2233[]
i=2234[]
i=2235[]
i=2236[]
i=2237[]
i=2238[]
i=2239[]
i=2240[]
i=2241[]
i=2242[]
i=2243[]
i=2244[]
i=2245[]
i=2246[]
i=2247[]
i=2248[]
i=2249[]
i=2250[]
i=2251[]
i=2252[]
i=2253[]
i=2254[]
i=2255[]
i=2256[]
i=2257[]
i=2258[]
i=2259[]
i=2260[]
i=2261[]
i=2262[]
i=2263[]
i=2264[]
i=2265[]
i=2266[]
i=2267[]
i=2268[]
i=2269[]
i=2270[]
i=2271[]
i=2272[]
i=2273[]
i=2274[]
i=2275[]
i=2276[]
i=2277[]
i=2278[]
i=2279[]
i=2280[]
i=2281[]
i=2282[]
i=2283[]
i=2284[]
i=2285[]
i=2286[]
i=2287[]
i=2288[]
i=2289[]
i=2290[]
i=2291[]
i=2292[]
i=2293[]
i=2294[]
i=2295[]
i=2296[]
i=2297[]
i=2298[]
i=2299[]
i=2300[]
i=2301[]
i=2302[]
i=2303[]
i=2304[]
i=2305[]
i=2306[]
i=2307[]
i=2308[]
i=2309[]
i=2310[]
i=2311[]
i=2312[]
i=2313[]
i=2314[]
i=2315[]
i=2316[]
i=2317[]
i=2318[]
i=2319[]
i=2320[]
i=2321[]
i=2322[]
i=2323[]
i=2324[]
i=2325[]
i=2326[]
i=2327[]
i=2328[]
i=2329[]
i=2330[]
i=2331[]
i=2332[]
i=2333[]
i=2334[]
i=2335[]
i=2336[]
i=2337[]
i=2338[]
i=2339[]
i=2340[]
i=2341[]
i=2342[]
i=2343[]
i=2344[]
i=2345[]
i=2346[]
i=2347[]
i=2348[]
i=2349[]
i=2350[]
i=2351[]
i=2352[]
i=2353[]
i=2354[]
i=2355[]
i=2356[]
i=2357[]
i=2358[]
i=2359[]
i=2360[]
i=2361[]
i=2362[]
i=2363[]
i=2364[]
i=2365[]
i=2366[]
i=2367[]
i=2368[]
i=2369[]
i=2370[]
i=2371[]
i=2372[]
i=2373[]
i=2374[]
i=2375[]
i=2376[]
i=2377[]
i=2378[]
i=2379[]
i=2380[]
i=2381[]
i=2382[]
i=2383[]
i=2384[]
i=2385[]
i=2386[]
i=2387[]
i=2388[]
i=2389[]
i=2390[]
i=2391[]
i=2392[]
i=2393[]
i=2394[]
i=2395[]
i=2396[]
i=2397[]
i=2398[]
i=2399[]
i=2400[]
i=2401[]
i=2402[]
i=2403[]
i=2404[]
i=2405[]
i=2406[]
i=2407[]
i=2408[]
i=2409[]
i=2410[]
i=2411[]
i=2412[]
i=2413[]
i=2414[]
i=2415[]
i=2416[]
i=2417[]
i=2418[]
i=2419[]
i=2420[]
i=2421[]
i=2422[]
i=2423[]
i=2424[]
i=2425[]
i=2426[]
i=2427[]
i=2428[]
i=2429[]
i=2430[]
i=2431[]
i=2432[]
i=2433[]
i=2434[]
i=2435[]
i=2436[]
i=2437[]
i=2438[]
i=2439[]
i=2440[]
i=2441[]
i=2442[]
i=2443[]
i=2444[]
i=2445[]
i=2446[]
i=2447[]
i=2448[]
i=2449[]
i=2450[]
i=2451[]
i=2452[]
i=2453[]
i=2454[]
i=2455[]
i=2456[]
i=2457[]
i=2458[]
i=2459[]
i=2460[]
i=2461[]
i=2462[]
i=2463[]
i=2464[]
i=2465[]
i=2466[]
i=2467[]
i=2468[]
i=2469[]
i=2470[]
i=2471[]
i=2472[]
i=2473[]
i=2474[]
i=2475[]
i=2476[]
i=2477[]
i=2478[]
i=2479[]
i=2480[]
i=2481[]
i=2482[]
i=2483[]
i=2484[]
i=2485[]
i=2486[]
i=2487[]
i=2488[]
i=2489[]
i=2490[]
i=2491[]
i=2492[]
i=2493[]
i=2494[]
i=2495[]
i=2496[]
i=2497[]
i=2498[]
i=2499[]
i=2500[]
i=2501[]
i=2502[]
i=2503[]
i=2504[]
i=2505[]
i=2506[]
i=2507[]
i=2508[]
i=2509[]
i=2510[]
i=2511[]
i=2512[]
i=2513[]
i=2514[]
i=2515[]
i=2516[]
i=2517[]
i=2518[]
i=2519[]
i=2520[]
i=2521[]
i=2522[]
i=2523[]
i=2524[]
i=2525[]
i=2526[]
i=2527[]
i=2528[]
i=2529[]
i=2530[]
i=2531[]
i=2532[]
i=2533[]
i=2534[]
i=2535[]
i=2536[]
i=2537[]
i=2538[]
i=2539[]
i=2540[]
i=2541[]
i=2542[]
i=2543[]
i=2544[]
i=2545[]
i=2546[]
i=2547[]
i=2548[]
i=2549[]
i=2550[]
i=2551[]
i=2552[]
i=2553[]
i=2554[]
i=2555[]
i=2556[]
i=2557[]
i=2558[]
i=2559[]
i=2560[]
i=2561[]
i=2562[]
i=2563[]
i=2564[]
i=2565[]
i=2566[]
i=2567[]
i=2568[]
i=2569[]
i=2570[]
i=2571[]
i=2572[]
i=2573[]
i=2574[]
i=2575[]
i=2576[]
i=2577[]
i=2578[]
i=2579[]
i=2580[]
i=2581[]
i=2582[]
i=2583[]
i=2584[]
i=2585[]
i=2586[]
i=2587[]
i=2588[]
i=2589[]
i=2590[]
i=2591[]
i=2592[]
i=2593[]
i=2594[]
i=2595[]
i=2596[]
i=2597[]
i=2598[]
i=2599[]
i=2600[]
i=2601[]
i=2602[]
i=2603[]
i=2604[]
i=2605[]
i=2606[]
i=2607[]
i=2608[]
i=2609[]
i=2610[]
i=2611[]
i=2612[]
i=2613[]
i=2614[]
i=2615[]
i=2616[]
i=2617[]
i=2618[]
i=2619[]
i=2620[]
i=2621[]
i=2622[]
i=2623[]
i=2624[]
i=2625[]
i=2626[]
i=2627[]
i=2628[]
i=2629[]
i=2630[]
i=2631[]
i=2632[]
i=2633[]
i=2634[]
i=2635[]
i=2636[]
i=2637[]
i=2638[]
i=2639[]
i=2640[]
i=2641[]
i=2642[]
i=2643[]
i=2644[]
i=2645[]
i=2646[]
i=2647[]
i=2648[]
i=2649[]
i=2650[]
i=2651[]
i=2652[]
i=2653[]
i=2654[]
i=2655[]
i=2656[]
i=2657[]
i=2658[]
i=2659[]
i=2660[]
i=2661[]
i=2662[]
i=2663[]
i=2664[]
i=2665[]
i=2666[]
i=2667[]
i=2668[]
i=2669[]
i=2670[]
i=2671[]
i=2672[]
i=2673[]
i=2674[]
i=2675[]
i=2676[]
i=2677[]
i=2678[]
i=2679[]
i=2680[]
i=2681[]
i=2682[]
i=2683[]
i=2684[]
i=2685[]
i=2686[]
i=2687[]
i=2688[]
i=2689[]
i=2690[]
i=2691[]
i=2692[]
i=2693[]
i=2694[]
i=2695[]
i=2696[]
i=2697[]
i=2698[]
i=2699[]
i=2700[]
i=2701[]
i=2702[]
i=2703[]
i=2704[]
i=2705[]
i=2706[]
i=2707[]
i=2708[]
i=2709[]
i=2710[]
i=2711[]
i=2712[]
i=2713[]
i=2714[]
i=2715[]
i=2716[]
i=2717[]
i=2718[]
i=2719[]
i=2720[]
i=2721[]
i=2722[]
i=2723[]
i=2724[]
i=2725[]
i=2726[]
i=2727[]
i=2728[]
i=2729[]
i=2730[]
i=2731[]
i=2732[]
i=2733[]
i=2734[]
i=2735[]
i=2736[]
i=2737[]
i=2738[]
i=2739[]
i=2740[]
i=2741[]
i=2742[]
i=2743[]
i=2744[]
i=2745[]
i=2746[]
i=2747[]
i=2748[]
i=2749[]
i=2750[]
i=2751[]
i=2752[]
i=2753[]
i=2754[]
i=2755[]
i=2756[]
i=2757[]
i=2758[]
i=2759[]
i=2760[]
i=2761[]
i=2762[]
i=2763[]
i=2764[]
i=2765[]
i=2766[]
i=2767[]
i=2768[]
i=2769[]
i=2770[]
i=2771[]
i=2772[]
i=2773[]
i=2774[]
i=2775[]
i=2776[]
i=2777[]
i=2778[]
i=2779[]
i=2780[]
i=2781[]
i=2782[]
i=2783[]
i=2784[]
i=2785[]
i=2786[]
i=2787[]
i=2788[]
i=2789[]
i=2790[]
i=2791[]
i=2792[]
i=2793[]
i=2794[]
i=2795[]
i=2796[]
i=2797[]
i=2798[]
i=2799[]
i=2800[]
i=2801[]
i=2802[]
i=2803[]
i=2804[]
i=2805[]
i=2806[]
i=2807[]
i=2808[]
i=2809[]
i=2810[]
i=2811[]
i=2812[]
i=2813[]
i=2814[]
i=2815[]
i=2816[]
i=2817[]
i=2818[]
i=2819[]
i=2820[]
i=2821[]
i=2822[]
i=2823[]
i=2824[]
i=2825[]
i=2826[]
i=2827[]
i=2828[]
i=2829[]
i=2830[]
i=2831[]
i=2832[]
i=2833[]
i=2834[]
i=2835[]
i=2836[]
i=2837[]
i=2838[]
i=2839[]
i=2840[]
i=2841[]
i=2842[]
i=2843[]
i=2844[]
i=2845[]
i=2846[]
i=2847[]
i=2848[]
i=2849[]
i=2850[]
i=2851[]
i=2852[]
i=2853[]
i=2854[]
i=2855[]
i=2856[]
i=2857[]
i=2858[]
i=2859[]
i=2860[]
i=2861[]
i=2862[]
i=2863[]
i=2864[]
i=2865[]
i=2866[]
i=2867[]
i=2868[]
i=2869[]
i=2870[]
i=2871[]
i=2872[]
i=2873[]
i=2874[]
i=2875[]
i=2876[]
i=2877[]
i=2878[]
i=2879[]
i=2880[]
i=2881[]
i=2882[128,160,]
i=2883[]
i=2884[]
i=2885[]
i=2886[128,128,128,128,]
i=2887[]
i=2888[]
i=2889[]
i=2890[]
i=2891[]
i=2892[]
i=2893[]
i=2894[]
i=2895[]
i=2896[]
i=2897[]
i=2898[128,]
i=2899[]
i=2900[]
i=2901[]
i=2902[128,128,]
i=2903[]
i=2904[]
i=2905[]
i=2906[128,]
i=2907[]
i=2908[]
i=2909[]
i=2910[]
i=2911[]
i=2912[]
i=2913[]
i=2914[]
i=2915[]
i=2916[]
i=2917[]
i=2918[]
i=2919[]
i=2920[]
i=2921[]
i=2922[]
i=2923[]
i=2924[]
i=2925[]
i=2926[]
i=2927[]
i=2928[]
i=2929[]
i=2930[]
i=2931[]
i=2932[]
i=2933[]
i=2934[]
i=2935[]
i=2936[]
i=2937[]
i=2938[]
i=2939[]
i=2940[]
i=2941[]
i=2942[]
i=2943[]
i=2944[]
i=2945[]
i=2946[]
i=2947[]
i=2948[]
i=2949[]
i=2950[]
i=2951[]
i=2952[]
i=2953[]
i=2954[]
i=2955[]
i=2956[]
i=2957[]
i=2958[]
i=2959[]
i=2960[]
i=2961[]
i=2962[]
i=2963[]
i=2964[]
i=2965[]
i=2966[]
i=2967[]
i=2968[]
i=2969[]
i=2970[]
i=2971[]
i=2972[]
i=2973[]
i=2974[]
i=2975[]
i=2976[]
i=2977[]
i=2978[]
i=2979[]
i=2980[]
i=2981[]
i=2982[]
i=2983[]
i=2984[]
i=2985[]
i=2986[]
i=2987[]
i=2988[]
i=2989[]
i=2990[]
i=2991[]
i=2992[]
i=2993[]
i=2994[]
i=2995[]
i=2996[]
i=2997[]
i=2998[]
i=2999[]
i=3000[]
i=3001[]
i=3002[]
i=3003[]
i=3004[]
i=3005[]
i=3006[]
i=3007[]
i=3008[]
i=3009[]
i=3010[]
i=3011[]
i=3012[]
i=3013[]
i=3014[]
i=3015[]
i=3016[]
i=3017[]
i=3018[]
i=3019[]
i=3020[]
i=3021[]
i=3022[]
i=3023[]
i=3024[]
i=3025[]
i=3026[]
i=3027[]
i=3028[]
i=3029[]
i=3030[]
i=3031[]
i=3032[]
i=3033[]
i=3034[]
i=3035[]
i=3036[]
i=3037[]
i=3038[]
i=3039[]
i=3040[]
i=3041[]
i=3042[]
i=3043[]
i=3044[]
i=3045[]
i=3046[]
i=3047[]
i=3048[]
i=3049[]
i=3050[]
i=3051[]
i=3052[]
i=3053[]
i=3054[]
i=3055[]
i=3056[]
i=3057[]
i=3058[]
i=3059[]
i=3060[]
i=3061[]
i=3062[]
i=3063[]
i=3064[]
i=3065[]
i=3066[]
i=3067[]
i=3068[]
i=3069[]
i=3070[]
i=3071[]
i=3072[]
i=3073[]
i=3074[]
i=3075[]
i=3076[]
i=3077[]
i=3078[]
i=3079[]
i=3080[]
i=3081[]
i=3082[]
i=3083[]
i=3084[]
i=3085[]
i=3086[]
i=3087[]
i=3088[]
i=3089[]
i=3090[]
i=3091[]
i=3092[]
i=3093[]
i=3094[]
i=3095[]
i=3096[]
i=3097[]
i=3098[]
i=3099[]
i=3100[]
i=3101[]
i=3102[]
i=3103[]
i=3104[]
i=3105[]
i=3106[]
i=3107[]
i=3108[]
i=3109[]
i=3110[]
i=3111[]
i=3112[]
i=3113[]
i=3114[]
i=3115[]
i=3116[]
i=3117[]
i=3118[]
i=3119[]
i=3120[]
i=3121[]
i=3122[]
i=3123[]
i=3124[]
i=3125[]
i=3126[]
i=3127[]
i=3128[]
i=3129[]
i=3130[]
i=3131[]
i=3132[]
i=3133[]
i=3134[]
i=3135[]
i=3136[]
i=3137[]
i=3138[]
i=3139[]
i=3140[]
i=3141[]
i=3142[]
i=3143[]
i=3144[]
i=3145[]
i=3146[]
i=3147[]
i=3148[]
i=3149[]
i=3150[]
i=3151[]
i=3152[]
i=3153[]
i=3154[]
i=3155[]
i=3156[]
i=3157[]
i=3158[]
i=3159[]
i=3160[]
i=3161[]
i=3162[]
i=3163[]
i=3164[]
i=3165[]
i=3166[]
i=3167[]
i=3168[]
i=3169[]
i=3170[]
i=3171[]
i=3172[]
i=3173[]
i=3174[]
i=3175[]
i=3176[]
i=3177[]
i=3178[]
i=3179[]
i=3180[]
i=3181[]
i=3182[]
i=3183[]
i=3184[]
i=3185[]
i=3186[]
i=3187[]
i=3188[]
i=3189[]
i=3190[]
i=3191[]
i=3192[]
i=3193[]
i=3194[]
i=3195[]
i=3196[]
i=3197[]
i=3198[]
i=3199[]
i=3200[]
i=3201[]
i=3202[]
i=3203[]
i=3204[]
i=3205[]
i=3206[]
i=3207[]
i=3208[]
i=3209[]
i=3210[]
i=3211[]
i=3212[]
i=3213[]
i=3214[]
i=3215[]
i=3216[]
i=3217[]
i=3218[]
i=3219[]
i=3220[]
i=3221[]
i=3222[]
i=3223[]
i=3224[]
i=3225[]
i=3226[]
i=3227[]
i=3228[]
i=3229[]
i=3230[]
i=3231[]
i=3232[]
i=3233[]
i=3234[]
i=3235[]
i=3236[]
i=3237[]
i=3238[]
i=3239[]
i=3240[]
i=3241[]
i=3242[]
i=3243[]
i=3244[]
i=3245[]
i=3246[]
i=3247[]
i=3248[]
i=3249[]
i=3250[]
i=3251[]
i=3252[]
i=3253[]
i=3254[]
i=3255[]
i=3256[]
i=3257[]
i=3258[]
i=3259[]
i=3260[]
i=3261[]
i=3262[]
i=3263[]
i=3264[]
i=3265[]
i=3266[]
i=3267[]
i=3268[]
i=3269[]
i=3270[]
i=3271[]
i=3272[]
i=3273[]
i=3274[]
i=3275[]
i=3276[]
i=3277[]
i=3278[]
i=3279[]
i=3280[]
i=3281[]
i=3282[]
i=3283[]
i=3284[]
i=3285[]
i=3286[]
i=3287[]
i=3288[]
i=3289[]
i=3290[]
i=3291[]
i=3292[]
i=3293[]
i=3294[]
i=3295[]
i=3296[]
i=3297[]
i=3298[]
i=3299[]
i=3300[]
i=3301[]
i=3302[]
i=3303[]
i=3304[]
i=3305[]
i=3306[]
i=3307[]
i=3308[]
i=3309[]
i=3310[]
i=3311[]
i=3312[]
i=3313[]
i=3314[]
i=3315[]
i=3316[]
i=3317[]
i=3318[]
i=3319[]
i=3320[]
i=3321[]
i=3322[]
i=3323[]
i=3324[]
i=3325[]
i=3326[]
i=3327[]
i=3328[]
i=3329[]
i=3330[]
i=3331[]
i=3332[]
i=3333[]
i=3334[]
i=3335[]
i=3336[]
i=3337[]
i=3338[]
i=3339[]
i=3340[]
i=3341[]
i=3342[]
i=3343[]
i=3344[]
i=3345[]
i=3346[]
i=3347[]
i=3348[]
i=3349[]
i=3350[]
i=3351[]
i=3352[]
i=3353[]
i=3354[]
i=3355[]
i=3356[]
i=3357[]
i=3358[]
i=3359[]
i=3360[]
i=3361[]
i=3362[]
i=3363[]
i=3364[]
i=3365[]
i=3366[]
i=3367[]
i=3368[]
i=3369[]
i=3370[]
i=3371[]
i=3372[]
i=3373[]
i=3374[]
i=3375[]
i=3376[]
i=3377[]
i=3378[]
i=3379[]
i=3380[]
i=3381[]
i=3382[]
i=3383[]
i=3384[]
i=3385[]
i=3386[]
i=3387[]
i=3388[]
i=3389[]
i=3390[]
i=3391[]
i=3392[]
i=3393[]
i=3394[]
i=3395[]
i=3396[]
i=3397[]
i=3398[]
i=3399[]
i=3400[]
i=3401[]
i=3402[]
i=3403[]
i=3404[]
i=3405[]
i=3406[]
i=3407[]
i=3408[]
i=3409[]
i=3410[]
i=3411[]
i=3412[]
i=3413[]
i=3414[]
i=3415[]
i=3416[]
i=3417[]
i=3418[]
i=3419[]
i=3420[]
i=3421[]
i=3422[]
i=3423[]
i=3424[]
i=3425[]
i=3426[]
i=3427[]
i=3428[]
i=3429[]
i=3430[]
i=3431[]
i=3432[]
i=3433[]
i=3434[]
i=3435[]
i=3436[]
i=3437[]
i=3438[]
i=3439[]
i=3440[]
i=3441[]
i=3442[]
i=3443[]
i=3444[]
i=3445[]
i=3446[]
i=3447[]
i=3448[]
i=3449[]
i=3450[]
i=3451[]
i=3452[]
i=3453[]
i=3454[]
i=3455[]
i=3456[]
i=3457[]
i=3458[]
i=3459[]
i=3460[]
i=3461[]
i=3462[]
i=3463[]
i=3464[]
i=3465[]
i=3466[]
i=3467[]
i=3468[]
i=3469[]
i=3470[]
i=3471[]
i=3472[]
i=3473[]
i=3474[]
i=3475[]
i=3476[]
i=3477[]
i=3478[]
i=3479[]
i=3480[]
i=3481[]
i=3482[]
i=3483[]
i=3484[]
i=3485[]
i=3486[]
i=3487[]
i=3488[]
i=3489[]
i=3490[]
i=3491[]
i=3492[]
i=3493[]
i=3494[]
i=3495[]
i=3496[]
i=3497[]
i=3498[]
i=3499[]
i=3500[]
i=3501[]
i=3502[]
i=3503[]
i=3504[]
i=3505[]
i=3506[]
i=3507[]
i=3508[]
i=3509[]
i=3510[]
i=3511[]
i=3512[]
i=3513[]
i=3514[]
i=3515[]
i=3516[]
i=3517[]
i=3518[]
i=3519[]
i=3520[]
i=3521[]
i=3522[]
i=3523[]
i=3524[]
i=3525[]
i=3526[]
i=3527[]
i=3528[]
i=3529[]
i=3530[]
i=3531[]
i=3532[]
i=3533[]
i=3534[]
i=3535[]
i=3536[]
i=3537[]
i=3538[]
i=3539[]
i=3540[]
i=3541[]
i=3542[]
i=3543[]
i=3544[]
i=3545[]
i=3546[]
i=3547[]
i=3548[]
i=3549[]
i=3550[]
i=3551[]
i=3552[]
i=3553[]
i=3554[]
i=3555[]
i=3556[]
i=3557[]
i=3558[]
i=3559[]
i=3560[]
i=3561[]
i=3562[]
i=3563[]
i=3564[]
i=3565[]
i=3566[]
i=3567[]
i=3568[]
i=3569[]
i=3570[]
i=3571[]
i=3572[]
i=3573[]
i=3574[]
i=3575[]
i=3576[]
i=3577[]
i=3578[]
i=3579[]
i=3580[]
i=3581[]
i=3582[]
i=3583[]
i=3584[]
i=3585[]
i=3586[]
i=3587[]
i=3588[]
i=3589[]
i=3590[]
i=3591[]
i=3592[]
i=3593[]
i=3594[]
i=3595[]
i=3596[]
i=3597[]
i=3598[]
i=3599[]
i=3600[]
i=3601[]
i=3602[]
i=3603[]
i=3604[]
i=3605[]
i=3606[]
i=3607[]
i=3608[]
i=3609[]
i=3610[]
i=3611[]
i=3612[]
i=3613[]
i=3614[]
i=3615[]
i=3616[]
i=3617[]
i=3618[]
i=3619[]
i=3620[]
i=3621[]
i=3622[]
i=3623[]
i=3624[]
i=3625[]
i=3626[]
i=3627[]
i=3628[]
i=3629[]
i=3630[]
i=3631[]
i=3632[]
i=3633[]
i=3634[]
i=3635[]
i=3636[]
i=3637[]
i=3638[]
i=3639[]
i=3640[]
i=3641[]
i=3642[]
i=3643[]
i=3644[]
i=3645[]
i=3646[]
i=3647[]
i=3648[]
i=3649[]
i=3650[]
i=3651[]
i=3652[]
i=3653[]
i=3654[]
i=3655[]
i=3656[]
i=3657[]
i=3658[]
i=3659[]
i=3660[]
i=3661[]
i=3662[]
i=3663[]
i=3664[]
i=3665[]
i=3666[]
i=3667[]
i=3668[]
i=3669[]
i=3670[]
i=3671[]
i=3672[]
i=3673[]
i=3674[]
i=3675[]
i=3676[]
i=3677[]
i=3678[]
i=3679[]
i=3680[]
i=3681[]
i=3682[]
i=3683[]
i=3684[]
i=3685[]
i=3686[]
i=3687[]
i=3688[]
i=3689[]
i=3690[]
i=3691[]
i=3692[]
i=3693[]
i=3694[]
i=3695[]
i=3696[]
i=3697[]
i=3698[]
i=3699[]
i=3700[]
i=3701[]
i=3702[]
i=3703[]
i=3704[]
i=3705[]
i=3706[]
i=3707[]
i=3708[]
i=3709[]
i=3710[]
i=3711[]
i=3712[]
i=3713[]
i=3714[]
i=3715[]
i=3716[]
i=3717[]
i=3718[]
i=3719[]
i=3720[]
i=3721[]
i=3722[]
i=3723[]
i=3724[]
i=3725[]
i=3726[]
i=3727[]
i=3728[]
i=3729[]
i=3730[]
i=3731[]
i=3732[]
i=3733[]
i=3734[]
i=3735[]
i=3736[]
i=3737[]
i=3738[]
i=3739[]
i=3740[]
i=3741[]
i=3742[]
i=3743[]
i=3744[]
i=3745[]
i=3746[]
i=3747[]
i=3748[]
i=3749[]
i=3750[]
i=3751[]
i=3752[]
i=3753[]
i=3754[]
i=3755[]
i=3756[]
i=3757[]
i=3758[]
i=3759[]
i=3760[]
i=3761[]
i=3762[]
i=3763[]
i=3764[]
i=3765[]
i=3766[]
i=3767[]
i=3768[]
i=3769[]
i=3770[]
i=3771[]
i=3772[]
i=3773[]
i=3774[]
i=3775[]
i=3776[]
i=3777[]
i=3778[]
i=3779[]
i=3780[]
i=3781[]
i=3782[]
i=3783[]
i=3784[]
i=3785[]
i=3786[]
i=3787[]
i=3788[]
i=3789[]
i=3790[]
i=3791[]
i=3792[]
i=3793[]
i=3794[]
i=3795[]
i=3796[]
i=3797[]
i=3798[]
i=3799[]
i=3800[]
i=3801[]
i=3802[]
i=3803[]
i=3804[]
i=3805[]
i=3806[]
i=3807[]
i=3808[]
i=3809[]
i=3810[]
i=3811[]
i=3812[]
i=3813[]
i=3814[]
i=3815[]
i=3816[]
i=3817[]
i=3818[]
i=3819[]
i=3820[]
i=3821[]
i=3822[]
i=3823[]
i=3824[]
i=3825[]
i=3826[]
i=3827[]
i=3828[]
i=3829[]
i=3830[]
i=3831[]
i=3832[]
i=3833[]
i=3834[]
i=3835[]
i=3836[]
i=3837[]
i=3838[]
i=3839[]
i=3840[]
i=3841[]
i=3842[]
i=3843[]
i=3844[]
i=3845[]
i=3846[]
i=3847[]
i=3848[]
i=3849[]
i=3850[]
i=3851[]
i=3852[]
i=3853[]
i=3854[]
i=3855[]
i=3856[]
i=3857[]
i=3858[]
i=3859[]
i=3860[]
i=3861[]
i=3862[]
i=3863[]
i=3864[]
i=3865[]
i=3866[]
i=3867[]
i=3868[]
i=3869[]
i=3870[]
i=3871[]
i=3872[]
i=3873[]
i=3874[]
i=3875[]
i=3876[]
i=3877[]
i=3878[]
i=3879[]
i=3880[]
i=3881[]
i=3882[]
i=3883[]
i=3884[]
i=3885[]
i=3886[]
i=3887[]
i=3888[]
i=3889[]
i=3890[]
i=3891[]
i=3892[]
i=3893[]
i=3894[]
i=3895[]
i=3896[]
i=3897[]
i=3898[]
i=3899[]
i=3900[]
i=3901[]
i=3902[]
i=3903[]
i=3904[]
i=3905[]
i=3906[]
i=3907[]
i=3908[]
i=3909[]
i=3910[]
i=3911[]
i=3912[]
i=3913[]
i=3914[]
i=3915[]
i=3916[]
i=3917[]
i=3918[]
i=3919[]
i=3920[]
i=3921[]
i=3922[]
i=3923[]
i=3924[]
i=3925[]
i=3926[]
i=3927[]
i=3928[]
i=3929[]
i=3930[]
i=3931[]
i=3932[]
i=3933[]
i=3934[]
i=3935[]
i=3936[]
i=3937[]
i=3938[]
i=3939[]
i=3940[]
i=3941[]
i=3942[]
i=3943[]
i=3944[]
i=3945[]
i=3946[]
i=3947[]
i=3948[]
i=3949[]
i=3950[]
i=3951[]
i=3952[]
i=3953[]
i=3954[]
i=3955[]
i=3956[]
i=3957[]
i=3958[]
i=3959[]
i=3960[]
i=3961[]
i=3962[]
i=3963[]
i=3964[]
i=3965[]
i=3966[]
i=3967[]
i=3968[]
i=3969[]
i=3970[]
i=3971[]
i=3972[]
i=3973[]
i=3974[]
i=3975[]
i=3976[]
i=3977[]
i=3978[]
i=3979[]
i=3980[]
i=3981[]
i=3982[]
i=3983[]
i=3984[]
i=3985[]
i=3986[]
i=3987[]
i=3988[]
i=3989[]
i=3990[]
i=3991[]
i=3992[]
i=3993[]
i=3994[]
i=3995[]
i=3996[]
i=3997[]
i=3998[]
i=3999[]
]
filename=testimage/orion_14.jpg
convert s/f status=0
iSum status=0
cudaerr=0
Filter status=0
Maxidx8u status=0
totalwidth=3270,4749
diff=43,-388
Am I now
outboundupper x=2225,y=4420
outboundlower x=-43,y=388
newsize=3313,4749
newimage width=3313, height=4749
offsetposition=43,0
eresult=0
newimage width=3313, height=4749
offsetposition=43,0
eresult=0
newimage width=3313, height=4749
offsetposition=43,0
eresult=0
newimage width=3313, height=4749
offsetposition=43,0
eresult=0
newimage width=3313, height=4749
offsetposition=43,0
eresult=0
anothergo0
test
Last test bis
test
3313,4749
filename=testimage/orion_14.jpg
[i=1000[]
i=1001[]
i=1002[]
i=1003[]
i=1004[]
i=1005[]
i=1006[]
i=1007[]
i=1008[]
i=1009[]
i=1010[]
i=1011[]
i=1012[]
i=1013[]
i=1014[]
i=1015[]
i=1016[]
i=1017[]
i=1018[]
i=1019[]
i=1020[]
i=1021[]
i=1022[]
i=1023[]
i=1024[]
i=1025[]
i=1026[]
i=1027[]
i=1028[]
i=1029[]
i=1030[]
i=1031[]
i=1032[]
i=1033[]
i=1034[]
i=1035[]
i=1036[]
i=1037[]
i=1038[]
i=1039[]
i=1040[]
i=1041[]
i=1042[]
i=1043[]
i=1044[]
i=1045[]
i=1046[]
i=1047[]
i=1048[]
i=1049[]
i=1050[]
i=1051[]
i=1052[]
i=1053[]
i=1054[]
i=1055[]
i=1056[]
i=1057[]
i=1058[]
i=1059[]
i=1060[]
i=1061[]
i=1062[]
i=1063[]
i=1064[]
i=1065[]
i=1066[]
i=1067[]
i=1068[]
i=1069[]
i=1070[]
i=1071[]
i=1072[]
i=1073[]
i=1074[]
i=1075[]
i=1076[]
i=1077[]
i=1078[]
i=1079[]
i=1080[]
i=1081[]
i=1082[]
i=1083[]
i=1084[]
i=1085[]
i=1086[]
i=1087[]
i=1088[]
i=1089[]
i=1090[]
i=1091[]
i=1092[]
i=1093[]
i=1094[]
i=1095[]
i=1096[]
i=1097[]
i=1098[]
i=1099[]
i=1100[]
i=1101[]
i=1102[]
i=1103[]
i=1104[]
i=1105[]
i=1106[]
i=1107[]
i=1108[]
i=1109[]
i=1110[]
i=1111[]
i=1112[]
i=1113[]
i=1114[]
i=1115[]
i=1116[]
i=1117[]
i=1118[]
i=1119[]
i=1120[]
i=1121[]
i=1122[]
i=1123[]
i=1124[]
i=1125[]
i=1126[]
i=1127[]
i=1128[]
i=1129[]
i=1130[]
i=1131[]
i=1132[]
i=1133[]
i=1134[]
i=1135[]
i=1136[]
i=1137[]
i=1138[]
i=1139[]
i=1140[]
i=1141[]
i=1142[]
i=1143[]
i=1144[]
i=1145[]
i=1146[]
i=1147[]
i=1148[]
i=1149[]
i=1150[]
i=1151[]
i=1152[]
i=1153[]
i=1154[]
i=1155[]
i=1156[]
i=1157[]
i=1158[]
i=1159[]
i=1160[]
i=1161[]
i=1162[]
i=1163[]
i=1164[]
i=1165[]
i=1166[]
i=1167[]
i=1168[]
i=1169[]
i=1170[]
i=1171[]
i=1172[]
i=1173[]
i=1174[]
i=1175[]
i=1176[]
i=1177[]
i=1178[]
i=1179[]
i=1180[]
i=1181[]
i=1182[]
i=1183[]
i=1184[]
i=1185[]
i=1186[]
i=1187[]
i=1188[]
i=1189[]
i=1190[]
i=1191[]
i=1192[]
i=1193[]
i=1194[]
i=1195[]
i=1196[]
i=1197[]
i=1198[]
i=1199[]
i=1200[]
i=1201[]
i=1202[]
i=1203[]
i=1204[]
i=1205[]
i=1206[]
i=1207[]
i=1208[]
i=1209[]
i=1210[]
i=1211[]
i=1212[]
i=1213[]
i=1214[]
i=1215[]
i=1216[]
i=1217[]
i=1218[]
i=1219[]
i=1220[]
i=1221[]
i=1222[]
i=1223[]
i=1224[]
i=1225[]
i=1226[]
i=1227[]
i=1228[]
i=1229[]
i=1230[]
i=1231[]
i=1232[]
i=1233[]
i=1234[]
i=1235[]
i=1236[]
i=1237[]
i=1238[]
i=1239[]
i=1240[]
i=1241[]
i=1242[]
i=1243[]
i=1244[]
i=1245[]
i=1246[]
i=1247[]
i=1248[]
i=1249[]
i=1250[]
i=1251[]
i=1252[]
i=1253[]
i=1254[]
i=1255[]
i=1256[]
i=1257[]
i=1258[]
i=1259[]
i=1260[]
i=1261[]
i=1262[]
i=1263[]
i=1264[]
i=1265[]
i=1266[]
i=1267[]
i=1268[]
i=1269[]
i=1270[]
i=1271[]
i=1272[]
i=1273[]
i=1274[]
i=1275[]
i=1276[]
i=1277[]
i=1278[]
i=1279[]
i=1280[]
i=1281[]
i=1282[]
i=1283[]
i=1284[]
i=1285[]
i=1286[]
i=1287[]
i=1288[]
i=1289[]
i=1290[]
i=1291[]
i=1292[]
i=1293[]
i=1294[]
i=1295[]
i=1296[]
i=1297[]
i=1298[]
i=1299[]
i=1300[]
i=1301[]
i=1302[]
i=1303[]
i=1304[]
i=1305[]
i=1306[]
i=1307[]
i=1308[]
i=1309[]
i=1310[]
i=1311[]
i=1312[]
i=1313[]
i=1314[]
i=1315[]
i=1316[]
i=1317[]
i=1318[]
i=1319[]
i=1320[]
i=1321[]
i=1322[]
i=1323[]
i=1324[]
i=1325[]
i=1326[]
i=1327[]
i=1328[]
i=1329[]
i=1330[]
i=1331[]
i=1332[]
i=1333[]
i=1334[]
i=1335[]
i=1336[]
i=1337[]
i=1338[]
i=1339[]
i=1340[]
i=1341[]
i=1342[]
i=1343[]
i=1344[]
i=1345[]
i=1346[]
i=1347[]
i=1348[]
i=1349[]
i=1350[]
i=1351[]
i=1352[]
i=1353[]
i=1354[]
i=1355[]
i=1356[]
i=1357[]
i=1358[]
i=1359[]
i=1360[]
i=1361[]
i=1362[]
i=1363[]
i=1364[]
i=1365[]
i=1366[]
i=1367[]
i=1368[]
i=1369[]
i=1370[]
i=1371[]
i=1372[]
i=1373[]
i=1374[]
i=1375[]
i=1376[]
i=1377[]
i=1378[]
i=1379[]
i=1380[]
i=1381[]
i=1382[]
i=1383[]
i=1384[]
i=1385[]
i=1386[]
i=1387[]
i=1388[]
i=1389[]
i=1390[]
i=1391[]
i=1392[]
i=1393[]
i=1394[]
i=1395[]
i=1396[]
i=1397[]
i=1398[]
i=1399[]
i=1400[]
i=1401[]
i=1402[]
i=1403[]
i=1404[]
i=1405[]
i=1406[]
i=1407[]
i=1408[]
i=1409[]
i=1410[]
i=1411[]
i=1412[]
i=1413[]
i=1414[]
i=1415[]
i=1416[]
i=1417[]
i=1418[]
i=1419[]
i=1420[]
i=1421[]
i=1422[]
i=1423[]
i=1424[]
i=1425[]
i=1426[]
i=1427[]
i=1428[]
i=1429[]
i=1430[]
i=1431[]
i=1432[]
i=1433[]
i=1434[]
i=1435[]
i=1436[]
i=1437[]
i=1438[]
i=1439[]
i=1440[]
i=1441[]
i=1442[]
i=1443[]
i=1444[]
i=1445[]
i=1446[]
i=1447[]
i=1448[]
i=1449[]
i=1450[]
i=1451[]
i=1452[]
i=1453[]
i=1454[]
i=1455[]
i=1456[]
i=1457[]
i=1458[]
i=1459[]
i=1460[]
i=1461[]
i=1462[]
i=1463[]
i=1464[]
i=1465[]
i=1466[]
i=1467[]
i=1468[]
i=1469[]
i=1470[]
i=1471[]
i=1472[]
i=1473[]
i=1474[]
i=1475[]
i=1476[]
i=1477[]
i=1478[]
i=1479[]
i=1480[]
i=1481[]
i=1482[]
i=1483[]
i=1484[]
i=1485[]
i=1486[]
i=1487[]
i=1488[]
i=1489[]
i=1490[]
i=1491[]
i=1492[]
i=1493[]
i=1494[]
i=1495[]
i=1496[]
i=1497[]
i=1498[]
i=1499[]
i=1500[]
i=1501[]
i=1502[]
i=1503[]
i=1504[]
i=1505[]
i=1506[]
i=1507[]
i=1508[]
i=1509[]
i=1510[]
i=1511[]
i=1512[]
i=1513[]
i=1514[]
i=1515[]
i=1516[]
i=1517[]
i=1518[]
i=1519[]
i=1520[]
i=1521[]
i=1522[]
i=1523[]
i=1524[]
i=1525[]
i=1526[]
i=1527[]
i=1528[]
i=1529[]
i=1530[]
i=1531[]
i=1532[]
i=1533[]
i=1534[]
i=1535[]
i=1536[]
i=1537[]
i=1538[]
i=1539[]
i=1540[]
i=1541[]
i=1542[]
i=1543[]
i=1544[]
i=1545[]
i=1546[]
i=1547[]
i=1548[]
i=1549[]
i=1550[]
i=1551[]
i=1552[]
i=1553[]
i=1554[]
i=1555[]
i=1556[]
i=1557[]
i=1558[]
i=1559[]
i=1560[]
i=1561[]
i=1562[]
i=1563[]
i=1564[]
i=1565[]
i=1566[]
i=1567[]
i=1568[]
i=1569[]
i=1570[]
i=1571[]
i=1572[]
i=1573[]
i=1574[]
i=1575[]
i=1576[]
i=1577[]
i=1578[]
i=1579[]
i=1580[]
i=1581[]
i=1582[]
i=1583[]
i=1584[]
i=1585[]
i=1586[]
i=1587[]
i=1588[]
i=1589[]
i=1590[]
i=1591[]
i=1592[]
i=1593[]
i=1594[]
i=1595[]
i=1596[]
i=1597[]
i=1598[]
i=1599[]
i=1600[]
i=1601[]
i=1602[]
i=1603[]
i=1604[]
i=1605[]
i=1606[]
i=1607[]
i=1608[]
i=1609[]
i=1610[]
i=1611[]
i=1612[]
i=1613[]
i=1614[]
i=1615[]
i=1616[]
i=1617[]
i=1618[]
i=1619[]
i=1620[]
i=1621[]
i=1622[]
i=1623[]
i=1624[]
i=1625[]
i=1626[]
i=1627[]
i=1628[]
i=1629[]
i=1630[]
i=1631[]
i=1632[]
i=1633[]
i=1634[]
i=1635[]
i=1636[]
i=1637[]
i=1638[]
i=1639[]
i=1640[]
i=1641[]
i=1642[]
i=1643[]
i=1644[]
i=1645[]
i=1646[]
i=1647[]
i=1648[]
i=1649[]
i=1650[]
i=1651[]
i=1652[]
i=1653[]
i=1654[]
i=1655[]
i=1656[]
i=1657[]
i=1658[]
i=1659[]
i=1660[]
i=1661[]
i=1662[]
i=1663[]
i=1664[]
i=1665[]
i=1666[]
i=1667[]
i=1668[]
i=1669[]
i=1670[]
i=1671[]
i=1672[]
i=1673[]
i=1674[]
i=1675[]
i=1676[]
i=1677[]
i=1678[]
i=1679[]
i=1680[]
i=1681[]
i=1682[]
i=1683[]
i=1684[]
i=1685[]
i=1686[]
i=1687[]
i=1688[]
i=1689[]
i=1690[]
i=1691[]
i=1692[]
i=1693[]
i=1694[]
i=1695[]
i=1696[]
i=1697[]
i=1698[]
i=1699[]
i=1700[]
i=1701[]
i=1702[]
i=1703[]
i=1704[]
i=1705[]
i=1706[]
i=1707[]
i=1708[]
i=1709[]
i=1710[]
i=1711[]
i=1712[]
i=1713[]
i=1714[]
i=1715[]
i=1716[]
i=1717[]
i=1718[]
i=1719[]
i=1720[]
i=1721[]
i=1722[]
i=1723[]
i=1724[]
i=1725[]
i=1726[]
i=1727[]
i=1728[]
i=1729[]
i=1730[]
i=1731[]
i=1732[]
i=1733[]
i=1734[]
i=1735[]
i=1736[]
i=1737[]
i=1738[]
i=1739[]
i=1740[]
i=1741[]
i=1742[]
i=1743[]
i=1744[]
i=1745[]
i=1746[]
i=1747[]
i=1748[]
i=1749[]
i=1750[]
i=1751[]
i=1752[]
i=1753[]
i=1754[]
i=1755[]
i=1756[]
i=1757[]
i=1758[]
i=1759[]
i=1760[]
i=1761[]
i=1762[]
i=1763[]
i=1764[]
i=1765[]
i=1766[]
i=1767[]
i=1768[]
i=1769[]
i=1770[]
i=1771[]
i=1772[]
i=1773[]
i=1774[]
i=1775[]
i=1776[]
i=1777[]
i=1778[]
i=1779[]
i=1780[]
i=1781[]
i=1782[]
i=1783[]
i=1784[]
i=1785[]
i=1786[]
i=1787[]
i=1788[]
i=1789[]
i=1790[]
i=1791[]
i=1792[]
i=1793[]
i=1794[]
i=1795[]
i=1796[]
i=1797[]
i=1798[]
i=1799[]
i=1800[]
i=1801[]
i=1802[]
i=1803[]
i=1804[]
i=1805[]
i=1806[]
i=1807[]
i=1808[]
i=1809[]
i=1810[]
i=1811[]
i=1812[]
i=1813[]
i=1814[]
i=1815[]
i=1816[]
i=1817[]
i=1818[]
i=1819[]
i=1820[]
i=1821[]
i=1822[]
i=1823[]
i=1824[]
i=1825[]
i=1826[]
i=1827[]
i=1828[]
i=1829[]
i=1830[]
i=1831[]
i=1832[]
i=1833[]
i=1834[]
i=1835[]
i=1836[]
i=1837[]
i=1838[]
i=1839[]
i=1840[]
i=1841[]
i=1842[]
i=1843[]
i=1844[]
i=1845[]
i=1846[]
i=1847[]
i=1848[]
i=1849[]
i=1850[]
i=1851[]
i=1852[]
i=1853[]
i=1854[]
i=1855[]
i=1856[]
i=1857[]
i=1858[]
i=1859[]
i=1860[]
i=1861[]
i=1862[]
i=1863[]
i=1864[]
i=1865[]
i=1866[]
i=1867[]
i=1868[]
i=1869[]
i=1870[]
i=1871[]
i=1872[]
i=1873[]
i=1874[]
i=1875[]
i=1876[]
i=1877[]
i=1878[]
i=1879[]
i=1880[]
i=1881[]
i=1882[]
i=1883[]
i=1884[]
i=1885[]
i=1886[]
i=1887[]
i=1888[]
i=1889[]
i=1890[]
i=1891[]
i=1892[]
i=1893[]
i=1894[]
i=1895[]
i=1896[]
i=1897[]
i=1898[]
i=1899[]
i=1900[]
i=1901[]
i=1902[]
i=1903[]
i=1904[]
i=1905[]
i=1906[]
i=1907[]
i=1908[]
i=1909[]
i=1910[]
i=1911[]
i=1912[]
i=1913[]
i=1914[]
i=1915[]
i=1916[]
i=1917[]
i=1918[]
i=1919[]
i=1920[]
i=1921[]
i=1922[]
i=1923[]
i=1924[]
i=1925[]
i=1926[]
i=1927[]
i=1928[]
i=1929[]
i=1930[]
i=1931[]
i=1932[]
i=1933[]
i=1934[]
i=1935[]
i=1936[]
i=1937[]
i=1938[]
i=1939[]
i=1940[]
i=1941[]
i=1942[]
i=1943[]
i=1944[]
i=1945[]
i=1946[]
i=1947[]
i=1948[]
i=1949[]
i=1950[]
i=1951[]
i=1952[]
i=1953[]
i=1954[]
i=1955[]
i=1956[]
i=1957[]
i=1958[]
i=1959[]
i=1960[]
i=1961[]
i=1962[]
i=1963[]
i=1964[]
i=1965[]
i=1966[]
i=1967[]
i=1968[]
i=1969[]
i=1970[]
i=1971[]
i=1972[]
i=1973[]
i=1974[]
i=1975[]
i=1976[]
i=1977[]
i=1978[]
i=1979[]
i=1980[]
i=1981[]
i=1982[]
i=1983[]
i=1984[]
i=1985[]
i=1986[]
i=1987[]
i=1988[]
i=1989[]
i=1990[]
i=1991[]
i=1992[]
i=1993[]
i=1994[]
i=1995[]
i=1996[]
i=1997[]
i=1998[]
i=1999[]
i=2000[]
i=2001[]
i=2002[]
i=2003[]
i=2004[]
i=2005[]
i=2006[]
i=2007[]
i=2008[]
i=2009[]
i=2010[]
i=2011[]
i=2012[]
i=2013[]
i=2014[]
i=2015[]
i=2016[]
i=2017[]
i=2018[]
i=2019[]
i=2020[]
i=2021[]
i=2022[]
i=2023[]
i=2024[]
i=2025[]
i=2026[]
i=2027[]
i=2028[]
i=2029[]
i=2030[]
i=2031[]
i=2032[]
i=2033[]
i=2034[]
i=2035[]
i=2036[]
i=2037[]
i=2038[]
i=2039[]
i=2040[]
i=2041[]
i=2042[]
i=2043[]
i=2044[]
i=2045[]
i=2046[]
i=2047[]
i=2048[]
i=2049[]
i=2050[]
i=2051[]
i=2052[]
i=2053[]
i=2054[]
i=2055[]
i=2056[]
i=2057[]
i=2058[]
i=2059[]
i=2060[]
i=2061[]
i=2062[]
i=2063[]
i=2064[]
i=2065[]
i=2066[]
i=2067[]
i=2068[]
i=2069[]
i=2070[]
i=2071[]
i=2072[]
i=2073[]
i=2074[]
i=2075[]
i=2076[]
i=2077[]
i=2078[]
i=2079[]
i=2080[]
i=2081[]
i=2082[]
i=2083[]
i=2084[]
i=2085[]
i=2086[]
i=2087[]
i=2088[]
i=2089[]
i=2090[]
i=2091[]
i=2092[]
i=2093[]
i=2094[]
i=2095[]
i=2096[]
i=2097[]
i=2098[]
i=2099[]
i=2100[]
i=2101[]
i=2102[]
i=2103[]
i=2104[]
i=2105[]
i=2106[]
i=2107[]
i=2108[]
i=2109[]
i=2110[]
i=2111[]
i=2112[]
i=2113[]
i=2114[]
i=2115[]
i=2116[]
i=2117[]
i=2118[]
i=2119[]
i=2120[]
i=2121[]
i=2122[]
i=2123[]
i=2124[]
i=2125[]
i=2126[]
i=2127[]
i=2128[]
i=2129[]
i=2130[]
i=2131[]
i=2132[]
i=2133[]
i=2134[]
i=2135[]
i=2136[]
i=2137[]
i=2138[]
i=2139[]
i=2140[]
i=2141[]
i=2142[]
i=2143[]
i=2144[]
i=2145[]
i=2146[]
i=2147[]
i=2148[]
i=2149[]
i=2150[]
i=2151[]
i=2152[]
i=2153[]
i=2154[]
i=2155[]
i=2156[]
i=2157[]
i=2158[]
i=2159[]
i=2160[]
i=2161[]
i=2162[]
i=2163[]
i=2164[]
i=2165[]
i=2166[]
i=2167[]
i=2168[]
i=2169[]
i=2170[]
i=2171[]
i=2172[]
i=2173[]
i=2174[]
i=2175[]
i=2176[]
i=2177[]
i=2178[]
i=2179[]
i=2180[]
i=2181[]
i=2182[]
i=2183[]
i=2184[]
i=2185[]
i=2186[]
i=2187[]
i=2188[]
i=2189[]
i=2190[]
i=2191[]
i=2192[]
i=2193[]
i=2194[]
i=2195[]
i=2196[]
i=2197[]
i=2198[]
i=2199[]
i=2200[]
i=2201[]
i=2202[]
i=2203[]
i=2204[]
i=2205[]
i=2206[]
i=2207[]
i=2208[]
i=2209[]
i=2210[]
i=2211[]
i=2212[]
i=2213[]
i=2214[]
i=2215[]
i=2216[]
i=2217[]
i=2218[]
i=2219[]
i=2220[]
i=2221[]
i=2222[]
i=2223[]
i=2224[]
i=2225[]
i=2226[]
i=2227[]
i=2228[]
i=2229[]
i=2230[]
i=2231[]
i=2232[]
i=2233[]
i=2234[]
i=2235[]
i=2236[]
i=2237[]
i=2238[]
i=2239[]
i=2240[]
i=2241[]
i=2242[]
i=2243[]
i=2244[]
i=2245[]
i=2246[]
i=2247[]
i=2248[]
i=2249[]
i=2250[]
i=2251[]
i=2252[]
i=2253[]
i=2254[]
i=2255[]
i=2256[]
i=2257[]
i=2258[]
i=2259[]
i=2260[]
i=2261[]
i=2262[]
i=2263[]
i=2264[]
i=2265[]
i=2266[]
i=2267[]
i=2268[]
i=2269[]
i=2270[]
i=2271[]
i=2272[]
i=2273[]
i=2274[]
i=2275[]
i=2276[]
i=2277[]
i=2278[]
i=2279[]
i=2280[]
i=2281[]
i=2282[]
i=2283[]
i=2284[]
i=2285[]
i=2286[]
i=2287[]
i=2288[]
i=2289[]
i=2290[]
i=2291[]
i=2292[]
i=2293[]
i=2294[]
i=2295[]
i=2296[]
i=2297[]
i=2298[]
i=2299[]
i=2300[]
i=2301[]
i=2302[]
i=2303[]
i=2304[]
i=2305[]
i=2306[]
i=2307[]
i=2308[]
i=2309[]
i=2310[]
i=2311[]
i=2312[]
i=2313[]
i=2314[]
i=2315[]
i=2316[]
i=2317[]
i=2318[]
i=2319[]
i=2320[]
i=2321[]
i=2322[]
i=2323[]
i=2324[]
i=2325[]
i=2326[]
i=2327[]
i=2328[]
i=2329[]
i=2330[]
i=2331[]
i=2332[]
i=2333[]
i=2334[]
i=2335[]
i=2336[]
i=2337[]
i=2338[]
i=2339[]
i=2340[]
i=2341[]
i=2342[]
i=2343[]
i=2344[]
i=2345[]
i=2346[]
i=2347[]
i=2348[]
i=2349[]
i=2350[]
i=2351[]
i=2352[]
i=2353[]
i=2354[]
i=2355[]
i=2356[]
i=2357[]
i=2358[]
i=2359[]
i=2360[]
i=2361[]
i=2362[]
i=2363[]
i=2364[]
i=2365[]
i=2366[]
i=2367[]
i=2368[]
i=2369[]
i=2370[]
i=2371[]
i=2372[]
i=2373[]
i=2374[]
i=2375[]
i=2376[]
i=2377[]
i=2378[]
i=2379[]
i=2380[]
i=2381[]
i=2382[]
i=2383[]
i=2384[]
i=2385[]
i=2386[]
i=2387[]
i=2388[]
i=2389[]
i=2390[]
i=2391[]
i=2392[]
i=2393[]
i=2394[]
i=2395[]
i=2396[]
i=2397[]
i=2398[]
i=2399[]
i=2400[]
i=2401[]
i=2402[]
i=2403[]
i=2404[]
i=2405[]
i=2406[]
i=2407[]
i=2408[]
i=2409[]
i=2410[]
i=2411[]
i=2412[]
i=2413[]
i=2414[]
i=2415[]
i=2416[]
i=2417[]
i=2418[]
i=2419[]
i=2420[]
i=2421[]
i=2422[]
i=2423[]
i=2424[]
i=2425[]
i=2426[]
i=2427[]
i=2428[]
i=2429[]
i=2430[]
i=2431[]
i=2432[]
i=2433[]
i=2434[]
i=2435[]
i=2436[]
i=2437[]
i=2438[]
i=2439[]
i=2440[]
i=2441[]
i=2442[]
i=2443[]
i=2444[]
i=2445[]
i=2446[]
i=2447[]
i=2448[]
i=2449[]
i=2450[]
i=2451[]
i=2452[]
i=2453[]
i=2454[]
i=2455[]
i=2456[]
i=2457[]
i=2458[]
i=2459[]
i=2460[]
i=2461[]
i=2462[]
i=2463[]
i=2464[]
i=2465[]
i=2466[]
i=2467[]
i=2468[]
i=2469[]
i=2470[]
i=2471[]
i=2472[]
i=2473[]
i=2474[]
i=2475[]
i=2476[]
i=2477[]
i=2478[]
i=2479[]
i=2480[]
i=2481[]
i=2482[]
i=2483[]
i=2484[]
i=2485[]
i=2486[]
i=2487[]
i=2488[]
i=2489[]
i=2490[]
i=2491[]
i=2492[]
i=2493[]
i=2494[]
i=2495[]
i=2496[]
i=2497[]
i=2498[]
i=2499[]
i=2500[]
i=2501[]
i=2502[]
i=2503[]
i=2504[]
i=2505[]
i=2506[]
i=2507[]
i=2508[]
i=2509[]
i=2510[]
i=2511[]
i=2512[]
i=2513[]
i=2514[]
i=2515[]
i=2516[]
i=2517[]
i=2518[]
i=2519[]
i=2520[]
i=2521[]
i=2522[]
i=2523[]
i=2524[]
i=2525[]
i=2526[]
i=2527[]
i=2528[]
i=2529[]
i=2530[]
i=2531[]
i=2532[]
i=2533[]
i=2534[]
i=2535[]
i=2536[]
i=2537[]
i=2538[]
i=2539[]
i=2540[]
i=2541[]
i=2542[]
i=2543[]
i=2544[]
i=2545[]
i=2546[]
i=2547[]
i=2548[]
i=2549[]
i=2550[]
i=2551[]
i=2552[]
i=2553[]
i=2554[]
i=2555[]
i=2556[]
i=2557[]
i=2558[]
i=2559[]
i=2560[]
i=2561[]
i=2562[]
i=2563[]
i=2564[]
i=2565[]
i=2566[]
i=2567[]
i=2568[]
i=2569[]
i=2570[]
i=2571[]
i=2572[]
i=2573[]
i=2574[]
i=2575[]
i=2576[]
i=2577[]
i=2578[]
i=2579[]
i=2580[]
i=2581[]
i=2582[]
i=2583[]
i=2584[]
i=2585[]
i=2586[]
i=2587[]
i=2588[]
i=2589[]
i=2590[]
i=2591[]
i=2592[]
i=2593[]
i=2594[]
i=2595[]
i=2596[]
i=2597[]
i=2598[]
i=2599[]
i=2600[]
i=2601[]
i=2602[]
i=2603[]
i=2604[]
i=2605[]
i=2606[]
i=2607[]
i=2608[]
i=2609[]
i=2610[]
i=2611[]
i=2612[]
i=2613[]
i=2614[]
i=2615[]
i=2616[]
i=2617[]
i=2618[]
i=2619[]
i=2620[]
i=2621[]
i=2622[]
i=2623[]
i=2624[]
i=2625[]
i=2626[]
i=2627[]
i=2628[]
i=2629[]
i=2630[]
i=2631[]
i=2632[]
i=2633[]
i=2634[]
i=2635[]
i=2636[]
i=2637[]
i=2638[]
i=2639[]
i=2640[]
i=2641[]
i=2642[]
i=2643[]
i=2644[]
i=2645[]
i=2646[]
i=2647[]
i=2648[]
i=2649[]
i=2650[]
i=2651[]
i=2652[]
i=2653[]
i=2654[]
i=2655[]
i=2656[]
i=2657[]
i=2658[]
i=2659[]
i=2660[]
i=2661[]
i=2662[]
i=2663[]
i=2664[]
i=2665[]
i=2666[]
i=2667[]
i=2668[]
i=2669[]
i=2670[]
i=2671[]
i=2672[]
i=2673[]
i=2674[]
i=2675[]
i=2676[]
i=2677[]
i=2678[]
i=2679[]
i=2680[]
i=2681[]
i=2682[]
i=2683[]
i=2684[]
i=2685[]
i=2686[]
i=2687[]
i=2688[]
i=2689[]
i=2690[]
i=2691[]
i=2692[]
i=2693[]
i=2694[]
i=2695[]
i=2696[]
i=2697[]
i=2698[]
i=2699[]
i=2700[]
i=2701[]
i=2702[]
i=2703[]
i=2704[]
i=2705[]
i=2706[]
i=2707[]
i=2708[]
i=2709[]
i=2710[]
i=2711[]
i=2712[]
i=2713[]
i=2714[]
i=2715[]
i=2716[]
i=2717[]
i=2718[]
i=2719[]
i=2720[]
i=2721[]
i=2722[]
i=2723[]
i=2724[]
i=2725[]
i=2726[]
i=2727[]
i=2728[]
i=2729[]
i=2730[]
i=2731[]
i=2732[]
i=2733[]
i=2734[]
i=2735[]
i=2736[]
i=2737[]
i=2738[]
i=2739[]
i=2740[]
i=2741[]
i=2742[]
i=2743[]
i=2744[]
i=2745[]
i=2746[]
i=2747[]
i=2748[]
i=2749[]
i=2750[]
i=2751[]
i=2752[]
i=2753[]
i=2754[]
i=2755[]
i=2756[]
i=2757[]
i=2758[]
i=2759[]
i=2760[]
i=2761[]
i=2762[]
i=2763[]
i=2764[]
i=2765[]
i=2766[]
i=2767[]
i=2768[]
i=2769[]
i=2770[]
i=2771[]
i=2772[]
i=2773[]
i=2774[]
i=2775[]
i=2776[]
i=2777[]
i=2778[]
i=2779[]
i=2780[]
i=2781[]
i=2782[]
i=2783[]
i=2784[]
i=2785[]
i=2786[]
i=2787[]
i=2788[]
i=2789[]
i=2790[]
i=2791[]
i=2792[]
i=2793[]
i=2794[]
i=2795[]
i=2796[]
i=2797[]
i=2798[]
i=2799[]
i=2800[]
i=2801[]
i=2802[]
i=2803[]
i=2804[]
i=2805[]
i=2806[]
i=2807[]
i=2808[]
i=2809[]
i=2810[]
i=2811[]
i=2812[]
i=2813[]
i=2814[]
i=2815[]
i=2816[]
i=2817[]
i=2818[]
i=2819[]
i=2820[]
i=2821[]
i=2822[]
i=2823[]
i=2824[]
i=2825[]
i=2826[]
i=2827[]
i=2828[]
i=2829[]
i=2830[]
i=2831[]
i=2832[]
i=2833[]
i=2834[]
i=2835[]
i=2836[]
i=2837[]
i=2838[]
i=2839[]
i=2840[]
i=2841[]
i=2842[]
i=2843[]
i=2844[]
i=2845[]
i=2846[]
i=2847[]
i=2848[]
i=2849[]
i=2850[]
i=2851[]
i=2852[]
i=2853[]
i=2854[]
i=2855[]
i=2856[]
i=2857[]
i=2858[]
i=2859[]
i=2860[]
i=2861[]
i=2862[]
i=2863[]
i=2864[]
i=2865[]
i=2866[]
i=2867[]
i=2868[]
i=2869[]
i=2870[]
i=2871[]
i=2872[]
i=2873[]
i=2874[]
i=2875[]
i=2876[]
i=2877[]
i=2878[]
i=2879[]
i=2880[]
i=2881[]
i=2882[128,160,]
i=2883[]
i=2884[]
i=2885[]
i=2886[128,128,128,128,]
i=2887[]
i=2888[]
i=2889[]
i=2890[]
i=2891[]
i=2892[]
i=2893[]
i=2894[]
i=2895[]
i=2896[]
i=2897[]
i=2898[128,]
i=2899[]
i=2900[]
i=2901[]
i=2902[128,128,]
i=2903[]
i=2904[]
i=2905[]
i=2906[128,]
i=2907[]
i=2908[]
i=2909[]
i=2910[]
i=2911[]
i=2912[]
i=2913[]
i=2914[]
i=2915[]
i=2916[]
i=2917[]
i=2918[]
i=2919[]
i=2920[]
i=2921[]
i=2922[]
i=2923[]
i=2924[]
i=2925[]
i=2926[]
i=2927[]
i=2928[]
i=2929[]
i=2930[]
i=2931[]
i=2932[]
i=2933[]
i=2934[]
i=2935[]
i=2936[]
i=2937[]
i=2938[]
i=2939[]
i=2940[]
i=2941[]
i=2942[]
i=2943[]
i=2944[]
i=2945[]
i=2946[]
i=2947[]
i=2948[]
i=2949[]
i=2950[]
i=2951[]
i=2952[]
i=2953[]
i=2954[]
i=2955[]
i=2956[]
i=2957[]
i=2958[]
i=2959[]
i=2960[]
i=2961[]
i=2962[]
i=2963[]
i=2964[]
i=2965[]
i=2966[]
i=2967[]
i=2968[]
i=2969[]
i=2970[]
i=2971[]
i=2972[]
i=2973[]
i=2974[]
i=2975[]
i=2976[]
i=2977[]
i=2978[]
i=2979[]
i=2980[]
i=2981[]
i=2982[]
i=2983[]
i=2984[]
i=2985[]
i=2986[]
i=2987[]
i=2988[]
i=2989[]
i=2990[]
i=2991[]
i=2992[]
i=2993[]
i=2994[]
i=2995[]
i=2996[]
i=2997[]
i=2998[]
i=2999[]
i=3000[]
i=3001[]
i=3002[]
i=3003[]
i=3004[]
i=3005[]
i=3006[]
i=3007[]
i=3008[]
i=3009[]
i=3010[]
i=3011[]
i=3012[]
i=3013[]
i=3014[]
i=3015[]
i=3016[]
i=3017[]
i=3018[]
i=3019[]
i=3020[]
i=3021[]
i=3022[]
i=3023[]
i=3024[]
i=3025[]
i=3026[]
i=3027[]
i=3028[]
i=3029[]
i=3030[]
i=3031[]
i=3032[]
i=3033[]
i=3034[]
i=3035[]
i=3036[]
i=3037[]
i=3038[]
i=3039[]
i=3040[]
i=3041[]
i=3042[]
i=3043[]
i=3044[]
i=3045[]
i=3046[]
i=3047[]
i=3048[]
i=3049[]
i=3050[]
i=3051[]
i=3052[]
i=3053[]
i=3054[]
i=3055[]
i=3056[]
i=3057[]
i=3058[]
i=3059[]
i=3060[]
i=3061[]
i=3062[]
i=3063[]
i=3064[]
i=3065[128,128,128,]
i=3066[]
i=3067[]
i=3068[]
i=3069[128,128,128,]
i=3070[]
i=3071[]
i=3072[]
i=3073[128,128,]
i=3074[]
i=3075[]
i=3076[]
i=3077[]
i=3078[]
i=3079[]
i=3080[]
i=3081[]
i=3082[]
i=3083[]
i=3084[]
i=3085[]
i=3086[]
i=3087[]
i=3088[]
i=3089[]
i=3090[]
i=3091[]
i=3092[]
i=3093[]
i=3094[]
i=3095[]
i=3096[]
i=3097[]
i=3098[]
i=3099[]
i=3100[]
i=3101[]
i=3102[]
i=3103[]
i=3104[]
i=3105[]
i=3106[]
i=3107[]
i=3108[]
i=3109[]
i=3110[]
i=3111[]
i=3112[]
i=3113[]
i=3114[]
i=3115[]
i=3116[]
i=3117[]
i=3118[]
i=3119[]
i=3120[]
i=3121[]
i=3122[]
i=3123[]
i=3124[]
i=3125[]
i=3126[]
i=3127[]
i=3128[]
i=3129[]
i=3130[]
i=3131[]
i=3132[]
i=3133[]
i=3134[]
i=3135[]
i=3136[]
i=3137[]
i=3138[]
i=3139[]
i=3140[]
i=3141[]
i=3142[]
i=3143[]
i=3144[]
i=3145[]
i=3146[]
i=3147[]
i=3148[]
i=3149[]
i=3150[]
i=3151[]
i=3152[]
i=3153[]
i=3154[]
i=3155[]
i=3156[]
i=3157[]
i=3158[]
i=3159[]
i=3160[]
i=3161[]
i=3162[]
i=3163[]
i=3164[]
i=3165[]
i=3166[]
i=3167[]
i=3168[]
i=3169[]
i=3170[]
i=3171[]
i=3172[]
i=3173[]
i=3174[]
i=3175[]
i=3176[]
i=3177[]
i=3178[]
i=3179[]
i=3180[]
i=3181[]
i=3182[]
i=3183[]
i=3184[]
i=3185[]
i=3186[]
i=3187[]
i=3188[]
i=3189[]
i=3190[]
i=3191[]
i=3192[]
i=3193[]
i=3194[]
i=3195[]
i=3196[]
i=3197[]
i=3198[]
i=3199[]
i=3200[]
i=3201[]
i=3202[]
i=3203[]
i=3204[]
i=3205[]
i=3206[]
i=3207[]
i=3208[]
i=3209[]
i=3210[]
i=3211[]
i=3212[]
i=3213[]
i=3214[]
i=3215[]
i=3216[]
i=3217[]
i=3218[]
i=3219[]
i=3220[]
i=3221[]
i=3222[]
i=3223[]
i=3224[]
i=3225[]
i=3226[]
i=3227[]
i=3228[]
i=3229[]
i=3230[]
i=3231[]
i=3232[]
i=3233[]
i=3234[]
i=3235[]
i=3236[]
i=3237[]
i=3238[]
i=3239[]
i=3240[]
i=3241[]
i=3242[]
i=3243[]
i=3244[]
i=3245[]
i=3246[]
i=3247[]
i=3248[]
i=3249[]
i=3250[]
i=3251[]
i=3252[]
i=3253[]
i=3254[]
i=3255[]
i=3256[]
i=3257[]
i=3258[]
i=3259[]
i=3260[]
i=3261[]
i=3262[]
i=3263[]
i=3264[]
i=3265[]
i=3266[]
i=3267[]
i=3268[]
i=3269[]
i=3270[]
i=3271[]
i=3272[]
i=3273[]
i=3274[]
i=3275[]
i=3276[]
i=3277[]
i=3278[]
i=3279[]
i=3280[]
i=3281[]
i=3282[]
i=3283[]
i=3284[]
i=3285[]
i=3286[]
i=3287[]
i=3288[]
i=3289[]
i=3290[]
i=3291[]
i=3292[]
i=3293[]
i=3294[]
i=3295[]
i=3296[]
i=3297[]
i=3298[]
i=3299[]
i=3300[]
i=3301[]
i=3302[]
i=3303[]
i=3304[]
i=3305[]
i=3306[]
i=3307[]
i=3308[]
i=3309[]
i=3310[]
i=3311[]
i=3312[]
i=3313[]
i=3314[]
i=3315[]
i=3316[]
i=3317[]
i=3318[]
i=3319[]
i=3320[]
i=3321[]
i=3322[]
i=3323[]
i=3324[]
i=3325[]
i=3326[]
i=3327[]
i=3328[]
i=3329[]
i=3330[]
i=3331[]
i=3332[]
i=3333[]
i=3334[]
i=3335[]
i=3336[]
i=3337[]
i=3338[]
i=3339[]
i=3340[]
i=3341[]
i=3342[]
i=3343[]
i=3344[]
i=3345[]
i=3346[]
i=3347[]
i=3348[]
i=3349[]
i=3350[]
i=3351[]
i=3352[]
i=3353[]
i=3354[]
i=3355[]
i=3356[]
i=3357[]
i=3358[]
i=3359[]
i=3360[]
i=3361[]
i=3362[]
i=3363[]
i=3364[]
i=3365[]
i=3366[]
i=3367[]
i=3368[]
i=3369[]
i=3370[]
i=3371[]
i=3372[]
i=3373[]
i=3374[]
i=3375[]
i=3376[]
i=3377[]
i=3378[]
i=3379[]
i=3380[]
i=3381[]
i=3382[]
i=3383[]
i=3384[]
i=3385[]
i=3386[]
i=3387[]
i=3388[]
i=3389[]
i=3390[]
i=3391[]
i=3392[]
i=3393[]
i=3394[]
i=3395[]
i=3396[]
i=3397[]
i=3398[]
i=3399[]
i=3400[]
i=3401[]
i=3402[]
i=3403[]
i=3404[]
i=3405[]
i=3406[]
i=3407[]
i=3408[]
i=3409[]
i=3410[]
i=3411[]
i=3412[]
i=3413[]
i=3414[]
i=3415[]
i=3416[]
i=3417[]
i=3418[]
i=3419[]
i=3420[]
i=3421[]
i=3422[]
i=3423[]
i=3424[]
i=3425[]
i=3426[]
i=3427[]
i=3428[]
i=3429[]
i=3430[]
i=3431[]
i=3432[]
i=3433[]
i=3434[]
i=3435[]
i=3436[]
i=3437[]
i=3438[]
i=3439[]
i=3440[]
i=3441[]
i=3442[]
i=3443[]
i=3444[]
i=3445[]
i=3446[]
i=3447[]
i=3448[]
i=3449[]
i=3450[]
i=3451[]
i=3452[]
i=3453[]
i=3454[]
i=3455[]
i=3456[]
i=3457[]
i=3458[]
i=3459[]
i=3460[]
i=3461[]
i=3462[]
i=3463[]
i=3464[]
i=3465[]
i=3466[]
i=3467[]
i=3468[]
i=3469[]
i=3470[]
i=3471[]
i=3472[]
i=3473[]
i=3474[]
i=3475[]
i=3476[]
i=3477[]
i=3478[]
i=3479[]
i=3480[]
i=3481[]
i=3482[]
i=3483[]
i=3484[]
i=3485[]
i=3486[]
i=3487[]
i=3488[]
i=3489[]
i=3490[]
i=3491[]
i=3492[]
i=3493[]
i=3494[]
i=3495[]
i=3496[]
i=3497[]
i=3498[]
i=3499[]
i=3500[]
i=3501[]
i=3502[]
i=3503[]
i=3504[]
i=3505[]
i=3506[]
i=3507[]
i=3508[]
i=3509[]
i=3510[]
i=3511[]
i=3512[]
i=3513[]
i=3514[]
i=3515[]
i=3516[]
i=3517[]
i=3518[]
i=3519[]
i=3520[]
i=3521[]
i=3522[]
i=3523[]
i=3524[]
i=3525[]
i=3526[]
i=3527[]
i=3528[]
i=3529[]
i=3530[]
i=3531[]
i=3532[]
i=3533[]
i=3534[]
i=3535[]
i=3536[]
i=3537[]
i=3538[]
i=3539[]
i=3540[]
i=3541[]
i=3542[]
i=3543[]
i=3544[]
i=3545[]
i=3546[]
i=3547[]
i=3548[]
i=3549[]
i=3550[]
i=3551[]
i=3552[]
i=3553[]
i=3554[]
i=3555[]
i=3556[]
i=3557[]
i=3558[]
i=3559[]
i=3560[]
i=3561[]
i=3562[]
i=3563[]
i=3564[]
i=3565[]
i=3566[]
i=3567[]
i=3568[]
i=3569[]
i=3570[]
i=3571[]
i=3572[]
i=3573[]
i=3574[]
i=3575[]
i=3576[]
i=3577[]
i=3578[]
i=3579[]
i=3580[]
i=3581[]
i=3582[]
i=3583[]
i=3584[]
i=3585[]
i=3586[]
i=3587[]
i=3588[]
i=3589[]
i=3590[]
i=3591[]
i=3592[]
i=3593[]
i=3594[]
i=3595[]
i=3596[]
i=3597[]
i=3598[]
i=3599[]
i=3600[]
i=3601[]
i=3602[]
i=3603[]
i=3604[]
i=3605[]
i=3606[]
i=3607[]
i=3608[]
i=3609[]
i=3610[]
i=3611[]
i=3612[]
i=3613[]
i=3614[]
i=3615[]
i=3616[]
i=3617[]
i=3618[]
i=3619[]
i=3620[]
i=3621[]
i=3622[]
i=3623[]
i=3624[]
i=3625[]
i=3626[]
i=3627[]
i=3628[]
i=3629[]
i=3630[]
i=3631[]
i=3632[]
i=3633[]
i=3634[]
i=3635[]
i=3636[]
i=3637[]
i=3638[]
i=3639[]
i=3640[]
i=3641[]
i=3642[]
i=3643[]
i=3644[]
i=3645[]
i=3646[]
i=3647[]
i=3648[]
i=3649[]
i=3650[]
i=3651[]
i=3652[]
i=3653[]
i=3654[]
i=3655[]
i=3656[]
i=3657[]
i=3658[]
i=3659[]
i=3660[]
i=3661[]
i=3662[]
i=3663[]
i=3664[]
i=3665[]
i=3666[]
i=3667[]
i=3668[]
i=3669[]
i=3670[]
i=3671[]
i=3672[]
i=3673[]
i=3674[]
i=3675[]
i=3676[]
i=3677[]
i=3678[]
i=3679[]
i=3680[]
i=3681[]
i=3682[]
i=3683[]
i=3684[]
i=3685[]
i=3686[]
i=3687[]
i=3688[]
i=3689[]
i=3690[]
i=3691[]
i=3692[]
i=3693[]
i=3694[]
i=3695[]
i=3696[]
i=3697[]
i=3698[]
i=3699[]
i=3700[]
i=3701[]
i=3702[]
i=3703[]
i=3704[]
i=3705[]
i=3706[]
i=3707[]
i=3708[]
i=3709[]
i=3710[]
i=3711[]
i=3712[]
i=3713[]
i=3714[]
i=3715[]
i=3716[]
i=3717[]
i=3718[]
i=3719[]
i=3720[]
i=3721[]
i=3722[]
i=3723[]
i=3724[]
i=3725[]
i=3726[]
i=3727[]
i=3728[]
i=3729[]
i=3730[]
i=3731[]
i=3732[]
i=3733[]
i=3734[]
i=3735[]
i=3736[]
i=3737[]
i=3738[]
i=3739[]
i=3740[]
i=3741[]
i=3742[]
i=3743[]
i=3744[]
i=3745[]
i=3746[]
i=3747[]
i=3748[]
i=3749[]
i=3750[]
i=3751[]
i=3752[]
i=3753[]
i=3754[]
i=3755[]
i=3756[]
i=3757[]
i=3758[]
i=3759[]
i=3760[]
i=3761[]
i=3762[]
i=3763[]
i=3764[]
i=3765[]
i=3766[]
i=3767[]
i=3768[]
i=3769[]
i=3770[]
i=3771[]
i=3772[]
i=3773[]
i=3774[]
i=3775[]
i=3776[]
i=3777[]
i=3778[]
i=3779[]
i=3780[]
i=3781[]
i=3782[]
i=3783[]
i=3784[]
i=3785[]
i=3786[]
i=3787[]
i=3788[]
i=3789[]
i=3790[]
i=3791[]
i=3792[]
i=3793[]
i=3794[]
i=3795[]
i=3796[]
i=3797[]
i=3798[]
i=3799[]
i=3800[]
i=3801[]
i=3802[]
i=3803[]
i=3804[]
i=3805[]
i=3806[]
i=3807[]
i=3808[]
i=3809[]
i=3810[]
i=3811[]
i=3812[]
i=3813[]
i=3814[]
i=3815[]
i=3816[]
i=3817[]
i=3818[]
i=3819[]
i=3820[]
i=3821[]
i=3822[]
i=3823[]
i=3824[]
i=3825[]
i=3826[]
i=3827[]
i=3828[]
i=3829[]
i=3830[]
i=3831[]
i=3832[]
i=3833[]
i=3834[]
i=3835[]
i=3836[]
i=3837[]
i=3838[]
i=3839[]
i=3840[]
i=3841[]
i=3842[]
i=3843[]
i=3844[]
i=3845[]
i=3846[]
i=3847[]
i=3848[]
i=3849[]
i=3850[]
i=3851[]
i=3852[]
i=3853[]
i=3854[]
i=3855[]
i=3856[]
i=3857[]
i=3858[]
i=3859[]
i=3860[]
i=3861[]
i=3862[]
i=3863[]
i=3864[]
i=3865[]
i=3866[]
i=3867[]
i=3868[]
i=3869[]
i=3870[]
i=3871[]
i=3872[]
i=3873[]
i=3874[]
i=3875[]
i=3876[]
i=3877[]
i=3878[]
i=3879[]
i=3880[]
i=3881[]
i=3882[]
i=3883[]
i=3884[]
i=3885[]
i=3886[]
i=3887[]
i=3888[]
i=3889[]
i=3890[]
i=3891[]
i=3892[]
i=3893[]
i=3894[]
i=3895[]
i=3896[]
i=3897[]
i=3898[]
i=3899[]
i=3900[]
i=3901[]
i=3902[]
i=3903[]
i=3904[]
i=3905[]
i=3906[]
i=3907[]
i=3908[]
i=3909[]
i=3910[]
i=3911[]
i=3912[]
i=3913[]
i=3914[]
i=3915[]
i=3916[]
i=3917[]
i=3918[]
i=3919[]
i=3920[]
i=3921[]
i=3922[]
i=3923[]
i=3924[]
i=3925[]
i=3926[]
i=3927[]
i=3928[]
i=3929[]
i=3930[]
i=3931[]
i=3932[]
i=3933[]
i=3934[]
i=3935[]
i=3936[]
i=3937[]
i=3938[]
i=3939[]
i=3940[]
i=3941[]
i=3942[]
i=3943[]
i=3944[]
i=3945[]
i=3946[]
i=3947[]
i=3948[]
i=3949[]
i=3950[]
i=3951[]
i=3952[]
i=3953[]
i=3954[]
i=3955[]
i=3956[]
i=3957[]
i=3958[]
i=3959[]
i=3960[]
i=3961[]
i=3962[]
i=3963[]
i=3964[]
i=3965[]
i=3966[]
i=3967[]
i=3968[]
i=3969[]
i=3970[]
i=3971[]
i=3972[]
i=3973[]
i=3974[]
i=3975[]
i=3976[]
i=3977[]
i=3978[]
i=3979[]
i=3980[]
i=3981[]
i=3982[]
i=3983[]
i=3984[]
i=3985[]
i=3986[]
i=3987[]
i=3988[]
i=3989[]
i=3990[]
i=3991[]
i=3992[]
i=3993[]
i=3994[]
i=3995[]
i=3996[]
i=3997[]
i=3998[]
i=3999[]
]
filename=testimage/orion_15.jpg
convert s/f status=0
iSum status=0
cudaerr=0
Filter status=0
Maxidx8u status=0
totalwidth=3313,4749
diff=43,-362
Am I now
outboundupper x=2225,y=4394
outboundlower x=-43,y=362
newsize=3356,4749
newimage width=3356, height=4749
offsetposition=43,0
eresult=0
newimage width=3356, height=4749
offsetposition=43,0
eresult=0
newimage width=3356, height=4749
offsetposition=43,0
eresult=0
newimage width=3356, height=4749
offsetposition=43,0
eresult=0
newimage width=3356, height=4749
offsetposition=43,0
eresult=0
anothergo0
test
Last test bis
test
3356,4749
filename=testimage/orion_15.jpg
[i=1000[]
i=1001[]
i=1002[]
i=1003[]
i=1004[]
i=1005[]
i=1006[]
i=1007[]
i=1008[]
i=1009[]
i=1010[]
i=1011[]
i=1012[]
i=1013[]
i=1014[]
i=1015[]
i=1016[]
i=1017[]
i=1018[]
i=1019[]
i=1020[]
i=1021[]
i=1022[]
i=1023[]
i=1024[]
i=1025[]
i=1026[]
i=1027[]
i=1028[]
i=1029[]
i=1030[]
i=1031[]
i=1032[]
i=1033[]
i=1034[]
i=1035[]
i=1036[]
i=1037[]
i=1038[]
i=1039[]
i=1040[]
i=1041[]
i=1042[]
i=1043[]
i=1044[]
i=1045[]
i=1046[]
i=1047[]
i=1048[]
i=1049[]
i=1050[]
i=1051[]
i=1052[]
i=1053[]
i=1054[]
i=1055[]
i=1056[]
i=1057[]
i=1058[]
i=1059[]
i=1060[]
i=1061[]
i=1062[]
i=1063[]
i=1064[]
i=1065[]
i=1066[]
i=1067[]
i=1068[]
i=1069[]
i=1070[]
i=1071[]
i=1072[]
i=1073[]
i=1074[]
i=1075[]
i=1076[]
i=1077[]
i=1078[]
i=1079[]
i=1080[]
i=1081[]
i=1082[]
i=1083[]
i=1084[]
i=1085[]
i=1086[]
i=1087[]
i=1088[]
i=1089[]
i=1090[]
i=1091[]
i=1092[]
i=1093[]
i=1094[]
i=1095[]
i=1096[]
i=1097[]
i=1098[]
i=1099[]
i=1100[]
i=1101[]
i=1102[]
i=1103[]
i=1104[]
i=1105[]
i=1106[]
i=1107[]
i=1108[]
i=1109[]
i=1110[]
i=1111[]
i=1112[]
i=1113[]
i=1114[]
i=1115[]
i=1116[]
i=1117[]
i=1118[]
i=1119[]
i=1120[]
i=1121[]
i=1122[]
i=1123[]
i=1124[]
i=1125[]
i=1126[]
i=1127[]
i=1128[]
i=1129[]
i=1130[]
i=1131[]
i=1132[]
i=1133[]
i=1134[]
i=1135[]
i=1136[]
i=1137[]
i=1138[]
i=1139[]
i=1140[]
i=1141[]
i=1142[]
i=1143[]
i=1144[]
i=1145[]
i=1146[]
i=1147[]
i=1148[]
i=1149[]
i=1150[]
i=1151[]
i=1152[]
i=1153[]
i=1154[]
i=1155[]
i=1156[]
i=1157[]
i=1158[]
i=1159[]
i=1160[]
i=1161[]
i=1162[]
i=1163[]
i=1164[]
i=1165[]
i=1166[]
i=1167[]
i=1168[]
i=1169[]
i=1170[]
i=1171[]
i=1172[]
i=1173[]
i=1174[]
i=1175[]
i=1176[]
i=1177[]
i=1178[]
i=1179[]
i=1180[]
i=1181[]
i=1182[]
i=1183[]
i=1184[]
i=1185[]
i=1186[]
i=1187[]
i=1188[]
i=1189[]
i=1190[]
i=1191[]
i=1192[]
i=1193[]
i=1194[]
i=1195[]
i=1196[]
i=1197[]
i=1198[]
i=1199[]
i=1200[]
i=1201[]
i=1202[]
i=1203[]
i=1204[]
i=1205[]
i=1206[]
i=1207[]
i=1208[]
i=1209[]
i=1210[]
i=1211[]
i=1212[]
i=1213[]
i=1214[]
i=1215[]
i=1216[]
i=1217[]
i=1218[]
i=1219[]
i=1220[]
i=1221[]
i=1222[]
i=1223[]
i=1224[]
i=1225[]
i=1226[]
i=1227[]
i=1228[]
i=1229[]
i=1230[]
i=1231[]
i=1232[]
i=1233[]
i=1234[]
i=1235[]
i=1236[]
i=1237[]
i=1238[]
i=1239[]
i=1240[]
i=1241[]
i=1242[]
i=1243[]
i=1244[]
i=1245[]
i=1246[]
i=1247[]
i=1248[]
i=1249[]
i=1250[]
i=1251[]
i=1252[]
i=1253[]
i=1254[]
i=1255[]
i=1256[]
i=1257[]
i=1258[]
i=1259[]
i=1260[]
i=1261[]
i=1262[]
i=1263[]
i=1264[]
i=1265[]
i=1266[]
i=1267[]
i=1268[]
i=1269[]
i=1270[]
i=1271[]
i=1272[]
i=1273[]
i=1274[]
i=1275[]
i=1276[]
i=1277[]
i=1278[]
i=1279[]
i=1280[]
i=1281[]
i=1282[]
i=1283[]
i=1284[]
i=1285[]
i=1286[]
i=1287[]
i=1288[]
i=1289[]
i=1290[]
i=1291[]
i=1292[]
i=1293[]
i=1294[]
i=1295[]
i=1296[]
i=1297[]
i=1298[]
i=1299[]
i=1300[]
i=1301[]
i=1302[]
i=1303[]
i=1304[]
i=1305[]
i=1306[]
i=1307[]
i=1308[]
i=1309[]
i=1310[]
i=1311[]
i=1312[]
i=1313[]
i=1314[]
i=1315[]
i=1316[]
i=1317[]
i=1318[]
i=1319[]
i=1320[]
i=1321[]
i=1322[]
i=1323[]
i=1324[]
i=1325[]
i=1326[]
i=1327[]
i=1328[]
i=1329[]
i=1330[]
i=1331[]
i=1332[]
i=1333[]
i=1334[]
i=1335[]
i=1336[]
i=1337[]
i=1338[]
i=1339[]
i=1340[]
i=1341[]
i=1342[]
i=1343[]
i=1344[]
i=1345[]
i=1346[]
i=1347[]
i=1348[]
i=1349[]
i=1350[]
i=1351[]
i=1352[]
i=1353[]
i=1354[]
i=1355[]
i=1356[]
i=1357[]
i=1358[]
i=1359[]
i=1360[]
i=1361[]
i=1362[]
i=1363[]
i=1364[]
i=1365[]
i=1366[]
i=1367[]
i=1368[]
i=1369[]
i=1370[]
i=1371[]
i=1372[]
i=1373[]
i=1374[]
i=1375[]
i=1376[]
i=1377[]
i=1378[]
i=1379[]
i=1380[]
i=1381[]
i=1382[]
i=1383[]
i=1384[]
i=1385[]
i=1386[]
i=1387[]
i=1388[]
i=1389[]
i=1390[]
i=1391[]
i=1392[]
i=1393[]
i=1394[]
i=1395[]
i=1396[]
i=1397[]
i=1398[]
i=1399[]
i=1400[]
i=1401[]
i=1402[]
i=1403[]
i=1404[]
i=1405[]
i=1406[]
i=1407[]
i=1408[]
i=1409[]
i=1410[]
i=1411[]
i=1412[]
i=1413[]
i=1414[]
i=1415[]
i=1416[]
i=1417[]
i=1418[]
i=1419[]
i=1420[]
i=1421[]
i=1422[]
i=1423[]
i=1424[]
i=1425[]
i=1426[]
i=1427[]
i=1428[]
i=1429[]
i=1430[]
i=1431[]
i=1432[]
i=1433[]
i=1434[]
i=1435[]
i=1436[]
i=1437[]
i=1438[]
i=1439[]
i=1440[]
i=1441[]
i=1442[]
i=1443[]
i=1444[]
i=1445[]
i=1446[]
i=1447[]
i=1448[]
i=1449[]
i=1450[]
i=1451[]
i=1452[]
i=1453[]
i=1454[]
i=1455[]
i=1456[]
i=1457[]
i=1458[]
i=1459[]
i=1460[]
i=1461[]
i=1462[]
i=1463[]
i=1464[]
i=1465[]
i=1466[]
i=1467[]
i=1468[]
i=1469[]
i=1470[]
i=1471[]
i=1472[]
i=1473[]
i=1474[]
i=1475[]
i=1476[]
i=1477[]
i=1478[]
i=1479[]
i=1480[]
i=1481[]
i=1482[]
i=1483[]
i=1484[]
i=1485[]
i=1486[]
i=1487[]
i=1488[]
i=1489[]
i=1490[]
i=1491[]
i=1492[]
i=1493[]
i=1494[]
i=1495[]
i=1496[]
i=1497[]
i=1498[]
i=1499[]
i=1500[]
i=1501[]
i=1502[]
i=1503[]
i=1504[]
i=1505[]
i=1506[]
i=1507[]
i=1508[]
i=1509[]
i=1510[]
i=1511[]
i=1512[]
i=1513[]
i=1514[]
i=1515[]
i=1516[]
i=1517[]
i=1518[]
i=1519[]
i=1520[]
i=1521[]
i=1522[]
i=1523[]
i=1524[]
i=1525[]
i=1526[]
i=1527[]
i=1528[]
i=1529[]
i=1530[]
i=1531[]
i=1532[]
i=1533[]
i=1534[]
i=1535[]
i=1536[]
i=1537[]
i=1538[]
i=1539[]
i=1540[]
i=1541[]
i=1542[]
i=1543[]
i=1544[]
i=1545[]
i=1546[]
i=1547[]
i=1548[]
i=1549[]
i=1550[]
i=1551[]
i=1552[]
i=1553[]
i=1554[]
i=1555[]
i=1556[]
i=1557[]
i=1558[]
i=1559[]
i=1560[]
i=1561[]
i=1562[]
i=1563[]
i=1564[]
i=1565[]
i=1566[]
i=1567[]
i=1568[]
i=1569[]
i=1570[]
i=1571[]
i=1572[]
i=1573[]
i=1574[]
i=1575[]
i=1576[]
i=1577[]
i=1578[]
i=1579[]
i=1580[]
i=1581[]
i=1582[]
i=1583[]
i=1584[]
i=1585[]
i=1586[]
i=1587[]
i=1588[]
i=1589[]
i=1590[]
i=1591[]
i=1592[]
i=1593[]
i=1594[]
i=1595[]
i=1596[]
i=1597[]
i=1598[]
i=1599[]
i=1600[]
i=1601[]
i=1602[]
i=1603[]
i=1604[]
i=1605[]
i=1606[]
i=1607[]
i=1608[]
i=1609[]
i=1610[]
i=1611[]
i=1612[]
i=1613[]
i=1614[]
i=1615[]
i=1616[]
i=1617[]
i=1618[]
i=1619[]
i=1620[]
i=1621[]
i=1622[]
i=1623[]
i=1624[]
i=1625[]
i=1626[]
i=1627[]
i=1628[]
i=1629[]
i=1630[]
i=1631[]
i=1632[]
i=1633[]
i=1634[]
i=1635[]
i=1636[]
i=1637[]
i=1638[]
i=1639[]
i=1640[]
i=1641[]
i=1642[]
i=1643[]
i=1644[]
i=1645[]
i=1646[]
i=1647[]
i=1648[]
i=1649[]
i=1650[]
i=1651[]
i=1652[]
i=1653[]
i=1654[]
i=1655[]
i=1656[]
i=1657[]
i=1658[]
i=1659[]
i=1660[]
i=1661[]
i=1662[]
i=1663[]
i=1664[]
i=1665[]
i=1666[]
i=1667[]
i=1668[]
i=1669[]
i=1670[]
i=1671[]
i=1672[]
i=1673[]
i=1674[]
i=1675[]
i=1676[]
i=1677[]
i=1678[]
i=1679[]
i=1680[]
i=1681[]
i=1682[]
i=1683[]
i=1684[]
i=1685[]
i=1686[]
i=1687[]
i=1688[]
i=1689[]
i=1690[]
i=1691[]
i=1692[]
i=1693[]
i=1694[]
i=1695[]
i=1696[]
i=1697[]
i=1698[]
i=1699[]
i=1700[]
i=1701[]
i=1702[]
i=1703[]
i=1704[]
i=1705[]
i=1706[]
i=1707[]
i=1708[]
i=1709[]
i=1710[]
i=1711[]
i=1712[]
i=1713[]
i=1714[]
i=1715[]
i=1716[]
i=1717[]
i=1718[]
i=1719[]
i=1720[]
i=1721[]
i=1722[]
i=1723[]
i=1724[]
i=1725[]
i=1726[]
i=1727[]
i=1728[]
i=1729[]
i=1730[]
i=1731[]
i=1732[]
i=1733[]
i=1734[]
i=1735[]
i=1736[]
i=1737[]
i=1738[]
i=1739[]
i=1740[]
i=1741[]
i=1742[]
i=1743[]
i=1744[]
i=1745[]
i=1746[]
i=1747[]
i=1748[]
i=1749[]
i=1750[]
i=1751[]
i=1752[]
i=1753[]
i=1754[]
i=1755[]
i=1756[]
i=1757[]
i=1758[]
i=1759[]
i=1760[]
i=1761[]
i=1762[]
i=1763[]
i=1764[]
i=1765[]
i=1766[]
i=1767[]
i=1768[]
i=1769[]
i=1770[]
i=1771[]
i=1772[]
i=1773[]
i=1774[]
i=1775[]
i=1776[]
i=1777[]
i=1778[]
i=1779[]
i=1780[]
i=1781[]
i=1782[]
i=1783[]
i=1784[]
i=1785[]
i=1786[]
i=1787[]
i=1788[]
i=1789[]
i=1790[]
i=1791[]
i=1792[]
i=1793[]
i=1794[]
i=1795[]
i=1796[]
i=1797[]
i=1798[]
i=1799[]
i=1800[]
i=1801[]
i=1802[]
i=1803[]
i=1804[]
i=1805[]
i=1806[]
i=1807[]
i=1808[]
i=1809[]
i=1810[]
i=1811[]
i=1812[]
i=1813[]
i=1814[]
i=1815[]
i=1816[]
i=1817[]
i=1818[]
i=1819[]
i=1820[]
i=1821[]
i=1822[]
i=1823[]
i=1824[]
i=1825[]
i=1826[]
i=1827[]
i=1828[]
i=1829[]
i=1830[]
i=1831[]
i=1832[]
i=1833[]
i=1834[]
i=1835[]
i=1836[]
i=1837[]
i=1838[]
i=1839[]
i=1840[]
i=1841[]
i=1842[]
i=1843[]
i=1844[]
i=1845[]
i=1846[]
i=1847[]
i=1848[]
i=1849[]
i=1850[]
i=1851[]
i=1852[]
i=1853[]
i=1854[]
i=1855[]
i=1856[]
i=1857[]
i=1858[]
i=1859[]
i=1860[]
i=1861[]
i=1862[]
i=1863[]
i=1864[]
i=1865[]
i=1866[]
i=1867[]
i=1868[]
i=1869[]
i=1870[]
i=1871[]
i=1872[]
i=1873[]
i=1874[]
i=1875[]
i=1876[]
i=1877[]
i=1878[]
i=1879[]
i=1880[]
i=1881[]
i=1882[]
i=1883[]
i=1884[]
i=1885[]
i=1886[]
i=1887[]
i=1888[]
i=1889[]
i=1890[]
i=1891[]
i=1892[]
i=1893[]
i=1894[]
i=1895[]
i=1896[]
i=1897[]
i=1898[]
i=1899[]
i=1900[]
i=1901[]
i=1902[]
i=1903[]
i=1904[]
i=1905[]
i=1906[]
i=1907[]
i=1908[]
i=1909[]
i=1910[]
i=1911[]
i=1912[]
i=1913[]
i=1914[]
i=1915[]
i=1916[]
i=1917[]
i=1918[]
i=1919[]
i=1920[]
i=1921[]
i=1922[]
i=1923[]
i=1924[]
i=1925[]
i=1926[]
i=1927[]
i=1928[]
i=1929[]
i=1930[]
i=1931[]
i=1932[]
i=1933[]
i=1934[]
i=1935[]
i=1936[]
i=1937[]
i=1938[]
i=1939[]
i=1940[]
i=1941[]
i=1942[]
i=1943[]
i=1944[]
i=1945[]
i=1946[]
i=1947[]
i=1948[]
i=1949[]
i=1950[]
i=1951[]
i=1952[]
i=1953[]
i=1954[]
i=1955[]
i=1956[]
i=1957[]
i=1958[]
i=1959[]
i=1960[]
i=1961[]
i=1962[]
i=1963[]
i=1964[]
i=1965[]
i=1966[]
i=1967[]
i=1968[]
i=1969[]
i=1970[]
i=1971[]
i=1972[]
i=1973[]
i=1974[]
i=1975[]
i=1976[]
i=1977[]
i=1978[]
i=1979[]
i=1980[]
i=1981[]
i=1982[]
i=1983[]
i=1984[]
i=1985[]
i=1986[]
i=1987[]
i=1988[]
i=1989[]
i=1990[]
i=1991[]
i=1992[]
i=1993[]
i=1994[]
i=1995[]
i=1996[]
i=1997[]
i=1998[]
i=1999[]
i=2000[]
i=2001[]
i=2002[]
i=2003[]
i=2004[]
i=2005[]
i=2006[]
i=2007[]
i=2008[]
i=2009[]
i=2010[]
i=2011[]
i=2012[]
i=2013[]
i=2014[]
i=2015[]
i=2016[]
i=2017[]
i=2018[]
i=2019[]
i=2020[]
i=2021[]
i=2022[]
i=2023[]
i=2024[]
i=2025[]
i=2026[]
i=2027[]
i=2028[]
i=2029[]
i=2030[]
i=2031[]
i=2032[]
i=2033[]
i=2034[]
i=2035[]
i=2036[]
i=2037[]
i=2038[]
i=2039[]
i=2040[]
i=2041[]
i=2042[]
i=2043[]
i=2044[]
i=2045[]
i=2046[]
i=2047[]
i=2048[]
i=2049[]
i=2050[]
i=2051[]
i=2052[]
i=2053[]
i=2054[]
i=2055[]
i=2056[]
i=2057[]
i=2058[]
i=2059[]
i=2060[]
i=2061[]
i=2062[]
i=2063[]
i=2064[]
i=2065[]
i=2066[]
i=2067[]
i=2068[]
i=2069[]
i=2070[]
i=2071[]
i=2072[]
i=2073[]
i=2074[]
i=2075[]
i=2076[]
i=2077[]
i=2078[]
i=2079[]
i=2080[]
i=2081[]
i=2082[]
i=2083[]
i=2084[]
i=2085[]
i=2086[]
i=2087[]
i=2088[]
i=2089[]
i=2090[]
i=2091[]
i=2092[]
i=2093[]
i=2094[]
i=2095[]
i=2096[]
i=2097[]
i=2098[]
i=2099[]
i=2100[]
i=2101[]
i=2102[]
i=2103[]
i=2104[]
i=2105[]
i=2106[]
i=2107[]
i=2108[]
i=2109[]
i=2110[]
i=2111[]
i=2112[]
i=2113[]
i=2114[]
i=2115[]
i=2116[]
i=2117[]
i=2118[]
i=2119[]
i=2120[]
i=2121[]
i=2122[]
i=2123[]
i=2124[]
i=2125[]
i=2126[]
i=2127[]
i=2128[]
i=2129[]
i=2130[]
i=2131[]
i=2132[]
i=2133[]
i=2134[]
i=2135[]
i=2136[]
i=2137[]
i=2138[]
i=2139[]
i=2140[]
i=2141[]
i=2142[]
i=2143[]
i=2144[]
i=2145[]
i=2146[]
i=2147[]
i=2148[]
i=2149[]
i=2150[]
i=2151[]
i=2152[]
i=2153[]
i=2154[]
i=2155[]
i=2156[]
i=2157[]
i=2158[]
i=2159[]
i=2160[]
i=2161[]
i=2162[]
i=2163[]
i=2164[]
i=2165[]
i=2166[]
i=2167[]
i=2168[]
i=2169[]
i=2170[]
i=2171[]
i=2172[]
i=2173[]
i=2174[]
i=2175[]
i=2176[]
i=2177[]
i=2178[]
i=2179[]
i=2180[]
i=2181[]
i=2182[]
i=2183[]
i=2184[]
i=2185[]
i=2186[]
i=2187[]
i=2188[]
i=2189[]
i=2190[]
i=2191[]
i=2192[]
i=2193[]
i=2194[]
i=2195[]
i=2196[]
i=2197[]
i=2198[]
i=2199[]
i=2200[]
i=2201[]
i=2202[]
i=2203[]
i=2204[]
i=2205[]
i=2206[]
i=2207[]
i=2208[]
i=2209[]
i=2210[]
i=2211[]
i=2212[]
i=2213[]
i=2214[]
i=2215[]
i=2216[]
i=2217[]
i=2218[]
i=2219[]
i=2220[]
i=2221[]
i=2222[]
i=2223[]
i=2224[]
i=2225[]
i=2226[]
i=2227[]
i=2228[]
i=2229[]
i=2230[]
i=2231[]
i=2232[]
i=2233[]
i=2234[]
i=2235[]
i=2236[]
i=2237[]
i=2238[]
i=2239[]
i=2240[]
i=2241[]
i=2242[]
i=2243[]
i=2244[]
i=2245[]
i=2246[]
i=2247[]
i=2248[]
i=2249[]
i=2250[]
i=2251[]
i=2252[]
i=2253[]
i=2254[]
i=2255[]
i=2256[]
i=2257[]
i=2258[]
i=2259[]
i=2260[]
i=2261[]
i=2262[]
i=2263[]
i=2264[]
i=2265[]
i=2266[]
i=2267[]
i=2268[]
i=2269[]
i=2270[]
i=2271[]
i=2272[]
i=2273[]
i=2274[]
i=2275[]
i=2276[]
i=2277[]
i=2278[]
i=2279[]
i=2280[]
i=2281[]
i=2282[]
i=2283[]
i=2284[]
i=2285[]
i=2286[]
i=2287[]
i=2288[]
i=2289[]
i=2290[]
i=2291[]
i=2292[]
i=2293[]
i=2294[]
i=2295[]
i=2296[]
i=2297[]
i=2298[]
i=2299[]
i=2300[]
i=2301[]
i=2302[]
i=2303[]
i=2304[]
i=2305[]
i=2306[]
i=2307[]
i=2308[]
i=2309[]
i=2310[]
i=2311[]
i=2312[]
i=2313[]
i=2314[]
i=2315[]
i=2316[]
i=2317[]
i=2318[]
i=2319[]
i=2320[]
i=2321[]
i=2322[]
i=2323[]
i=2324[]
i=2325[]
i=2326[]
i=2327[]
i=2328[]
i=2329[]
i=2330[]
i=2331[]
i=2332[]
i=2333[]
i=2334[]
i=2335[]
i=2336[]
i=2337[]
i=2338[]
i=2339[]
i=2340[]
i=2341[]
i=2342[]
i=2343[]
i=2344[]
i=2345[]
i=2346[]
i=2347[]
i=2348[]
i=2349[]
i=2350[]
i=2351[]
i=2352[]
i=2353[]
i=2354[]
i=2355[]
i=2356[]
i=2357[]
i=2358[]
i=2359[]
i=2360[]
i=2361[]
i=2362[]
i=2363[]
i=2364[]
i=2365[]
i=2366[]
i=2367[]
i=2368[]
i=2369[]
i=2370[]
i=2371[]
i=2372[]
i=2373[]
i=2374[]
i=2375[]
i=2376[]
i=2377[]
i=2378[]
i=2379[]
i=2380[]
i=2381[]
i=2382[]
i=2383[]
i=2384[]
i=2385[]
i=2386[]
i=2387[]
i=2388[]
i=2389[]
i=2390[]
i=2391[]
i=2392[]
i=2393[]
i=2394[]
i=2395[]
i=2396[]
i=2397[]
i=2398[]
i=2399[]
i=2400[]
i=2401[]
i=2402[]
i=2403[]
i=2404[]
i=2405[]
i=2406[]
i=2407[]
i=2408[]
i=2409[]
i=2410[]
i=2411[]
i=2412[]
i=2413[]
i=2414[]
i=2415[]
i=2416[]
i=2417[128,128,]
i=2418[]
i=2419[]
i=2420[]
i=2421[128,128,]
i=2422[]
i=2423[]
i=2424[]
i=2425[]
i=2426[]
i=2427[]
i=2428[]
i=2429[128,128,]
i=2430[]
i=2431[]
i=2432[]
i=2433[128,128,128,]
i=2434[]
i=2435[]
i=2436[]
i=2437[]
i=2438[]
i=2439[]
i=2440[]
i=2441[]
i=2442[]
i=2443[]
i=2444[]
i=2445[]
i=2446[]
i=2447[]
i=2448[]
i=2449[]
i=2450[]
i=2451[]
i=2452[]
i=2453[]
i=2454[]
i=2455[]
i=2456[]
i=2457[]
i=2458[]
i=2459[]
i=2460[]
i=2461[]
i=2462[]
i=2463[]
i=2464[]
i=2465[]
i=2466[]
i=2467[]
i=2468[]
i=2469[]
i=2470[]
i=2471[]
i=2472[]
i=2473[]
i=2474[]
i=2475[]
i=2476[]
i=2477[]
i=2478[]
i=2479[]
i=2480[]
i=2481[]
i=2482[]
i=2483[]
i=2484[]
i=2485[]
i=2486[]
i=2487[]
i=2488[]
i=2489[]
i=2490[]
i=2491[]
i=2492[]
i=2493[]
i=2494[]
i=2495[]
i=2496[]
i=2497[]
i=2498[]
i=2499[]
i=2500[]
i=2501[]
i=2502[]
i=2503[]
i=2504[]
i=2505[]
i=2506[]
i=2507[]
i=2508[]
i=2509[]
i=2510[]
i=2511[]
i=2512[]
i=2513[]
i=2514[]
i=2515[]
i=2516[]
i=2517[]
i=2518[]
i=2519[]
i=2520[]
i=2521[]
i=2522[]
i=2523[]
i=2524[]
i=2525[]
i=2526[]
i=2527[]
i=2528[]
i=2529[]
i=2530[]
i=2531[]
i=2532[]
i=2533[]
i=2534[]
i=2535[]
i=2536[]
i=2537[]
i=2538[]
i=2539[]
i=2540[]
i=2541[]
i=2542[]
i=2543[]
i=2544[]
i=2545[]
i=2546[]
i=2547[]
i=2548[]
i=2549[]
i=2550[]
i=2551[]
i=2552[]
i=2553[]
i=2554[]
i=2555[]
i=2556[]
i=2557[]
i=2558[]
i=2559[]
i=2560[]
i=2561[]
i=2562[]
i=2563[]
i=2564[]
i=2565[]
i=2566[]
i=2567[]
i=2568[]
i=2569[]
i=2570[]
i=2571[]
i=2572[]
i=2573[]
i=2574[]
i=2575[]
i=2576[]
i=2577[]
i=2578[]
i=2579[]
i=2580[]
i=2581[]
i=2582[]
i=2583[]
i=2584[]
i=2585[]
i=2586[]
i=2587[]
i=2588[]
i=2589[]
i=2590[]
i=2591[]
i=2592[]
i=2593[]
i=2594[]
i=2595[]
i=2596[]
i=2597[]
i=2598[]
i=2599[]
i=2600[]
i=2601[]
i=2602[]
i=2603[]
i=2604[]
i=2605[]
i=2606[]
i=2607[]
i=2608[]
i=2609[]
i=2610[]
i=2611[]
i=2612[]
i=2613[]
i=2614[]
i=2615[]
i=2616[]
i=2617[]
i=2618[]
i=2619[]
i=2620[]
i=2621[]
i=2622[]
i=2623[]
i=2624[]
i=2625[]
i=2626[]
i=2627[]
i=2628[]
i=2629[]
i=2630[]
i=2631[]
i=2632[]
i=2633[]
i=2634[]
i=2635[]
i=2636[]
i=2637[]
i=2638[]
i=2639[]
i=2640[]
i=2641[]
i=2642[]
i=2643[]
i=2644[]
i=2645[]
i=2646[]
i=2647[]
i=2648[]
i=2649[]
i=2650[]
i=2651[]
i=2652[]
i=2653[]
i=2654[]
i=2655[]
i=2656[]
i=2657[]
i=2658[]
i=2659[]
i=2660[]
i=2661[]
i=2662[]
i=2663[]
i=2664[]
i=2665[]
i=2666[]
i=2667[]
i=2668[]
i=2669[]
i=2670[]
i=2671[]
i=2672[]
i=2673[]
i=2674[]
i=2675[]
i=2676[]
i=2677[]
i=2678[]
i=2679[]
i=2680[]
i=2681[]
i=2682[]
i=2683[]
i=2684[]
i=2685[]
i=2686[]
i=2687[]
i=2688[]
i=2689[]
i=2690[]
i=2691[]
i=2692[]
i=2693[]
i=2694[]
i=2695[]
i=2696[]
i=2697[]
i=2698[]
i=2699[]
i=2700[]
i=2701[]
i=2702[]
i=2703[]
i=2704[]
i=2705[]
i=2706[]
i=2707[]
i=2708[]
i=2709[]
i=2710[]
i=2711[]
i=2712[]
i=2713[]
i=2714[]
i=2715[]
i=2716[]
i=2717[]
i=2718[]
i=2719[]
i=2720[]
i=2721[]
i=2722[]
i=2723[]
i=2724[]
i=2725[]
i=2726[]
i=2727[]
i=2728[]
i=2729[]
i=2730[]
i=2731[]
i=2732[]
i=2733[]
i=2734[]
i=2735[]
i=2736[]
i=2737[]
i=2738[]
i=2739[]
i=2740[]
i=2741[]
i=2742[]
i=2743[]
i=2744[]
i=2745[]
i=2746[]
i=2747[]
i=2748[]
i=2749[]
i=2750[]
i=2751[]
i=2752[]
i=2753[]
i=2754[]
i=2755[]
i=2756[]
i=2757[]
i=2758[]
i=2759[]
i=2760[]
i=2761[]
i=2762[]
i=2763[]
i=2764[]
i=2765[]
i=2766[]
i=2767[]
i=2768[]
i=2769[]
i=2770[]
i=2771[]
i=2772[]
i=2773[]
i=2774[]
i=2775[]
i=2776[]
i=2777[]
i=2778[]
i=2779[]
i=2780[]
i=2781[]
i=2782[]
i=2783[]
i=2784[]
i=2785[]
i=2786[]
i=2787[]
i=2788[]
i=2789[]
i=2790[]
i=2791[]
i=2792[]
i=2793[]
i=2794[]
i=2795[]
i=2796[]
i=2797[]
i=2798[]
i=2799[]
i=2800[]
i=2801[]
i=2802[]
i=2803[]
i=2804[]
i=2805[]
i=2806[]
i=2807[]
i=2808[]
i=2809[]
i=2810[]
i=2811[]
i=2812[]
i=2813[]
i=2814[]
i=2815[]
i=2816[]
i=2817[]
i=2818[]
i=2819[]
i=2820[]
i=2821[]
i=2822[]
i=2823[]
i=2824[]
i=2825[]
i=2826[]
i=2827[]
i=2828[]
i=2829[]
i=2830[]
i=2831[]
i=2832[]
i=2833[]
i=2834[]
i=2835[]
i=2836[]
i=2837[]
i=2838[]
i=2839[]
i=2840[]
i=2841[]
i=2842[]
i=2843[]
i=2844[]
i=2845[]
i=2846[]
i=2847[]
i=2848[]
i=2849[]
i=2850[]
i=2851[]
i=2852[]
i=2853[]
i=2854[]
i=2855[]
i=2856[]
i=2857[]
i=2858[]
i=2859[]
i=2860[]
i=2861[]
i=2862[]
i=2863[]
i=2864[]
i=2865[]
i=2866[]
i=2867[]
i=2868[]
i=2869[]
i=2870[]
i=2871[]
i=2872[]
i=2873[]
i=2874[]
i=2875[]
i=2876[]
i=2877[]
i=2878[]
i=2879[]
i=2880[]
i=2881[]
i=2882[128,160,]
i=2883[]
i=2884[]
i=2885[]
i=2886[128,128,128,128,]
i=2887[]
i=2888[]
i=2889[]
i=2890[]
i=2891[]
i=2892[]
i=2893[]
i=2894[]
i=2895[]
i=2896[]
i=2897[]
i=2898[128,]
i=2899[]
i=2900[]
i=2901[]
i=2902[128,128,]
i=2903[]
i=2904[]
i=2905[]
i=2906[128,]
i=2907[]
i=2908[]
i=2909[]
i=2910[]
i=2911[]
i=2912[]
i=2913[]
i=2914[]
i=2915[]
i=2916[]
i=2917[]
i=2918[]
i=2919[]
i=2920[]
i=2921[]
i=2922[]
i=2923[]
i=2924[]
i=2925[]
i=2926[]
i=2927[]
i=2928[]
i=2929[]
i=2930[]
i=2931[]
i=2932[]
i=2933[]
i=2934[]
i=2935[]
i=2936[]
i=2937[]
i=2938[]
i=2939[]
i=2940[]
i=2941[]
i=2942[]
i=2943[]
i=2944[]
i=2945[]
i=2946[]
i=2947[]
i=2948[]
i=2949[]
i=2950[]
i=2951[]
i=2952[]
i=2953[]
i=2954[]
i=2955[]
i=2956[]
i=2957[]
i=2958[]
i=2959[]
i=2960[]
i=2961[]
i=2962[]
i=2963[]
i=2964[]
i=2965[]
i=2966[]
i=2967[]
i=2968[]
i=2969[]
i=2970[]
i=2971[]
i=2972[]
i=2973[]
i=2974[]
i=2975[]
i=2976[]
i=2977[]
i=2978[]
i=2979[]
i=2980[]
i=2981[]
i=2982[]
i=2983[]
i=2984[]
i=2985[]
i=2986[]
i=2987[]
i=2988[]
i=2989[]
i=2990[]
i=2991[]
i=2992[]
i=2993[]
i=2994[]
i=2995[]
i=2996[]
i=2997[]
i=2998[]
i=2999[]
i=3000[]
i=3001[]
i=3002[]
i=3003[]
i=3004[]
i=3005[]
i=3006[]
i=3007[]
i=3008[]
i=3009[]
i=3010[]
i=3011[]
i=3012[]
i=3013[]
i=3014[]
i=3015[]
i=3016[]
i=3017[]
i=3018[]
i=3019[]
i=3020[]
i=3021[]
i=3022[]
i=3023[]
i=3024[]
i=3025[]
i=3026[]
i=3027[]
i=3028[]
i=3029[]
i=3030[]
i=3031[]
i=3032[]
i=3033[]
i=3034[]
i=3035[]
i=3036[]
i=3037[]
i=3038[]
i=3039[]
i=3040[]
i=3041[]
i=3042[]
i=3043[]
i=3044[]
i=3045[]
i=3046[]
i=3047[]
i=3048[]
i=3049[]
i=3050[]
i=3051[]
i=3052[]
i=3053[]
i=3054[]
i=3055[]
i=3056[]
i=3057[]
i=3058[]
i=3059[]
i=3060[]
i=3061[]
i=3062[]
i=3063[]
i=3064[]
i=3065[128,128,128,]
i=3066[]
i=3067[]
i=3068[]
i=3069[128,128,128,]
i=3070[]
i=3071[]
i=3072[]
i=3073[128,128,]
i=3074[]
i=3075[]
i=3076[]
i=3077[]
i=3078[]
i=3079[]
i=3080[]
i=3081[]
i=3082[]
i=3083[]
i=3084[]
i=3085[]
i=3086[]
i=3087[]
i=3088[]
i=3089[]
i=3090[]
i=3091[]
i=3092[]
i=3093[]
i=3094[]
i=3095[]
i=3096[]
i=3097[]
i=3098[]
i=3099[]
i=3100[]
i=3101[]
i=3102[]
i=3103[]
i=3104[]
i=3105[]
i=3106[]
i=3107[]
i=3108[]
i=3109[]
i=3110[]
i=3111[]
i=3112[]
i=3113[]
i=3114[]
i=3115[]
i=3116[]
i=3117[]
i=3118[]
i=3119[]
i=3120[]
i=3121[]
i=3122[]
i=3123[]
i=3124[]
i=3125[]
i=3126[]
i=3127[]
i=3128[]
i=3129[]
i=3130[]
i=3131[]
i=3132[]
i=3133[]
i=3134[]
i=3135[]
i=3136[]
i=3137[]
i=3138[]
i=3139[]
i=3140[]
i=3141[]
i=3142[]
i=3143[]
i=3144[]
i=3145[]
i=3146[]
i=3147[]
i=3148[]
i=3149[]
i=3150[]
i=3151[]
i=3152[]
i=3153[]
i=3154[]
i=3155[]
i=3156[]
i=3157[]
i=3158[]
i=3159[]
i=3160[]
i=3161[]
i=3162[]
i=3163[]
i=3164[]
i=3165[]
i=3166[]
i=3167[]
i=3168[]
i=3169[]
i=3170[]
i=3171[]
i=3172[]
i=3173[]
i=3174[]
i=3175[]
i=3176[]
i=3177[]
i=3178[]
i=3179[]
i=3180[]
i=3181[]
i=3182[]
i=3183[]
i=3184[]
i=3185[]
i=3186[]
i=3187[]
i=3188[]
i=3189[]
i=3190[]
i=3191[]
i=3192[]
i=3193[]
i=3194[]
i=3195[]
i=3196[]
i=3197[]
i=3198[]
i=3199[]
i=3200[]
i=3201[]
i=3202[]
i=3203[]
i=3204[]
i=3205[]
i=3206[]
i=3207[]
i=3208[]
i=3209[]
i=3210[]
i=3211[]
i=3212[]
i=3213[]
i=3214[]
i=3215[]
i=3216[]
i=3217[]
i=3218[]
i=3219[]
i=3220[]
i=3221[]
i=3222[]
i=3223[]
i=3224[]
i=3225[]
i=3226[]
i=3227[]
i=3228[]
i=3229[]
i=3230[]
i=3231[]
i=3232[]
i=3233[]
i=3234[]
i=3235[]
i=3236[]
i=3237[]
i=3238[]
i=3239[]
i=3240[]
i=3241[]
i=3242[]
i=3243[]
i=3244[]
i=3245[]
i=3246[]
i=3247[]
i=3248[]
i=3249[]
i=3250[]
i=3251[]
i=3252[]
i=3253[]
i=3254[]
i=3255[]
i=3256[]
i=3257[]
i=3258[]
i=3259[]
i=3260[]
i=3261[]
i=3262[]
i=3263[]
i=3264[]
i=3265[]
i=3266[]
i=3267[]
i=3268[]
i=3269[]
i=3270[]
i=3271[]
i=3272[]
i=3273[]
i=3274[]
i=3275[]
i=3276[]
i=3277[]
i=3278[]
i=3279[]
i=3280[]
i=3281[]
i=3282[]
i=3283[]
i=3284[]
i=3285[]
i=3286[]
i=3287[]
i=3288[]
i=3289[]
i=3290[]
i=3291[]
i=3292[]
i=3293[]
i=3294[]
i=3295[]
i=3296[]
i=3297[]
i=3298[]
i=3299[]
i=3300[]
i=3301[]
i=3302[]
i=3303[]
i=3304[]
i=3305[]
i=3306[]
i=3307[]
i=3308[]
i=3309[]
i=3310[]
i=3311[]
i=3312[]
i=3313[]
i=3314[]
i=3315[]
i=3316[]
i=3317[]
i=3318[]
i=3319[]
i=3320[]
i=3321[]
i=3322[]
i=3323[]
i=3324[]
i=3325[]
i=3326[]
i=3327[]
i=3328[]
i=3329[]
i=3330[]
i=3331[]
i=3332[]
i=3333[]
i=3334[]
i=3335[]
i=3336[]
i=3337[]
i=3338[]
i=3339[]
i=3340[]
i=3341[128,]
i=3342[]
i=3343[]
i=3344[]
i=3345[128,128,]
i=3346[]
i=3347[]
i=3348[]
i=3349[128,128,]
i=3350[]
i=3351[]
i=3352[]
i=3353[128,]
i=3354[]
i=3355[]
i=3356[]
i=3357[128,128,]
i=3358[]
i=3359[]
i=3360[]
i=3361[224,224,]
i=3362[]
i=3363[]
i=3364[]
i=3365[]
i=3366[]
i=3367[]
i=3368[]
i=3369[]
i=3370[]
i=3371[]
i=3372[]
i=3373[]
i=3374[]
i=3375[]
i=3376[]
i=3377[]
i=3378[]
i=3379[]
i=3380[]
i=3381[]
i=3382[]
i=3383[]
i=3384[]
i=3385[]
i=3386[]
i=3387[]
i=3388[]
i=3389[]
i=3390[]
i=3391[]
i=3392[]
i=3393[]
i=3394[]
i=3395[]
i=3396[]
i=3397[]
i=3398[]
i=3399[]
i=3400[]
i=3401[]
i=3402[]
i=3403[]
i=3404[]
i=3405[]
i=3406[]
i=3407[]
i=3408[]
i=3409[]
i=3410[]
i=3411[]
i=3412[]
i=3413[]
i=3414[]
i=3415[]
i=3416[]
i=3417[]
i=3418[]
i=3419[]
i=3420[]
i=3421[]
i=3422[]
i=3423[]
i=3424[]
i=3425[]
i=3426[]
i=3427[]
i=3428[]
i=3429[]
i=3430[]
i=3431[]
i=3432[]
i=3433[]
i=3434[]
i=3435[]
i=3436[]
i=3437[]
i=3438[]
i=3439[]
i=3440[]
i=3441[]
i=3442[]
i=3443[]
i=3444[]
i=3445[]
i=3446[]
i=3447[]
i=3448[]
i=3449[]
i=3450[]
i=3451[]
i=3452[]
i=3453[]
i=3454[]
i=3455[]
i=3456[]
i=3457[]
i=3458[]
i=3459[]
i=3460[]
i=3461[]
i=3462[]
i=3463[]
i=3464[]
i=3465[]
i=3466[]
i=3467[]
i=3468[]
i=3469[]
i=3470[]
i=3471[]
i=3472[]
i=3473[]
i=3474[]
i=3475[]
i=3476[]
i=3477[]
i=3478[]
i=3479[]
i=3480[]
i=3481[]
i=3482[]
i=3483[]
i=3484[]
i=3485[]
i=3486[]
i=3487[]
i=3488[]
i=3489[]
i=3490[]
i=3491[]
i=3492[]
i=3493[]
i=3494[]
i=3495[]
i=3496[]
i=3497[]
i=3498[]
i=3499[]
i=3500[]
i=3501[]
i=3502[]
i=3503[]
i=3504[]
i=3505[]
i=3506[]
i=3507[]
i=3508[]
i=3509[]
i=3510[]
i=3511[]
i=3512[]
i=3513[]
i=3514[]
i=3515[]
i=3516[]
i=3517[]
i=3518[]
i=3519[]
i=3520[]
i=3521[]
i=3522[]
i=3523[]
i=3524[]
i=3525[]
i=3526[]
i=3527[]
i=3528[]
i=3529[]
i=3530[]
i=3531[]
i=3532[]
i=3533[]
i=3534[]
i=3535[]
i=3536[]
i=3537[]
i=3538[]
i=3539[]
i=3540[]
i=3541[]
i=3542[]
i=3543[]
i=3544[]
i=3545[]
i=3546[]
i=3547[]
i=3548[]
i=3549[]
i=3550[]
i=3551[]
i=3552[]
i=3553[]
i=3554[]
i=3555[]
i=3556[]
i=3557[]
i=3558[]
i=3559[]
i=3560[]
i=3561[]
i=3562[]
i=3563[]
i=3564[]
i=3565[]
i=3566[]
i=3567[]
i=3568[]
i=3569[]
i=3570[]
i=3571[]
i=3572[]
i=3573[]
i=3574[]
i=3575[]
i=3576[]
i=3577[]
i=3578[]
i=3579[]
i=3580[]
i=3581[]
i=3582[]
i=3583[]
i=3584[]
i=3585[]
i=3586[]
i=3587[]
i=3588[]
i=3589[]
i=3590[]
i=3591[]
i=3592[]
i=3593[]
i=3594[]
i=3595[]
i=3596[]
i=3597[]
i=3598[]
i=3599[]
i=3600[]
i=3601[]
i=3602[]
i=3603[]
i=3604[]
i=3605[]
i=3606[]
i=3607[]
i=3608[]
i=3609[]
i=3610[]
i=3611[]
i=3612[]
i=3613[]
i=3614[]
i=3615[]
i=3616[]
i=3617[]
i=3618[]
i=3619[]
i=3620[]
i=3621[]
i=3622[]
i=3623[]
i=3624[]
i=3625[]
i=3626[]
i=3627[]
i=3628[]
i=3629[]
i=3630[]
i=3631[]
i=3632[]
i=3633[]
i=3634[]
i=3635[]
i=3636[]
i=3637[]
i=3638[]
i=3639[]
i=3640[]
i=3641[]
i=3642[]
i=3643[]
i=3644[]
i=3645[]
i=3646[]
i=3647[]
i=3648[]
i=3649[]
i=3650[]
i=3651[]
i=3652[]
i=3653[]
i=3654[]
i=3655[]
i=3656[]
i=3657[]
i=3658[]
i=3659[]
i=3660[]
i=3661[]
i=3662[]
i=3663[]
i=3664[]
i=3665[]
i=3666[]
i=3667[]
i=3668[]
i=3669[]
i=3670[]
i=3671[]
i=3672[]
i=3673[]
i=3674[]
i=3675[]
i=3676[]
i=3677[]
i=3678[]
i=3679[]
i=3680[]
i=3681[]
i=3682[]
i=3683[]
i=3684[]
i=3685[]
i=3686[]
i=3687[]
i=3688[]
i=3689[]
i=3690[]
i=3691[]
i=3692[]
i=3693[]
i=3694[]
i=3695[]
i=3696[]
i=3697[]
i=3698[]
i=3699[]
i=3700[]
i=3701[]
i=3702[]
i=3703[]
i=3704[]
i=3705[]
i=3706[]
i=3707[]
i=3708[]
i=3709[]
i=3710[]
i=3711[]
i=3712[]
i=3713[]
i=3714[]
i=3715[]
i=3716[]
i=3717[]
i=3718[]
i=3719[]
i=3720[]
i=3721[]
i=3722[]
i=3723[]
i=3724[]
i=3725[]
i=3726[]
i=3727[]
i=3728[]
i=3729[]
i=3730[]
i=3731[]
i=3732[]
i=3733[]
i=3734[]
i=3735[]
i=3736[]
i=3737[]
i=3738[]
i=3739[]
i=3740[]
i=3741[]
i=3742[]
i=3743[]
i=3744[]
i=3745[]
i=3746[]
i=3747[]
i=3748[]
i=3749[]
i=3750[]
i=3751[]
i=3752[]
i=3753[]
i=3754[]
i=3755[]
i=3756[]
i=3757[]
i=3758[]
i=3759[]
i=3760[]
i=3761[]
i=3762[]
i=3763[]
i=3764[]
i=3765[]
i=3766[]
i=3767[]
i=3768[]
i=3769[]
i=3770[]
i=3771[]
i=3772[]
i=3773[]
i=3774[]
i=3775[]
i=3776[]
i=3777[]
i=3778[]
i=3779[]
i=3780[]
i=3781[]
i=3782[]
i=3783[]
i=3784[]
i=3785[]
i=3786[]
i=3787[]
i=3788[]
i=3789[]
i=3790[]
i=3791[]
i=3792[]
i=3793[]
i=3794[]
i=3795[]
i=3796[]
i=3797[]
i=3798[]
i=3799[]
i=3800[]
i=3801[]
i=3802[]
i=3803[]
i=3804[]
i=3805[]
i=3806[]
i=3807[]
i=3808[]
i=3809[]
i=3810[]
i=3811[]
i=3812[]
i=3813[]
i=3814[]
i=3815[]
i=3816[]
i=3817[]
i=3818[]
i=3819[]
i=3820[]
i=3821[]
i=3822[]
i=3823[]
i=3824[]
i=3825[]
i=3826[]
i=3827[]
i=3828[]
i=3829[]
i=3830[]
i=3831[]
i=3832[]
i=3833[]
i=3834[]
i=3835[]
i=3836[]
i=3837[]
i=3838[]
i=3839[]
i=3840[]
i=3841[]
i=3842[]
i=3843[]
i=3844[]
i=3845[]
i=3846[]
i=3847[]
i=3848[]
i=3849[]
i=3850[]
i=3851[]
i=3852[]
i=3853[]
i=3854[]
i=3855[]
i=3856[]
i=3857[]
i=3858[]
i=3859[]
i=3860[]
i=3861[]
i=3862[]
i=3863[]
i=3864[]
i=3865[]
i=3866[]
i=3867[]
i=3868[]
i=3869[]
i=3870[]
i=3871[]
i=3872[]
i=3873[]
i=3874[]
i=3875[]
i=3876[]
i=3877[]
i=3878[]
i=3879[]
i=3880[]
i=3881[]
i=3882[]
i=3883[]
i=3884[]
i=3885[]
i=3886[]
i=3887[]
i=3888[]
i=3889[]
i=3890[]
i=3891[]
i=3892[]
i=3893[]
i=3894[]
i=3895[]
i=3896[]
i=3897[]
i=3898[]
i=3899[]
i=3900[]
i=3901[]
i=3902[]
i=3903[]
i=3904[]
i=3905[]
i=3906[]
i=3907[]
i=3908[]
i=3909[]
i=3910[]
i=3911[]
i=3912[]
i=3913[]
i=3914[]
i=3915[]
i=3916[]
i=3917[]
i=3918[]
i=3919[]
i=3920[]
i=3921[]
i=3922[]
i=3923[]
i=3924[]
i=3925[]
i=3926[]
i=3927[]
i=3928[]
i=3929[]
i=3930[]
i=3931[]
i=3932[]
i=3933[]
i=3934[]
i=3935[]
i=3936[]
i=3937[]
i=3938[]
i=3939[]
i=3940[]
i=3941[]
i=3942[]
i=3943[]
i=3944[]
i=3945[]
i=3946[]
i=3947[]
i=3948[]
i=3949[]
i=3950[]
i=3951[]
i=3952[]
i=3953[]
i=3954[]
i=3955[]
i=3956[]
i=3957[]
i=3958[]
i=3959[]
i=3960[]
i=3961[]
i=3962[]
i=3963[]
i=3964[]
i=3965[]
i=3966[]
i=3967[]
i=3968[]
i=3969[]
i=3970[]
i=3971[]
i=3972[]
i=3973[]
i=3974[]
i=3975[]
i=3976[]
i=3977[]
i=3978[]
i=3979[]
i=3980[]
i=3981[]
i=3982[]
i=3983[]
i=3984[]
i=3985[]
i=3986[]
i=3987[]
i=3988[]
i=3989[]
i=3990[]
i=3991[]
i=3992[]
i=3993[]
i=3994[]
i=3995[]
i=3996[]
i=3997[]
i=3998[]
i=3999[]
]
filename=testimage/orion_16.jpg
convert s/f status=0
iSum status=0
cudaerr=0
Filter status=0
Maxidx8u status=0
totalwidth=3356,4749
diff=40,-337
Am I now
outboundupper x=2228,y=4369
outboundlower x=-40,y=337
newsize=3396,4749
newimage width=3396, height=4749
offsetposition=40,0
eresult=0
newimage width=3396, height=4749
offsetposition=40,0
eresult=0
newimage width=3396, height=4749
offsetposition=40,0
eresult=0
newimage width=3396, height=4749
offsetposition=40,0
eresult=0
newimage width=3396, height=4749
offsetposition=40,0
eresult=0
anothergo0
test
Last test bis
test
3396,4749
filename=testimage/orion_16.jpg
[i=1000[]
i=1001[]
i=1002[]
i=1003[]
i=1004[]
i=1005[]
i=1006[]
i=1007[]
i=1008[]
i=1009[]
i=1010[]
i=1011[]
i=1012[]
i=1013[]
i=1014[]
i=1015[]
i=1016[]
i=1017[]
i=1018[]
i=1019[]
i=1020[]
i=1021[]
i=1022[]
i=1023[]
i=1024[]
i=1025[]
i=1026[]
i=1027[]
i=1028[]
i=1029[]
i=1030[]
i=1031[]
i=1032[]
i=1033[]
i=1034[]
i=1035[]
i=1036[]
i=1037[]
i=1038[]
i=1039[]
i=1040[]
i=1041[]
i=1042[]
i=1043[]
i=1044[]
i=1045[]
i=1046[]
i=1047[]
i=1048[]
i=1049[]
i=1050[]
i=1051[]
i=1052[]
i=1053[]
i=1054[]
i=1055[]
i=1056[]
i=1057[]
i=1058[]
i=1059[]
i=1060[]
i=1061[]
i=1062[]
i=1063[]
i=1064[]
i=1065[]
i=1066[]
i=1067[]
i=1068[]
i=1069[]
i=1070[]
i=1071[]
i=1072[]
i=1073[]
i=1074[]
i=1075[]
i=1076[]
i=1077[]
i=1078[]
i=1079[]
i=1080[]
i=1081[]
i=1082[]
i=1083[]
i=1084[]
i=1085[]
i=1086[]
i=1087[]
i=1088[]
i=1089[]
i=1090[]
i=1091[]
i=1092[]
i=1093[]
i=1094[]
i=1095[]
i=1096[]
i=1097[]
i=1098[]
i=1099[]
i=1100[]
i=1101[]
i=1102[]
i=1103[]
i=1104[]
i=1105[]
i=1106[]
i=1107[]
i=1108[]
i=1109[]
i=1110[]
i=1111[]
i=1112[]
i=1113[]
i=1114[]
i=1115[]
i=1116[]
i=1117[]
i=1118[]
i=1119[]
i=1120[]
i=1121[]
i=1122[]
i=1123[]
i=1124[]
i=1125[]
i=1126[]
i=1127[]
i=1128[]
i=1129[]
i=1130[]
i=1131[]
i=1132[]
i=1133[]
i=1134[]
i=1135[]
i=1136[]
i=1137[]
i=1138[]
i=1139[]
i=1140[]
i=1141[]
i=1142[]
i=1143[]
i=1144[]
i=1145[]
i=1146[]
i=1147[]
i=1148[]
i=1149[]
i=1150[]
i=1151[]
i=1152[]
i=1153[]
i=1154[]
i=1155[]
i=1156[]
i=1157[]
i=1158[]
i=1159[]
i=1160[]
i=1161[]
i=1162[]
i=1163[]
i=1164[]
i=1165[]
i=1166[]
i=1167[]
i=1168[]
i=1169[]
i=1170[]
i=1171[]
i=1172[]
i=1173[]
i=1174[]
i=1175[]
i=1176[]
i=1177[]
i=1178[]
i=1179[]
i=1180[]
i=1181[]
i=1182[]
i=1183[]
i=1184[]
i=1185[]
i=1186[]
i=1187[]
i=1188[]
i=1189[]
i=1190[]
i=1191[]
i=1192[]
i=1193[]
i=1194[]
i=1195[]
i=1196[]
i=1197[]
i=1198[]
i=1199[]
i=1200[]
i=1201[]
i=1202[]
i=1203[]
i=1204[]
i=1205[]
i=1206[]
i=1207[]
i=1208[]
i=1209[]
i=1210[]
i=1211[]
i=1212[]
i=1213[]
i=1214[]
i=1215[]
i=1216[]
i=1217[]
i=1218[]
i=1219[]
i=1220[]
i=1221[]
i=1222[]
i=1223[]
i=1224[]
i=1225[]
i=1226[]
i=1227[]
i=1228[]
i=1229[]
i=1230[]
i=1231[]
i=1232[]
i=1233[]
i=1234[]
i=1235[]
i=1236[]
i=1237[]
i=1238[]
i=1239[]
i=1240[]
i=1241[]
i=1242[]
i=1243[]
i=1244[]
i=1245[]
i=1246[]
i=1247[]
i=1248[]
i=1249[]
i=1250[]
i=1251[]
i=1252[]
i=1253[]
i=1254[]
i=1255[]
i=1256[]
i=1257[]
i=1258[]
i=1259[]
i=1260[]
i=1261[]
i=1262[]
i=1263[]
i=1264[]
i=1265[]
i=1266[]
i=1267[]
i=1268[]
i=1269[]
i=1270[]
i=1271[]
i=1272[]
i=1273[]
i=1274[]
i=1275[]
i=1276[]
i=1277[]
i=1278[]
i=1279[]
i=1280[]
i=1281[]
i=1282[]
i=1283[]
i=1284[]
i=1285[]
i=1286[]
i=1287[]
i=1288[]
i=1289[]
i=1290[]
i=1291[]
i=1292[]
i=1293[]
i=1294[]
i=1295[]
i=1296[]
i=1297[]
i=1298[]
i=1299[]
i=1300[]
i=1301[]
i=1302[]
i=1303[]
i=1304[]
i=1305[]
i=1306[]
i=1307[]
i=1308[]
i=1309[]
i=1310[]
i=1311[]
i=1312[]
i=1313[]
i=1314[]
i=1315[]
i=1316[]
i=1317[]
i=1318[]
i=1319[]
i=1320[]
i=1321[]
i=1322[]
i=1323[]
i=1324[]
i=1325[]
i=1326[]
i=1327[]
i=1328[]
i=1329[]
i=1330[]
i=1331[]
i=1332[]
i=1333[]
i=1334[]
i=1335[]
i=1336[]
i=1337[]
i=1338[]
i=1339[]
i=1340[]
i=1341[]
i=1342[]
i=1343[]
i=1344[]
i=1345[]
i=1346[]
i=1347[]
i=1348[]
i=1349[]
i=1350[]
i=1351[]
i=1352[]
i=1353[]
i=1354[]
i=1355[]
i=1356[]
i=1357[]
i=1358[]
i=1359[]
i=1360[]
i=1361[]
i=1362[]
i=1363[]
i=1364[]
i=1365[]
i=1366[]
i=1367[]
i=1368[]
i=1369[]
i=1370[]
i=1371[]
i=1372[]
i=1373[]
i=1374[]
i=1375[]
i=1376[]
i=1377[]
i=1378[]
i=1379[]
i=1380[]
i=1381[]
i=1382[]
i=1383[]
i=1384[]
i=1385[]
i=1386[]
i=1387[]
i=1388[]
i=1389[]
i=1390[]
i=1391[]
i=1392[]
i=1393[]
i=1394[]
i=1395[]
i=1396[]
i=1397[]
i=1398[]
i=1399[]
i=1400[]
i=1401[]
i=1402[]
i=1403[]
i=1404[]
i=1405[]
i=1406[]
i=1407[]
i=1408[]
i=1409[]
i=1410[]
i=1411[]
i=1412[]
i=1413[]
i=1414[]
i=1415[]
i=1416[]
i=1417[]
i=1418[]
i=1419[]
i=1420[]
i=1421[]
i=1422[]
i=1423[]
i=1424[]
i=1425[]
i=1426[]
i=1427[]
i=1428[]
i=1429[]
i=1430[]
i=1431[]
i=1432[]
i=1433[]
i=1434[]
i=1435[]
i=1436[]
i=1437[]
i=1438[]
i=1439[]
i=1440[]
i=1441[]
i=1442[]
i=1443[]
i=1444[]
i=1445[]
i=1446[]
i=1447[]
i=1448[]
i=1449[]
i=1450[]
i=1451[]
i=1452[]
i=1453[]
i=1454[]
i=1455[]
i=1456[]
i=1457[]
i=1458[]
i=1459[]
i=1460[]
i=1461[]
i=1462[]
i=1463[]
i=1464[]
i=1465[]
i=1466[]
i=1467[]
i=1468[]
i=1469[]
i=1470[]
i=1471[]
i=1472[]
i=1473[]
i=1474[]
i=1475[]
i=1476[]
i=1477[]
i=1478[]
i=1479[]
i=1480[]
i=1481[]
i=1482[]
i=1483[]
i=1484[]
i=1485[]
i=1486[]
i=1487[]
i=1488[]
i=1489[]
i=1490[]
i=1491[]
i=1492[]
i=1493[]
i=1494[]
i=1495[]
i=1496[]
i=1497[]
i=1498[]
i=1499[]
i=1500[]
i=1501[]
i=1502[]
i=1503[]
i=1504[]
i=1505[]
i=1506[]
i=1507[]
i=1508[]
i=1509[]
i=1510[]
i=1511[]
i=1512[]
i=1513[]
i=1514[]
i=1515[]
i=1516[]
i=1517[]
i=1518[]
i=1519[]
i=1520[]
i=1521[]
i=1522[]
i=1523[]
i=1524[]
i=1525[]
i=1526[]
i=1527[]
i=1528[]
i=1529[]
i=1530[]
i=1531[]
i=1532[]
i=1533[]
i=1534[]
i=1535[]
i=1536[]
i=1537[]
i=1538[]
i=1539[]
i=1540[]
i=1541[]
i=1542[]
i=1543[]
i=1544[]
i=1545[]
i=1546[]
i=1547[]
i=1548[]
i=1549[]
i=1550[]
i=1551[]
i=1552[]
i=1553[]
i=1554[]
i=1555[]
i=1556[]
i=1557[]
i=1558[]
i=1559[]
i=1560[]
i=1561[]
i=1562[]
i=1563[]
i=1564[]
i=1565[]
i=1566[]
i=1567[]
i=1568[]
i=1569[]
i=1570[]
i=1571[]
i=1572[]
i=1573[]
i=1574[]
i=1575[]
i=1576[]
i=1577[]
i=1578[]
i=1579[]
i=1580[]
i=1581[]
i=1582[]
i=1583[]
i=1584[]
i=1585[]
i=1586[]
i=1587[]
i=1588[]
i=1589[]
i=1590[]
i=1591[]
i=1592[]
i=1593[]
i=1594[]
i=1595[]
i=1596[]
i=1597[]
i=1598[]
i=1599[]
i=1600[]
i=1601[]
i=1602[]
i=1603[]
i=1604[]
i=1605[]
i=1606[]
i=1607[]
i=1608[]
i=1609[]
i=1610[]
i=1611[]
i=1612[]
i=1613[]
i=1614[]
i=1615[]
i=1616[]
i=1617[]
i=1618[]
i=1619[]
i=1620[]
i=1621[]
i=1622[]
i=1623[]
i=1624[]
i=1625[]
i=1626[]
i=1627[]
i=1628[]
i=1629[]
i=1630[]
i=1631[]
i=1632[]
i=1633[]
i=1634[]
i=1635[]
i=1636[]
i=1637[]
i=1638[]
i=1639[]
i=1640[]
i=1641[]
i=1642[]
i=1643[]
i=1644[]
i=1645[]
i=1646[]
i=1647[]
i=1648[]
i=1649[]
i=1650[]
i=1651[]
i=1652[]
i=1653[]
i=1654[]
i=1655[]
i=1656[]
i=1657[]
i=1658[]
i=1659[]
i=1660[]
i=1661[]
i=1662[]
i=1663[]
i=1664[]
i=1665[]
i=1666[]
i=1667[]
i=1668[]
i=1669[]
i=1670[]
i=1671[]
i=1672[]
i=1673[]
i=1674[]
i=1675[]
i=1676[]
i=1677[]
i=1678[]
i=1679[]
i=1680[]
i=1681[]
i=1682[]
i=1683[]
i=1684[]
i=1685[]
i=1686[]
i=1687[]
i=1688[]
i=1689[]
i=1690[]
i=1691[]
i=1692[]
i=1693[]
i=1694[]
i=1695[]
i=1696[]
i=1697[]
i=1698[]
i=1699[]
i=1700[]
i=1701[]
i=1702[]
i=1703[]
i=1704[]
i=1705[]
i=1706[]
i=1707[]
i=1708[]
i=1709[]
i=1710[]
i=1711[]
i=1712[]
i=1713[]
i=1714[]
i=1715[]
i=1716[]
i=1717[]
i=1718[]
i=1719[]
i=1720[]
i=1721[]
i=1722[]
i=1723[]
i=1724[]
i=1725[]
i=1726[]
i=1727[]
i=1728[]
i=1729[]
i=1730[]
i=1731[]
i=1732[]
i=1733[]
i=1734[]
i=1735[]
i=1736[]
i=1737[]
i=1738[]
i=1739[]
i=1740[]
i=1741[]
i=1742[]
i=1743[]
i=1744[]
i=1745[]
i=1746[]
i=1747[]
i=1748[]
i=1749[]
i=1750[]
i=1751[]
i=1752[]
i=1753[]
i=1754[]
i=1755[]
i=1756[]
i=1757[]
i=1758[]
i=1759[]
i=1760[]
i=1761[]
i=1762[]
i=1763[]
i=1764[]
i=1765[]
i=1766[]
i=1767[]
i=1768[]
i=1769[]
i=1770[]
i=1771[]
i=1772[]
i=1773[]
i=1774[]
i=1775[]
i=1776[]
i=1777[]
i=1778[]
i=1779[]
i=1780[]
i=1781[]
i=1782[]
i=1783[]
i=1784[]
i=1785[]
i=1786[]
i=1787[]
i=1788[]
i=1789[]
i=1790[]
i=1791[]
i=1792[]
i=1793[]
i=1794[]
i=1795[]
i=1796[]
i=1797[]
i=1798[]
i=1799[]
i=1800[]
i=1801[]
i=1802[]
i=1803[]
i=1804[]
i=1805[]
i=1806[]
i=1807[]
i=1808[]
i=1809[]
i=1810[]
i=1811[]
i=1812[]
i=1813[]
i=1814[]
i=1815[]
i=1816[]
i=1817[]
i=1818[]
i=1819[]
i=1820[]
i=1821[]
i=1822[]
i=1823[]
i=1824[]
i=1825[]
i=1826[]
i=1827[]
i=1828[]
i=1829[]
i=1830[]
i=1831[]
i=1832[]
i=1833[]
i=1834[]
i=1835[]
i=1836[]
i=1837[]
i=1838[]
i=1839[]
i=1840[]
i=1841[]
i=1842[]
i=1843[]
i=1844[]
i=1845[]
i=1846[]
i=1847[]
i=1848[]
i=1849[]
i=1850[]
i=1851[]
i=1852[]
i=1853[]
i=1854[]
i=1855[]
i=1856[]
i=1857[]
i=1858[]
i=1859[]
i=1860[]
i=1861[]
i=1862[]
i=1863[]
i=1864[]
i=1865[]
i=1866[]
i=1867[]
i=1868[]
i=1869[]
i=1870[]
i=1871[]
i=1872[]
i=1873[]
i=1874[]
i=1875[]
i=1876[]
i=1877[]
i=1878[]
i=1879[]
i=1880[]
i=1881[]
i=1882[]
i=1883[]
i=1884[]
i=1885[]
i=1886[]
i=1887[]
i=1888[]
i=1889[]
i=1890[]
i=1891[]
i=1892[]
i=1893[]
i=1894[]
i=1895[]
i=1896[]
i=1897[]
i=1898[]
i=1899[]
i=1900[]
i=1901[]
i=1902[]
i=1903[]
i=1904[]
i=1905[]
i=1906[]
i=1907[]
i=1908[]
i=1909[]
i=1910[]
i=1911[]
i=1912[]
i=1913[]
i=1914[]
i=1915[]
i=1916[]
i=1917[]
i=1918[]
i=1919[]
i=1920[]
i=1921[]
i=1922[]
i=1923[]
i=1924[]
i=1925[]
i=1926[]
i=1927[]
i=1928[]
i=1929[]
i=1930[]
i=1931[]
i=1932[]
i=1933[]
i=1934[]
i=1935[]
i=1936[]
i=1937[]
i=1938[]
i=1939[]
i=1940[]
i=1941[]
i=1942[]
i=1943[]
i=1944[]
i=1945[]
i=1946[]
i=1947[]
i=1948[]
i=1949[]
i=1950[]
i=1951[]
i=1952[]
i=1953[]
i=1954[]
i=1955[]
i=1956[]
i=1957[]
i=1958[]
i=1959[]
i=1960[]
i=1961[]
i=1962[]
i=1963[]
i=1964[]
i=1965[]
i=1966[]
i=1967[]
i=1968[]
i=1969[]
i=1970[]
i=1971[]
i=1972[]
i=1973[]
i=1974[]
i=1975[]
i=1976[]
i=1977[]
i=1978[]
i=1979[]
i=1980[]
i=1981[]
i=1982[]
i=1983[]
i=1984[]
i=1985[]
i=1986[]
i=1987[]
i=1988[]
i=1989[]
i=1990[]
i=1991[]
i=1992[]
i=1993[]
i=1994[]
i=1995[]
i=1996[]
i=1997[]
i=1998[]
i=1999[]
i=2000[]
i=2001[]
i=2002[]
i=2003[]
i=2004[]
i=2005[]
i=2006[]
i=2007[]
i=2008[]
i=2009[]
i=2010[]
i=2011[]
i=2012[]
i=2013[]
i=2014[]
i=2015[]
i=2016[]
i=2017[]
i=2018[]
i=2019[]
i=2020[]
i=2021[]
i=2022[]
i=2023[]
i=2024[]
i=2025[]
i=2026[]
i=2027[]
i=2028[]
i=2029[]
i=2030[]
i=2031[]
i=2032[]
i=2033[]
i=2034[]
i=2035[]
i=2036[]
i=2037[]
i=2038[]
i=2039[]
i=2040[]
i=2041[]
i=2042[]
i=2043[]
i=2044[]
i=2045[]
i=2046[]
i=2047[]
i=2048[]
i=2049[]
i=2050[]
i=2051[]
i=2052[]
i=2053[]
i=2054[]
i=2055[]
i=2056[]
i=2057[]
i=2058[]
i=2059[]
i=2060[]
i=2061[]
i=2062[]
i=2063[]
i=2064[]
i=2065[]
i=2066[]
i=2067[]
i=2068[]
i=2069[]
i=2070[]
i=2071[]
i=2072[]
i=2073[]
i=2074[]
i=2075[]
i=2076[]
i=2077[]
i=2078[]
i=2079[]
i=2080[]
i=2081[]
i=2082[]
i=2083[]
i=2084[]
i=2085[]
i=2086[]
i=2087[]
i=2088[]
i=2089[]
i=2090[]
i=2091[]
i=2092[]
i=2093[]
i=2094[]
i=2095[]
i=2096[]
i=2097[]
i=2098[]
i=2099[]
i=2100[]
i=2101[]
i=2102[]
i=2103[]
i=2104[]
i=2105[]
i=2106[]
i=2107[]
i=2108[]
i=2109[]
i=2110[]
i=2111[]
i=2112[]
i=2113[]
i=2114[]
i=2115[]
i=2116[]
i=2117[]
i=2118[]
i=2119[]
i=2120[]
i=2121[]
i=2122[]
i=2123[]
i=2124[]
i=2125[]
i=2126[]
i=2127[]
i=2128[]
i=2129[]
i=2130[]
i=2131[]
i=2132[]
i=2133[]
i=2134[]
i=2135[]
i=2136[]
i=2137[]
i=2138[]
i=2139[]
i=2140[]
i=2141[]
i=2142[]
i=2143[]
i=2144[]
i=2145[]
i=2146[]
i=2147[]
i=2148[]
i=2149[]
i=2150[]
i=2151[]
i=2152[]
i=2153[]
i=2154[]
i=2155[]
i=2156[]
i=2157[]
i=2158[]
i=2159[]
i=2160[]
i=2161[]
i=2162[]
i=2163[]
i=2164[]
i=2165[]
i=2166[]
i=2167[]
i=2168[]
i=2169[]
i=2170[]
i=2171[]
i=2172[]
i=2173[]
i=2174[]
i=2175[]
i=2176[]
i=2177[]
i=2178[]
i=2179[]
i=2180[]
i=2181[]
i=2182[]
i=2183[]
i=2184[]
i=2185[]
i=2186[]
i=2187[]
i=2188[]
i=2189[]
i=2190[]
i=2191[]
i=2192[]
i=2193[]
i=2194[]
i=2195[]
i=2196[]
i=2197[]
i=2198[]
i=2199[]
i=2200[]
i=2201[]
i=2202[]
i=2203[]
i=2204[]
i=2205[]
i=2206[]
i=2207[]
i=2208[]
i=2209[]
i=2210[]
i=2211[]
i=2212[]
i=2213[]
i=2214[]
i=2215[]
i=2216[]
i=2217[]
i=2218[]
i=2219[]
i=2220[]
i=2221[]
i=2222[]
i=2223[]
i=2224[]
i=2225[]
i=2226[]
i=2227[]
i=2228[]
i=2229[]
i=2230[]
i=2231[]
i=2232[]
i=2233[]
i=2234[]
i=2235[]
i=2236[]
i=2237[]
i=2238[]
i=2239[]
i=2240[]
i=2241[]
i=2242[]
i=2243[]
i=2244[]
i=2245[]
i=2246[]
i=2247[]
i=2248[]
i=2249[]
i=2250[]
i=2251[]
i=2252[]
i=2253[]
i=2254[]
i=2255[]
i=2256[]
i=2257[]
i=2258[]
i=2259[]
i=2260[]
i=2261[]
i=2262[]
i=2263[]
i=2264[]
i=2265[]
i=2266[]
i=2267[]
i=2268[]
i=2269[]
i=2270[]
i=2271[]
i=2272[]
i=2273[]
i=2274[]
i=2275[]
i=2276[]
i=2277[]
i=2278[]
i=2279[]
i=2280[]
i=2281[]
i=2282[]
i=2283[]
i=2284[]
i=2285[]
i=2286[]
i=2287[]
i=2288[]
i=2289[]
i=2290[]
i=2291[]
i=2292[]
i=2293[]
i=2294[]
i=2295[]
i=2296[]
i=2297[]
i=2298[]
i=2299[]
i=2300[]
i=2301[]
i=2302[]
i=2303[]
i=2304[]
i=2305[]
i=2306[]
i=2307[]
i=2308[]
i=2309[]
i=2310[]
i=2311[]
i=2312[]
i=2313[]
i=2314[]
i=2315[]
i=2316[]
i=2317[]
i=2318[]
i=2319[]
i=2320[]
i=2321[]
i=2322[]
i=2323[]
i=2324[]
i=2325[]
i=2326[]
i=2327[]
i=2328[]
i=2329[]
i=2330[]
i=2331[]
i=2332[]
i=2333[]
i=2334[]
i=2335[]
i=2336[]
i=2337[]
i=2338[]
i=2339[]
i=2340[]
i=2341[]
i=2342[]
i=2343[]
i=2344[]
i=2345[]
i=2346[]
i=2347[]
i=2348[]
i=2349[]
i=2350[]
i=2351[]
i=2352[]
i=2353[]
i=2354[]
i=2355[]
i=2356[]
i=2357[]
i=2358[]
i=2359[]
i=2360[]
i=2361[]
i=2362[]
i=2363[]
i=2364[]
i=2365[]
i=2366[]
i=2367[]
i=2368[]
i=2369[]
i=2370[]
i=2371[]
i=2372[]
i=2373[]
i=2374[]
i=2375[]
i=2376[]
i=2377[]
i=2378[]
i=2379[]
i=2380[]
i=2381[]
i=2382[]
i=2383[]
i=2384[]
i=2385[]
i=2386[]
i=2387[]
i=2388[]
i=2389[]
i=2390[]
i=2391[]
i=2392[]
i=2393[]
i=2394[]
i=2395[]
i=2396[]
i=2397[]
i=2398[]
i=2399[]
i=2400[]
i=2401[]
i=2402[]
i=2403[]
i=2404[]
i=2405[]
i=2406[]
i=2407[]
i=2408[]
i=2409[]
i=2410[]
i=2411[]
i=2412[]
i=2413[]
i=2414[]
i=2415[]
i=2416[]
i=2417[128,128,]
i=2418[]
i=2419[]
i=2420[]
i=2421[128,128,]
i=2422[]
i=2423[]
i=2424[]
i=2425[]
i=2426[]
i=2427[]
i=2428[]
i=2429[128,128,]
i=2430[]
i=2431[]
i=2432[]
i=2433[128,128,128,]
i=2434[]
i=2435[]
i=2436[]
i=2437[]
i=2438[]
i=2439[]
i=2440[]
i=2441[]
i=2442[]
i=2443[]
i=2444[]
i=2445[]
i=2446[]
i=2447[]
i=2448[]
i=2449[]
i=2450[]
i=2451[]
i=2452[]
i=2453[]
i=2454[]
i=2455[]
i=2456[]
i=2457[]
i=2458[]
i=2459[]
i=2460[]
i=2461[]
i=2462[]
i=2463[]
i=2464[]
i=2465[]
i=2466[]
i=2467[]
i=2468[]
i=2469[]
i=2470[]
i=2471[]
i=2472[]
i=2473[]
i=2474[]
i=2475[]
i=2476[]
i=2477[]
i=2478[]
i=2479[]
i=2480[]
i=2481[]
i=2482[]
i=2483[]
i=2484[]
i=2485[]
i=2486[]
i=2487[]
i=2488[]
i=2489[]
i=2490[]
i=2491[]
i=2492[]
i=2493[]
i=2494[]
i=2495[]
i=2496[]
i=2497[]
i=2498[]
i=2499[]
i=2500[]
i=2501[]
i=2502[]
i=2503[]
i=2504[]
i=2505[]
i=2506[]
i=2507[]
i=2508[]
i=2509[]
i=2510[]
i=2511[]
i=2512[]
i=2513[]
i=2514[]
i=2515[]
i=2516[]
i=2517[]
i=2518[]
i=2519[]
i=2520[]
i=2521[]
i=2522[]
i=2523[]
i=2524[]
i=2525[]
i=2526[]
i=2527[]
i=2528[]
i=2529[]
i=2530[]
i=2531[]
i=2532[]
i=2533[]
i=2534[]
i=2535[]
i=2536[]
i=2537[]
i=2538[]
i=2539[]
i=2540[]
i=2541[]
i=2542[]
i=2543[]
i=2544[]
i=2545[]
i=2546[]
i=2547[]
i=2548[]
i=2549[]
i=2550[]
i=2551[]
i=2552[]
i=2553[]
i=2554[]
i=2555[]
i=2556[]
i=2557[]
i=2558[]
i=2559[]
i=2560[]
i=2561[]
i=2562[]
i=2563[]
i=2564[]
i=2565[]
i=2566[]
i=2567[]
i=2568[]
i=2569[]
i=2570[]
i=2571[]
i=2572[]
i=2573[]
i=2574[]
i=2575[]
i=2576[]
i=2577[]
i=2578[]
i=2579[]
i=2580[]
i=2581[]
i=2582[]
i=2583[]
i=2584[]
i=2585[]
i=2586[]
i=2587[]
i=2588[]
i=2589[]
i=2590[]
i=2591[]
i=2592[]
i=2593[]
i=2594[]
i=2595[]
i=2596[]
i=2597[]
i=2598[]
i=2599[]
i=2600[]
i=2601[]
i=2602[]
i=2603[]
i=2604[]
i=2605[]
i=2606[]
i=2607[]
i=2608[]
i=2609[]
i=2610[]
i=2611[]
i=2612[]
i=2613[]
i=2614[]
i=2615[]
i=2616[]
i=2617[]
i=2618[]
i=2619[]
i=2620[]
i=2621[]
i=2622[]
i=2623[]
i=2624[]
i=2625[]
i=2626[]
i=2627[]
i=2628[]
i=2629[]
i=2630[]
i=2631[]
i=2632[]
i=2633[]
i=2634[]
i=2635[]
i=2636[]
i=2637[]
i=2638[]
i=2639[]
i=2640[]
i=2641[]
i=2642[]
i=2643[]
i=2644[]
i=2645[]
i=2646[]
i=2647[]
i=2648[]
i=2649[]
i=2650[]
i=2651[]
i=2652[]
i=2653[]
i=2654[]
i=2655[]
i=2656[]
i=2657[]
i=2658[]
i=2659[]
i=2660[]
i=2661[]
i=2662[]
i=2663[]
i=2664[]
i=2665[]
i=2666[]
i=2667[]
i=2668[]
i=2669[]
i=2670[]
i=2671[]
i=2672[]
i=2673[]
i=2674[]
i=2675[]
i=2676[]
i=2677[]
i=2678[]
i=2679[]
i=2680[]
i=2681[]
i=2682[]
i=2683[]
i=2684[]
i=2685[]
i=2686[]
i=2687[]
i=2688[]
i=2689[]
i=2690[]
i=2691[]
i=2692[]
i=2693[]
i=2694[]
i=2695[]
i=2696[]
i=2697[]
i=2698[]
i=2699[]
i=2700[]
i=2701[]
i=2702[]
i=2703[]
i=2704[]
i=2705[]
i=2706[]
i=2707[]
i=2708[]
i=2709[]
i=2710[]
i=2711[]
i=2712[]
i=2713[]
i=2714[]
i=2715[]
i=2716[]
i=2717[]
i=2718[]
i=2719[]
i=2720[]
i=2721[]
i=2722[]
i=2723[]
i=2724[]
i=2725[]
i=2726[]
i=2727[]
i=2728[]
i=2729[]
i=2730[]
i=2731[]
i=2732[]
i=2733[]
i=2734[]
i=2735[]
i=2736[]
i=2737[]
i=2738[]
i=2739[]
i=2740[]
i=2741[]
i=2742[]
i=2743[]
i=2744[]
i=2745[]
i=2746[]
i=2747[]
i=2748[]
i=2749[]
i=2750[]
i=2751[]
i=2752[]
i=2753[]
i=2754[]
i=2755[]
i=2756[]
i=2757[]
i=2758[]
i=2759[]
i=2760[]
i=2761[]
i=2762[]
i=2763[]
i=2764[]
i=2765[]
i=2766[]
i=2767[]
i=2768[]
i=2769[]
i=2770[]
i=2771[]
i=2772[]
i=2773[]
i=2774[]
i=2775[]
i=2776[]
i=2777[]
i=2778[]
i=2779[]
i=2780[]
i=2781[]
i=2782[]
i=2783[]
i=2784[]
i=2785[]
i=2786[]
i=2787[]
i=2788[]
i=2789[]
i=2790[]
i=2791[]
i=2792[]
i=2793[]
i=2794[]
i=2795[]
i=2796[]
i=2797[]
i=2798[]
i=2799[]
i=2800[]
i=2801[]
i=2802[]
i=2803[]
i=2804[]
i=2805[]
i=2806[]
i=2807[]
i=2808[]
i=2809[]
i=2810[]
i=2811[]
i=2812[]
i=2813[]
i=2814[]
i=2815[]
i=2816[]
i=2817[]
i=2818[]
i=2819[]
i=2820[]
i=2821[]
i=2822[]
i=2823[]
i=2824[]
i=2825[]
i=2826[]
i=2827[]
i=2828[]
i=2829[]
i=2830[]
i=2831[]
i=2832[]
i=2833[]
i=2834[]
i=2835[]
i=2836[]
i=2837[]
i=2838[]
i=2839[]
i=2840[]
i=2841[]
i=2842[]
i=2843[]
i=2844[]
i=2845[]
i=2846[]
i=2847[]
i=2848[]
i=2849[]
i=2850[]
i=2851[]
i=2852[]
i=2853[]
i=2854[]
i=2855[]
i=2856[]
i=2857[]
i=2858[]
i=2859[]
i=2860[]
i=2861[]
i=2862[]
i=2863[]
i=2864[]
i=2865[]
i=2866[]
i=2867[]
i=2868[]
i=2869[]
i=2870[]
i=2871[]
i=2872[]
i=2873[]
i=2874[]
i=2875[]
i=2876[]
i=2877[]
i=2878[]
i=2879[]
i=2880[]
i=2881[]
i=2882[128,160,]
i=2883[]
i=2884[]
i=2885[]
i=2886[128,128,128,128,]
i=2887[]
i=2888[]
i=2889[]
i=2890[]
i=2891[]
i=2892[]
i=2893[]
i=2894[]
i=2895[]
i=2896[]
i=2897[]
i=2898[128,]
i=2899[]
i=2900[]
i=2901[]
i=2902[128,128,]
i=2903[]
i=2904[]
i=2905[]
i=2906[128,]
i=2907[]
i=2908[]
i=2909[]
i=2910[]
i=2911[]
i=2912[]
i=2913[]
i=2914[]
i=2915[]
i=2916[]
i=2917[]
i=2918[]
i=2919[]
i=2920[]
i=2921[]
i=2922[]
i=2923[]
i=2924[]
i=2925[]
i=2926[]
i=2927[]
i=2928[]
i=2929[]
i=2930[]
i=2931[]
i=2932[]
i=2933[]
i=2934[]
i=2935[]
i=2936[]
i=2937[]
i=2938[]
i=2939[]
i=2940[]
i=2941[]
i=2942[]
i=2943[]
i=2944[]
i=2945[]
i=2946[]
i=2947[]
i=2948[]
i=2949[]
i=2950[]
i=2951[]
i=2952[]
i=2953[]
i=2954[]
i=2955[]
i=2956[]
i=2957[]
i=2958[]
i=2959[]
i=2960[]
i=2961[]
i=2962[]
i=2963[]
i=2964[]
i=2965[]
i=2966[]
i=2967[]
i=2968[]
i=2969[]
i=2970[]
i=2971[]
i=2972[]
i=2973[]
i=2974[]
i=2975[]
i=2976[]
i=2977[]
i=2978[]
i=2979[]
i=2980[]
i=2981[]
i=2982[]
i=2983[]
i=2984[]
i=2985[]
i=2986[]
i=2987[]
i=2988[]
i=2989[]
i=2990[]
i=2991[]
i=2992[]
i=2993[]
i=2994[]
i=2995[]
i=2996[]
i=2997[]
i=2998[]
i=2999[]
i=3000[]
i=3001[]
i=3002[]
i=3003[]
i=3004[]
i=3005[]
i=3006[]
i=3007[]
i=3008[]
i=3009[]
i=3010[]
i=3011[]
i=3012[]
i=3013[]
i=3014[]
i=3015[]
i=3016[]
i=3017[]
i=3018[]
i=3019[]
i=3020[]
i=3021[]
i=3022[]
i=3023[]
i=3024[]
i=3025[]
i=3026[]
i=3027[]
i=3028[]
i=3029[]
i=3030[]
i=3031[]
i=3032[]
i=3033[]
i=3034[]
i=3035[]
i=3036[]
i=3037[]
i=3038[]
i=3039[]
i=3040[]
i=3041[]
i=3042[]
i=3043[]
i=3044[]
i=3045[]
i=3046[]
i=3047[]
i=3048[]
i=3049[]
i=3050[]
i=3051[]
i=3052[]
i=3053[]
i=3054[]
i=3055[]
i=3056[]
i=3057[]
i=3058[]
i=3059[]
i=3060[]
i=3061[]
i=3062[]
i=3063[]
i=3064[]
i=3065[128,128,128,]
i=3066[]
i=3067[]
i=3068[]
i=3069[128,128,128,]
i=3070[]
i=3071[]
i=3072[]
i=3073[128,128,]
i=3074[]
i=3075[]
i=3076[]
i=3077[]
i=3078[]
i=3079[]
i=3080[]
i=3081[]
i=3082[]
i=3083[]
i=3084[]
i=3085[]
i=3086[]
i=3087[]
i=3088[]
i=3089[]
i=3090[]
i=3091[]
i=3092[]
i=3093[]
i=3094[]
i=3095[]
i=3096[]
i=3097[]
i=3098[]
i=3099[]
i=3100[]
i=3101[]
i=3102[]
i=3103[]
i=3104[]
i=3105[]
i=3106[]
i=3107[]
i=3108[]
i=3109[]
i=3110[]
i=3111[]
i=3112[]
i=3113[]
i=3114[]
i=3115[]
i=3116[]
i=3117[]
i=3118[]
i=3119[]
i=3120[]
i=3121[]
i=3122[]
i=3123[]
i=3124[]
i=3125[]
i=3126[]
i=3127[]
i=3128[]
i=3129[]
i=3130[]
i=3131[]
i=3132[]
i=3133[]
i=3134[]
i=3135[]
i=3136[]
i=3137[]
i=3138[]
i=3139[]
i=3140[]
i=3141[]
i=3142[]
i=3143[]
i=3144[]
i=3145[]
i=3146[]
i=3147[]
i=3148[]
i=3149[]
i=3150[]
i=3151[]
i=3152[]
i=3153[]
i=3154[]
i=3155[]
i=3156[]
i=3157[]
i=3158[]
i=3159[]
i=3160[]
i=3161[]
i=3162[]
i=3163[]
i=3164[]
i=3165[]
i=3166[]
i=3167[]
i=3168[]
i=3169[]
i=3170[]
i=3171[]
i=3172[]
i=3173[]
i=3174[]
i=3175[]
i=3176[]
i=3177[]
i=3178[]
i=3179[]
i=3180[]
i=3181[]
i=3182[]
i=3183[]
i=3184[]
i=3185[]
i=3186[]
i=3187[]
i=3188[]
i=3189[]
i=3190[]
i=3191[]
i=3192[]
i=3193[]
i=3194[]
i=3195[]
i=3196[]
i=3197[]
i=3198[]
i=3199[]
i=3200[]
i=3201[]
i=3202[]
i=3203[]
i=3204[]
i=3205[]
i=3206[]
i=3207[]
i=3208[]
i=3209[]
i=3210[]
i=3211[]
i=3212[]
i=3213[]
i=3214[]
i=3215[]
i=3216[]
i=3217[]
i=3218[]
i=3219[]
i=3220[]
i=3221[]
i=3222[]
i=3223[]
i=3224[]
i=3225[]
i=3226[]
i=3227[]
i=3228[]
i=3229[]
i=3230[]
i=3231[]
i=3232[]
i=3233[]
i=3234[]
i=3235[]
i=3236[]
i=3237[]
i=3238[]
i=3239[]
i=3240[]
i=3241[]
i=3242[]
i=3243[]
i=3244[]
i=3245[]
i=3246[]
i=3247[]
i=3248[]
i=3249[128,128,]
i=3250[]
i=3251[]
i=3252[]
i=3253[]
i=3254[]
i=3255[]
i=3256[]
i=3257[128,128,]
i=3258[]
i=3259[]
i=3260[]
i=3261[128,128,144,]
i=3262[]
i=3263[]
i=3264[]
i=3265[128,200,]
i=3266[]
i=3267[]
i=3268[]
i=3269[]
i=3270[]
i=3271[]
i=3272[]
i=3273[]
i=3274[]
i=3275[]
i=3276[]
i=3277[]
i=3278[]
i=3279[]
i=3280[]
i=3281[]
i=3282[]
i=3283[]
i=3284[]
i=3285[]
i=3286[]
i=3287[]
i=3288[]
i=3289[]
i=3290[]
i=3291[]
i=3292[]
i=3293[]
i=3294[]
i=3295[]
i=3296[]
i=3297[]
i=3298[]
i=3299[]
i=3300[]
i=3301[]
i=3302[]
i=3303[]
i=3304[]
i=3305[]
i=3306[]
i=3307[]
i=3308[]
i=3309[]
i=3310[]
i=3311[]
i=3312[]
i=3313[]
i=3314[]
i=3315[]
i=3316[]
i=3317[]
i=3318[]
i=3319[]
i=3320[]
i=3321[]
i=3322[]
i=3323[]
i=3324[]
i=3325[]
i=3326[]
i=3327[]
i=3328[]
i=3329[]
i=3330[]
i=3331[]
i=3332[]
i=3333[]
i=3334[]
i=3335[]
i=3336[]
i=3337[]
i=3338[]
i=3339[]
i=3340[]
i=3341[128,]
i=3342[]
i=3343[]
i=3344[]
i=3345[128,128,]
i=3346[]
i=3347[]
i=3348[]
i=3349[128,128,]
i=3350[]
i=3351[]
i=3352[]
i=3353[128,]
i=3354[]
i=3355[]
i=3356[]
i=3357[128,128,]
i=3358[]
i=3359[]
i=3360[]
i=3361[224,224,]
i=3362[]
i=3363[]
i=3364[]
i=3365[]
i=3366[]
i=3367[]
i=3368[]
i=3369[]
i=3370[]
i=3371[]
i=3372[]
i=3373[]
i=3374[]
i=3375[]
i=3376[]
i=3377[]
i=3378[]
i=3379[]
i=3380[]
i=3381[]
i=3382[]
i=3383[]
i=3384[]
i=3385[]
i=3386[]
i=3387[]
i=3388[]
i=3389[]
i=3390[]
i=3391[]
i=3392[]
i=3393[]
i=3394[]
i=3395[]
i=3396[]
i=3397[]
i=3398[]
i=3399[]
i=3400[]
i=3401[]
i=3402[]
i=3403[]
i=3404[]
i=3405[]
i=3406[]
i=3407[]
i=3408[]
i=3409[]
i=3410[]
i=3411[]
i=3412[]
i=3413[]
i=3414[]
i=3415[]
i=3416[]
i=3417[]
i=3418[]
i=3419[]
i=3420[]
i=3421[]
i=3422[]
i=3423[]
i=3424[]
i=3425[]
i=3426[]
i=3427[]
i=3428[]
i=3429[]
i=3430[]
i=3431[]
i=3432[]
i=3433[]
i=3434[]
i=3435[]
i=3436[]
i=3437[]
i=3438[]
i=3439[]
i=3440[]
i=3441[]
i=3442[]
i=3443[]
i=3444[]
i=3445[]
i=3446[]
i=3447[]
i=3448[]
i=3449[]
i=3450[]
i=3451[]
i=3452[]
i=3453[]
i=3454[]
i=3455[]
i=3456[]
i=3457[]
i=3458[]
i=3459[]
i=3460[]
i=3461[]
i=3462[]
i=3463[]
i=3464[]
i=3465[]
i=3466[]
i=3467[]
i=3468[]
i=3469[]
i=3470[]
i=3471[]
i=3472[]
i=3473[]
i=3474[]
i=3475[]
i=3476[]
i=3477[]
i=3478[]
i=3479[]
i=3480[]
i=3481[]
i=3482[]
i=3483[]
i=3484[]
i=3485[]
i=3486[]
i=3487[]
i=3488[]
i=3489[]
i=3490[]
i=3491[]
i=3492[]
i=3493[]
i=3494[]
i=3495[]
i=3496[]
i=3497[]
i=3498[]
i=3499[]
i=3500[]
i=3501[]
i=3502[]
i=3503[]
i=3504[]
i=3505[]
i=3506[]
i=3507[]
i=3508[]
i=3509[]
i=3510[]
i=3511[]
i=3512[]
i=3513[]
i=3514[]
i=3515[]
i=3516[]
i=3517[]
i=3518[]
i=3519[]
i=3520[]
i=3521[]
i=3522[]
i=3523[]
i=3524[]
i=3525[]
i=3526[]
i=3527[]
i=3528[]
i=3529[]
i=3530[]
i=3531[]
i=3532[]
i=3533[]
i=3534[]
i=3535[]
i=3536[]
i=3537[]
i=3538[]
i=3539[]
i=3540[]
i=3541[]
i=3542[]
i=3543[]
i=3544[]
i=3545[]
i=3546[]
i=3547[]
i=3548[]
i=3549[]
i=3550[]
i=3551[]
i=3552[]
i=3553[]
i=3554[]
i=3555[]
i=3556[]
i=3557[]
i=3558[]
i=3559[]
i=3560[]
i=3561[]
i=3562[]
i=3563[]
i=3564[]
i=3565[]
i=3566[]
i=3567[]
i=3568[]
i=3569[]
i=3570[]
i=3571[]
i=3572[]
i=3573[]
i=3574[]
i=3575[]
i=3576[]
i=3577[]
i=3578[]
i=3579[]
i=3580[]
i=3581[]
i=3582[]
i=3583[]
i=3584[]
i=3585[]
i=3586[]
i=3587[]
i=3588[]
i=3589[]
i=3590[]
i=3591[]
i=3592[]
i=3593[]
i=3594[]
i=3595[]
i=3596[]
i=3597[]
i=3598[]
i=3599[]
i=3600[]
i=3601[]
i=3602[]
i=3603[]
i=3604[]
i=3605[]
i=3606[]
i=3607[]
i=3608[]
i=3609[]
i=3610[]
i=3611[]
i=3612[]
i=3613[]
i=3614[]
i=3615[]
i=3616[]
i=3617[]
i=3618[]
i=3619[]
i=3620[]
i=3621[]
i=3622[]
i=3623[]
i=3624[]
i=3625[]
i=3626[]
i=3627[]
i=3628[]
i=3629[]
i=3630[]
i=3631[]
i=3632[]
i=3633[]
i=3634[]
i=3635[]
i=3636[]
i=3637[]
i=3638[]
i=3639[]
i=3640[]
i=3641[]
i=3642[]
i=3643[]
i=3644[]
i=3645[]
i=3646[]
i=3647[]
i=3648[]
i=3649[]
i=3650[]
i=3651[]
i=3652[]
i=3653[]
i=3654[]
i=3655[]
i=3656[]
i=3657[]
i=3658[]
i=3659[]
i=3660[]
i=3661[]
i=3662[]
i=3663[]
i=3664[]
i=3665[]
i=3666[]
i=3667[]
i=3668[]
i=3669[]
i=3670[]
i=3671[]
i=3672[]
i=3673[]
i=3674[]
i=3675[]
i=3676[]
i=3677[]
i=3678[]
i=3679[]
i=3680[]
i=3681[]
i=3682[]
i=3683[]
i=3684[]
i=3685[]
i=3686[]
i=3687[]
i=3688[]
i=3689[]
i=3690[]
i=3691[]
i=3692[]
i=3693[]
i=3694[]
i=3695[]
i=3696[]
i=3697[]
i=3698[]
i=3699[]
i=3700[]
i=3701[]
i=3702[]
i=3703[]
i=3704[]
i=3705[]
i=3706[]
i=3707[]
i=3708[]
i=3709[]
i=3710[]
i=3711[]
i=3712[]
i=3713[]
i=3714[]
i=3715[]
i=3716[]
i=3717[]
i=3718[]
i=3719[]
i=3720[]
i=3721[]
i=3722[]
i=3723[]
i=3724[]
i=3725[]
i=3726[]
i=3727[]
i=3728[]
i=3729[]
i=3730[]
i=3731[]
i=3732[]
i=3733[]
i=3734[]
i=3735[]
i=3736[]
i=3737[]
i=3738[]
i=3739[]
i=3740[]
i=3741[]
i=3742[]
i=3743[]
i=3744[]
i=3745[]
i=3746[]
i=3747[]
i=3748[]
i=3749[]
i=3750[]
i=3751[]
i=3752[]
i=3753[]
i=3754[]
i=3755[]
i=3756[]
i=3757[]
i=3758[]
i=3759[]
i=3760[]
i=3761[]
i=3762[]
i=3763[]
i=3764[]
i=3765[]
i=3766[]
i=3767[]
i=3768[]
i=3769[]
i=3770[]
i=3771[]
i=3772[]
i=3773[]
i=3774[]
i=3775[]
i=3776[]
i=3777[]
i=3778[]
i=3779[]
i=3780[]
i=3781[]
i=3782[]
i=3783[]
i=3784[]
i=3785[]
i=3786[]
i=3787[]
i=3788[]
i=3789[]
i=3790[]
i=3791[]
i=3792[]
i=3793[]
i=3794[]
i=3795[]
i=3796[]
i=3797[]
i=3798[]
i=3799[]
i=3800[]
i=3801[]
i=3802[]
i=3803[]
i=3804[]
i=3805[]
i=3806[]
i=3807[]
i=3808[]
i=3809[]
i=3810[]
i=3811[]
i=3812[]
i=3813[]
i=3814[]
i=3815[]
i=3816[]
i=3817[]
i=3818[]
i=3819[]
i=3820[]
i=3821[]
i=3822[]
i=3823[]
i=3824[]
i=3825[]
i=3826[]
i=3827[]
i=3828[]
i=3829[]
i=3830[]
i=3831[]
i=3832[]
i=3833[]
i=3834[]
i=3835[]
i=3836[]
i=3837[]
i=3838[]
i=3839[]
i=3840[]
i=3841[]
i=3842[]
i=3843[]
i=3844[]
i=3845[]
i=3846[]
i=3847[]
i=3848[]
i=3849[]
i=3850[]
i=3851[]
i=3852[]
i=3853[]
i=3854[]
i=3855[]
i=3856[]
i=3857[]
i=3858[]
i=3859[]
i=3860[]
i=3861[]
i=3862[]
i=3863[]
i=3864[]
i=3865[]
i=3866[]
i=3867[]
i=3868[]
i=3869[]
i=3870[]
i=3871[]
i=3872[]
i=3873[]
i=3874[]
i=3875[]
i=3876[]
i=3877[]
i=3878[]
i=3879[]
i=3880[]
i=3881[]
i=3882[]
i=3883[]
i=3884[]
i=3885[]
i=3886[]
i=3887[]
i=3888[]
i=3889[]
i=3890[]
i=3891[]
i=3892[]
i=3893[]
i=3894[]
i=3895[]
i=3896[]
i=3897[]
i=3898[]
i=3899[]
i=3900[]
i=3901[]
i=3902[]
i=3903[]
i=3904[]
i=3905[]
i=3906[]
i=3907[]
i=3908[]
i=3909[]
i=3910[]
i=3911[]
i=3912[]
i=3913[]
i=3914[]
i=3915[]
i=3916[]
i=3917[]
i=3918[]
i=3919[]
i=3920[]
i=3921[]
i=3922[]
i=3923[]
i=3924[]
i=3925[]
i=3926[]
i=3927[]
i=3928[]
i=3929[]
i=3930[]
i=3931[]
i=3932[]
i=3933[]
i=3934[]
i=3935[]
i=3936[]
i=3937[]
i=3938[]
i=3939[]
i=3940[]
i=3941[]
i=3942[]
i=3943[]
i=3944[]
i=3945[]
i=3946[]
i=3947[]
i=3948[]
i=3949[]
i=3950[]
i=3951[]
i=3952[]
i=3953[]
i=3954[]
i=3955[]
i=3956[]
i=3957[]
i=3958[]
i=3959[]
i=3960[]
i=3961[]
i=3962[]
i=3963[]
i=3964[]
i=3965[]
i=3966[]
i=3967[]
i=3968[]
i=3969[]
i=3970[]
i=3971[]
i=3972[]
i=3973[]
i=3974[]
i=3975[]
i=3976[]
i=3977[]
i=3978[]
i=3979[]
i=3980[]
i=3981[]
i=3982[]
i=3983[]
i=3984[]
i=3985[]
i=3986[]
i=3987[]
i=3988[]
i=3989[]
i=3990[]
i=3991[]
i=3992[]
i=3993[]
i=3994[]
i=3995[]
i=3996[]
i=3997[]
i=3998[]
i=3999[]
]
filename=testimage/orion_17.jpg
convert s/f status=0
iSum status=0
cudaerr=0
Filter status=0
Maxidx8u status=0
totalwidth=3396,4749
diff=51,-310
Am I now
outboundupper x=2217,y=4342
outboundlower x=-51,y=310
newsize=3447,4749
newimage width=3447, height=4749
offsetposition=51,0
eresult=0
newimage width=3447, height=4749
offsetposition=51,0
eresult=0
newimage width=3447, height=4749
offsetposition=51,0
eresult=0
newimage width=3447, height=4749
offsetposition=51,0
eresult=0
newimage width=3447, height=4749
offsetposition=51,0
eresult=0
anothergo0
test
Last test bis
test
3447,4749
filename=testimage/orion_17.jpg
[i=1000[]
i=1001[]
i=1002[]
i=1003[]
i=1004[]
i=1005[]
i=1006[]
i=1007[]
i=1008[]
i=1009[]
i=1010[]
i=1011[]
i=1012[]
i=1013[]
i=1014[]
i=1015[]
i=1016[]
i=1017[]
i=1018[]
i=1019[]
i=1020[]
i=1021[]
i=1022[]
i=1023[]
i=1024[]
i=1025[]
i=1026[]
i=1027[]
i=1028[]
i=1029[]
i=1030[]
i=1031[]
i=1032[]
i=1033[]
i=1034[]
i=1035[]
i=1036[]
i=1037[]
i=1038[]
i=1039[]
i=1040[]
i=1041[]
i=1042[]
i=1043[]
i=1044[]
i=1045[]
i=1046[]
i=1047[]
i=1048[]
i=1049[]
i=1050[]
i=1051[]
i=1052[]
i=1053[]
i=1054[]
i=1055[]
i=1056[]
i=1057[]
i=1058[]
i=1059[]
i=1060[]
i=1061[]
i=1062[]
i=1063[]
i=1064[]
i=1065[]
i=1066[]
i=1067[]
i=1068[]
i=1069[]
i=1070[]
i=1071[]
i=1072[]
i=1073[]
i=1074[]
i=1075[]
i=1076[]
i=1077[]
i=1078[]
i=1079[]
i=1080[]
i=1081[]
i=1082[]
i=1083[]
i=1084[]
i=1085[]
i=1086[]
i=1087[]
i=1088[]
i=1089[]
i=1090[]
i=1091[]
i=1092[]
i=1093[]
i=1094[]
i=1095[]
i=1096[]
i=1097[]
i=1098[]
i=1099[]
i=1100[]
i=1101[]
i=1102[]
i=1103[]
i=1104[]
i=1105[]
i=1106[]
i=1107[]
i=1108[]
i=1109[]
i=1110[]
i=1111[]
i=1112[]
i=1113[]
i=1114[]
i=1115[]
i=1116[]
i=1117[]
i=1118[]
i=1119[]
i=1120[]
i=1121[]
i=1122[]
i=1123[]
i=1124[]
i=1125[]
i=1126[]
i=1127[]
i=1128[]
i=1129[]
i=1130[]
i=1131[]
i=1132[]
i=1133[]
i=1134[]
i=1135[]
i=1136[]
i=1137[]
i=1138[]
i=1139[]
i=1140[]
i=1141[]
i=1142[]
i=1143[]
i=1144[]
i=1145[]
i=1146[]
i=1147[]
i=1148[]
i=1149[]
i=1150[]
i=1151[]
i=1152[]
i=1153[]
i=1154[]
i=1155[]
i=1156[]
i=1157[]
i=1158[]
i=1159[]
i=1160[]
i=1161[]
i=1162[]
i=1163[]
i=1164[]
i=1165[]
i=1166[]
i=1167[]
i=1168[]
i=1169[]
i=1170[]
i=1171[]
i=1172[]
i=1173[]
i=1174[]
i=1175[]
i=1176[]
i=1177[]
i=1178[]
i=1179[]
i=1180[]
i=1181[]
i=1182[]
i=1183[]
i=1184[]
i=1185[]
i=1186[]
i=1187[]
i=1188[]
i=1189[]
i=1190[]
i=1191[]
i=1192[]
i=1193[]
i=1194[]
i=1195[]
i=1196[]
i=1197[]
i=1198[]
i=1199[]
i=1200[]
i=1201[]
i=1202[]
i=1203[]
i=1204[]
i=1205[]
i=1206[]
i=1207[]
i=1208[]
i=1209[]
i=1210[]
i=1211[]
i=1212[]
i=1213[]
i=1214[]
i=1215[]
i=1216[]
i=1217[]
i=1218[]
i=1219[]
i=1220[]
i=1221[]
i=1222[]
i=1223[]
i=1224[]
i=1225[]
i=1226[]
i=1227[]
i=1228[]
i=1229[]
i=1230[]
i=1231[]
i=1232[]
i=1233[]
i=1234[]
i=1235[]
i=1236[]
i=1237[]
i=1238[]
i=1239[]
i=1240[]
i=1241[]
i=1242[]
i=1243[]
i=1244[]
i=1245[]
i=1246[]
i=1247[]
i=1248[]
i=1249[]
i=1250[]
i=1251[]
i=1252[]
i=1253[]
i=1254[]
i=1255[]
i=1256[]
i=1257[]
i=1258[]
i=1259[]
i=1260[]
i=1261[]
i=1262[]
i=1263[]
i=1264[]
i=1265[]
i=1266[]
i=1267[]
i=1268[]
i=1269[]
i=1270[]
i=1271[]
i=1272[]
i=1273[]
i=1274[]
i=1275[]
i=1276[]
i=1277[]
i=1278[]
i=1279[]
i=1280[]
i=1281[]
i=1282[]
i=1283[]
i=1284[]
i=1285[]
i=1286[]
i=1287[]
i=1288[]
i=1289[]
i=1290[]
i=1291[]
i=1292[]
i=1293[]
i=1294[]
i=1295[]
i=1296[]
i=1297[]
i=1298[]
i=1299[]
i=1300[]
i=1301[]
i=1302[]
i=1303[]
i=1304[]
i=1305[]
i=1306[]
i=1307[]
i=1308[]
i=1309[]
i=1310[]
i=1311[]
i=1312[]
i=1313[]
i=1314[]
i=1315[]
i=1316[]
i=1317[]
i=1318[]
i=1319[]
i=1320[]
i=1321[]
i=1322[]
i=1323[]
i=1324[]
i=1325[]
i=1326[]
i=1327[]
i=1328[]
i=1329[]
i=1330[]
i=1331[]
i=1332[]
i=1333[]
i=1334[]
i=1335[]
i=1336[]
i=1337[]
i=1338[]
i=1339[]
i=1340[]
i=1341[]
i=1342[]
i=1343[]
i=1344[]
i=1345[]
i=1346[]
i=1347[]
i=1348[]
i=1349[]
i=1350[]
i=1351[]
i=1352[]
i=1353[]
i=1354[]
i=1355[]
i=1356[]
i=1357[]
i=1358[]
i=1359[]
i=1360[]
i=1361[]
i=1362[]
i=1363[]
i=1364[]
i=1365[]
i=1366[]
i=1367[]
i=1368[]
i=1369[]
i=1370[]
i=1371[]
i=1372[]
i=1373[]
i=1374[]
i=1375[]
i=1376[]
i=1377[]
i=1378[]
i=1379[]
i=1380[]
i=1381[]
i=1382[]
i=1383[]
i=1384[]
i=1385[]
i=1386[]
i=1387[]
i=1388[]
i=1389[]
i=1390[]
i=1391[]
i=1392[]
i=1393[]
i=1394[]
i=1395[]
i=1396[]
i=1397[]
i=1398[]
i=1399[]
i=1400[]
i=1401[]
i=1402[]
i=1403[]
i=1404[]
i=1405[]
i=1406[]
i=1407[]
i=1408[]
i=1409[]
i=1410[]
i=1411[]
i=1412[]
i=1413[]
i=1414[]
i=1415[]
i=1416[]
i=1417[]
i=1418[]
i=1419[]
i=1420[]
i=1421[]
i=1422[]
i=1423[]
i=1424[]
i=1425[]
i=1426[]
i=1427[]
i=1428[]
i=1429[]
i=1430[]
i=1431[]
i=1432[]
i=1433[]
i=1434[]
i=1435[]
i=1436[]
i=1437[]
i=1438[]
i=1439[]
i=1440[]
i=1441[]
i=1442[]
i=1443[]
i=1444[]
i=1445[]
i=1446[]
i=1447[]
i=1448[]
i=1449[]
i=1450[]
i=1451[]
i=1452[]
i=1453[]
i=1454[]
i=1455[]
i=1456[]
i=1457[]
i=1458[]
i=1459[]
i=1460[]
i=1461[]
i=1462[]
i=1463[]
i=1464[]
i=1465[]
i=1466[]
i=1467[]
i=1468[]
i=1469[]
i=1470[]
i=1471[]
i=1472[]
i=1473[]
i=1474[]
i=1475[]
i=1476[]
i=1477[]
i=1478[]
i=1479[]
i=1480[]
i=1481[]
i=1482[]
i=1483[]
i=1484[]
i=1485[]
i=1486[]
i=1487[]
i=1488[]
i=1489[]
i=1490[]
i=1491[]
i=1492[]
i=1493[]
i=1494[]
i=1495[]
i=1496[]
i=1497[]
i=1498[]
i=1499[]
i=1500[]
i=1501[]
i=1502[]
i=1503[]
i=1504[]
i=1505[]
i=1506[]
i=1507[]
i=1508[]
i=1509[]
i=1510[]
i=1511[]
i=1512[]
i=1513[]
i=1514[]
i=1515[]
i=1516[]
i=1517[]
i=1518[]
i=1519[]
i=1520[]
i=1521[]
i=1522[]
i=1523[]
i=1524[]
i=1525[]
i=1526[]
i=1527[]
i=1528[]
i=1529[]
i=1530[]
i=1531[]
i=1532[]
i=1533[]
i=1534[]
i=1535[]
i=1536[]
i=1537[]
i=1538[]
i=1539[]
i=1540[]
i=1541[]
i=1542[]
i=1543[]
i=1544[]
i=1545[]
i=1546[]
i=1547[]
i=1548[]
i=1549[]
i=1550[]
i=1551[]
i=1552[]
i=1553[]
i=1554[]
i=1555[]
i=1556[]
i=1557[]
i=1558[]
i=1559[]
i=1560[]
i=1561[]
i=1562[]
i=1563[]
i=1564[]
i=1565[]
i=1566[]
i=1567[]
i=1568[]
i=1569[]
i=1570[]
i=1571[]
i=1572[]
i=1573[]
i=1574[]
i=1575[]
i=1576[]
i=1577[]
i=1578[]
i=1579[]
i=1580[]
i=1581[]
i=1582[]
i=1583[]
i=1584[]
i=1585[]
i=1586[]
i=1587[]
i=1588[]
i=1589[]
i=1590[]
i=1591[]
i=1592[]
i=1593[]
i=1594[]
i=1595[]
i=1596[]
i=1597[]
i=1598[]
i=1599[]
i=1600[]
i=1601[]
i=1602[]
i=1603[]
i=1604[]
i=1605[]
i=1606[]
i=1607[]
i=1608[]
i=1609[]
i=1610[]
i=1611[]
i=1612[]
i=1613[]
i=1614[]
i=1615[]
i=1616[]
i=1617[]
i=1618[]
i=1619[]
i=1620[]
i=1621[]
i=1622[]
i=1623[]
i=1624[]
i=1625[]
i=1626[]
i=1627[]
i=1628[]
i=1629[]
i=1630[]
i=1631[]
i=1632[]
i=1633[]
i=1634[]
i=1635[]
i=1636[]
i=1637[]
i=1638[]
i=1639[]
i=1640[]
i=1641[]
i=1642[]
i=1643[]
i=1644[]
i=1645[]
i=1646[]
i=1647[]
i=1648[]
i=1649[]
i=1650[]
i=1651[]
i=1652[]
i=1653[]
i=1654[]
i=1655[]
i=1656[]
i=1657[]
i=1658[]
i=1659[]
i=1660[]
i=1661[]
i=1662[]
i=1663[]
i=1664[]
i=1665[]
i=1666[]
i=1667[]
i=1668[]
i=1669[]
i=1670[]
i=1671[]
i=1672[]
i=1673[]
i=1674[]
i=1675[]
i=1676[]
i=1677[]
i=1678[]
i=1679[]
i=1680[]
i=1681[]
i=1682[]
i=1683[]
i=1684[]
i=1685[]
i=1686[]
i=1687[]
i=1688[]
i=1689[]
i=1690[]
i=1691[]
i=1692[]
i=1693[]
i=1694[]
i=1695[]
i=1696[]
i=1697[]
i=1698[]
i=1699[]
i=1700[]
i=1701[]
i=1702[]
i=1703[]
i=1704[]
i=1705[]
i=1706[]
i=1707[]
i=1708[]
i=1709[]
i=1710[]
i=1711[]
i=1712[]
i=1713[]
i=1714[]
i=1715[]
i=1716[]
i=1717[]
i=1718[]
i=1719[]
i=1720[]
i=1721[]
i=1722[]
i=1723[]
i=1724[]
i=1725[]
i=1726[]
i=1727[]
i=1728[]
i=1729[]
i=1730[]
i=1731[]
i=1732[]
i=1733[]
i=1734[]
i=1735[]
i=1736[]
i=1737[]
i=1738[]
i=1739[]
i=1740[]
i=1741[]
i=1742[]
i=1743[]
i=1744[]
i=1745[]
i=1746[]
i=1747[]
i=1748[]
i=1749[]
i=1750[]
i=1751[]
i=1752[]
i=1753[]
i=1754[]
i=1755[]
i=1756[]
i=1757[]
i=1758[]
i=1759[]
i=1760[]
i=1761[]
i=1762[]
i=1763[]
i=1764[]
i=1765[]
i=1766[]
i=1767[]
i=1768[]
i=1769[]
i=1770[]
i=1771[]
i=1772[]
i=1773[]
i=1774[]
i=1775[]
i=1776[]
i=1777[]
i=1778[]
i=1779[]
i=1780[]
i=1781[]
i=1782[]
i=1783[]
i=1784[]
i=1785[]
i=1786[]
i=1787[]
i=1788[]
i=1789[]
i=1790[]
i=1791[]
i=1792[]
i=1793[]
i=1794[]
i=1795[]
i=1796[]
i=1797[]
i=1798[]
i=1799[]
i=1800[]
i=1801[]
i=1802[]
i=1803[]
i=1804[]
i=1805[]
i=1806[]
i=1807[]
i=1808[]
i=1809[]
i=1810[]
i=1811[]
i=1812[]
i=1813[]
i=1814[]
i=1815[]
i=1816[]
i=1817[]
i=1818[]
i=1819[]
i=1820[]
i=1821[]
i=1822[]
i=1823[]
i=1824[]
i=1825[]
i=1826[]
i=1827[]
i=1828[]
i=1829[]
i=1830[]
i=1831[]
i=1832[]
i=1833[]
i=1834[]
i=1835[]
i=1836[]
i=1837[]
i=1838[]
i=1839[]
i=1840[]
i=1841[]
i=1842[]
i=1843[]
i=1844[]
i=1845[]
i=1846[]
i=1847[]
i=1848[]
i=1849[]
i=1850[]
i=1851[]
i=1852[]
i=1853[]
i=1854[]
i=1855[]
i=1856[]
i=1857[]
i=1858[]
i=1859[]
i=1860[]
i=1861[]
i=1862[]
i=1863[]
i=1864[]
i=1865[]
i=1866[]
i=1867[]
i=1868[]
i=1869[]
i=1870[]
i=1871[]
i=1872[]
i=1873[]
i=1874[]
i=1875[]
i=1876[]
i=1877[]
i=1878[]
i=1879[]
i=1880[]
i=1881[]
i=1882[]
i=1883[]
i=1884[]
i=1885[]
i=1886[]
i=1887[]
i=1888[]
i=1889[]
i=1890[]
i=1891[]
i=1892[]
i=1893[]
i=1894[]
i=1895[]
i=1896[]
i=1897[]
i=1898[]
i=1899[]
i=1900[]
i=1901[]
i=1902[]
i=1903[]
i=1904[]
i=1905[]
i=1906[]
i=1907[]
i=1908[]
i=1909[]
i=1910[]
i=1911[]
i=1912[]
i=1913[]
i=1914[]
i=1915[]
i=1916[]
i=1917[]
i=1918[]
i=1919[]
i=1920[]
i=1921[]
i=1922[]
i=1923[]
i=1924[]
i=1925[]
i=1926[]
i=1927[]
i=1928[]
i=1929[]
i=1930[]
i=1931[]
i=1932[]
i=1933[]
i=1934[]
i=1935[]
i=1936[]
i=1937[]
i=1938[]
i=1939[]
i=1940[]
i=1941[]
i=1942[]
i=1943[]
i=1944[]
i=1945[]
i=1946[]
i=1947[]
i=1948[]
i=1949[]
i=1950[]
i=1951[]
i=1952[]
i=1953[]
i=1954[]
i=1955[]
i=1956[]
i=1957[]
i=1958[]
i=1959[]
i=1960[]
i=1961[]
i=1962[]
i=1963[]
i=1964[]
i=1965[]
i=1966[]
i=1967[]
i=1968[]
i=1969[]
i=1970[]
i=1971[]
i=1972[]
i=1973[]
i=1974[]
i=1975[]
i=1976[]
i=1977[]
i=1978[]
i=1979[]
i=1980[]
i=1981[]
i=1982[]
i=1983[]
i=1984[]
i=1985[]
i=1986[]
i=1987[]
i=1988[]
i=1989[]
i=1990[]
i=1991[]
i=1992[]
i=1993[]
i=1994[]
i=1995[]
i=1996[]
i=1997[]
i=1998[]
i=1999[]
i=2000[]
i=2001[]
i=2002[]
i=2003[]
i=2004[]
i=2005[]
i=2006[]
i=2007[]
i=2008[]
i=2009[]
i=2010[]
i=2011[]
i=2012[]
i=2013[]
i=2014[]
i=2015[]
i=2016[]
i=2017[]
i=2018[]
i=2019[]
i=2020[]
i=2021[]
i=2022[]
i=2023[]
i=2024[]
i=2025[]
i=2026[]
i=2027[]
i=2028[]
i=2029[]
i=2030[]
i=2031[]
i=2032[]
i=2033[]
i=2034[]
i=2035[]
i=2036[]
i=2037[]
i=2038[]
i=2039[]
i=2040[]
i=2041[]
i=2042[]
i=2043[]
i=2044[]
i=2045[]
i=2046[]
i=2047[]
i=2048[]
i=2049[]
i=2050[]
i=2051[]
i=2052[]
i=2053[]
i=2054[]
i=2055[]
i=2056[]
i=2057[]
i=2058[]
i=2059[]
i=2060[]
i=2061[]
i=2062[]
i=2063[]
i=2064[]
i=2065[]
i=2066[]
i=2067[]
i=2068[]
i=2069[]
i=2070[]
i=2071[]
i=2072[]
i=2073[]
i=2074[]
i=2075[]
i=2076[]
i=2077[]
i=2078[]
i=2079[]
i=2080[]
i=2081[]
i=2082[]
i=2083[]
i=2084[]
i=2085[]
i=2086[]
i=2087[]
i=2088[]
i=2089[]
i=2090[]
i=2091[]
i=2092[]
i=2093[]
i=2094[]
i=2095[]
i=2096[]
i=2097[]
i=2098[]
i=2099[]
i=2100[]
i=2101[]
i=2102[]
i=2103[]
i=2104[]
i=2105[]
i=2106[]
i=2107[]
i=2108[]
i=2109[]
i=2110[]
i=2111[]
i=2112[]
i=2113[]
i=2114[]
i=2115[]
i=2116[]
i=2117[]
i=2118[]
i=2119[]
i=2120[]
i=2121[]
i=2122[]
i=2123[]
i=2124[]
i=2125[]
i=2126[]
i=2127[]
i=2128[]
i=2129[]
i=2130[]
i=2131[]
i=2132[]
i=2133[]
i=2134[]
i=2135[]
i=2136[]
i=2137[]
i=2138[]
i=2139[]
i=2140[]
i=2141[]
i=2142[]
i=2143[]
i=2144[]
i=2145[]
i=2146[]
i=2147[]
i=2148[]
i=2149[]
i=2150[]
i=2151[]
i=2152[]
i=2153[]
i=2154[]
i=2155[]
i=2156[]
i=2157[]
i=2158[]
i=2159[]
i=2160[]
i=2161[]
i=2162[]
i=2163[]
i=2164[]
i=2165[]
i=2166[]
i=2167[]
i=2168[]
i=2169[]
i=2170[]
i=2171[]
i=2172[]
i=2173[]
i=2174[]
i=2175[]
i=2176[]
i=2177[]
i=2178[]
i=2179[]
i=2180[]
i=2181[]
i=2182[]
i=2183[]
i=2184[]
i=2185[]
i=2186[]
i=2187[]
i=2188[]
i=2189[]
i=2190[]
i=2191[]
i=2192[]
i=2193[]
i=2194[]
i=2195[]
i=2196[]
i=2197[]
i=2198[]
i=2199[]
i=2200[]
i=2201[]
i=2202[]
i=2203[]
i=2204[]
i=2205[]
i=2206[]
i=2207[]
i=2208[]
i=2209[]
i=2210[]
i=2211[]
i=2212[]
i=2213[]
i=2214[]
i=2215[]
i=2216[]
i=2217[]
i=2218[]
i=2219[]
i=2220[]
i=2221[]
i=2222[]
i=2223[]
i=2224[]
i=2225[]
i=2226[]
i=2227[]
i=2228[]
i=2229[]
i=2230[]
i=2231[]
i=2232[]
i=2233[]
i=2234[]
i=2235[]
i=2236[]
i=2237[]
i=2238[]
i=2239[]
i=2240[]
i=2241[]
i=2242[]
i=2243[]
i=2244[]
i=2245[]
i=2246[]
i=2247[]
i=2248[]
i=2249[]
i=2250[]
i=2251[]
i=2252[]
i=2253[]
i=2254[]
i=2255[]
i=2256[]
i=2257[]
i=2258[]
i=2259[]
i=2260[]
i=2261[]
i=2262[]
i=2263[]
i=2264[]
i=2265[]
i=2266[]
i=2267[]
i=2268[]
i=2269[]
i=2270[]
i=2271[]
i=2272[]
i=2273[]
i=2274[]
i=2275[]
i=2276[]
i=2277[]
i=2278[]
i=2279[]
i=2280[]
i=2281[]
i=2282[]
i=2283[]
i=2284[]
i=2285[]
i=2286[]
i=2287[]
i=2288[]
i=2289[]
i=2290[]
i=2291[]
i=2292[]
i=2293[]
i=2294[]
i=2295[]
i=2296[]
i=2297[]
i=2298[]
i=2299[]
i=2300[]
i=2301[]
i=2302[]
i=2303[]
i=2304[]
i=2305[]
i=2306[]
i=2307[]
i=2308[]
i=2309[]
i=2310[]
i=2311[]
i=2312[]
i=2313[]
i=2314[]
i=2315[]
i=2316[]
i=2317[]
i=2318[]
i=2319[]
i=2320[]
i=2321[]
i=2322[]
i=2323[]
i=2324[]
i=2325[]
i=2326[]
i=2327[]
i=2328[]
i=2329[]
i=2330[]
i=2331[]
i=2332[]
i=2333[]
i=2334[]
i=2335[]
i=2336[]
i=2337[]
i=2338[]
i=2339[]
i=2340[]
i=2341[]
i=2342[]
i=2343[]
i=2344[]
i=2345[]
i=2346[]
i=2347[]
i=2348[]
i=2349[]
i=2350[]
i=2351[]
i=2352[]
i=2353[]
i=2354[]
i=2355[]
i=2356[]
i=2357[]
i=2358[]
i=2359[]
i=2360[]
i=2361[]
i=2362[]
i=2363[]
i=2364[]
i=2365[]
i=2366[]
i=2367[]
i=2368[]
i=2369[]
i=2370[]
i=2371[]
i=2372[]
i=2373[]
i=2374[]
i=2375[]
i=2376[]
i=2377[]
i=2378[]
i=2379[]
i=2380[]
i=2381[]
i=2382[]
i=2383[]
i=2384[]
i=2385[]
i=2386[]
i=2387[]
i=2388[]
i=2389[]
i=2390[]
i=2391[]
i=2392[]
i=2393[]
i=2394[]
i=2395[]
i=2396[]
i=2397[]
i=2398[]
i=2399[]
i=2400[]
i=2401[]
i=2402[]
i=2403[]
i=2404[]
i=2405[]
i=2406[]
i=2407[]
i=2408[]
i=2409[]
i=2410[]
i=2411[]
i=2412[]
i=2413[]
i=2414[]
i=2415[]
i=2416[]
i=2417[128,128,]
i=2418[]
i=2419[]
i=2420[]
i=2421[128,128,]
i=2422[]
i=2423[]
i=2424[]
i=2425[]
i=2426[]
i=2427[]
i=2428[]
i=2429[128,128,]
i=2430[]
i=2431[]
i=2432[]
i=2433[128,128,128,]
i=2434[]
i=2435[]
i=2436[]
i=2437[]
i=2438[]
i=2439[]
i=2440[]
i=2441[]
i=2442[]
i=2443[]
i=2444[]
i=2445[]
i=2446[]
i=2447[]
i=2448[]
i=2449[]
i=2450[]
i=2451[]
i=2452[]
i=2453[]
i=2454[]
i=2455[]
i=2456[]
i=2457[]
i=2458[]
i=2459[]
i=2460[]
i=2461[]
i=2462[]
i=2463[]
i=2464[]
i=2465[]
i=2466[]
i=2467[]
i=2468[]
i=2469[]
i=2470[]
i=2471[]
i=2472[]
i=2473[]
i=2474[]
i=2475[]
i=2476[]
i=2477[]
i=2478[]
i=2479[]
i=2480[]
i=2481[]
i=2482[]
i=2483[]
i=2484[]
i=2485[]
i=2486[]
i=2487[]
i=2488[]
i=2489[]
i=2490[]
i=2491[]
i=2492[]
i=2493[]
i=2494[]
i=2495[]
i=2496[]
i=2497[]
i=2498[]
i=2499[]
i=2500[]
i=2501[]
i=2502[]
i=2503[]
i=2504[]
i=2505[]
i=2506[]
i=2507[]
i=2508[]
i=2509[]
i=2510[]
i=2511[]
i=2512[]
i=2513[]
i=2514[]
i=2515[]
i=2516[]
i=2517[]
i=2518[]
i=2519[]
i=2520[]
i=2521[]
i=2522[]
i=2523[]
i=2524[]
i=2525[]
i=2526[]
i=2527[]
i=2528[]
i=2529[]
i=2530[]
i=2531[]
i=2532[]
i=2533[]
i=2534[]
i=2535[]
i=2536[]
i=2537[]
i=2538[]
i=2539[]
i=2540[]
i=2541[]
i=2542[]
i=2543[]
i=2544[]
i=2545[]
i=2546[]
i=2547[]
i=2548[]
i=2549[]
i=2550[]
i=2551[]
i=2552[]
i=2553[]
i=2554[]
i=2555[]
i=2556[]
i=2557[]
i=2558[]
i=2559[]
i=2560[]
i=2561[]
i=2562[]
i=2563[]
i=2564[]
i=2565[]
i=2566[]
i=2567[]
i=2568[]
i=2569[]
i=2570[]
i=2571[]
i=2572[]
i=2573[]
i=2574[]
i=2575[]
i=2576[]
i=2577[]
i=2578[]
i=2579[]
i=2580[]
i=2581[]
i=2582[]
i=2583[]
i=2584[]
i=2585[]
i=2586[]
i=2587[]
i=2588[]
i=2589[]
i=2590[]
i=2591[]
i=2592[]
i=2593[]
i=2594[]
i=2595[]
i=2596[]
i=2597[]
i=2598[]
i=2599[]
i=2600[]
i=2601[]
i=2602[]
i=2603[]
i=2604[]
i=2605[]
i=2606[]
i=2607[]
i=2608[]
i=2609[]
i=2610[]
i=2611[]
i=2612[]
i=2613[]
i=2614[]
i=2615[]
i=2616[]
i=2617[]
i=2618[]
i=2619[]
i=2620[]
i=2621[]
i=2622[]
i=2623[]
i=2624[]
i=2625[]
i=2626[]
i=2627[]
i=2628[]
i=2629[]
i=2630[]
i=2631[]
i=2632[]
i=2633[]
i=2634[]
i=2635[]
i=2636[]
i=2637[]
i=2638[]
i=2639[]
i=2640[]
i=2641[]
i=2642[]
i=2643[]
i=2644[]
i=2645[]
i=2646[]
i=2647[]
i=2648[]
i=2649[]
i=2650[]
i=2651[]
i=2652[]
i=2653[]
i=2654[]
i=2655[]
i=2656[]
i=2657[]
i=2658[]
i=2659[]
i=2660[]
i=2661[]
i=2662[]
i=2663[]
i=2664[]
i=2665[]
i=2666[]
i=2667[]
i=2668[]
i=2669[]
i=2670[]
i=2671[]
i=2672[]
i=2673[]
i=2674[]
i=2675[]
i=2676[]
i=2677[]
i=2678[]
i=2679[]
i=2680[]
i=2681[]
i=2682[]
i=2683[]
i=2684[]
i=2685[]
i=2686[]
i=2687[]
i=2688[]
i=2689[]
i=2690[]
i=2691[]
i=2692[]
i=2693[]
i=2694[]
i=2695[]
i=2696[]
i=2697[]
i=2698[]
i=2699[]
i=2700[]
i=2701[]
i=2702[]
i=2703[]
i=2704[]
i=2705[]
i=2706[]
i=2707[]
i=2708[]
i=2709[]
i=2710[]
i=2711[]
i=2712[]
i=2713[]
i=2714[]
i=2715[]
i=2716[]
i=2717[]
i=2718[]
i=2719[]
i=2720[]
i=2721[]
i=2722[]
i=2723[]
i=2724[]
i=2725[]
i=2726[]
i=2727[]
i=2728[]
i=2729[]
i=2730[]
i=2731[]
i=2732[]
i=2733[]
i=2734[]
i=2735[]
i=2736[]
i=2737[]
i=2738[]
i=2739[]
i=2740[]
i=2741[]
i=2742[]
i=2743[]
i=2744[]
i=2745[]
i=2746[]
i=2747[]
i=2748[]
i=2749[]
i=2750[]
i=2751[]
i=2752[]
i=2753[]
i=2754[]
i=2755[]
i=2756[]
i=2757[]
i=2758[]
i=2759[]
i=2760[]
i=2761[]
i=2762[]
i=2763[]
i=2764[]
i=2765[]
i=2766[]
i=2767[]
i=2768[]
i=2769[]
i=2770[]
i=2771[]
i=2772[]
i=2773[]
i=2774[]
i=2775[]
i=2776[]
i=2777[]
i=2778[]
i=2779[]
i=2780[]
i=2781[]
i=2782[]
i=2783[]
i=2784[]
i=2785[]
i=2786[]
i=2787[]
i=2788[]
i=2789[]
i=2790[]
i=2791[]
i=2792[]
i=2793[]
i=2794[]
i=2795[]
i=2796[]
i=2797[]
i=2798[]
i=2799[]
i=2800[]
i=2801[]
i=2802[]
i=2803[]
i=2804[]
i=2805[]
i=2806[]
i=2807[]
i=2808[]
i=2809[]
i=2810[]
i=2811[]
i=2812[]
i=2813[]
i=2814[]
i=2815[]
i=2816[]
i=2817[]
i=2818[]
i=2819[]
i=2820[]
i=2821[]
i=2822[]
i=2823[]
i=2824[]
i=2825[]
i=2826[]
i=2827[]
i=2828[]
i=2829[]
i=2830[]
i=2831[]
i=2832[]
i=2833[]
i=2834[]
i=2835[]
i=2836[]
i=2837[]
i=2838[]
i=2839[]
i=2840[]
i=2841[]
i=2842[]
i=2843[]
i=2844[]
i=2845[]
i=2846[]
i=2847[]
i=2848[]
i=2849[]
i=2850[]
i=2851[]
i=2852[]
i=2853[]
i=2854[]
i=2855[]
i=2856[]
i=2857[]
i=2858[]
i=2859[]
i=2860[]
i=2861[]
i=2862[]
i=2863[]
i=2864[]
i=2865[]
i=2866[]
i=2867[]
i=2868[]
i=2869[]
i=2870[]
i=2871[]
i=2872[]
i=2873[]
i=2874[]
i=2875[]
i=2876[]
i=2877[]
i=2878[]
i=2879[]
i=2880[]
i=2881[]
i=2882[128,160,]
i=2883[]
i=2884[]
i=2885[]
i=2886[128,128,128,128,]
i=2887[]
i=2888[]
i=2889[]
i=2890[]
i=2891[]
i=2892[]
i=2893[]
i=2894[]
i=2895[]
i=2896[]
i=2897[]
i=2898[128,]
i=2899[]
i=2900[]
i=2901[]
i=2902[128,128,]
i=2903[]
i=2904[]
i=2905[]
i=2906[128,]
i=2907[]
i=2908[]
i=2909[]
i=2910[]
i=2911[]
i=2912[]
i=2913[]
i=2914[]
i=2915[]
i=2916[]
i=2917[]
i=2918[]
i=2919[]
i=2920[]
i=2921[]
i=2922[]
i=2923[]
i=2924[]
i=2925[]
i=2926[]
i=2927[]
i=2928[]
i=2929[]
i=2930[]
i=2931[]
i=2932[]
i=2933[]
i=2934[]
i=2935[]
i=2936[]
i=2937[]
i=2938[]
i=2939[]
i=2940[]
i=2941[]
i=2942[]
i=2943[]
i=2944[]
i=2945[]
i=2946[]
i=2947[]
i=2948[]
i=2949[]
i=2950[]
i=2951[]
i=2952[]
i=2953[]
i=2954[]
i=2955[]
i=2956[]
i=2957[]
i=2958[]
i=2959[]
i=2960[]
i=2961[]
i=2962[]
i=2963[]
i=2964[]
i=2965[]
i=2966[]
i=2967[]
i=2968[]
i=2969[]
i=2970[]
i=2971[]
i=2972[]
i=2973[]
i=2974[]
i=2975[]
i=2976[]
i=2977[]
i=2978[]
i=2979[]
i=2980[]
i=2981[]
i=2982[]
i=2983[]
i=2984[]
i=2985[]
i=2986[]
i=2987[]
i=2988[]
i=2989[]
i=2990[]
i=2991[]
i=2992[]
i=2993[]
i=2994[]
i=2995[]
i=2996[]
i=2997[]
i=2998[]
i=2999[]
i=3000[]
i=3001[]
i=3002[]
i=3003[]
i=3004[]
i=3005[]
i=3006[]
i=3007[]
i=3008[]
i=3009[]
i=3010[]
i=3011[]
i=3012[]
i=3013[]
i=3014[]
i=3015[]
i=3016[]
i=3017[]
i=3018[]
i=3019[]
i=3020[]
i=3021[]
i=3022[]
i=3023[]
i=3024[]
i=3025[]
i=3026[]
i=3027[]
i=3028[]
i=3029[]
i=3030[]
i=3031[]
i=3032[]
i=3033[]
i=3034[]
i=3035[]
i=3036[]
i=3037[]
i=3038[]
i=3039[]
i=3040[]
i=3041[]
i=3042[]
i=3043[]
i=3044[]
i=3045[]
i=3046[]
i=3047[]
i=3048[]
i=3049[]
i=3050[]
i=3051[]
i=3052[]
i=3053[]
i=3054[]
i=3055[]
i=3056[]
i=3057[]
i=3058[]
i=3059[]
i=3060[]
i=3061[]
i=3062[]
i=3063[]
i=3064[]
i=3065[128,128,128,]
i=3066[]
i=3067[]
i=3068[]
i=3069[128,128,128,]
i=3070[]
i=3071[]
i=3072[]
i=3073[128,128,]
i=3074[]
i=3075[]
i=3076[]
i=3077[]
i=3078[]
i=3079[]
i=3080[]
i=3081[]
i=3082[]
i=3083[]
i=3084[]
i=3085[]
i=3086[]
i=3087[]
i=3088[]
i=3089[]
i=3090[]
i=3091[]
i=3092[]
i=3093[]
i=3094[]
i=3095[]
i=3096[]
i=3097[]
i=3098[]
i=3099[]
i=3100[]
i=3101[]
i=3102[]
i=3103[]
i=3104[]
i=3105[]
i=3106[]
i=3107[]
i=3108[]
i=3109[]
i=3110[]
i=3111[]
i=3112[]
i=3113[]
i=3114[]
i=3115[]
i=3116[]
i=3117[]
i=3118[]
i=3119[]
i=3120[]
i=3121[]
i=3122[]
i=3123[]
i=3124[]
i=3125[]
i=3126[]
i=3127[]
i=3128[]
i=3129[]
i=3130[]
i=3131[]
i=3132[]
i=3133[]
i=3134[]
i=3135[]
i=3136[]
i=3137[]
i=3138[]
i=3139[]
i=3140[]
i=3141[]
i=3142[]
i=3143[]
i=3144[]
i=3145[]
i=3146[]
i=3147[]
i=3148[]
i=3149[]
i=3150[]
i=3151[]
i=3152[]
i=3153[]
i=3154[]
i=3155[]
i=3156[]
i=3157[]
i=3158[]
i=3159[]
i=3160[]
i=3161[]
i=3162[]
i=3163[]
i=3164[]
i=3165[]
i=3166[]
i=3167[]
i=3168[]
i=3169[]
i=3170[]
i=3171[]
i=3172[]
i=3173[]
i=3174[]
i=3175[]
i=3176[]
i=3177[]
i=3178[]
i=3179[]
i=3180[]
i=3181[]
i=3182[]
i=3183[]
i=3184[]
i=3185[]
i=3186[]
i=3187[]
i=3188[]
i=3189[]
i=3190[]
i=3191[]
i=3192[]
i=3193[]
i=3194[]
i=3195[]
i=3196[]
i=3197[]
i=3198[]
i=3199[]
i=3200[]
i=3201[]
i=3202[]
i=3203[]
i=3204[]
i=3205[]
i=3206[]
i=3207[]
i=3208[]
i=3209[]
i=3210[]
i=3211[]
i=3212[]
i=3213[]
i=3214[]
i=3215[]
i=3216[]
i=3217[]
i=3218[]
i=3219[]
i=3220[]
i=3221[]
i=3222[]
i=3223[]
i=3224[]
i=3225[]
i=3226[]
i=3227[]
i=3228[]
i=3229[]
i=3230[]
i=3231[]
i=3232[]
i=3233[]
i=3234[]
i=3235[]
i=3236[]
i=3237[]
i=3238[]
i=3239[]
i=3240[]
i=3241[]
i=3242[]
i=3243[]
i=3244[]
i=3245[]
i=3246[]
i=3247[]
i=3248[]
i=3249[128,128,]
i=3250[]
i=3251[]
i=3252[]
i=3253[]
i=3254[]
i=3255[]
i=3256[]
i=3257[128,128,]
i=3258[]
i=3259[]
i=3260[]
i=3261[128,128,144,]
i=3262[]
i=3263[]
i=3264[]
i=3265[128,200,]
i=3266[]
i=3267[]
i=3268[]
i=3269[]
i=3270[]
i=3271[]
i=3272[]
i=3273[]
i=3274[]
i=3275[]
i=3276[]
i=3277[]
i=3278[]
i=3279[]
i=3280[]
i=3281[]
i=3282[]
i=3283[]
i=3284[]
i=3285[]
i=3286[]
i=3287[]
i=3288[]
i=3289[]
i=3290[]
i=3291[]
i=3292[]
i=3293[]
i=3294[]
i=3295[]
i=3296[]
i=3297[]
i=3298[]
i=3299[]
i=3300[]
i=3301[]
i=3302[]
i=3303[]
i=3304[]
i=3305[]
i=3306[]
i=3307[]
i=3308[]
i=3309[]
i=3310[]
i=3311[]
i=3312[]
i=3313[]
i=3314[]
i=3315[]
i=3316[]
i=3317[]
i=3318[]
i=3319[]
i=3320[]
i=3321[]
i=3322[]
i=3323[]
i=3324[]
i=3325[]
i=3326[]
i=3327[]
i=3328[]
i=3329[]
i=3330[]
i=3331[]
i=3332[]
i=3333[]
i=3334[]
i=3335[]
i=3336[]
i=3337[]
i=3338[]
i=3339[]
i=3340[]
i=3341[128,]
i=3342[]
i=3343[]
i=3344[]
i=3345[128,128,]
i=3346[]
i=3347[]
i=3348[]
i=3349[128,128,]
i=3350[]
i=3351[]
i=3352[]
i=3353[128,]
i=3354[]
i=3355[]
i=3356[]
i=3357[128,128,]
i=3358[]
i=3359[]
i=3360[]
i=3361[224,224,]
i=3362[]
i=3363[]
i=3364[]
i=3365[]
i=3366[]
i=3367[]
i=3368[]
i=3369[]
i=3370[]
i=3371[]
i=3372[]
i=3373[]
i=3374[]
i=3375[]
i=3376[]
i=3377[]
i=3378[]
i=3379[]
i=3380[]
i=3381[]
i=3382[]
i=3383[]
i=3384[]
i=3385[]
i=3386[]
i=3387[]
i=3388[]
i=3389[]
i=3390[]
i=3391[]
i=3392[]
i=3393[]
i=3394[]
i=3395[]
i=3396[]
i=3397[]
i=3398[]
i=3399[]
i=3400[]
i=3401[]
i=3402[]
i=3403[]
i=3404[]
i=3405[]
i=3406[]
i=3407[]
i=3408[]
i=3409[]
i=3410[]
i=3411[]
i=3412[]
i=3413[]
i=3414[]
i=3415[]
i=3416[]
i=3417[]
i=3418[]
i=3419[]
i=3420[]
i=3421[]
i=3422[]
i=3423[]
i=3424[]
i=3425[]
i=3426[]
i=3427[]
i=3428[]
i=3429[]
i=3430[]
i=3431[]
i=3432[]
i=3433[]
i=3434[]
i=3435[]
i=3436[]
i=3437[]
i=3438[]
i=3439[]
i=3440[]
i=3441[]
i=3442[]
i=3443[]
i=3444[]
i=3445[]
i=3446[]
i=3447[]
i=3448[]
i=3449[]
i=3450[]
i=3451[]
i=3452[]
i=3453[]
i=3454[]
i=3455[]
i=3456[]
i=3457[]
i=3458[]
i=3459[]
i=3460[]
i=3461[]
i=3462[]
i=3463[]
i=3464[]
i=3465[]
i=3466[]
i=3467[]
i=3468[]
i=3469[]
i=3470[]
i=3471[]
i=3472[]
i=3473[]
i=3474[]
i=3475[]
i=3476[]
i=3477[]
i=3478[]
i=3479[]
i=3480[]
i=3481[]
i=3482[]
i=3483[]
i=3484[]
i=3485[]
i=3486[]
i=3487[]
i=3488[]
i=3489[]
i=3490[]
i=3491[]
i=3492[]
i=3493[]
i=3494[]
i=3495[]
i=3496[]
i=3497[]
i=3498[]
i=3499[]
i=3500[]
i=3501[]
i=3502[]
i=3503[]
i=3504[]
i=3505[]
i=3506[]
i=3507[]
i=3508[]
i=3509[]
i=3510[]
i=3511[]
i=3512[]
i=3513[]
i=3514[]
i=3515[]
i=3516[]
i=3517[]
i=3518[]
i=3519[]
i=3520[]
i=3521[]
i=3522[]
i=3523[]
i=3524[]
i=3525[]
i=3526[]
i=3527[]
i=3528[]
i=3529[]
i=3530[]
i=3531[]
i=3532[]
i=3533[]
i=3534[]
i=3535[]
i=3536[]
i=3537[]
i=3538[]
i=3539[]
i=3540[]
i=3541[]
i=3542[]
i=3543[]
i=3544[]
i=3545[]
i=3546[]
i=3547[]
i=3548[]
i=3549[]
i=3550[]
i=3551[]
i=3552[]
i=3553[]
i=3554[]
i=3555[]
i=3556[]
i=3557[]
i=3558[]
i=3559[]
i=3560[]
i=3561[]
i=3562[]
i=3563[]
i=3564[]
i=3565[]
i=3566[]
i=3567[]
i=3568[]
i=3569[]
i=3570[]
i=3571[]
i=3572[]
i=3573[]
i=3574[]
i=3575[]
i=3576[]
i=3577[]
i=3578[]
i=3579[]
i=3580[]
i=3581[]
i=3582[]
i=3583[]
i=3584[]
i=3585[]
i=3586[]
i=3587[]
i=3588[]
i=3589[]
i=3590[]
i=3591[]
i=3592[]
i=3593[]
i=3594[]
i=3595[]
i=3596[]
i=3597[]
i=3598[]
i=3599[]
i=3600[]
i=3601[]
i=3602[]
i=3603[]
i=3604[]
i=3605[]
i=3606[]
i=3607[]
i=3608[]
i=3609[]
i=3610[]
i=3611[]
i=3612[]
i=3613[]
i=3614[]
i=3615[]
i=3616[]
i=3617[]
i=3618[]
i=3619[]
i=3620[]
i=3621[]
i=3622[]
i=3623[]
i=3624[]
i=3625[]
i=3626[]
i=3627[]
i=3628[]
i=3629[]
i=3630[]
i=3631[]
i=3632[]
i=3633[]
i=3634[]
i=3635[]
i=3636[]
i=3637[]
i=3638[]
i=3639[]
i=3640[]
i=3641[]
i=3642[]
i=3643[]
i=3644[]
i=3645[]
i=3646[]
i=3647[]
i=3648[]
i=3649[]
i=3650[]
i=3651[]
i=3652[]
i=3653[]
i=3654[]
i=3655[]
i=3656[]
i=3657[]
i=3658[]
i=3659[]
i=3660[]
i=3661[]
i=3662[]
i=3663[]
i=3664[]
i=3665[]
i=3666[]
i=3667[]
i=3668[]
i=3669[]
i=3670[]
i=3671[]
i=3672[]
i=3673[]
i=3674[]
i=3675[]
i=3676[]
i=3677[]
i=3678[]
i=3679[]
i=3680[]
i=3681[]
i=3682[]
i=3683[]
i=3684[]
i=3685[]
i=3686[]
i=3687[]
i=3688[]
i=3689[]
i=3690[]
i=3691[]
i=3692[]
i=3693[]
i=3694[]
i=3695[]
i=3696[]
i=3697[]
i=3698[]
i=3699[]
i=3700[]
i=3701[]
i=3702[]
i=3703[]
i=3704[]
i=3705[]
i=3706[]
i=3707[]
i=3708[]
i=3709[]
i=3710[]
i=3711[]
i=3712[]
i=3713[]
i=3714[]
i=3715[]
i=3716[]
i=3717[]
i=3718[]
i=3719[]
i=3720[]
i=3721[]
i=3722[]
i=3723[]
i=3724[]
i=3725[]
i=3726[]
i=3727[]
i=3728[]
i=3729[]
i=3730[]
i=3731[]
i=3732[]
i=3733[]
i=3734[]
i=3735[]
i=3736[]
i=3737[]
i=3738[]
i=3739[]
i=3740[]
i=3741[]
i=3742[]
i=3743[]
i=3744[]
i=3745[]
i=3746[]
i=3747[]
i=3748[]
i=3749[]
i=3750[]
i=3751[]
i=3752[]
i=3753[]
i=3754[]
i=3755[]
i=3756[]
i=3757[]
i=3758[]
i=3759[]
i=3760[]
i=3761[]
i=3762[]
i=3763[]
i=3764[]
i=3765[]
i=3766[]
i=3767[]
i=3768[]
i=3769[]
i=3770[]
i=3771[]
i=3772[]
i=3773[]
i=3774[]
i=3775[]
i=3776[]
i=3777[]
i=3778[]
i=3779[]
i=3780[]
i=3781[]
i=3782[]
i=3783[]
i=3784[]
i=3785[]
i=3786[]
i=3787[]
i=3788[]
i=3789[]
i=3790[]
i=3791[]
i=3792[]
i=3793[]
i=3794[]
i=3795[]
i=3796[]
i=3797[]
i=3798[]
i=3799[]
i=3800[]
i=3801[]
i=3802[]
i=3803[]
i=3804[]
i=3805[]
i=3806[]
i=3807[]
i=3808[]
i=3809[]
i=3810[]
i=3811[]
i=3812[]
i=3813[]
i=3814[]
i=3815[]
i=3816[]
i=3817[]
i=3818[]
i=3819[]
i=3820[]
i=3821[]
i=3822[]
i=3823[]
i=3824[]
i=3825[]
i=3826[]
i=3827[]
i=3828[]
i=3829[]
i=3830[]
i=3831[]
i=3832[]
i=3833[]
i=3834[]
i=3835[]
i=3836[]
i=3837[]
i=3838[]
i=3839[]
i=3840[]
i=3841[]
i=3842[]
i=3843[]
i=3844[]
i=3845[]
i=3846[]
i=3847[]
i=3848[]
i=3849[]
i=3850[]
i=3851[]
i=3852[]
i=3853[]
i=3854[]
i=3855[]
i=3856[]
i=3857[]
i=3858[]
i=3859[]
i=3860[]
i=3861[]
i=3862[]
i=3863[]
i=3864[]
i=3865[]
i=3866[]
i=3867[]
i=3868[]
i=3869[]
i=3870[]
i=3871[]
i=3872[]
i=3873[]
i=3874[]
i=3875[]
i=3876[]
i=3877[]
i=3878[]
i=3879[]
i=3880[]
i=3881[]
i=3882[]
i=3883[]
i=3884[]
i=3885[]
i=3886[]
i=3887[]
i=3888[]
i=3889[]
i=3890[]
i=3891[]
i=3892[]
i=3893[]
i=3894[]
i=3895[]
i=3896[]
i=3897[]
i=3898[]
i=3899[]
i=3900[]
i=3901[]
i=3902[]
i=3903[]
i=3904[]
i=3905[]
i=3906[]
i=3907[]
i=3908[]
i=3909[]
i=3910[]
i=3911[]
i=3912[]
i=3913[]
i=3914[]
i=3915[]
i=3916[]
i=3917[]
i=3918[]
i=3919[]
i=3920[]
i=3921[]
i=3922[]
i=3923[]
i=3924[]
i=3925[]
i=3926[]
i=3927[]
i=3928[]
i=3929[]
i=3930[]
i=3931[]
i=3932[]
i=3933[]
i=3934[]
i=3935[]
i=3936[]
i=3937[]
i=3938[]
i=3939[]
i=3940[]
i=3941[]
i=3942[]
i=3943[]
i=3944[]
i=3945[]
i=3946[]
i=3947[]
i=3948[]
i=3949[]
i=3950[]
i=3951[]
i=3952[]
i=3953[]
i=3954[]
i=3955[]
i=3956[]
i=3957[]
i=3958[]
i=3959[]
i=3960[]
i=3961[]
i=3962[]
i=3963[]
i=3964[]
i=3965[]
i=3966[]
i=3967[]
i=3968[]
i=3969[]
i=3970[]
i=3971[]
i=3972[]
i=3973[]
i=3974[]
i=3975[]
i=3976[]
i=3977[]
i=3978[]
i=3979[]
i=3980[]
i=3981[]
i=3982[]
i=3983[]
i=3984[]
i=3985[]
i=3986[]
i=3987[]
i=3988[]
i=3989[]
i=3990[]
i=3991[]
i=3992[]
i=3993[]
i=3994[]
i=3995[]
i=3996[]
i=3997[]
i=3998[]
i=3999[]
]
filename=testimage/orion_18.jpg
convert s/f status=0
iSum status=0
cudaerr=0
Filter status=0
Maxidx8u status=0
totalwidth=3447,4749
diff=49,-282
Am I now
outboundupper x=2219,y=4314
outboundlower x=-49,y=282
newsize=3496,4749
newimage width=3496, height=4749
offsetposition=49,0
eresult=0
newimage width=3496, height=4749
offsetposition=49,0
eresult=0
newimage width=3496, height=4749
offsetposition=49,0
eresult=0
newimage width=3496, height=4749
offsetposition=49,0
eresult=0
newimage width=3496, height=4749
offsetposition=49,0
eresult=0
anothergo0
test
Last test bis
test
3496,4749
filename=testimage/orion_18.jpg
[i=1000[]
i=1001[]
i=1002[]
i=1003[]
i=1004[]
i=1005[]
i=1006[]
i=1007[]
i=1008[]
i=1009[]
i=1010[]
i=1011[]
i=1012[]
i=1013[]
i=1014[]
i=1015[]
i=1016[]
i=1017[]
i=1018[]
i=1019[]
i=1020[]
i=1021[]
i=1022[]
i=1023[]
i=1024[]
i=1025[]
i=1026[]
i=1027[]
i=1028[]
i=1029[]
i=1030[]
i=1031[]
i=1032[]
i=1033[]
i=1034[]
i=1035[]
i=1036[]
i=1037[]
i=1038[]
i=1039[]
i=1040[]
i=1041[]
i=1042[]
i=1043[]
i=1044[]
i=1045[]
i=1046[]
i=1047[]
i=1048[]
i=1049[]
i=1050[]
i=1051[]
i=1052[]
i=1053[]
i=1054[]
i=1055[]
i=1056[]
i=1057[]
i=1058[]
i=1059[]
i=1060[]
i=1061[]
i=1062[]
i=1063[]
i=1064[]
i=1065[]
i=1066[]
i=1067[]
i=1068[]
i=1069[]
i=1070[]
i=1071[]
i=1072[]
i=1073[]
i=1074[]
i=1075[]
i=1076[]
i=1077[]
i=1078[]
i=1079[]
i=1080[]
i=1081[]
i=1082[]
i=1083[]
i=1084[]
i=1085[]
i=1086[]
i=1087[]
i=1088[]
i=1089[]
i=1090[]
i=1091[]
i=1092[]
i=1093[]
i=1094[]
i=1095[]
i=1096[]
i=1097[]
i=1098[]
i=1099[]
i=1100[]
i=1101[]
i=1102[]
i=1103[]
i=1104[]
i=1105[]
i=1106[]
i=1107[]
i=1108[]
i=1109[]
i=1110[]
i=1111[]
i=1112[]
i=1113[]
i=1114[]
i=1115[]
i=1116[]
i=1117[]
i=1118[]
i=1119[]
i=1120[]
i=1121[]
i=1122[]
i=1123[]
i=1124[]
i=1125[]
i=1126[]
i=1127[]
i=1128[]
i=1129[]
i=1130[]
i=1131[]
i=1132[]
i=1133[]
i=1134[]
i=1135[]
i=1136[]
i=1137[]
i=1138[]
i=1139[]
i=1140[]
i=1141[]
i=1142[]
i=1143[]
i=1144[]
i=1145[]
i=1146[]
i=1147[]
i=1148[]
i=1149[]
i=1150[]
i=1151[]
i=1152[]
i=1153[]
i=1154[]
i=1155[]
i=1156[]
i=1157[]
i=1158[]
i=1159[]
i=1160[]
i=1161[]
i=1162[]
i=1163[]
i=1164[]
i=1165[]
i=1166[]
i=1167[]
i=1168[]
i=1169[]
i=1170[]
i=1171[]
i=1172[]
i=1173[]
i=1174[]
i=1175[]
i=1176[]
i=1177[]
i=1178[]
i=1179[]
i=1180[]
i=1181[]
i=1182[]
i=1183[]
i=1184[]
i=1185[]
i=1186[]
i=1187[]
i=1188[]
i=1189[]
i=1190[]
i=1191[]
i=1192[]
i=1193[]
i=1194[]
i=1195[]
i=1196[]
i=1197[]
i=1198[]
i=1199[]
i=1200[]
i=1201[]
i=1202[]
i=1203[]
i=1204[]
i=1205[]
i=1206[]
i=1207[]
i=1208[]
i=1209[]
i=1210[]
i=1211[]
i=1212[]
i=1213[]
i=1214[]
i=1215[]
i=1216[]
i=1217[]
i=1218[]
i=1219[]
i=1220[]
i=1221[]
i=1222[]
i=1223[]
i=1224[]
i=1225[]
i=1226[]
i=1227[]
i=1228[]
i=1229[]
i=1230[]
i=1231[]
i=1232[]
i=1233[]
i=1234[]
i=1235[]
i=1236[]
i=1237[]
i=1238[]
i=1239[]
i=1240[]
i=1241[]
i=1242[]
i=1243[]
i=1244[]
i=1245[]
i=1246[]
i=1247[]
i=1248[]
i=1249[]
i=1250[]
i=1251[]
i=1252[]
i=1253[]
i=1254[]
i=1255[]
i=1256[]
i=1257[]
i=1258[]
i=1259[]
i=1260[]
i=1261[]
i=1262[]
i=1263[]
i=1264[]
i=1265[]
i=1266[]
i=1267[]
i=1268[]
i=1269[]
i=1270[]
i=1271[]
i=1272[]
i=1273[]
i=1274[]
i=1275[]
i=1276[]
i=1277[]
i=1278[]
i=1279[]
i=1280[]
i=1281[]
i=1282[]
i=1283[]
i=1284[]
i=1285[]
i=1286[]
i=1287[]
i=1288[]
i=1289[]
i=1290[]
i=1291[]
i=1292[]
i=1293[]
i=1294[]
i=1295[]
i=1296[]
i=1297[]
i=1298[]
i=1299[]
i=1300[]
i=1301[]
i=1302[]
i=1303[]
i=1304[]
i=1305[]
i=1306[]
i=1307[]
i=1308[]
i=1309[]
i=1310[]
i=1311[]
i=1312[]
i=1313[]
i=1314[]
i=1315[]
i=1316[]
i=1317[]
i=1318[]
i=1319[]
i=1320[]
i=1321[]
i=1322[]
i=1323[]
i=1324[]
i=1325[]
i=1326[]
i=1327[]
i=1328[]
i=1329[]
i=1330[]
i=1331[]
i=1332[]
i=1333[]
i=1334[]
i=1335[]
i=1336[]
i=1337[]
i=1338[]
i=1339[]
i=1340[]
i=1341[]
i=1342[]
i=1343[]
i=1344[]
i=1345[]
i=1346[]
i=1347[]
i=1348[]
i=1349[]
i=1350[]
i=1351[]
i=1352[]
i=1353[]
i=1354[]
i=1355[]
i=1356[]
i=1357[]
i=1358[]
i=1359[]
i=1360[]
i=1361[]
i=1362[]
i=1363[]
i=1364[]
i=1365[]
i=1366[]
i=1367[]
i=1368[]
i=1369[]
i=1370[]
i=1371[]
i=1372[]
i=1373[]
i=1374[]
i=1375[]
i=1376[]
i=1377[]
i=1378[]
i=1379[]
i=1380[]
i=1381[]
i=1382[]
i=1383[]
i=1384[]
i=1385[]
i=1386[]
i=1387[]
i=1388[]
i=1389[]
i=1390[]
i=1391[]
i=1392[]
i=1393[]
i=1394[]
i=1395[]
i=1396[]
i=1397[]
i=1398[]
i=1399[]
i=1400[]
i=1401[]
i=1402[]
i=1403[]
i=1404[]
i=1405[]
i=1406[]
i=1407[]
i=1408[]
i=1409[]
i=1410[]
i=1411[]
i=1412[]
i=1413[]
i=1414[]
i=1415[]
i=1416[]
i=1417[]
i=1418[]
i=1419[]
i=1420[]
i=1421[]
i=1422[]
i=1423[]
i=1424[]
i=1425[]
i=1426[]
i=1427[]
i=1428[]
i=1429[]
i=1430[]
i=1431[]
i=1432[]
i=1433[]
i=1434[]
i=1435[]
i=1436[]
i=1437[]
i=1438[]
i=1439[]
i=1440[]
i=1441[]
i=1442[]
i=1443[]
i=1444[]
i=1445[]
i=1446[]
i=1447[]
i=1448[]
i=1449[]
i=1450[]
i=1451[]
i=1452[]
i=1453[]
i=1454[]
i=1455[]
i=1456[]
i=1457[]
i=1458[]
i=1459[]
i=1460[]
i=1461[]
i=1462[]
i=1463[]
i=1464[]
i=1465[]
i=1466[]
i=1467[]
i=1468[]
i=1469[]
i=1470[]
i=1471[]
i=1472[]
i=1473[]
i=1474[]
i=1475[]
i=1476[]
i=1477[]
i=1478[]
i=1479[]
i=1480[]
i=1481[]
i=1482[]
i=1483[]
i=1484[]
i=1485[]
i=1486[]
i=1487[]
i=1488[]
i=1489[]
i=1490[]
i=1491[]
i=1492[]
i=1493[]
i=1494[]
i=1495[]
i=1496[]
i=1497[]
i=1498[]
i=1499[]
i=1500[]
i=1501[]
i=1502[]
i=1503[]
i=1504[]
i=1505[]
i=1506[]
i=1507[]
i=1508[]
i=1509[]
i=1510[]
i=1511[]
i=1512[]
i=1513[]
i=1514[]
i=1515[]
i=1516[]
i=1517[]
i=1518[]
i=1519[]
i=1520[]
i=1521[]
i=1522[]
i=1523[]
i=1524[]
i=1525[]
i=1526[]
i=1527[]
i=1528[]
i=1529[]
i=1530[]
i=1531[]
i=1532[]
i=1533[]
i=1534[]
i=1535[]
i=1536[]
i=1537[]
i=1538[]
i=1539[]
i=1540[]
i=1541[]
i=1542[]
i=1543[]
i=1544[]
i=1545[]
i=1546[]
i=1547[]
i=1548[]
i=1549[]
i=1550[]
i=1551[]
i=1552[]
i=1553[]
i=1554[]
i=1555[]
i=1556[]
i=1557[]
i=1558[]
i=1559[]
i=1560[]
i=1561[]
i=1562[]
i=1563[]
i=1564[]
i=1565[]
i=1566[]
i=1567[]
i=1568[]
i=1569[]
i=1570[]
i=1571[]
i=1572[]
i=1573[]
i=1574[]
i=1575[]
i=1576[]
i=1577[]
i=1578[]
i=1579[]
i=1580[]
i=1581[]
i=1582[]
i=1583[]
i=1584[]
i=1585[]
i=1586[]
i=1587[]
i=1588[]
i=1589[]
i=1590[]
i=1591[]
i=1592[]
i=1593[]
i=1594[]
i=1595[]
i=1596[]
i=1597[]
i=1598[]
i=1599[]
i=1600[]
i=1601[]
i=1602[]
i=1603[]
i=1604[]
i=1605[]
i=1606[]
i=1607[]
i=1608[]
i=1609[]
i=1610[]
i=1611[]
i=1612[]
i=1613[]
i=1614[]
i=1615[]
i=1616[]
i=1617[]
i=1618[]
i=1619[]
i=1620[]
i=1621[]
i=1622[]
i=1623[]
i=1624[]
i=1625[]
i=1626[]
i=1627[]
i=1628[]
i=1629[]
i=1630[]
i=1631[]
i=1632[]
i=1633[]
i=1634[]
i=1635[]
i=1636[]
i=1637[]
i=1638[]
i=1639[]
i=1640[]
i=1641[]
i=1642[]
i=1643[]
i=1644[]
i=1645[]
i=1646[]
i=1647[]
i=1648[]
i=1649[]
i=1650[]
i=1651[]
i=1652[]
i=1653[]
i=1654[]
i=1655[]
i=1656[]
i=1657[]
i=1658[]
i=1659[]
i=1660[]
i=1661[]
i=1662[]
i=1663[]
i=1664[]
i=1665[]
i=1666[]
i=1667[]
i=1668[]
i=1669[]
i=1670[]
i=1671[]
i=1672[]
i=1673[]
i=1674[]
i=1675[]
i=1676[]
i=1677[]
i=1678[]
i=1679[]
i=1680[]
i=1681[]
i=1682[]
i=1683[]
i=1684[]
i=1685[]
i=1686[]
i=1687[]
i=1688[]
i=1689[]
i=1690[]
i=1691[]
i=1692[]
i=1693[]
i=1694[]
i=1695[]
i=1696[]
i=1697[]
i=1698[]
i=1699[]
i=1700[]
i=1701[]
i=1702[]
i=1703[]
i=1704[]
i=1705[]
i=1706[]
i=1707[]
i=1708[]
i=1709[]
i=1710[]
i=1711[]
i=1712[]
i=1713[]
i=1714[]
i=1715[]
i=1716[]
i=1717[]
i=1718[]
i=1719[]
i=1720[]
i=1721[]
i=1722[]
i=1723[]
i=1724[]
i=1725[]
i=1726[]
i=1727[]
i=1728[]
i=1729[]
i=1730[]
i=1731[]
i=1732[]
i=1733[]
i=1734[]
i=1735[]
i=1736[]
i=1737[]
i=1738[]
i=1739[]
i=1740[]
i=1741[]
i=1742[]
i=1743[]
i=1744[]
i=1745[]
i=1746[]
i=1747[]
i=1748[]
i=1749[]
i=1750[]
i=1751[]
i=1752[]
i=1753[]
i=1754[]
i=1755[]
i=1756[]
i=1757[]
i=1758[]
i=1759[]
i=1760[]
i=1761[]
i=1762[]
i=1763[]
i=1764[]
i=1765[]
i=1766[]
i=1767[]
i=1768[]
i=1769[]
i=1770[]
i=1771[]
i=1772[]
i=1773[]
i=1774[]
i=1775[]
i=1776[]
i=1777[]
i=1778[]
i=1779[]
i=1780[]
i=1781[]
i=1782[]
i=1783[]
i=1784[]
i=1785[]
i=1786[]
i=1787[]
i=1788[]
i=1789[]
i=1790[]
i=1791[]
i=1792[]
i=1793[]
i=1794[]
i=1795[]
i=1796[]
i=1797[]
i=1798[]
i=1799[]
i=1800[]
i=1801[]
i=1802[]
i=1803[]
i=1804[]
i=1805[]
i=1806[]
i=1807[]
i=1808[]
i=1809[]
i=1810[]
i=1811[]
i=1812[]
i=1813[]
i=1814[]
i=1815[]
i=1816[]
i=1817[]
i=1818[]
i=1819[]
i=1820[]
i=1821[]
i=1822[]
i=1823[]
i=1824[]
i=1825[]
i=1826[]
i=1827[]
i=1828[]
i=1829[]
i=1830[]
i=1831[]
i=1832[]
i=1833[]
i=1834[]
i=1835[]
i=1836[]
i=1837[]
i=1838[]
i=1839[]
i=1840[]
i=1841[]
i=1842[]
i=1843[]
i=1844[]
i=1845[]
i=1846[]
i=1847[]
i=1848[]
i=1849[]
i=1850[]
i=1851[]
i=1852[]
i=1853[]
i=1854[]
i=1855[]
i=1856[]
i=1857[]
i=1858[]
i=1859[]
i=1860[]
i=1861[]
i=1862[]
i=1863[]
i=1864[]
i=1865[]
i=1866[]
i=1867[]
i=1868[]
i=1869[]
i=1870[]
i=1871[]
i=1872[]
i=1873[]
i=1874[]
i=1875[]
i=1876[]
i=1877[]
i=1878[]
i=1879[]
i=1880[]
i=1881[]
i=1882[]
i=1883[]
i=1884[]
i=1885[]
i=1886[]
i=1887[]
i=1888[]
i=1889[]
i=1890[]
i=1891[]
i=1892[]
i=1893[]
i=1894[]
i=1895[]
i=1896[]
i=1897[]
i=1898[]
i=1899[]
i=1900[]
i=1901[]
i=1902[]
i=1903[]
i=1904[]
i=1905[]
i=1906[]
i=1907[]
i=1908[]
i=1909[]
i=1910[]
i=1911[]
i=1912[]
i=1913[]
i=1914[]
i=1915[]
i=1916[]
i=1917[]
i=1918[]
i=1919[]
i=1920[]
i=1921[]
i=1922[]
i=1923[]
i=1924[]
i=1925[]
i=1926[]
i=1927[]
i=1928[]
i=1929[]
i=1930[]
i=1931[]
i=1932[]
i=1933[]
i=1934[]
i=1935[]
i=1936[]
i=1937[]
i=1938[]
i=1939[]
i=1940[]
i=1941[]
i=1942[]
i=1943[]
i=1944[]
i=1945[]
i=1946[]
i=1947[]
i=1948[]
i=1949[]
i=1950[]
i=1951[]
i=1952[]
i=1953[]
i=1954[]
i=1955[]
i=1956[]
i=1957[]
i=1958[]
i=1959[]
i=1960[]
i=1961[]
i=1962[]
i=1963[]
i=1964[]
i=1965[]
i=1966[]
i=1967[]
i=1968[]
i=1969[]
i=1970[]
i=1971[]
i=1972[]
i=1973[]
i=1974[]
i=1975[]
i=1976[]
i=1977[]
i=1978[]
i=1979[]
i=1980[]
i=1981[]
i=1982[]
i=1983[]
i=1984[]
i=1985[]
i=1986[]
i=1987[]
i=1988[]
i=1989[]
i=1990[]
i=1991[]
i=1992[]
i=1993[]
i=1994[]
i=1995[]
i=1996[]
i=1997[]
i=1998[]
i=1999[]
i=2000[]
i=2001[]
i=2002[]
i=2003[]
i=2004[]
i=2005[]
i=2006[]
i=2007[]
i=2008[]
i=2009[]
i=2010[]
i=2011[]
i=2012[]
i=2013[]
i=2014[]
i=2015[]
i=2016[]
i=2017[]
i=2018[]
i=2019[]
i=2020[]
i=2021[]
i=2022[]
i=2023[]
i=2024[]
i=2025[]
i=2026[]
i=2027[]
i=2028[]
i=2029[]
i=2030[]
i=2031[]
i=2032[]
i=2033[]
i=2034[]
i=2035[]
i=2036[]
i=2037[]
i=2038[]
i=2039[]
i=2040[]
i=2041[]
i=2042[]
i=2043[]
i=2044[]
i=2045[]
i=2046[]
i=2047[]
i=2048[]
i=2049[]
i=2050[]
i=2051[]
i=2052[]
i=2053[]
i=2054[]
i=2055[]
i=2056[]
i=2057[]
i=2058[]
i=2059[]
i=2060[]
i=2061[]
i=2062[]
i=2063[]
i=2064[]
i=2065[]
i=2066[]
i=2067[]
i=2068[]
i=2069[]
i=2070[]
i=2071[]
i=2072[]
i=2073[]
i=2074[]
i=2075[]
i=2076[]
i=2077[]
i=2078[]
i=2079[]
i=2080[]
i=2081[]
i=2082[]
i=2083[]
i=2084[]
i=2085[]
i=2086[]
i=2087[]
i=2088[]
i=2089[]
i=2090[]
i=2091[]
i=2092[]
i=2093[]
i=2094[]
i=2095[]
i=2096[]
i=2097[]
i=2098[]
i=2099[]
i=2100[]
i=2101[]
i=2102[]
i=2103[]
i=2104[]
i=2105[]
i=2106[]
i=2107[]
i=2108[]
i=2109[]
i=2110[]
i=2111[]
i=2112[]
i=2113[]
i=2114[]
i=2115[]
i=2116[]
i=2117[]
i=2118[]
i=2119[]
i=2120[]
i=2121[]
i=2122[]
i=2123[]
i=2124[]
i=2125[]
i=2126[]
i=2127[]
i=2128[]
i=2129[]
i=2130[]
i=2131[]
i=2132[]
i=2133[]
i=2134[]
i=2135[]
i=2136[]
i=2137[]
i=2138[]
i=2139[]
i=2140[]
i=2141[]
i=2142[]
i=2143[]
i=2144[]
i=2145[]
i=2146[]
i=2147[]
i=2148[]
i=2149[]
i=2150[]
i=2151[]
i=2152[]
i=2153[]
i=2154[]
i=2155[]
i=2156[]
i=2157[]
i=2158[]
i=2159[]
i=2160[]
i=2161[]
i=2162[]
i=2163[]
i=2164[]
i=2165[]
i=2166[]
i=2167[]
i=2168[]
i=2169[]
i=2170[]
i=2171[]
i=2172[]
i=2173[]
i=2174[]
i=2175[]
i=2176[]
i=2177[]
i=2178[]
i=2179[]
i=2180[]
i=2181[]
i=2182[]
i=2183[]
i=2184[]
i=2185[]
i=2186[]
i=2187[]
i=2188[]
i=2189[]
i=2190[]
i=2191[]
i=2192[]
i=2193[]
i=2194[]
i=2195[]
i=2196[]
i=2197[]
i=2198[]
i=2199[]
i=2200[]
i=2201[]
i=2202[]
i=2203[]
i=2204[]
i=2205[]
i=2206[]
i=2207[]
i=2208[]
i=2209[]
i=2210[]
i=2211[]
i=2212[]
i=2213[]
i=2214[]
i=2215[]
i=2216[]
i=2217[]
i=2218[]
i=2219[]
i=2220[]
i=2221[]
i=2222[]
i=2223[]
i=2224[]
i=2225[]
i=2226[]
i=2227[]
i=2228[]
i=2229[]
i=2230[]
i=2231[]
i=2232[]
i=2233[]
i=2234[]
i=2235[]
i=2236[]
i=2237[]
i=2238[]
i=2239[]
i=2240[]
i=2241[]
i=2242[]
i=2243[]
i=2244[]
i=2245[]
i=2246[]
i=2247[]
i=2248[]
i=2249[]
i=2250[]
i=2251[]
i=2252[]
i=2253[]
i=2254[]
i=2255[]
i=2256[]
i=2257[]
i=2258[]
i=2259[]
i=2260[]
i=2261[]
i=2262[]
i=2263[]
i=2264[]
i=2265[]
i=2266[]
i=2267[]
i=2268[]
i=2269[]
i=2270[]
i=2271[]
i=2272[]
i=2273[]
i=2274[]
i=2275[]
i=2276[]
i=2277[]
i=2278[]
i=2279[]
i=2280[]
i=2281[]
i=2282[]
i=2283[]
i=2284[]
i=2285[]
i=2286[]
i=2287[]
i=2288[]
i=2289[]
i=2290[]
i=2291[]
i=2292[]
i=2293[]
i=2294[]
i=2295[]
i=2296[]
i=2297[]
i=2298[]
i=2299[]
i=2300[]
i=2301[]
i=2302[]
i=2303[]
i=2304[]
i=2305[]
i=2306[]
i=2307[]
i=2308[]
i=2309[]
i=2310[]
i=2311[]
i=2312[]
i=2313[]
i=2314[]
i=2315[]
i=2316[]
i=2317[]
i=2318[]
i=2319[]
i=2320[]
i=2321[]
i=2322[]
i=2323[]
i=2324[]
i=2325[]
i=2326[]
i=2327[]
i=2328[]
i=2329[]
i=2330[]
i=2331[]
i=2332[]
i=2333[]
i=2334[]
i=2335[]
i=2336[]
i=2337[]
i=2338[]
i=2339[]
i=2340[]
i=2341[]
i=2342[]
i=2343[]
i=2344[]
i=2345[]
i=2346[]
i=2347[]
i=2348[]
i=2349[]
i=2350[]
i=2351[]
i=2352[]
i=2353[]
i=2354[]
i=2355[]
i=2356[]
i=2357[]
i=2358[]
i=2359[]
i=2360[]
i=2361[]
i=2362[]
i=2363[]
i=2364[]
i=2365[]
i=2366[]
i=2367[]
i=2368[]
i=2369[]
i=2370[]
i=2371[]
i=2372[]
i=2373[]
i=2374[]
i=2375[]
i=2376[]
i=2377[]
i=2378[]
i=2379[]
i=2380[]
i=2381[]
i=2382[]
i=2383[]
i=2384[]
i=2385[]
i=2386[]
i=2387[]
i=2388[]
i=2389[]
i=2390[]
i=2391[]
i=2392[]
i=2393[]
i=2394[]
i=2395[]
i=2396[]
i=2397[]
i=2398[]
i=2399[]
i=2400[]
i=2401[]
i=2402[]
i=2403[]
i=2404[]
i=2405[]
i=2406[]
i=2407[]
i=2408[]
i=2409[]
i=2410[]
i=2411[]
i=2412[]
i=2413[]
i=2414[]
i=2415[]
i=2416[]
i=2417[128,128,]
i=2418[]
i=2419[]
i=2420[]
i=2421[128,128,]
i=2422[]
i=2423[]
i=2424[]
i=2425[]
i=2426[]
i=2427[]
i=2428[]
i=2429[128,128,]
i=2430[]
i=2431[]
i=2432[]
i=2433[128,128,128,]
i=2434[]
i=2435[]
i=2436[]
i=2437[]
i=2438[]
i=2439[]
i=2440[]
i=2441[]
i=2442[]
i=2443[]
i=2444[]
i=2445[]
i=2446[]
i=2447[]
i=2448[]
i=2449[]
i=2450[]
i=2451[]
i=2452[]
i=2453[]
i=2454[]
i=2455[]
i=2456[]
i=2457[]
i=2458[]
i=2459[]
i=2460[]
i=2461[]
i=2462[]
i=2463[]
i=2464[]
i=2465[]
i=2466[]
i=2467[]
i=2468[]
i=2469[]
i=2470[]
i=2471[]
i=2472[]
i=2473[]
i=2474[]
i=2475[]
i=2476[]
i=2477[]
i=2478[]
i=2479[]
i=2480[]
i=2481[]
i=2482[]
i=2483[]
i=2484[]
i=2485[]
i=2486[]
i=2487[]
i=2488[]
i=2489[]
i=2490[]
i=2491[]
i=2492[]
i=2493[]
i=2494[]
i=2495[]
i=2496[]
i=2497[]
i=2498[]
i=2499[]
i=2500[]
i=2501[]
i=2502[]
i=2503[]
i=2504[]
i=2505[]
i=2506[]
i=2507[]
i=2508[]
i=2509[]
i=2510[]
i=2511[]
i=2512[]
i=2513[]
i=2514[]
i=2515[]
i=2516[]
i=2517[]
i=2518[]
i=2519[]
i=2520[]
i=2521[]
i=2522[]
i=2523[]
i=2524[]
i=2525[]
i=2526[]
i=2527[]
i=2528[]
i=2529[]
i=2530[]
i=2531[]
i=2532[]
i=2533[]
i=2534[]
i=2535[]
i=2536[]
i=2537[]
i=2538[]
i=2539[]
i=2540[]
i=2541[]
i=2542[]
i=2543[]
i=2544[]
i=2545[]
i=2546[]
i=2547[]
i=2548[]
i=2549[]
i=2550[]
i=2551[]
i=2552[]
i=2553[]
i=2554[]
i=2555[]
i=2556[]
i=2557[]
i=2558[]
i=2559[]
i=2560[]
i=2561[]
i=2562[]
i=2563[]
i=2564[]
i=2565[]
i=2566[]
i=2567[]
i=2568[]
i=2569[]
i=2570[]
i=2571[]
i=2572[]
i=2573[]
i=2574[]
i=2575[]
i=2576[]
i=2577[]
i=2578[]
i=2579[]
i=2580[]
i=2581[]
i=2582[]
i=2583[]
i=2584[]
i=2585[]
i=2586[]
i=2587[]
i=2588[]
i=2589[]
i=2590[]
i=2591[]
i=2592[]
i=2593[]
i=2594[]
i=2595[]
i=2596[]
i=2597[]
i=2598[]
i=2599[]
i=2600[]
i=2601[]
i=2602[]
i=2603[]
i=2604[]
i=2605[]
i=2606[]
i=2607[]
i=2608[]
i=2609[]
i=2610[]
i=2611[]
i=2612[]
i=2613[]
i=2614[]
i=2615[]
i=2616[]
i=2617[]
i=2618[]
i=2619[]
i=2620[]
i=2621[]
i=2622[]
i=2623[]
i=2624[]
i=2625[]
i=2626[]
i=2627[]
i=2628[]
i=2629[]
i=2630[]
i=2631[]
i=2632[]
i=2633[]
i=2634[]
i=2635[]
i=2636[]
i=2637[]
i=2638[]
i=2639[]
i=2640[]
i=2641[]
i=2642[]
i=2643[]
i=2644[]
i=2645[]
i=2646[]
i=2647[]
i=2648[]
i=2649[]
i=2650[]
i=2651[]
i=2652[]
i=2653[]
i=2654[]
i=2655[]
i=2656[]
i=2657[]
i=2658[]
i=2659[]
i=2660[]
i=2661[]
i=2662[]
i=2663[]
i=2664[]
i=2665[]
i=2666[]
i=2667[]
i=2668[]
i=2669[]
i=2670[]
i=2671[]
i=2672[]
i=2673[]
i=2674[]
i=2675[]
i=2676[]
i=2677[]
i=2678[]
i=2679[]
i=2680[]
i=2681[]
i=2682[]
i=2683[]
i=2684[]
i=2685[]
i=2686[]
i=2687[]
i=2688[]
i=2689[]
i=2690[]
i=2691[]
i=2692[]
i=2693[]
i=2694[]
i=2695[]
i=2696[]
i=2697[]
i=2698[]
i=2699[]
i=2700[]
i=2701[]
i=2702[]
i=2703[]
i=2704[]
i=2705[]
i=2706[]
i=2707[]
i=2708[]
i=2709[]
i=2710[]
i=2711[]
i=2712[]
i=2713[]
i=2714[]
i=2715[]
i=2716[]
i=2717[]
i=2718[]
i=2719[]
i=2720[]
i=2721[]
i=2722[]
i=2723[]
i=2724[]
i=2725[]
i=2726[]
i=2727[]
i=2728[]
i=2729[]
i=2730[]
i=2731[]
i=2732[]
i=2733[]
i=2734[]
i=2735[]
i=2736[]
i=2737[]
i=2738[]
i=2739[]
i=2740[]
i=2741[]
i=2742[]
i=2743[]
i=2744[]
i=2745[]
i=2746[]
i=2747[]
i=2748[]
i=2749[]
i=2750[]
i=2751[]
i=2752[]
i=2753[]
i=2754[]
i=2755[]
i=2756[]
i=2757[]
i=2758[]
i=2759[]
i=2760[]
i=2761[]
i=2762[]
i=2763[]
i=2764[]
i=2765[]
i=2766[]
i=2767[]
i=2768[]
i=2769[]
i=2770[]
i=2771[]
i=2772[]
i=2773[]
i=2774[]
i=2775[]
i=2776[]
i=2777[]
i=2778[]
i=2779[]
i=2780[]
i=2781[]
i=2782[]
i=2783[]
i=2784[]
i=2785[]
i=2786[]
i=2787[]
i=2788[]
i=2789[]
i=2790[]
i=2791[]
i=2792[]
i=2793[]
i=2794[]
i=2795[]
i=2796[]
i=2797[]
i=2798[]
i=2799[]
i=2800[]
i=2801[]
i=2802[]
i=2803[]
i=2804[]
i=2805[]
i=2806[]
i=2807[]
i=2808[]
i=2809[]
i=2810[]
i=2811[]
i=2812[]
i=2813[]
i=2814[]
i=2815[]
i=2816[]
i=2817[]
i=2818[]
i=2819[]
i=2820[]
i=2821[]
i=2822[]
i=2823[]
i=2824[]
i=2825[]
i=2826[]
i=2827[]
i=2828[]
i=2829[]
i=2830[]
i=2831[]
i=2832[]
i=2833[]
i=2834[]
i=2835[]
i=2836[]
i=2837[]
i=2838[]
i=2839[]
i=2840[]
i=2841[]
i=2842[]
i=2843[]
i=2844[]
i=2845[]
i=2846[]
i=2847[]
i=2848[]
i=2849[]
i=2850[]
i=2851[]
i=2852[]
i=2853[]
i=2854[]
i=2855[]
i=2856[]
i=2857[]
i=2858[]
i=2859[]
i=2860[]
i=2861[]
i=2862[]
i=2863[]
i=2864[]
i=2865[]
i=2866[]
i=2867[]
i=2868[]
i=2869[]
i=2870[]
i=2871[]
i=2872[]
i=2873[]
i=2874[]
i=2875[]
i=2876[]
i=2877[]
i=2878[]
i=2879[]
i=2880[]
i=2881[]
i=2882[128,160,]
i=2883[]
i=2884[]
i=2885[]
i=2886[128,128,128,128,]
i=2887[]
i=2888[]
i=2889[]
i=2890[]
i=2891[]
i=2892[]
i=2893[]
i=2894[]
i=2895[]
i=2896[]
i=2897[]
i=2898[128,]
i=2899[]
i=2900[]
i=2901[]
i=2902[128,128,]
i=2903[]
i=2904[]
i=2905[]
i=2906[128,]
i=2907[]
i=2908[]
i=2909[]
i=2910[]
i=2911[]
i=2912[]
i=2913[]
i=2914[]
i=2915[]
i=2916[]
i=2917[]
i=2918[]
i=2919[]
i=2920[]
i=2921[]
i=2922[]
i=2923[]
i=2924[]
i=2925[]
i=2926[]
i=2927[]
i=2928[]
i=2929[]
i=2930[]
i=2931[]
i=2932[]
i=2933[]
i=2934[]
i=2935[]
i=2936[]
i=2937[]
i=2938[]
i=2939[]
i=2940[]
i=2941[]
i=2942[]
i=2943[]
i=2944[]
i=2945[]
i=2946[]
i=2947[]
i=2948[]
i=2949[]
i=2950[]
i=2951[]
i=2952[]
i=2953[]
i=2954[]
i=2955[]
i=2956[]
i=2957[]
i=2958[]
i=2959[]
i=2960[]
i=2961[]
i=2962[]
i=2963[]
i=2964[]
i=2965[]
i=2966[]
i=2967[]
i=2968[]
i=2969[]
i=2970[]
i=2971[]
i=2972[]
i=2973[]
i=2974[]
i=2975[]
i=2976[]
i=2977[]
i=2978[]
i=2979[]
i=2980[]
i=2981[]
i=2982[]
i=2983[]
i=2984[]
i=2985[]
i=2986[]
i=2987[]
i=2988[]
i=2989[]
i=2990[]
i=2991[]
i=2992[]
i=2993[]
i=2994[]
i=2995[]
i=2996[]
i=2997[]
i=2998[]
i=2999[]
i=3000[]
i=3001[]
i=3002[]
i=3003[]
i=3004[]
i=3005[]
i=3006[]
i=3007[]
i=3008[]
i=3009[]
i=3010[]
i=3011[]
i=3012[]
i=3013[]
i=3014[]
i=3015[]
i=3016[]
i=3017[128,]
i=3018[]
i=3019[]
i=3020[]
i=3021[]
i=3022[]
i=3023[]
i=3024[]
i=3025[128,128,]
i=3026[]
i=3027[]
i=3028[]
i=3029[128,128,128,]
i=3030[]
i=3031[]
i=3032[]
i=3033[128,128,]
i=3034[]
i=3035[]
i=3036[]
i=3037[128,128,]
i=3038[]
i=3039[]
i=3040[]
i=3041[128,128,112,144,]
i=3042[]
i=3043[]
i=3044[]
i=3045[192,176,184,]
i=3046[]
i=3047[]
i=3048[]
i=3049[]
i=3050[]
i=3051[]
i=3052[]
i=3053[]
i=3054[]
i=3055[]
i=3056[]
i=3057[]
i=3058[]
i=3059[]
i=3060[]
i=3061[]
i=3062[]
i=3063[]
i=3064[]
i=3065[128,128,128,]
i=3066[]
i=3067[]
i=3068[]
i=3069[128,128,128,]
i=3070[]
i=3071[]
i=3072[]
i=3073[128,128,]
i=3074[]
i=3075[]
i=3076[]
i=3077[]
i=3078[]
i=3079[]
i=3080[]
i=3081[]
i=3082[]
i=3083[]
i=3084[]
i=3085[]
i=3086[]
i=3087[]
i=3088[]
i=3089[]
i=3090[]
i=3091[]
i=3092[]
i=3093[]
i=3094[]
i=3095[]
i=3096[]
i=3097[]
i=3098[]
i=3099[]
i=3100[]
i=3101[]
i=3102[]
i=3103[]
i=3104[]
i=3105[]
i=3106[]
i=3107[]
i=3108[]
i=3109[]
i=3110[]
i=3111[]
i=3112[]
i=3113[]
i=3114[]
i=3115[]
i=3116[]
i=3117[]
i=3118[]
i=3119[]
i=3120[]
i=3121[]
i=3122[]
i=3123[]
i=3124[]
i=3125[]
i=3126[]
i=3127[]
i=3128[]
i=3129[]
i=3130[]
i=3131[]
i=3132[]
i=3133[]
i=3134[]
i=3135[]
i=3136[]
i=3137[]
i=3138[]
i=3139[]
i=3140[]
i=3141[]
i=3142[]
i=3143[]
i=3144[]
i=3145[]
i=3146[]
i=3147[]
i=3148[]
i=3149[]
i=3150[]
i=3151[]
i=3152[]
i=3153[]
i=3154[]
i=3155[]
i=3156[]
i=3157[]
i=3158[]
i=3159[]
i=3160[]
i=3161[]
i=3162[]
i=3163[]
i=3164[]
i=3165[]
i=3166[]
i=3167[]
i=3168[]
i=3169[]
i=3170[]
i=3171[]
i=3172[]
i=3173[]
i=3174[]
i=3175[]
i=3176[]
i=3177[]
i=3178[]
i=3179[]
i=3180[]
i=3181[]
i=3182[]
i=3183[]
i=3184[]
i=3185[]
i=3186[]
i=3187[]
i=3188[]
i=3189[]
i=3190[]
i=3191[]
i=3192[]
i=3193[]
i=3194[]
i=3195[]
i=3196[]
i=3197[]
i=3198[]
i=3199[]
i=3200[]
i=3201[]
i=3202[]
i=3203[]
i=3204[]
i=3205[]
i=3206[]
i=3207[]
i=3208[]
i=3209[]
i=3210[]
i=3211[]
i=3212[]
i=3213[]
i=3214[]
i=3215[]
i=3216[]
i=3217[]
i=3218[]
i=3219[]
i=3220[]
i=3221[]
i=3222[]
i=3223[]
i=3224[]
i=3225[]
i=3226[]
i=3227[]
i=3228[]
i=3229[]
i=3230[]
i=3231[]
i=3232[]
i=3233[]
i=3234[]
i=3235[]
i=3236[]
i=3237[]
i=3238[]
i=3239[]
i=3240[]
i=3241[]
i=3242[]
i=3243[]
i=3244[]
i=3245[]
i=3246[]
i=3247[]
i=3248[]
i=3249[128,128,]
i=3250[]
i=3251[]
i=3252[]
i=3253[]
i=3254[]
i=3255[]
i=3256[]
i=3257[128,128,]
i=3258[]
i=3259[]
i=3260[]
i=3261[128,128,144,]
i=3262[]
i=3263[]
i=3264[]
i=3265[128,200,]
i=3266[]
i=3267[]
i=3268[]
i=3269[]
i=3270[]
i=3271[]
i=3272[]
i=3273[]
i=3274[]
i=3275[]
i=3276[]
i=3277[]
i=3278[]
i=3279[]
i=3280[]
i=3281[]
i=3282[]
i=3283[]
i=3284[]
i=3285[]
i=3286[]
i=3287[]
i=3288[]
i=3289[]
i=3290[]
i=3291[]
i=3292[]
i=3293[]
i=3294[]
i=3295[]
i=3296[]
i=3297[]
i=3298[]
i=3299[]
i=3300[]
i=3301[]
i=3302[]
i=3303[]
i=3304[]
i=3305[]
i=3306[]
i=3307[]
i=3308[]
i=3309[]
i=3310[]
i=3311[]
i=3312[]
i=3313[]
i=3314[]
i=3315[]
i=3316[]
i=3317[]
i=3318[]
i=3319[]
i=3320[]
i=3321[]
i=3322[]
i=3323[]
i=3324[]
i=3325[]
i=3326[]
i=3327[]
i=3328[]
i=3329[]
i=3330[]
i=3331[]
i=3332[]
i=3333[]
i=3334[]
i=3335[]
i=3336[]
i=3337[]
i=3338[]
i=3339[]
i=3340[]
i=3341[128,]
i=3342[]
i=3343[]
i=3344[]
i=3345[128,128,]
i=3346[]
i=3347[]
i=3348[]
i=3349[128,128,]
i=3350[]
i=3351[]
i=3352[]
i=3353[128,]
i=3354[]
i=3355[]
i=3356[]
i=3357[128,128,]
i=3358[]
i=3359[]
i=3360[]
i=3361[224,224,]
i=3362[]
i=3363[]
i=3364[]
i=3365[]
i=3366[]
i=3367[]
i=3368[]
i=3369[]
i=3370[]
i=3371[]
i=3372[]
i=3373[]
i=3374[]
i=3375[]
i=3376[]
i=3377[]
i=3378[]
i=3379[]
i=3380[]
i=3381[]
i=3382[]
i=3383[]
i=3384[]
i=3385[]
i=3386[]
i=3387[]
i=3388[]
i=3389[]
i=3390[]
i=3391[]
i=3392[]
i=3393[]
i=3394[]
i=3395[]
i=3396[]
i=3397[]
i=3398[]
i=3399[]
i=3400[]
i=3401[]
i=3402[]
i=3403[]
i=3404[]
i=3405[]
i=3406[]
i=3407[]
i=3408[]
i=3409[]
i=3410[]
i=3411[]
i=3412[]
i=3413[]
i=3414[]
i=3415[]
i=3416[]
i=3417[]
i=3418[]
i=3419[]
i=3420[]
i=3421[]
i=3422[]
i=3423[]
i=3424[]
i=3425[]
i=3426[]
i=3427[]
i=3428[]
i=3429[]
i=3430[]
i=3431[]
i=3432[]
i=3433[]
i=3434[]
i=3435[]
i=3436[]
i=3437[]
i=3438[]
i=3439[]
i=3440[]
i=3441[]
i=3442[]
i=3443[]
i=3444[]
i=3445[]
i=3446[]
i=3447[]
i=3448[]
i=3449[]
i=3450[]
i=3451[]
i=3452[]
i=3453[]
i=3454[]
i=3455[]
i=3456[]
i=3457[]
i=3458[]
i=3459[]
i=3460[]
i=3461[]
i=3462[]
i=3463[]
i=3464[]
i=3465[]
i=3466[]
i=3467[]
i=3468[]
i=3469[]
i=3470[]
i=3471[]
i=3472[]
i=3473[]
i=3474[]
i=3475[]
i=3476[]
i=3477[]
i=3478[]
i=3479[]
i=3480[]
i=3481[]
i=3482[]
i=3483[]
i=3484[]
i=3485[]
i=3486[]
i=3487[]
i=3488[]
i=3489[]
i=3490[]
i=3491[]
i=3492[]
i=3493[]
i=3494[]
i=3495[]
i=3496[]
i=3497[]
i=3498[]
i=3499[]
i=3500[]
i=3501[]
i=3502[]
i=3503[]
i=3504[]
i=3505[]
i=3506[]
i=3507[]
i=3508[]
i=3509[]
i=3510[]
i=3511[]
i=3512[]
i=3513[]
i=3514[]
i=3515[]
i=3516[]
i=3517[]
i=3518[]
i=3519[]
i=3520[]
i=3521[]
i=3522[]
i=3523[]
i=3524[]
i=3525[]
i=3526[]
i=3527[]
i=3528[]
i=3529[]
i=3530[]
i=3531[]
i=3532[]
i=3533[]
i=3534[]
i=3535[]
i=3536[]
i=3537[]
i=3538[]
i=3539[]
i=3540[]
i=3541[]
i=3542[]
i=3543[]
i=3544[]
i=3545[]
i=3546[]
i=3547[]
i=3548[]
i=3549[]
i=3550[]
i=3551[]
i=3552[]
i=3553[]
i=3554[]
i=3555[]
i=3556[]
i=3557[]
i=3558[]
i=3559[]
i=3560[]
i=3561[]
i=3562[]
i=3563[]
i=3564[]
i=3565[]
i=3566[]
i=3567[]
i=3568[]
i=3569[]
i=3570[]
i=3571[]
i=3572[]
i=3573[]
i=3574[]
i=3575[]
i=3576[]
i=3577[]
i=3578[]
i=3579[]
i=3580[]
i=3581[]
i=3582[]
i=3583[]
i=3584[]
i=3585[]
i=3586[]
i=3587[]
i=3588[]
i=3589[]
i=3590[]
i=3591[]
i=3592[]
i=3593[]
i=3594[]
i=3595[]
i=3596[]
i=3597[]
i=3598[]
i=3599[]
i=3600[]
i=3601[]
i=3602[]
i=3603[]
i=3604[]
i=3605[]
i=3606[]
i=3607[]
i=3608[]
i=3609[]
i=3610[]
i=3611[]
i=3612[]
i=3613[]
i=3614[]
i=3615[]
i=3616[]
i=3617[]
i=3618[]
i=3619[]
i=3620[]
i=3621[]
i=3622[]
i=3623[]
i=3624[]
i=3625[]
i=3626[]
i=3627[]
i=3628[]
i=3629[]
i=3630[]
i=3631[]
i=3632[]
i=3633[]
i=3634[]
i=3635[]
i=3636[]
i=3637[]
i=3638[]
i=3639[]
i=3640[]
i=3641[]
i=3642[]
i=3643[]
i=3644[]
i=3645[]
i=3646[]
i=3647[]
i=3648[]
i=3649[]
i=3650[]
i=3651[]
i=3652[]
i=3653[]
i=3654[]
i=3655[]
i=3656[]
i=3657[]
i=3658[]
i=3659[]
i=3660[]
i=3661[]
i=3662[]
i=3663[]
i=3664[]
i=3665[]
i=3666[]
i=3667[]
i=3668[]
i=3669[]
i=3670[]
i=3671[]
i=3672[]
i=3673[]
i=3674[]
i=3675[]
i=3676[]
i=3677[]
i=3678[]
i=3679[]
i=3680[]
i=3681[]
i=3682[]
i=3683[]
i=3684[]
i=3685[]
i=3686[]
i=3687[]
i=3688[]
i=3689[]
i=3690[]
i=3691[]
i=3692[]
i=3693[]
i=3694[]
i=3695[]
i=3696[]
i=3697[]
i=3698[]
i=3699[]
i=3700[]
i=3701[]
i=3702[]
i=3703[]
i=3704[]
i=3705[]
i=3706[]
i=3707[]
i=3708[]
i=3709[]
i=3710[]
i=3711[]
i=3712[]
i=3713[]
i=3714[]
i=3715[]
i=3716[]
i=3717[]
i=3718[]
i=3719[]
i=3720[]
i=3721[]
i=3722[]
i=3723[]
i=3724[]
i=3725[]
i=3726[]
i=3727[]
i=3728[]
i=3729[]
i=3730[]
i=3731[]
i=3732[]
i=3733[]
i=3734[]
i=3735[]
i=3736[]
i=3737[]
i=3738[]
i=3739[]
i=3740[]
i=3741[]
i=3742[]
i=3743[]
i=3744[]
i=3745[]
i=3746[]
i=3747[]
i=3748[]
i=3749[]
i=3750[]
i=3751[]
i=3752[]
i=3753[]
i=3754[]
i=3755[]
i=3756[]
i=3757[]
i=3758[]
i=3759[]
i=3760[]
i=3761[]
i=3762[]
i=3763[]
i=3764[]
i=3765[]
i=3766[]
i=3767[]
i=3768[]
i=3769[]
i=3770[]
i=3771[]
i=3772[]
i=3773[]
i=3774[]
i=3775[]
i=3776[]
i=3777[]
i=3778[]
i=3779[]
i=3780[]
i=3781[]
i=3782[]
i=3783[]
i=3784[]
i=3785[]
i=3786[]
i=3787[]
i=3788[]
i=3789[]
i=3790[]
i=3791[]
i=3792[]
i=3793[]
i=3794[]
i=3795[]
i=3796[]
i=3797[]
i=3798[]
i=3799[]
i=3800[]
i=3801[]
i=3802[]
i=3803[]
i=3804[]
i=3805[]
i=3806[]
i=3807[]
i=3808[]
i=3809[]
i=3810[]
i=3811[]
i=3812[]
i=3813[]
i=3814[]
i=3815[]
i=3816[]
i=3817[]
i=3818[]
i=3819[]
i=3820[]
i=3821[]
i=3822[]
i=3823[]
i=3824[]
i=3825[]
i=3826[]
i=3827[]
i=3828[]
i=3829[]
i=3830[]
i=3831[]
i=3832[]
i=3833[]
i=3834[]
i=3835[]
i=3836[]
i=3837[]
i=3838[]
i=3839[]
i=3840[]
i=3841[]
i=3842[]
i=3843[]
i=3844[]
i=3845[]
i=3846[]
i=3847[]
i=3848[]
i=3849[]
i=3850[]
i=3851[]
i=3852[]
i=3853[]
i=3854[]
i=3855[]
i=3856[]
i=3857[]
i=3858[]
i=3859[]
i=3860[]
i=3861[]
i=3862[]
i=3863[]
i=3864[]
i=3865[]
i=3866[]
i=3867[]
i=3868[]
i=3869[]
i=3870[]
i=3871[]
i=3872[]
i=3873[]
i=3874[]
i=3875[]
i=3876[]
i=3877[]
i=3878[]
i=3879[]
i=3880[]
i=3881[]
i=3882[]
i=3883[]
i=3884[]
i=3885[]
i=3886[]
i=3887[]
i=3888[]
i=3889[]
i=3890[]
i=3891[]
i=3892[]
i=3893[]
i=3894[]
i=3895[]
i=3896[]
i=3897[]
i=3898[]
i=3899[]
i=3900[]
i=3901[]
i=3902[]
i=3903[]
i=3904[]
i=3905[]
i=3906[]
i=3907[]
i=3908[]
i=3909[]
i=3910[]
i=3911[]
i=3912[]
i=3913[]
i=3914[]
i=3915[]
i=3916[]
i=3917[]
i=3918[]
i=3919[]
i=3920[]
i=3921[]
i=3922[]
i=3923[]
i=3924[]
i=3925[]
i=3926[]
i=3927[]
i=3928[]
i=3929[]
i=3930[]
i=3931[]
i=3932[]
i=3933[]
i=3934[]
i=3935[]
i=3936[]
i=3937[]
i=3938[]
i=3939[]
i=3940[]
i=3941[]
i=3942[]
i=3943[]
i=3944[]
i=3945[]
i=3946[]
i=3947[]
i=3948[]
i=3949[]
i=3950[]
i=3951[]
i=3952[]
i=3953[]
i=3954[]
i=3955[]
i=3956[]
i=3957[]
i=3958[]
i=3959[]
i=3960[]
i=3961[]
i=3962[]
i=3963[]
i=3964[]
i=3965[]
i=3966[]
i=3967[]
i=3968[]
i=3969[]
i=3970[]
i=3971[]
i=3972[]
i=3973[]
i=3974[]
i=3975[]
i=3976[]
i=3977[]
i=3978[]
i=3979[]
i=3980[]
i=3981[]
i=3982[]
i=3983[]
i=3984[]
i=3985[]
i=3986[]
i=3987[]
i=3988[]
i=3989[]
i=3990[]
i=3991[]
i=3992[]
i=3993[]
i=3994[]
i=3995[]
i=3996[]
i=3997[]
i=3998[]
i=3999[]
]
filename=testimage/orion_19.jpg
convert s/f status=0
iSum status=0
cudaerr=0
Filter status=0
Maxidx8u status=0
totalwidth=3496,4749
diff=40,-253
Am I now
outboundupper x=2228,y=4285
outboundlower x=-40,y=253
newsize=3536,4749
newimage width=3536, height=4749
offsetposition=40,0
eresult=0
newimage width=3536, height=4749
offsetposition=40,0
eresult=0
newimage width=3536, height=4749
offsetposition=40,0
eresult=0
newimage width=3536, height=4749
offsetposition=40,0
eresult=0
newimage width=3536, height=4749
offsetposition=40,0
eresult=0
anothergo0
test
Last test bis
test
3536,4749
filename=testimage/orion_19.jpg
[i=1000[]
i=1001[]
i=1002[]
i=1003[]
i=1004[]
i=1005[]
i=1006[]
i=1007[]
i=1008[]
i=1009[]
i=1010[]
i=1011[]
i=1012[]
i=1013[]
i=1014[]
i=1015[]
i=1016[]
i=1017[]
i=1018[]
i=1019[]
i=1020[]
i=1021[]
i=1022[]
i=1023[]
i=1024[]
i=1025[]
i=1026[]
i=1027[]
i=1028[]
i=1029[]
i=1030[]
i=1031[]
i=1032[]
i=1033[]
i=1034[]
i=1035[]
i=1036[]
i=1037[]
i=1038[]
i=1039[]
i=1040[]
i=1041[]
i=1042[]
i=1043[]
i=1044[]
i=1045[]
i=1046[]
i=1047[]
i=1048[]
i=1049[]
i=1050[]
i=1051[]
i=1052[]
i=1053[]
i=1054[]
i=1055[]
i=1056[]
i=1057[]
i=1058[]
i=1059[]
i=1060[]
i=1061[]
i=1062[]
i=1063[]
i=1064[]
i=1065[]
i=1066[]
i=1067[]
i=1068[]
i=1069[]
i=1070[]
i=1071[]
i=1072[]
i=1073[]
i=1074[]
i=1075[]
i=1076[]
i=1077[]
i=1078[]
i=1079[]
i=1080[]
i=1081[]
i=1082[]
i=1083[]
i=1084[]
i=1085[]
i=1086[]
i=1087[]
i=1088[]
i=1089[]
i=1090[]
i=1091[]
i=1092[]
i=1093[]
i=1094[]
i=1095[]
i=1096[]
i=1097[]
i=1098[]
i=1099[]
i=1100[]
i=1101[]
i=1102[]
i=1103[]
i=1104[]
i=1105[]
i=1106[]
i=1107[]
i=1108[]
i=1109[]
i=1110[]
i=1111[]
i=1112[]
i=1113[]
i=1114[]
i=1115[]
i=1116[]
i=1117[]
i=1118[]
i=1119[]
i=1120[]
i=1121[]
i=1122[]
i=1123[]
i=1124[]
i=1125[]
i=1126[]
i=1127[]
i=1128[]
i=1129[]
i=1130[]
i=1131[]
i=1132[]
i=1133[]
i=1134[]
i=1135[]
i=1136[]
i=1137[]
i=1138[]
i=1139[]
i=1140[]
i=1141[]
i=1142[]
i=1143[]
i=1144[]
i=1145[]
i=1146[]
i=1147[]
i=1148[]
i=1149[]
i=1150[]
i=1151[]
i=1152[]
i=1153[]
i=1154[]
i=1155[]
i=1156[]
i=1157[]
i=1158[]
i=1159[]
i=1160[]
i=1161[]
i=1162[]
i=1163[]
i=1164[]
i=1165[]
i=1166[]
i=1167[]
i=1168[]
i=1169[]
i=1170[]
i=1171[]
i=1172[]
i=1173[]
i=1174[]
i=1175[]
i=1176[]
i=1177[]
i=1178[]
i=1179[]
i=1180[]
i=1181[]
i=1182[]
i=1183[]
i=1184[]
i=1185[]
i=1186[]
i=1187[]
i=1188[]
i=1189[]
i=1190[]
i=1191[]
i=1192[]
i=1193[]
i=1194[]
i=1195[]
i=1196[]
i=1197[]
i=1198[]
i=1199[]
i=1200[]
i=1201[]
i=1202[]
i=1203[]
i=1204[]
i=1205[]
i=1206[]
i=1207[]
i=1208[]
i=1209[]
i=1210[]
i=1211[]
i=1212[]
i=1213[]
i=1214[]
i=1215[]
i=1216[]
i=1217[]
i=1218[]
i=1219[]
i=1220[]
i=1221[]
i=1222[]
i=1223[]
i=1224[]
i=1225[]
i=1226[]
i=1227[]
i=1228[]
i=1229[]
i=1230[]
i=1231[]
i=1232[]
i=1233[]
i=1234[]
i=1235[]
i=1236[]
i=1237[]
i=1238[]
i=1239[]
i=1240[]
i=1241[]
i=1242[]
i=1243[]
i=1244[]
i=1245[]
i=1246[]
i=1247[]
i=1248[]
i=1249[]
i=1250[]
i=1251[]
i=1252[]
i=1253[]
i=1254[]
i=1255[]
i=1256[]
i=1257[]
i=1258[]
i=1259[]
i=1260[]
i=1261[]
i=1262[]
i=1263[]
i=1264[]
i=1265[]
i=1266[]
i=1267[]
i=1268[]
i=1269[]
i=1270[]
i=1271[]
i=1272[]
i=1273[]
i=1274[]
i=1275[]
i=1276[]
i=1277[]
i=1278[]
i=1279[]
i=1280[]
i=1281[]
i=1282[]
i=1283[]
i=1284[]
i=1285[]
i=1286[]
i=1287[]
i=1288[]
i=1289[]
i=1290[]
i=1291[]
i=1292[]
i=1293[]
i=1294[]
i=1295[]
i=1296[]
i=1297[]
i=1298[]
i=1299[]
i=1300[]
i=1301[]
i=1302[]
i=1303[]
i=1304[]
i=1305[]
i=1306[]
i=1307[]
i=1308[]
i=1309[]
i=1310[]
i=1311[]
i=1312[]
i=1313[]
i=1314[]
i=1315[]
i=1316[]
i=1317[]
i=1318[]
i=1319[]
i=1320[]
i=1321[]
i=1322[]
i=1323[]
i=1324[]
i=1325[]
i=1326[]
i=1327[]
i=1328[]
i=1329[]
i=1330[]
i=1331[]
i=1332[]
i=1333[]
i=1334[]
i=1335[]
i=1336[]
i=1337[]
i=1338[]
i=1339[]
i=1340[]
i=1341[]
i=1342[]
i=1343[]
i=1344[]
i=1345[]
i=1346[]
i=1347[]
i=1348[]
i=1349[]
i=1350[]
i=1351[]
i=1352[]
i=1353[]
i=1354[]
i=1355[]
i=1356[]
i=1357[]
i=1358[]
i=1359[]
i=1360[]
i=1361[]
i=1362[]
i=1363[]
i=1364[]
i=1365[]
i=1366[]
i=1367[]
i=1368[]
i=1369[]
i=1370[]
i=1371[]
i=1372[]
i=1373[]
i=1374[]
i=1375[]
i=1376[]
i=1377[]
i=1378[]
i=1379[]
i=1380[]
i=1381[]
i=1382[]
i=1383[]
i=1384[]
i=1385[]
i=1386[]
i=1387[]
i=1388[]
i=1389[]
i=1390[]
i=1391[]
i=1392[]
i=1393[]
i=1394[]
i=1395[]
i=1396[]
i=1397[]
i=1398[]
i=1399[]
i=1400[]
i=1401[]
i=1402[]
i=1403[]
i=1404[]
i=1405[]
i=1406[]
i=1407[]
i=1408[]
i=1409[]
i=1410[]
i=1411[]
i=1412[]
i=1413[]
i=1414[]
i=1415[]
i=1416[]
i=1417[]
i=1418[]
i=1419[]
i=1420[]
i=1421[]
i=1422[]
i=1423[]
i=1424[]
i=1425[]
i=1426[]
i=1427[]
i=1428[]
i=1429[]
i=1430[]
i=1431[]
i=1432[]
i=1433[]
i=1434[]
i=1435[]
i=1436[]
i=1437[]
i=1438[]
i=1439[]
i=1440[]
i=1441[]
i=1442[]
i=1443[]
i=1444[]
i=1445[]
i=1446[]
i=1447[]
i=1448[]
i=1449[]
i=1450[]
i=1451[]
i=1452[]
i=1453[]
i=1454[]
i=1455[]
i=1456[]
i=1457[]
i=1458[]
i=1459[]
i=1460[]
i=1461[]
i=1462[]
i=1463[]
i=1464[]
i=1465[]
i=1466[]
i=1467[]
i=1468[]
i=1469[]
i=1470[]
i=1471[]
i=1472[]
i=1473[]
i=1474[]
i=1475[]
i=1476[]
i=1477[]
i=1478[]
i=1479[]
i=1480[]
i=1481[]
i=1482[]
i=1483[]
i=1484[]
i=1485[]
i=1486[]
i=1487[]
i=1488[]
i=1489[]
i=1490[]
i=1491[]
i=1492[]
i=1493[]
i=1494[]
i=1495[]
i=1496[]
i=1497[]
i=1498[]
i=1499[]
i=1500[]
i=1501[]
i=1502[]
i=1503[]
i=1504[]
i=1505[]
i=1506[]
i=1507[]
i=1508[]
i=1509[]
i=1510[]
i=1511[]
i=1512[]
i=1513[]
i=1514[]
i=1515[]
i=1516[]
i=1517[]
i=1518[]
i=1519[]
i=1520[]
i=1521[]
i=1522[]
i=1523[]
i=1524[]
i=1525[]
i=1526[]
i=1527[]
i=1528[]
i=1529[]
i=1530[]
i=1531[]
i=1532[]
i=1533[]
i=1534[]
i=1535[]
i=1536[]
i=1537[]
i=1538[]
i=1539[]
i=1540[]
i=1541[]
i=1542[]
i=1543[]
i=1544[]
i=1545[]
i=1546[]
i=1547[]
i=1548[]
i=1549[]
i=1550[]
i=1551[]
i=1552[]
i=1553[]
i=1554[]
i=1555[]
i=1556[]
i=1557[]
i=1558[]
i=1559[]
i=1560[]
i=1561[]
i=1562[]
i=1563[]
i=1564[]
i=1565[]
i=1566[]
i=1567[]
i=1568[]
i=1569[]
i=1570[]
i=1571[]
i=1572[]
i=1573[]
i=1574[]
i=1575[]
i=1576[]
i=1577[]
i=1578[]
i=1579[]
i=1580[]
i=1581[]
i=1582[]
i=1583[]
i=1584[]
i=1585[]
i=1586[]
i=1587[]
i=1588[]
i=1589[]
i=1590[]
i=1591[]
i=1592[]
i=1593[]
i=1594[]
i=1595[]
i=1596[]
i=1597[]
i=1598[]
i=1599[]
i=1600[]
i=1601[]
i=1602[]
i=1603[]
i=1604[]
i=1605[]
i=1606[]
i=1607[]
i=1608[]
i=1609[]
i=1610[]
i=1611[]
i=1612[]
i=1613[]
i=1614[]
i=1615[]
i=1616[]
i=1617[]
i=1618[]
i=1619[]
i=1620[]
i=1621[]
i=1622[]
i=1623[]
i=1624[]
i=1625[]
i=1626[]
i=1627[]
i=1628[]
i=1629[]
i=1630[]
i=1631[]
i=1632[]
i=1633[]
i=1634[]
i=1635[]
i=1636[]
i=1637[]
i=1638[]
i=1639[]
i=1640[]
i=1641[]
i=1642[]
i=1643[]
i=1644[]
i=1645[]
i=1646[]
i=1647[]
i=1648[]
i=1649[]
i=1650[]
i=1651[]
i=1652[]
i=1653[]
i=1654[]
i=1655[]
i=1656[]
i=1657[]
i=1658[]
i=1659[]
i=1660[]
i=1661[]
i=1662[]
i=1663[]
i=1664[]
i=1665[]
i=1666[]
i=1667[]
i=1668[]
i=1669[]
i=1670[]
i=1671[]
i=1672[]
i=1673[]
i=1674[]
i=1675[]
i=1676[]
i=1677[]
i=1678[]
i=1679[]
i=1680[]
i=1681[]
i=1682[]
i=1683[]
i=1684[]
i=1685[]
i=1686[]
i=1687[]
i=1688[]
i=1689[]
i=1690[]
i=1691[]
i=1692[]
i=1693[]
i=1694[]
i=1695[]
i=1696[]
i=1697[]
i=1698[]
i=1699[]
i=1700[]
i=1701[]
i=1702[]
i=1703[]
i=1704[]
i=1705[]
i=1706[]
i=1707[]
i=1708[]
i=1709[]
i=1710[]
i=1711[]
i=1712[]
i=1713[]
i=1714[]
i=1715[]
i=1716[]
i=1717[]
i=1718[]
i=1719[]
i=1720[]
i=1721[]
i=1722[]
i=1723[]
i=1724[]
i=1725[]
i=1726[]
i=1727[]
i=1728[]
i=1729[]
i=1730[]
i=1731[]
i=1732[]
i=1733[]
i=1734[]
i=1735[]
i=1736[]
i=1737[]
i=1738[]
i=1739[]
i=1740[]
i=1741[]
i=1742[]
i=1743[]
i=1744[]
i=1745[]
i=1746[]
i=1747[]
i=1748[]
i=1749[]
i=1750[]
i=1751[]
i=1752[]
i=1753[]
i=1754[]
i=1755[]
i=1756[]
i=1757[]
i=1758[]
i=1759[]
i=1760[]
i=1761[]
i=1762[]
i=1763[]
i=1764[]
i=1765[]
i=1766[]
i=1767[]
i=1768[]
i=1769[]
i=1770[]
i=1771[]
i=1772[]
i=1773[]
i=1774[]
i=1775[]
i=1776[]
i=1777[]
i=1778[]
i=1779[]
i=1780[]
i=1781[]
i=1782[]
i=1783[]
i=1784[]
i=1785[]
i=1786[]
i=1787[]
i=1788[]
i=1789[]
i=1790[]
i=1791[]
i=1792[]
i=1793[]
i=1794[]
i=1795[]
i=1796[]
i=1797[]
i=1798[]
i=1799[]
i=1800[]
i=1801[]
i=1802[]
i=1803[]
i=1804[]
i=1805[]
i=1806[]
i=1807[]
i=1808[]
i=1809[]
i=1810[]
i=1811[]
i=1812[]
i=1813[]
i=1814[]
i=1815[]
i=1816[]
i=1817[]
i=1818[]
i=1819[]
i=1820[]
i=1821[]
i=1822[]
i=1823[]
i=1824[]
i=1825[]
i=1826[]
i=1827[]
i=1828[]
i=1829[]
i=1830[]
i=1831[]
i=1832[]
i=1833[]
i=1834[]
i=1835[]
i=1836[]
i=1837[]
i=1838[]
i=1839[]
i=1840[]
i=1841[]
i=1842[]
i=1843[]
i=1844[]
i=1845[]
i=1846[]
i=1847[]
i=1848[]
i=1849[]
i=1850[]
i=1851[]
i=1852[]
i=1853[]
i=1854[]
i=1855[]
i=1856[]
i=1857[]
i=1858[]
i=1859[]
i=1860[]
i=1861[]
i=1862[]
i=1863[]
i=1864[]
i=1865[]
i=1866[]
i=1867[]
i=1868[]
i=1869[]
i=1870[]
i=1871[]
i=1872[]
i=1873[]
i=1874[]
i=1875[]
i=1876[]
i=1877[]
i=1878[]
i=1879[]
i=1880[]
i=1881[]
i=1882[]
i=1883[]
i=1884[]
i=1885[]
i=1886[]
i=1887[]
i=1888[]
i=1889[]
i=1890[]
i=1891[]
i=1892[]
i=1893[]
i=1894[]
i=1895[]
i=1896[]
i=1897[]
i=1898[]
i=1899[]
i=1900[]
i=1901[]
i=1902[]
i=1903[]
i=1904[]
i=1905[]
i=1906[]
i=1907[]
i=1908[]
i=1909[]
i=1910[]
i=1911[]
i=1912[]
i=1913[]
i=1914[]
i=1915[]
i=1916[]
i=1917[]
i=1918[]
i=1919[]
i=1920[]
i=1921[]
i=1922[]
i=1923[]
i=1924[]
i=1925[]
i=1926[]
i=1927[]
i=1928[]
i=1929[]
i=1930[]
i=1931[]
i=1932[]
i=1933[]
i=1934[]
i=1935[]
i=1936[]
i=1937[]
i=1938[]
i=1939[]
i=1940[]
i=1941[]
i=1942[]
i=1943[]
i=1944[]
i=1945[]
i=1946[]
i=1947[]
i=1948[]
i=1949[]
i=1950[]
i=1951[]
i=1952[]
i=1953[]
i=1954[]
i=1955[]
i=1956[]
i=1957[]
i=1958[]
i=1959[]
i=1960[]
i=1961[]
i=1962[]
i=1963[]
i=1964[]
i=1965[]
i=1966[]
i=1967[]
i=1968[]
i=1969[]
i=1970[]
i=1971[]
i=1972[]
i=1973[]
i=1974[]
i=1975[]
i=1976[]
i=1977[]
i=1978[]
i=1979[]
i=1980[]
i=1981[]
i=1982[]
i=1983[]
i=1984[]
i=1985[]
i=1986[]
i=1987[]
i=1988[]
i=1989[]
i=1990[]
i=1991[]
i=1992[]
i=1993[]
i=1994[]
i=1995[]
i=1996[]
i=1997[]
i=1998[]
i=1999[]
i=2000[]
i=2001[]
i=2002[]
i=2003[]
i=2004[]
i=2005[]
i=2006[]
i=2007[]
i=2008[]
i=2009[]
i=2010[]
i=2011[]
i=2012[]
i=2013[]
i=2014[]
i=2015[]
i=2016[]
i=2017[]
i=2018[]
i=2019[]
i=2020[]
i=2021[]
i=2022[]
i=2023[]
i=2024[]
i=2025[]
i=2026[]
i=2027[]
i=2028[]
i=2029[]
i=2030[]
i=2031[]
i=2032[]
i=2033[]
i=2034[]
i=2035[]
i=2036[]
i=2037[]
i=2038[]
i=2039[]
i=2040[]
i=2041[]
i=2042[]
i=2043[]
i=2044[]
i=2045[]
i=2046[]
i=2047[]
i=2048[]
i=2049[]
i=2050[]
i=2051[]
i=2052[]
i=2053[]
i=2054[]
i=2055[]
i=2056[]
i=2057[]
i=2058[]
i=2059[]
i=2060[]
i=2061[]
i=2062[]
i=2063[]
i=2064[]
i=2065[]
i=2066[]
i=2067[]
i=2068[]
i=2069[]
i=2070[]
i=2071[]
i=2072[]
i=2073[]
i=2074[]
i=2075[]
i=2076[]
i=2077[]
i=2078[]
i=2079[]
i=2080[]
i=2081[]
i=2082[]
i=2083[]
i=2084[]
i=2085[]
i=2086[]
i=2087[]
i=2088[]
i=2089[]
i=2090[]
i=2091[]
i=2092[]
i=2093[]
i=2094[]
i=2095[]
i=2096[]
i=2097[]
i=2098[]
i=2099[]
i=2100[]
i=2101[]
i=2102[]
i=2103[]
i=2104[]
i=2105[]
i=2106[]
i=2107[]
i=2108[]
i=2109[]
i=2110[]
i=2111[]
i=2112[]
i=2113[]
i=2114[]
i=2115[]
i=2116[]
i=2117[]
i=2118[]
i=2119[]
i=2120[]
i=2121[]
i=2122[]
i=2123[]
i=2124[]
i=2125[]
i=2126[]
i=2127[]
i=2128[]
i=2129[]
i=2130[]
i=2131[]
i=2132[]
i=2133[]
i=2134[]
i=2135[]
i=2136[]
i=2137[]
i=2138[]
i=2139[]
i=2140[]
i=2141[]
i=2142[]
i=2143[]
i=2144[]
i=2145[]
i=2146[]
i=2147[]
i=2148[]
i=2149[]
i=2150[]
i=2151[]
i=2152[]
i=2153[]
i=2154[]
i=2155[]
i=2156[]
i=2157[]
i=2158[]
i=2159[]
i=2160[]
i=2161[]
i=2162[]
i=2163[]
i=2164[]
i=2165[]
i=2166[]
i=2167[]
i=2168[]
i=2169[]
i=2170[]
i=2171[]
i=2172[]
i=2173[]
i=2174[]
i=2175[]
i=2176[]
i=2177[]
i=2178[]
i=2179[]
i=2180[]
i=2181[]
i=2182[]
i=2183[]
i=2184[]
i=2185[]
i=2186[]
i=2187[]
i=2188[]
i=2189[]
i=2190[]
i=2191[]
i=2192[]
i=2193[]
i=2194[]
i=2195[]
i=2196[]
i=2197[]
i=2198[]
i=2199[]
i=2200[]
i=2201[]
i=2202[]
i=2203[]
i=2204[]
i=2205[]
i=2206[]
i=2207[]
i=2208[]
i=2209[]
i=2210[]
i=2211[]
i=2212[]
i=2213[]
i=2214[]
i=2215[]
i=2216[]
i=2217[]
i=2218[]
i=2219[]
i=2220[]
i=2221[]
i=2222[]
i=2223[]
i=2224[]
i=2225[]
i=2226[]
i=2227[]
i=2228[]
i=2229[]
i=2230[]
i=2231[]
i=2232[]
i=2233[]
i=2234[]
i=2235[]
i=2236[]
i=2237[]
i=2238[]
i=2239[]
i=2240[]
i=2241[]
i=2242[]
i=2243[]
i=2244[]
i=2245[]
i=2246[]
i=2247[]
i=2248[]
i=2249[]
i=2250[]
i=2251[]
i=2252[]
i=2253[]
i=2254[]
i=2255[]
i=2256[]
i=2257[]
i=2258[]
i=2259[]
i=2260[]
i=2261[]
i=2262[]
i=2263[]
i=2264[]
i=2265[]
i=2266[]
i=2267[]
i=2268[]
i=2269[]
i=2270[]
i=2271[]
i=2272[]
i=2273[]
i=2274[]
i=2275[]
i=2276[]
i=2277[]
i=2278[]
i=2279[]
i=2280[]
i=2281[]
i=2282[]
i=2283[]
i=2284[]
i=2285[]
i=2286[]
i=2287[]
i=2288[]
i=2289[]
i=2290[]
i=2291[]
i=2292[]
i=2293[]
i=2294[]
i=2295[]
i=2296[]
i=2297[]
i=2298[]
i=2299[]
i=2300[]
i=2301[]
i=2302[]
i=2303[]
i=2304[]
i=2305[]
i=2306[]
i=2307[]
i=2308[]
i=2309[]
i=2310[]
i=2311[]
i=2312[]
i=2313[]
i=2314[]
i=2315[]
i=2316[]
i=2317[]
i=2318[]
i=2319[]
i=2320[]
i=2321[]
i=2322[]
i=2323[]
i=2324[]
i=2325[]
i=2326[]
i=2327[]
i=2328[]
i=2329[]
i=2330[]
i=2331[]
i=2332[]
i=2333[]
i=2334[]
i=2335[]
i=2336[]
i=2337[]
i=2338[]
i=2339[]
i=2340[]
i=2341[]
i=2342[]
i=2343[]
i=2344[]
i=2345[]
i=2346[]
i=2347[]
i=2348[]
i=2349[]
i=2350[]
i=2351[]
i=2352[]
i=2353[]
i=2354[]
i=2355[]
i=2356[]
i=2357[]
i=2358[]
i=2359[]
i=2360[]
i=2361[]
i=2362[]
i=2363[]
i=2364[]
i=2365[]
i=2366[]
i=2367[]
i=2368[]
i=2369[]
i=2370[]
i=2371[]
i=2372[]
i=2373[]
i=2374[]
i=2375[]
i=2376[]
i=2377[]
i=2378[]
i=2379[]
i=2380[]
i=2381[]
i=2382[]
i=2383[]
i=2384[]
i=2385[]
i=2386[]
i=2387[]
i=2388[]
i=2389[]
i=2390[]
i=2391[]
i=2392[]
i=2393[]
i=2394[]
i=2395[]
i=2396[]
i=2397[]
i=2398[]
i=2399[]
i=2400[]
i=2401[]
i=2402[]
i=2403[]
i=2404[]
i=2405[]
i=2406[]
i=2407[]
i=2408[]
i=2409[]
i=2410[]
i=2411[]
i=2412[]
i=2413[]
i=2414[]
i=2415[]
i=2416[]
i=2417[128,128,]
i=2418[]
i=2419[]
i=2420[]
i=2421[128,128,]
i=2422[]
i=2423[]
i=2424[]
i=2425[]
i=2426[]
i=2427[]
i=2428[]
i=2429[128,128,]
i=2430[]
i=2431[]
i=2432[]
i=2433[128,128,128,]
i=2434[]
i=2435[]
i=2436[]
i=2437[]
i=2438[]
i=2439[]
i=2440[]
i=2441[]
i=2442[]
i=2443[]
i=2444[]
i=2445[]
i=2446[]
i=2447[]
i=2448[]
i=2449[]
i=2450[]
i=2451[]
i=2452[]
i=2453[]
i=2454[]
i=2455[]
i=2456[]
i=2457[]
i=2458[]
i=2459[]
i=2460[]
i=2461[]
i=2462[]
i=2463[]
i=2464[]
i=2465[]
i=2466[]
i=2467[]
i=2468[]
i=2469[]
i=2470[]
i=2471[]
i=2472[]
i=2473[]
i=2474[]
i=2475[]
i=2476[]
i=2477[]
i=2478[]
i=2479[]
i=2480[]
i=2481[]
i=2482[]
i=2483[]
i=2484[]
i=2485[]
i=2486[]
i=2487[]
i=2488[]
i=2489[]
i=2490[]
i=2491[]
i=2492[]
i=2493[]
i=2494[]
i=2495[]
i=2496[]
i=2497[]
i=2498[]
i=2499[]
i=2500[]
i=2501[]
i=2502[]
i=2503[]
i=2504[]
i=2505[]
i=2506[]
i=2507[]
i=2508[]
i=2509[]
i=2510[]
i=2511[]
i=2512[]
i=2513[]
i=2514[]
i=2515[]
i=2516[]
i=2517[]
i=2518[]
i=2519[]
i=2520[]
i=2521[]
i=2522[]
i=2523[]
i=2524[]
i=2525[]
i=2526[]
i=2527[]
i=2528[]
i=2529[]
i=2530[]
i=2531[]
i=2532[]
i=2533[]
i=2534[]
i=2535[]
i=2536[]
i=2537[]
i=2538[]
i=2539[]
i=2540[]
i=2541[]
i=2542[]
i=2543[]
i=2544[]
i=2545[]
i=2546[]
i=2547[]
i=2548[]
i=2549[]
i=2550[]
i=2551[]
i=2552[]
i=2553[]
i=2554[]
i=2555[]
i=2556[]
i=2557[]
i=2558[]
i=2559[]
i=2560[]
i=2561[]
i=2562[]
i=2563[]
i=2564[]
i=2565[]
i=2566[]
i=2567[]
i=2568[]
i=2569[]
i=2570[]
i=2571[]
i=2572[]
i=2573[]
i=2574[]
i=2575[]
i=2576[]
i=2577[]
i=2578[]
i=2579[]
i=2580[]
i=2581[]
i=2582[]
i=2583[]
i=2584[]
i=2585[]
i=2586[]
i=2587[]
i=2588[]
i=2589[]
i=2590[]
i=2591[]
i=2592[]
i=2593[]
i=2594[]
i=2595[]
i=2596[]
i=2597[]
i=2598[]
i=2599[]
i=2600[]
i=2601[]
i=2602[]
i=2603[]
i=2604[]
i=2605[]
i=2606[]
i=2607[]
i=2608[]
i=2609[]
i=2610[]
i=2611[]
i=2612[]
i=2613[]
i=2614[]
i=2615[]
i=2616[]
i=2617[]
i=2618[]
i=2619[]
i=2620[]
i=2621[]
i=2622[]
i=2623[]
i=2624[]
i=2625[]
i=2626[]
i=2627[]
i=2628[]
i=2629[]
i=2630[]
i=2631[]
i=2632[]
i=2633[]
i=2634[]
i=2635[]
i=2636[]
i=2637[]
i=2638[]
i=2639[]
i=2640[]
i=2641[]
i=2642[]
i=2643[]
i=2644[]
i=2645[]
i=2646[]
i=2647[]
i=2648[]
i=2649[]
i=2650[]
i=2651[]
i=2652[]
i=2653[]
i=2654[]
i=2655[]
i=2656[]
i=2657[]
i=2658[]
i=2659[]
i=2660[]
i=2661[]
i=2662[]
i=2663[]
i=2664[]
i=2665[]
i=2666[]
i=2667[]
i=2668[]
i=2669[]
i=2670[]
i=2671[]
i=2672[]
i=2673[]
i=2674[]
i=2675[]
i=2676[]
i=2677[]
i=2678[]
i=2679[]
i=2680[]
i=2681[]
i=2682[]
i=2683[]
i=2684[]
i=2685[]
i=2686[]
i=2687[]
i=2688[]
i=2689[]
i=2690[]
i=2691[]
i=2692[]
i=2693[]
i=2694[]
i=2695[]
i=2696[]
i=2697[]
i=2698[]
i=2699[]
i=2700[]
i=2701[]
i=2702[]
i=2703[]
i=2704[]
i=2705[]
i=2706[]
i=2707[]
i=2708[]
i=2709[]
i=2710[]
i=2711[]
i=2712[]
i=2713[]
i=2714[]
i=2715[]
i=2716[]
i=2717[]
i=2718[]
i=2719[]
i=2720[]
i=2721[]
i=2722[]
i=2723[]
i=2724[]
i=2725[]
i=2726[]
i=2727[]
i=2728[]
i=2729[]
i=2730[]
i=2731[]
i=2732[]
i=2733[]
i=2734[]
i=2735[]
i=2736[]
i=2737[]
i=2738[]
i=2739[]
i=2740[]
i=2741[]
i=2742[]
i=2743[]
i=2744[]
i=2745[]
i=2746[]
i=2747[]
i=2748[]
i=2749[]
i=2750[]
i=2751[]
i=2752[]
i=2753[]
i=2754[]
i=2755[]
i=2756[]
i=2757[]
i=2758[]
i=2759[]
i=2760[]
i=2761[]
i=2762[]
i=2763[]
i=2764[]
i=2765[]
i=2766[]
i=2767[]
i=2768[]
i=2769[]
i=2770[]
i=2771[]
i=2772[]
i=2773[]
i=2774[]
i=2775[]
i=2776[]
i=2777[]
i=2778[]
i=2779[]
i=2780[]
i=2781[]
i=2782[]
i=2783[]
i=2784[]
i=2785[]
i=2786[]
i=2787[]
i=2788[]
i=2789[]
i=2790[]
i=2791[]
i=2792[]
i=2793[]
i=2794[]
i=2795[]
i=2796[]
i=2797[]
i=2798[]
i=2799[]
i=2800[]
i=2801[]
i=2802[]
i=2803[]
i=2804[]
i=2805[]
i=2806[]
i=2807[]
i=2808[]
i=2809[]
i=2810[]
i=2811[]
i=2812[]
i=2813[]
i=2814[]
i=2815[]
i=2816[]
i=2817[]
i=2818[]
i=2819[]
i=2820[]
i=2821[]
i=2822[]
i=2823[]
i=2824[]
i=2825[]
i=2826[]
i=2827[]
i=2828[]
i=2829[]
i=2830[]
i=2831[]
i=2832[]
i=2833[]
i=2834[]
i=2835[]
i=2836[]
i=2837[]
i=2838[]
i=2839[]
i=2840[]
i=2841[]
i=2842[]
i=2843[]
i=2844[]
i=2845[]
i=2846[]
i=2847[]
i=2848[]
i=2849[]
i=2850[]
i=2851[]
i=2852[]
i=2853[]
i=2854[]
i=2855[]
i=2856[]
i=2857[]
i=2858[]
i=2859[]
i=2860[]
i=2861[]
i=2862[]
i=2863[]
i=2864[]
i=2865[]
i=2866[]
i=2867[]
i=2868[]
i=2869[]
i=2870[]
i=2871[]
i=2872[]
i=2873[]
i=2874[]
i=2875[]
i=2876[]
i=2877[]
i=2878[]
i=2879[]
i=2880[]
i=2881[]
i=2882[128,160,]
i=2883[]
i=2884[]
i=2885[]
i=2886[128,128,128,128,]
i=2887[]
i=2888[]
i=2889[]
i=2890[]
i=2891[]
i=2892[]
i=2893[]
i=2894[]
i=2895[]
i=2896[]
i=2897[]
i=2898[128,]
i=2899[]
i=2900[]
i=2901[]
i=2902[128,128,]
i=2903[]
i=2904[]
i=2905[]
i=2906[128,]
i=2907[]
i=2908[]
i=2909[]
i=2910[]
i=2911[]
i=2912[]
i=2913[]
i=2914[]
i=2915[]
i=2916[]
i=2917[]
i=2918[]
i=2919[]
i=2920[]
i=2921[]
i=2922[]
i=2923[]
i=2924[]
i=2925[]
i=2926[]
i=2927[]
i=2928[]
i=2929[]
i=2930[]
i=2931[]
i=2932[]
i=2933[]
i=2934[]
i=2935[]
i=2936[]
i=2937[]
i=2938[]
i=2939[]
i=2940[]
i=2941[]
i=2942[]
i=2943[]
i=2944[]
i=2945[]
i=2946[]
i=2947[]
i=2948[]
i=2949[]
i=2950[]
i=2951[]
i=2952[]
i=2953[]
i=2954[]
i=2955[]
i=2956[]
i=2957[]
i=2958[]
i=2959[]
i=2960[]
i=2961[]
i=2962[]
i=2963[]
i=2964[]
i=2965[]
i=2966[]
i=2967[]
i=2968[]
i=2969[]
i=2970[]
i=2971[]
i=2972[]
i=2973[]
i=2974[]
i=2975[]
i=2976[]
i=2977[]
i=2978[]
i=2979[]
i=2980[]
i=2981[]
i=2982[]
i=2983[]
i=2984[]
i=2985[]
i=2986[]
i=2987[]
i=2988[]
i=2989[]
i=2990[]
i=2991[]
i=2992[]
i=2993[]
i=2994[]
i=2995[]
i=2996[]
i=2997[]
i=2998[]
i=2999[]
i=3000[]
i=3001[]
i=3002[]
i=3003[]
i=3004[]
i=3005[]
i=3006[]
i=3007[]
i=3008[]
i=3009[]
i=3010[]
i=3011[]
i=3012[]
i=3013[]
i=3014[]
i=3015[]
i=3016[]
i=3017[128,]
i=3018[]
i=3019[]
i=3020[]
i=3021[]
i=3022[]
i=3023[]
i=3024[]
i=3025[128,128,]
i=3026[]
i=3027[]
i=3028[]
i=3029[128,128,128,]
i=3030[]
i=3031[]
i=3032[]
i=3033[128,128,]
i=3034[]
i=3035[]
i=3036[]
i=3037[128,128,]
i=3038[]
i=3039[]
i=3040[]
i=3041[128,128,112,144,]
i=3042[]
i=3043[]
i=3044[]
i=3045[192,176,184,]
i=3046[]
i=3047[]
i=3048[]
i=3049[]
i=3050[]
i=3051[]
i=3052[]
i=3053[]
i=3054[]
i=3055[]
i=3056[]
i=3057[]
i=3058[]
i=3059[]
i=3060[]
i=3061[]
i=3062[]
i=3063[]
i=3064[]
i=3065[128,128,128,]
i=3066[]
i=3067[]
i=3068[]
i=3069[128,128,128,]
i=3070[]
i=3071[]
i=3072[]
i=3073[128,128,]
i=3074[]
i=3075[]
i=3076[]
i=3077[]
i=3078[]
i=3079[]
i=3080[]
i=3081[]
i=3082[]
i=3083[]
i=3084[]
i=3085[]
i=3086[]
i=3087[]
i=3088[]
i=3089[]
i=3090[]
i=3091[]
i=3092[]
i=3093[]
i=3094[]
i=3095[]
i=3096[]
i=3097[]
i=3098[]
i=3099[]
i=3100[]
i=3101[]
i=3102[]
i=3103[]
i=3104[]
i=3105[]
i=3106[]
i=3107[]
i=3108[]
i=3109[]
i=3110[]
i=3111[]
i=3112[]
i=3113[]
i=3114[]
i=3115[]
i=3116[]
i=3117[]
i=3118[]
i=3119[]
i=3120[]
i=3121[]
i=3122[]
i=3123[]
i=3124[]
i=3125[]
i=3126[]
i=3127[]
i=3128[]
i=3129[]
i=3130[]
i=3131[]
i=3132[]
i=3133[]
i=3134[]
i=3135[]
i=3136[]
i=3137[]
i=3138[]
i=3139[]
i=3140[]
i=3141[]
i=3142[]
i=3143[]
i=3144[]
i=3145[]
i=3146[]
i=3147[]
i=3148[]
i=3149[]
i=3150[]
i=3151[]
i=3152[]
i=3153[]
i=3154[]
i=3155[]
i=3156[]
i=3157[]
i=3158[]
i=3159[]
i=3160[]
i=3161[]
i=3162[]
i=3163[]
i=3164[]
i=3165[]
i=3166[]
i=3167[]
i=3168[]
i=3169[]
i=3170[]
i=3171[]
i=3172[]
i=3173[]
i=3174[]
i=3175[]
i=3176[]
i=3177[]
i=3178[]
i=3179[]
i=3180[]
i=3181[]
i=3182[]
i=3183[]
i=3184[]
i=3185[]
i=3186[]
i=3187[]
i=3188[]
i=3189[]
i=3190[]
i=3191[]
i=3192[]
i=3193[]
i=3194[]
i=3195[]
i=3196[]
i=3197[]
i=3198[]
i=3199[]
i=3200[]
i=3201[]
i=3202[]
i=3203[]
i=3204[]
i=3205[]
i=3206[]
i=3207[]
i=3208[]
i=3209[]
i=3210[]
i=3211[]
i=3212[]
i=3213[]
i=3214[]
i=3215[]
i=3216[]
i=3217[]
i=3218[]
i=3219[]
i=3220[]
i=3221[]
i=3222[]
i=3223[]
i=3224[]
i=3225[]
i=3226[]
i=3227[]
i=3228[]
i=3229[]
i=3230[]
i=3231[]
i=3232[]
i=3233[]
i=3234[]
i=3235[]
i=3236[]
i=3237[]
i=3238[]
i=3239[]
i=3240[]
i=3241[]
i=3242[]
i=3243[]
i=3244[]
i=3245[]
i=3246[]
i=3247[]
i=3248[]
i=3249[128,128,]
i=3250[]
i=3251[]
i=3252[]
i=3253[]
i=3254[]
i=3255[]
i=3256[]
i=3257[128,128,]
i=3258[]
i=3259[]
i=3260[]
i=3261[128,128,144,]
i=3262[]
i=3263[]
i=3264[]
i=3265[128,200,]
i=3266[]
i=3267[]
i=3268[]
i=3269[]
i=3270[]
i=3271[]
i=3272[]
i=3273[]
i=3274[]
i=3275[]
i=3276[]
i=3277[]
i=3278[]
i=3279[]
i=3280[]
i=3281[]
i=3282[]
i=3283[]
i=3284[]
i=3285[]
i=3286[]
i=3287[]
i=3288[]
i=3289[]
i=3290[]
i=3291[]
i=3292[]
i=3293[]
i=3294[]
i=3295[]
i=3296[]
i=3297[]
i=3298[]
i=3299[]
i=3300[]
i=3301[]
i=3302[]
i=3303[]
i=3304[]
i=3305[]
i=3306[]
i=3307[]
i=3308[]
i=3309[]
i=3310[]
i=3311[]
i=3312[]
i=3313[]
i=3314[]
i=3315[]
i=3316[]
i=3317[]
i=3318[]
i=3319[]
i=3320[]
i=3321[]
i=3322[]
i=3323[]
i=3324[]
i=3325[]
i=3326[]
i=3327[]
i=3328[]
i=3329[]
i=3330[]
i=3331[]
i=3332[]
i=3333[]
i=3334[]
i=3335[]
i=3336[]
i=3337[]
i=3338[]
i=3339[]
i=3340[]
i=3341[128,]
i=3342[]
i=3343[]
i=3344[]
i=3345[128,128,]
i=3346[]
i=3347[]
i=3348[]
i=3349[128,128,]
i=3350[]
i=3351[]
i=3352[]
i=3353[128,]
i=3354[]
i=3355[]
i=3356[]
i=3357[128,128,]
i=3358[]
i=3359[]
i=3360[]
i=3361[224,224,]
i=3362[]
i=3363[]
i=3364[]
i=3365[]
i=3366[]
i=3367[]
i=3368[]
i=3369[]
i=3370[]
i=3371[]
i=3372[]
i=3373[]
i=3374[]
i=3375[]
i=3376[]
i=3377[]
i=3378[]
i=3379[]
i=3380[]
i=3381[]
i=3382[]
i=3383[]
i=3384[]
i=3385[]
i=3386[]
i=3387[]
i=3388[]
i=3389[]
i=3390[]
i=3391[]
i=3392[]
i=3393[]
i=3394[]
i=3395[]
i=3396[]
i=3397[]
i=3398[]
i=3399[]
i=3400[]
i=3401[]
i=3402[]
i=3403[]
i=3404[]
i=3405[]
i=3406[]
i=3407[]
i=3408[]
i=3409[]
i=3410[]
i=3411[]
i=3412[]
i=3413[]
i=3414[]
i=3415[]
i=3416[]
i=3417[]
i=3418[]
i=3419[]
i=3420[]
i=3421[]
i=3422[]
i=3423[]
i=3424[]
i=3425[]
i=3426[]
i=3427[]
i=3428[]
i=3429[]
i=3430[]
i=3431[]
i=3432[]
i=3433[]
i=3434[]
i=3435[]
i=3436[]
i=3437[]
i=3438[]
i=3439[]
i=3440[]
i=3441[]
i=3442[]
i=3443[]
i=3444[]
i=3445[]
i=3446[]
i=3447[]
i=3448[]
i=3449[]
i=3450[]
i=3451[]
i=3452[]
i=3453[]
i=3454[]
i=3455[]
i=3456[]
i=3457[]
i=3458[]
i=3459[]
i=3460[]
i=3461[]
i=3462[]
i=3463[]
i=3464[]
i=3465[]
i=3466[]
i=3467[]
i=3468[]
i=3469[]
i=3470[]
i=3471[]
i=3472[]
i=3473[]
i=3474[]
i=3475[]
i=3476[]
i=3477[]
i=3478[]
i=3479[]
i=3480[]
i=3481[]
i=3482[]
i=3483[]
i=3484[]
i=3485[]
i=3486[]
i=3487[]
i=3488[]
i=3489[]
i=3490[]
i=3491[]
i=3492[]
i=3493[]
i=3494[]
i=3495[]
i=3496[]
i=3497[]
i=3498[]
i=3499[]
i=3500[]
i=3501[]
i=3502[]
i=3503[]
i=3504[]
i=3505[]
i=3506[]
i=3507[]
i=3508[]
i=3509[]
i=3510[]
i=3511[]
i=3512[]
i=3513[]
i=3514[]
i=3515[]
i=3516[]
i=3517[]
i=3518[]
i=3519[]
i=3520[]
i=3521[]
i=3522[]
i=3523[]
i=3524[]
i=3525[]
i=3526[]
i=3527[]
i=3528[]
i=3529[]
i=3530[]
i=3531[]
i=3532[]
i=3533[]
i=3534[]
i=3535[]
i=3536[]
i=3537[]
i=3538[]
i=3539[]
i=3540[]
i=3541[]
i=3542[]
i=3543[]
i=3544[]
i=3545[]
i=3546[]
i=3547[]
i=3548[]
i=3549[]
i=3550[]
i=3551[]
i=3552[]
i=3553[]
i=3554[]
i=3555[]
i=3556[]
i=3557[]
i=3558[]
i=3559[]
i=3560[]
i=3561[]
i=3562[]
i=3563[]
i=3564[]
i=3565[]
i=3566[]
i=3567[]
i=3568[]
i=3569[]
i=3570[]
i=3571[]
i=3572[]
i=3573[]
i=3574[]
i=3575[]
i=3576[]
i=3577[]
i=3578[]
i=3579[]
i=3580[]
i=3581[]
i=3582[]
i=3583[]
i=3584[]
i=3585[]
i=3586[]
i=3587[]
i=3588[]
i=3589[]
i=3590[]
i=3591[]
i=3592[]
i=3593[]
i=3594[]
i=3595[]
i=3596[]
i=3597[]
i=3598[]
i=3599[]
i=3600[]
i=3601[]
i=3602[]
i=3603[]
i=3604[]
i=3605[]
i=3606[]
i=3607[]
i=3608[]
i=3609[]
i=3610[]
i=3611[]
i=3612[]
i=3613[]
i=3614[]
i=3615[]
i=3616[]
i=3617[]
i=3618[]
i=3619[]
i=3620[]
i=3621[]
i=3622[]
i=3623[]
i=3624[]
i=3625[]
i=3626[]
i=3627[]
i=3628[]
i=3629[]
i=3630[]
i=3631[]
i=3632[]
i=3633[]
i=3634[]
i=3635[]
i=3636[]
i=3637[]
i=3638[]
i=3639[]
i=3640[]
i=3641[]
i=3642[]
i=3643[]
i=3644[]
i=3645[]
i=3646[]
i=3647[]
i=3648[]
i=3649[]
i=3650[]
i=3651[]
i=3652[]
i=3653[]
i=3654[]
i=3655[]
i=3656[]
i=3657[]
i=3658[]
i=3659[]
i=3660[]
i=3661[]
i=3662[]
i=3663[]
i=3664[]
i=3665[]
i=3666[]
i=3667[]
i=3668[]
i=3669[]
i=3670[]
i=3671[]
i=3672[]
i=3673[]
i=3674[]
i=3675[]
i=3676[]
i=3677[]
i=3678[]
i=3679[]
i=3680[]
i=3681[]
i=3682[]
i=3683[]
i=3684[]
i=3685[]
i=3686[]
i=3687[]
i=3688[]
i=3689[]
i=3690[]
i=3691[]
i=3692[]
i=3693[]
i=3694[]
i=3695[]
i=3696[]
i=3697[]
i=3698[]
i=3699[]
i=3700[]
i=3701[]
i=3702[]
i=3703[]
i=3704[]
i=3705[]
i=3706[]
i=3707[]
i=3708[]
i=3709[]
i=3710[]
i=3711[]
i=3712[]
i=3713[]
i=3714[]
i=3715[]
i=3716[]
i=3717[]
i=3718[]
i=3719[]
i=3720[]
i=3721[]
i=3722[]
i=3723[]
i=3724[]
i=3725[]
i=3726[]
i=3727[]
i=3728[]
i=3729[]
i=3730[]
i=3731[]
i=3732[]
i=3733[]
i=3734[]
i=3735[]
i=3736[]
i=3737[]
i=3738[]
i=3739[]
i=3740[]
i=3741[]
i=3742[]
i=3743[]
i=3744[]
i=3745[]
i=3746[]
i=3747[]
i=3748[]
i=3749[]
i=3750[]
i=3751[]
i=3752[]
i=3753[]
i=3754[]
i=3755[]
i=3756[]
i=3757[]
i=3758[]
i=3759[]
i=3760[]
i=3761[]
i=3762[]
i=3763[]
i=3764[]
i=3765[]
i=3766[]
i=3767[]
i=3768[]
i=3769[]
i=3770[]
i=3771[]
i=3772[]
i=3773[]
i=3774[]
i=3775[]
i=3776[]
i=3777[]
i=3778[]
i=3779[]
i=3780[]
i=3781[]
i=3782[]
i=3783[]
i=3784[]
i=3785[]
i=3786[]
i=3787[]
i=3788[]
i=3789[]
i=3790[]
i=3791[]
i=3792[]
i=3793[]
i=3794[]
i=3795[]
i=3796[]
i=3797[]
i=3798[]
i=3799[]
i=3800[]
i=3801[]
i=3802[]
i=3803[]
i=3804[]
i=3805[]
i=3806[]
i=3807[]
i=3808[]
i=3809[]
i=3810[]
i=3811[]
i=3812[]
i=3813[]
i=3814[]
i=3815[]
i=3816[]
i=3817[]
i=3818[]
i=3819[]
i=3820[]
i=3821[]
i=3822[]
i=3823[]
i=3824[]
i=3825[]
i=3826[]
i=3827[]
i=3828[]
i=3829[]
i=3830[]
i=3831[]
i=3832[]
i=3833[]
i=3834[]
i=3835[]
i=3836[]
i=3837[]
i=3838[]
i=3839[]
i=3840[]
i=3841[]
i=3842[]
i=3843[]
i=3844[]
i=3845[]
i=3846[]
i=3847[]
i=3848[]
i=3849[]
i=3850[]
i=3851[]
i=3852[]
i=3853[]
i=3854[]
i=3855[]
i=3856[]
i=3857[]
i=3858[]
i=3859[]
i=3860[]
i=3861[]
i=3862[]
i=3863[]
i=3864[]
i=3865[]
i=3866[]
i=3867[]
i=3868[]
i=3869[]
i=3870[]
i=3871[]
i=3872[]
i=3873[]
i=3874[]
i=3875[]
i=3876[]
i=3877[]
i=3878[]
i=3879[]
i=3880[]
i=3881[]
i=3882[]
i=3883[]
i=3884[]
i=3885[]
i=3886[]
i=3887[]
i=3888[]
i=3889[]
i=3890[]
i=3891[]
i=3892[]
i=3893[]
i=3894[]
i=3895[]
i=3896[]
i=3897[]
i=3898[]
i=3899[]
i=3900[]
i=3901[]
i=3902[]
i=3903[]
i=3904[]
i=3905[]
i=3906[]
i=3907[]
i=3908[]
i=3909[]
i=3910[]
i=3911[]
i=3912[]
i=3913[]
i=3914[]
i=3915[]
i=3916[]
i=3917[]
i=3918[]
i=3919[]
i=3920[]
i=3921[]
i=3922[]
i=3923[]
i=3924[]
i=3925[]
i=3926[]
i=3927[]
i=3928[]
i=3929[]
i=3930[]
i=3931[]
i=3932[]
i=3933[]
i=3934[]
i=3935[]
i=3936[]
i=3937[]
i=3938[]
i=3939[]
i=3940[]
i=3941[]
i=3942[]
i=3943[]
i=3944[]
i=3945[]
i=3946[]
i=3947[]
i=3948[]
i=3949[]
i=3950[]
i=3951[]
i=3952[]
i=3953[]
i=3954[]
i=3955[]
i=3956[]
i=3957[]
i=3958[]
i=3959[]
i=3960[]
i=3961[]
i=3962[]
i=3963[]
i=3964[]
i=3965[]
i=3966[]
i=3967[]
i=3968[]
i=3969[]
i=3970[]
i=3971[]
i=3972[]
i=3973[]
i=3974[]
i=3975[]
i=3976[]
i=3977[]
i=3978[]
i=3979[]
i=3980[]
i=3981[]
i=3982[]
i=3983[]
i=3984[]
i=3985[]
i=3986[]
i=3987[]
i=3988[]
i=3989[]
i=3990[]
i=3991[]
i=3992[]
i=3993[]
i=3994[]
i=3995[]
i=3996[]
i=3997[]
i=3998[]
i=3999[]
]
filename=testimage/orion_2.jpg
convert s/f status=0
iSum status=0
cudaerr=0
Filter status=0
Maxidx8u status=0
totalwidth=3536,4749
diff=-731,-696
Am I now
outboundupper x=2999,y=4728
outboundlower x=731,y=696
newsize=3536,4749
newimage width=3536, height=4749
offsetposition=0,0
eresult=0
newimage width=3536, height=4749
offsetposition=0,0
eresult=0
newimage width=3536, height=4749
offsetposition=0,0
eresult=0
newimage width=3536, height=4749
offsetposition=0,0
eresult=0
newimage width=3536, height=4749
offsetposition=0,0
eresult=0
anothergo0
test
Last test bis
test
3536,4749
filename=testimage/orion_2.jpg
[i=1000[]
i=1001[]
i=1002[]
i=1003[]
i=1004[]
i=1005[]
i=1006[]
i=1007[]
i=1008[]
i=1009[]
i=1010[]
i=1011[]
i=1012[]
i=1013[]
i=1014[]
i=1015[]
i=1016[]
i=1017[]
i=1018[]
i=1019[]
i=1020[]
i=1021[]
i=1022[]
i=1023[]
i=1024[]
i=1025[]
i=1026[]
i=1027[]
i=1028[]
i=1029[]
i=1030[]
i=1031[]
i=1032[]
i=1033[]
i=1034[]
i=1035[]
i=1036[]
i=1037[]
i=1038[]
i=1039[]
i=1040[]
i=1041[]
i=1042[]
i=1043[]
i=1044[]
i=1045[]
i=1046[]
i=1047[]
i=1048[]
i=1049[]
i=1050[]
i=1051[]
i=1052[]
i=1053[]
i=1054[]
i=1055[]
i=1056[]
i=1057[]
i=1058[]
i=1059[]
i=1060[]
i=1061[]
i=1062[]
i=1063[]
i=1064[]
i=1065[]
i=1066[]
i=1067[]
i=1068[]
i=1069[]
i=1070[]
i=1071[]
i=1072[]
i=1073[]
i=1074[]
i=1075[]
i=1076[]
i=1077[]
i=1078[]
i=1079[]
i=1080[]
i=1081[]
i=1082[]
i=1083[]
i=1084[]
i=1085[]
i=1086[]
i=1087[]
i=1088[]
i=1089[]
i=1090[]
i=1091[]
i=1092[]
i=1093[]
i=1094[]
i=1095[]
i=1096[]
i=1097[]
i=1098[]
i=1099[]
i=1100[]
i=1101[]
i=1102[]
i=1103[]
i=1104[]
i=1105[]
i=1106[]
i=1107[]
i=1108[]
i=1109[]
i=1110[]
i=1111[]
i=1112[]
i=1113[]
i=1114[]
i=1115[]
i=1116[]
i=1117[]
i=1118[]
i=1119[]
i=1120[]
i=1121[]
i=1122[]
i=1123[]
i=1124[]
i=1125[]
i=1126[]
i=1127[]
i=1128[]
i=1129[]
i=1130[]
i=1131[]
i=1132[]
i=1133[]
i=1134[]
i=1135[]
i=1136[]
i=1137[]
i=1138[]
i=1139[]
i=1140[]
i=1141[]
i=1142[]
i=1143[]
i=1144[]
i=1145[]
i=1146[]
i=1147[]
i=1148[]
i=1149[]
i=1150[]
i=1151[]
i=1152[]
i=1153[]
i=1154[]
i=1155[]
i=1156[]
i=1157[]
i=1158[]
i=1159[]
i=1160[]
i=1161[]
i=1162[]
i=1163[]
i=1164[]
i=1165[]
i=1166[]
i=1167[]
i=1168[]
i=1169[]
i=1170[]
i=1171[]
i=1172[]
i=1173[]
i=1174[]
i=1175[]
i=1176[]
i=1177[]
i=1178[]
i=1179[]
i=1180[]
i=1181[]
i=1182[]
i=1183[]
i=1184[]
i=1185[]
i=1186[]
i=1187[]
i=1188[]
i=1189[]
i=1190[]
i=1191[]
i=1192[]
i=1193[]
i=1194[]
i=1195[]
i=1196[]
i=1197[]
i=1198[]
i=1199[]
i=1200[]
i=1201[]
i=1202[]
i=1203[]
i=1204[]
i=1205[]
i=1206[]
i=1207[]
i=1208[]
i=1209[]
i=1210[]
i=1211[]
i=1212[]
i=1213[]
i=1214[]
i=1215[]
i=1216[]
i=1217[]
i=1218[]
i=1219[]
i=1220[]
i=1221[]
i=1222[]
i=1223[]
i=1224[]
i=1225[]
i=1226[]
i=1227[]
i=1228[]
i=1229[]
i=1230[]
i=1231[]
i=1232[]
i=1233[]
i=1234[]
i=1235[]
i=1236[]
i=1237[]
i=1238[]
i=1239[]
i=1240[]
i=1241[]
i=1242[]
i=1243[]
i=1244[]
i=1245[]
i=1246[]
i=1247[]
i=1248[]
i=1249[]
i=1250[]
i=1251[]
i=1252[]
i=1253[]
i=1254[]
i=1255[]
i=1256[]
i=1257[]
i=1258[]
i=1259[]
i=1260[]
i=1261[]
i=1262[]
i=1263[]
i=1264[]
i=1265[]
i=1266[]
i=1267[]
i=1268[]
i=1269[]
i=1270[]
i=1271[]
i=1272[]
i=1273[]
i=1274[]
i=1275[]
i=1276[]
i=1277[]
i=1278[]
i=1279[]
i=1280[]
i=1281[]
i=1282[]
i=1283[]
i=1284[]
i=1285[]
i=1286[]
i=1287[]
i=1288[]
i=1289[]
i=1290[]
i=1291[]
i=1292[]
i=1293[]
i=1294[]
i=1295[]
i=1296[]
i=1297[]
i=1298[]
i=1299[]
i=1300[]
i=1301[]
i=1302[]
i=1303[]
i=1304[]
i=1305[]
i=1306[]
i=1307[]
i=1308[]
i=1309[]
i=1310[]
i=1311[]
i=1312[]
i=1313[]
i=1314[]
i=1315[]
i=1316[]
i=1317[]
i=1318[]
i=1319[]
i=1320[]
i=1321[]
i=1322[]
i=1323[]
i=1324[]
i=1325[]
i=1326[]
i=1327[]
i=1328[]
i=1329[]
i=1330[]
i=1331[]
i=1332[]
i=1333[]
i=1334[]
i=1335[]
i=1336[]
i=1337[]
i=1338[]
i=1339[]
i=1340[]
i=1341[]
i=1342[]
i=1343[]
i=1344[]
i=1345[]
i=1346[]
i=1347[]
i=1348[]
i=1349[]
i=1350[]
i=1351[]
i=1352[]
i=1353[]
i=1354[]
i=1355[]
i=1356[]
i=1357[]
i=1358[]
i=1359[]
i=1360[]
i=1361[]
i=1362[]
i=1363[]
i=1364[]
i=1365[]
i=1366[]
i=1367[]
i=1368[]
i=1369[]
i=1370[]
i=1371[]
i=1372[]
i=1373[]
i=1374[]
i=1375[]
i=1376[]
i=1377[]
i=1378[]
i=1379[]
i=1380[]
i=1381[]
i=1382[]
i=1383[]
i=1384[]
i=1385[]
i=1386[]
i=1387[]
i=1388[]
i=1389[]
i=1390[]
i=1391[]
i=1392[]
i=1393[]
i=1394[]
i=1395[]
i=1396[]
i=1397[]
i=1398[]
i=1399[]
i=1400[]
i=1401[]
i=1402[]
i=1403[]
i=1404[]
i=1405[]
i=1406[]
i=1407[]
i=1408[]
i=1409[]
i=1410[]
i=1411[]
i=1412[]
i=1413[]
i=1414[]
i=1415[]
i=1416[]
i=1417[]
i=1418[]
i=1419[]
i=1420[]
i=1421[]
i=1422[]
i=1423[]
i=1424[]
i=1425[]
i=1426[]
i=1427[]
i=1428[]
i=1429[]
i=1430[]
i=1431[]
i=1432[]
i=1433[]
i=1434[]
i=1435[]
i=1436[]
i=1437[]
i=1438[]
i=1439[]
i=1440[]
i=1441[]
i=1442[]
i=1443[]
i=1444[]
i=1445[]
i=1446[]
i=1447[]
i=1448[]
i=1449[]
i=1450[]
i=1451[]
i=1452[]
i=1453[]
i=1454[]
i=1455[]
i=1456[]
i=1457[]
i=1458[]
i=1459[]
i=1460[]
i=1461[]
i=1462[]
i=1463[]
i=1464[]
i=1465[]
i=1466[]
i=1467[]
i=1468[]
i=1469[]
i=1470[]
i=1471[]
i=1472[]
i=1473[]
i=1474[]
i=1475[]
i=1476[]
i=1477[]
i=1478[]
i=1479[]
i=1480[]
i=1481[]
i=1482[]
i=1483[]
i=1484[]
i=1485[]
i=1486[]
i=1487[]
i=1488[]
i=1489[]
i=1490[]
i=1491[]
i=1492[]
i=1493[]
i=1494[]
i=1495[]
i=1496[]
i=1497[]
i=1498[]
i=1499[]
i=1500[]
i=1501[]
i=1502[]
i=1503[]
i=1504[]
i=1505[]
i=1506[]
i=1507[]
i=1508[]
i=1509[]
i=1510[]
i=1511[]
i=1512[]
i=1513[]
i=1514[]
i=1515[]
i=1516[]
i=1517[]
i=1518[]
i=1519[]
i=1520[]
i=1521[]
i=1522[]
i=1523[]
i=1524[]
i=1525[]
i=1526[]
i=1527[]
i=1528[]
i=1529[]
i=1530[]
i=1531[]
i=1532[]
i=1533[]
i=1534[]
i=1535[]
i=1536[]
i=1537[]
i=1538[]
i=1539[]
i=1540[]
i=1541[]
i=1542[]
i=1543[]
i=1544[]
i=1545[]
i=1546[]
i=1547[]
i=1548[]
i=1549[]
i=1550[]
i=1551[]
i=1552[]
i=1553[]
i=1554[]
i=1555[]
i=1556[]
i=1557[]
i=1558[]
i=1559[]
i=1560[]
i=1561[]
i=1562[]
i=1563[]
i=1564[]
i=1565[]
i=1566[]
i=1567[]
i=1568[]
i=1569[]
i=1570[]
i=1571[]
i=1572[]
i=1573[]
i=1574[]
i=1575[]
i=1576[]
i=1577[]
i=1578[]
i=1579[]
i=1580[]
i=1581[]
i=1582[]
i=1583[]
i=1584[]
i=1585[]
i=1586[]
i=1587[]
i=1588[]
i=1589[]
i=1590[]
i=1591[]
i=1592[]
i=1593[]
i=1594[]
i=1595[]
i=1596[]
i=1597[]
i=1598[]
i=1599[]
i=1600[]
i=1601[]
i=1602[]
i=1603[]
i=1604[]
i=1605[]
i=1606[]
i=1607[]
i=1608[]
i=1609[]
i=1610[]
i=1611[]
i=1612[]
i=1613[]
i=1614[]
i=1615[]
i=1616[]
i=1617[]
i=1618[]
i=1619[]
i=1620[]
i=1621[]
i=1622[]
i=1623[]
i=1624[]
i=1625[]
i=1626[]
i=1627[]
i=1628[]
i=1629[]
i=1630[]
i=1631[]
i=1632[]
i=1633[]
i=1634[]
i=1635[]
i=1636[]
i=1637[]
i=1638[]
i=1639[]
i=1640[]
i=1641[]
i=1642[]
i=1643[]
i=1644[]
i=1645[]
i=1646[]
i=1647[]
i=1648[]
i=1649[]
i=1650[]
i=1651[]
i=1652[]
i=1653[]
i=1654[]
i=1655[]
i=1656[]
i=1657[]
i=1658[]
i=1659[]
i=1660[]
i=1661[]
i=1662[]
i=1663[]
i=1664[]
i=1665[]
i=1666[]
i=1667[]
i=1668[]
i=1669[]
i=1670[]
i=1671[]
i=1672[]
i=1673[]
i=1674[]
i=1675[]
i=1676[]
i=1677[]
i=1678[]
i=1679[]
i=1680[]
i=1681[]
i=1682[]
i=1683[]
i=1684[]
i=1685[]
i=1686[]
i=1687[]
i=1688[]
i=1689[]
i=1690[]
i=1691[]
i=1692[]
i=1693[]
i=1694[]
i=1695[]
i=1696[]
i=1697[]
i=1698[]
i=1699[]
i=1700[]
i=1701[]
i=1702[]
i=1703[]
i=1704[]
i=1705[]
i=1706[]
i=1707[]
i=1708[]
i=1709[]
i=1710[]
i=1711[]
i=1712[]
i=1713[]
i=1714[]
i=1715[]
i=1716[]
i=1717[]
i=1718[]
i=1719[]
i=1720[]
i=1721[]
i=1722[]
i=1723[]
i=1724[]
i=1725[]
i=1726[]
i=1727[]
i=1728[]
i=1729[]
i=1730[]
i=1731[]
i=1732[]
i=1733[]
i=1734[]
i=1735[]
i=1736[]
i=1737[]
i=1738[]
i=1739[]
i=1740[]
i=1741[]
i=1742[]
i=1743[]
i=1744[]
i=1745[]
i=1746[]
i=1747[]
i=1748[]
i=1749[]
i=1750[]
i=1751[]
i=1752[]
i=1753[]
i=1754[]
i=1755[]
i=1756[]
i=1757[]
i=1758[]
i=1759[]
i=1760[]
i=1761[]
i=1762[]
i=1763[]
i=1764[]
i=1765[]
i=1766[]
i=1767[]
i=1768[]
i=1769[]
i=1770[]
i=1771[]
i=1772[]
i=1773[]
i=1774[]
i=1775[]
i=1776[]
i=1777[]
i=1778[]
i=1779[]
i=1780[]
i=1781[]
i=1782[]
i=1783[]
i=1784[]
i=1785[]
i=1786[]
i=1787[]
i=1788[]
i=1789[]
i=1790[]
i=1791[]
i=1792[]
i=1793[]
i=1794[]
i=1795[]
i=1796[]
i=1797[]
i=1798[]
i=1799[]
i=1800[]
i=1801[]
i=1802[]
i=1803[]
i=1804[]
i=1805[]
i=1806[]
i=1807[]
i=1808[]
i=1809[]
i=1810[]
i=1811[]
i=1812[]
i=1813[]
i=1814[]
i=1815[]
i=1816[]
i=1817[]
i=1818[]
i=1819[]
i=1820[]
i=1821[]
i=1822[]
i=1823[]
i=1824[]
i=1825[]
i=1826[]
i=1827[]
i=1828[]
i=1829[]
i=1830[]
i=1831[]
i=1832[]
i=1833[]
i=1834[]
i=1835[]
i=1836[]
i=1837[]
i=1838[]
i=1839[]
i=1840[]
i=1841[]
i=1842[]
i=1843[]
i=1844[]
i=1845[]
i=1846[]
i=1847[]
i=1848[]
i=1849[]
i=1850[]
i=1851[]
i=1852[]
i=1853[]
i=1854[]
i=1855[]
i=1856[]
i=1857[]
i=1858[]
i=1859[]
i=1860[]
i=1861[]
i=1862[]
i=1863[]
i=1864[]
i=1865[]
i=1866[]
i=1867[]
i=1868[]
i=1869[]
i=1870[]
i=1871[]
i=1872[]
i=1873[]
i=1874[]
i=1875[]
i=1876[]
i=1877[]
i=1878[]
i=1879[]
i=1880[]
i=1881[]
i=1882[]
i=1883[]
i=1884[]
i=1885[]
i=1886[]
i=1887[]
i=1888[]
i=1889[]
i=1890[]
i=1891[]
i=1892[]
i=1893[]
i=1894[]
i=1895[]
i=1896[]
i=1897[]
i=1898[]
i=1899[]
i=1900[]
i=1901[]
i=1902[]
i=1903[]
i=1904[]
i=1905[]
i=1906[]
i=1907[]
i=1908[]
i=1909[]
i=1910[]
i=1911[]
i=1912[]
i=1913[]
i=1914[]
i=1915[]
i=1916[]
i=1917[]
i=1918[]
i=1919[]
i=1920[]
i=1921[]
i=1922[]
i=1923[]
i=1924[]
i=1925[]
i=1926[]
i=1927[]
i=1928[]
i=1929[]
i=1930[]
i=1931[]
i=1932[]
i=1933[]
i=1934[]
i=1935[]
i=1936[]
i=1937[]
i=1938[]
i=1939[]
i=1940[]
i=1941[]
i=1942[]
i=1943[]
i=1944[]
i=1945[]
i=1946[]
i=1947[]
i=1948[]
i=1949[]
i=1950[]
i=1951[]
i=1952[]
i=1953[]
i=1954[]
i=1955[]
i=1956[]
i=1957[]
i=1958[]
i=1959[]
i=1960[]
i=1961[]
i=1962[]
i=1963[]
i=1964[]
i=1965[]
i=1966[]
i=1967[]
i=1968[]
i=1969[]
i=1970[]
i=1971[]
i=1972[]
i=1973[]
i=1974[]
i=1975[]
i=1976[]
i=1977[]
i=1978[]
i=1979[]
i=1980[]
i=1981[]
i=1982[]
i=1983[]
i=1984[]
i=1985[]
i=1986[]
i=1987[]
i=1988[]
i=1989[]
i=1990[]
i=1991[]
i=1992[]
i=1993[]
i=1994[]
i=1995[]
i=1996[]
i=1997[]
i=1998[]
i=1999[]
i=2000[]
i=2001[]
i=2002[]
i=2003[]
i=2004[]
i=2005[]
i=2006[]
i=2007[]
i=2008[]
i=2009[]
i=2010[]
i=2011[]
i=2012[]
i=2013[]
i=2014[]
i=2015[]
i=2016[]
i=2017[]
i=2018[]
i=2019[]
i=2020[]
i=2021[]
i=2022[]
i=2023[]
i=2024[]
i=2025[]
i=2026[]
i=2027[]
i=2028[]
i=2029[]
i=2030[]
i=2031[]
i=2032[]
i=2033[]
i=2034[]
i=2035[]
i=2036[]
i=2037[]
i=2038[]
i=2039[]
i=2040[]
i=2041[]
i=2042[]
i=2043[]
i=2044[]
i=2045[]
i=2046[]
i=2047[]
i=2048[]
i=2049[]
i=2050[]
i=2051[]
i=2052[]
i=2053[]
i=2054[]
i=2055[]
i=2056[]
i=2057[]
i=2058[]
i=2059[]
i=2060[]
i=2061[]
i=2062[]
i=2063[]
i=2064[]
i=2065[]
i=2066[]
i=2067[]
i=2068[]
i=2069[]
i=2070[]
i=2071[]
i=2072[]
i=2073[]
i=2074[]
i=2075[]
i=2076[]
i=2077[]
i=2078[]
i=2079[]
i=2080[]
i=2081[]
i=2082[]
i=2083[]
i=2084[]
i=2085[]
i=2086[]
i=2087[]
i=2088[]
i=2089[]
i=2090[]
i=2091[]
i=2092[]
i=2093[]
i=2094[]
i=2095[]
i=2096[]
i=2097[]
i=2098[]
i=2099[]
i=2100[]
i=2101[]
i=2102[]
i=2103[]
i=2104[]
i=2105[]
i=2106[]
i=2107[]
i=2108[]
i=2109[]
i=2110[]
i=2111[]
i=2112[]
i=2113[]
i=2114[]
i=2115[]
i=2116[]
i=2117[]
i=2118[]
i=2119[]
i=2120[]
i=2121[]
i=2122[]
i=2123[]
i=2124[]
i=2125[]
i=2126[]
i=2127[]
i=2128[]
i=2129[]
i=2130[]
i=2131[]
i=2132[]
i=2133[]
i=2134[]
i=2135[]
i=2136[]
i=2137[]
i=2138[]
i=2139[]
i=2140[]
i=2141[]
i=2142[]
i=2143[]
i=2144[]
i=2145[]
i=2146[]
i=2147[]
i=2148[]
i=2149[]
i=2150[]
i=2151[]
i=2152[]
i=2153[]
i=2154[]
i=2155[]
i=2156[]
i=2157[]
i=2158[]
i=2159[]
i=2160[]
i=2161[]
i=2162[]
i=2163[]
i=2164[]
i=2165[]
i=2166[]
i=2167[]
i=2168[]
i=2169[]
i=2170[]
i=2171[]
i=2172[]
i=2173[]
i=2174[]
i=2175[]
i=2176[]
i=2177[]
i=2178[]
i=2179[]
i=2180[]
i=2181[]
i=2182[]
i=2183[]
i=2184[]
i=2185[]
i=2186[]
i=2187[]
i=2188[]
i=2189[]
i=2190[]
i=2191[]
i=2192[]
i=2193[]
i=2194[]
i=2195[]
i=2196[]
i=2197[]
i=2198[]
i=2199[]
i=2200[]
i=2201[]
i=2202[]
i=2203[]
i=2204[]
i=2205[]
i=2206[]
i=2207[]
i=2208[]
i=2209[]
i=2210[]
i=2211[]
i=2212[]
i=2213[]
i=2214[]
i=2215[]
i=2216[]
i=2217[]
i=2218[]
i=2219[]
i=2220[]
i=2221[]
i=2222[]
i=2223[]
i=2224[]
i=2225[]
i=2226[]
i=2227[]
i=2228[]
i=2229[]
i=2230[]
i=2231[]
i=2232[]
i=2233[]
i=2234[]
i=2235[]
i=2236[]
i=2237[]
i=2238[]
i=2239[]
i=2240[]
i=2241[]
i=2242[]
i=2243[]
i=2244[]
i=2245[]
i=2246[]
i=2247[]
i=2248[]
i=2249[]
i=2250[]
i=2251[]
i=2252[]
i=2253[]
i=2254[]
i=2255[]
i=2256[]
i=2257[]
i=2258[]
i=2259[]
i=2260[]
i=2261[]
i=2262[]
i=2263[]
i=2264[]
i=2265[]
i=2266[]
i=2267[]
i=2268[]
i=2269[]
i=2270[]
i=2271[]
i=2272[]
i=2273[]
i=2274[]
i=2275[]
i=2276[]
i=2277[]
i=2278[]
i=2279[]
i=2280[]
i=2281[]
i=2282[]
i=2283[]
i=2284[]
i=2285[]
i=2286[]
i=2287[]
i=2288[]
i=2289[]
i=2290[]
i=2291[]
i=2292[]
i=2293[]
i=2294[]
i=2295[]
i=2296[]
i=2297[]
i=2298[]
i=2299[]
i=2300[]
i=2301[]
i=2302[]
i=2303[]
i=2304[]
i=2305[]
i=2306[]
i=2307[]
i=2308[]
i=2309[]
i=2310[]
i=2311[]
i=2312[]
i=2313[]
i=2314[]
i=2315[]
i=2316[]
i=2317[]
i=2318[]
i=2319[]
i=2320[]
i=2321[]
i=2322[]
i=2323[]
i=2324[]
i=2325[]
i=2326[]
i=2327[]
i=2328[]
i=2329[]
i=2330[]
i=2331[]
i=2332[]
i=2333[]
i=2334[]
i=2335[]
i=2336[]
i=2337[]
i=2338[]
i=2339[]
i=2340[]
i=2341[]
i=2342[]
i=2343[]
i=2344[]
i=2345[]
i=2346[]
i=2347[]
i=2348[]
i=2349[]
i=2350[]
i=2351[]
i=2352[]
i=2353[]
i=2354[]
i=2355[]
i=2356[]
i=2357[]
i=2358[]
i=2359[]
i=2360[]
i=2361[]
i=2362[]
i=2363[]
i=2364[]
i=2365[]
i=2366[]
i=2367[]
i=2368[]
i=2369[]
i=2370[]
i=2371[]
i=2372[]
i=2373[]
i=2374[]
i=2375[]
i=2376[]
i=2377[]
i=2378[]
i=2379[]
i=2380[]
i=2381[]
i=2382[]
i=2383[]
i=2384[]
i=2385[]
i=2386[]
i=2387[]
i=2388[]
i=2389[]
i=2390[]
i=2391[]
i=2392[]
i=2393[]
i=2394[]
i=2395[]
i=2396[]
i=2397[]
i=2398[]
i=2399[]
i=2400[]
i=2401[]
i=2402[]
i=2403[]
i=2404[]
i=2405[]
i=2406[]
i=2407[]
i=2408[]
i=2409[]
i=2410[]
i=2411[]
i=2412[]
i=2413[]
i=2414[]
i=2415[]
i=2416[]
i=2417[]
i=2418[]
i=2419[]
i=2420[]
i=2421[]
i=2422[]
i=2423[]
i=2424[]
i=2425[]
i=2426[]
i=2427[]
i=2428[]
i=2429[]
i=2430[]
i=2431[]
i=2432[]
i=2433[]
i=2434[]
i=2435[]
i=2436[]
i=2437[]
i=2438[]
i=2439[]
i=2440[]
i=2441[]
i=2442[]
i=2443[]
i=2444[]
i=2445[]
i=2446[]
i=2447[]
i=2448[]
i=2449[]
i=2450[]
i=2451[]
i=2452[]
i=2453[]
i=2454[]
i=2455[]
i=2456[]
i=2457[]
i=2458[]
i=2459[]
i=2460[]
i=2461[]
i=2462[]
i=2463[]
i=2464[]
i=2465[]
i=2466[]
i=2467[]
i=2468[]
i=2469[]
i=2470[]
i=2471[]
i=2472[]
i=2473[]
i=2474[]
i=2475[]
i=2476[]
i=2477[]
i=2478[]
i=2479[]
i=2480[]
i=2481[]
i=2482[]
i=2483[]
i=2484[]
i=2485[]
i=2486[]
i=2487[]
i=2488[]
i=2489[]
i=2490[]
i=2491[]
i=2492[]
i=2493[]
i=2494[]
i=2495[]
i=2496[]
i=2497[]
i=2498[]
i=2499[]
i=2500[]
i=2501[]
i=2502[]
i=2503[]
i=2504[]
i=2505[]
i=2506[]
i=2507[]
i=2508[]
i=2509[]
i=2510[]
i=2511[]
i=2512[]
i=2513[]
i=2514[]
i=2515[]
i=2516[]
i=2517[]
i=2518[]
i=2519[]
i=2520[]
i=2521[]
i=2522[]
i=2523[]
i=2524[]
i=2525[]
i=2526[]
i=2527[]
i=2528[]
i=2529[]
i=2530[]
i=2531[]
i=2532[]
i=2533[]
i=2534[]
i=2535[]
i=2536[]
i=2537[]
i=2538[]
i=2539[]
i=2540[]
i=2541[]
i=2542[]
i=2543[]
i=2544[]
i=2545[]
i=2546[]
i=2547[]
i=2548[]
i=2549[]
i=2550[]
i=2551[]
i=2552[]
i=2553[]
i=2554[]
i=2555[]
i=2556[]
i=2557[]
i=2558[]
i=2559[]
i=2560[]
i=2561[]
i=2562[]
i=2563[]
i=2564[]
i=2565[]
i=2566[]
i=2567[]
i=2568[]
i=2569[]
i=2570[]
i=2571[]
i=2572[]
i=2573[]
i=2574[]
i=2575[]
i=2576[]
i=2577[]
i=2578[]
i=2579[]
i=2580[]
i=2581[]
i=2582[]
i=2583[]
i=2584[]
i=2585[]
i=2586[]
i=2587[]
i=2588[]
i=2589[]
i=2590[]
i=2591[]
i=2592[]
i=2593[]
i=2594[]
i=2595[]
i=2596[]
i=2597[]
i=2598[]
i=2599[]
i=2600[]
i=2601[]
i=2602[]
i=2603[]
i=2604[]
i=2605[]
i=2606[]
i=2607[]
i=2608[]
i=2609[]
i=2610[]
i=2611[]
i=2612[]
i=2613[]
i=2614[]
i=2615[]
i=2616[]
i=2617[]
i=2618[]
i=2619[]
i=2620[]
i=2621[]
i=2622[]
i=2623[]
i=2624[]
i=2625[]
i=2626[]
i=2627[]
i=2628[]
i=2629[]
i=2630[]
i=2631[]
i=2632[]
i=2633[]
i=2634[]
i=2635[]
i=2636[]
i=2637[]
i=2638[]
i=2639[]
i=2640[]
i=2641[]
i=2642[]
i=2643[]
i=2644[]
i=2645[]
i=2646[]
i=2647[]
i=2648[]
i=2649[]
i=2650[]
i=2651[]
i=2652[]
i=2653[]
i=2654[]
i=2655[]
i=2656[]
i=2657[]
i=2658[]
i=2659[]
i=2660[]
i=2661[]
i=2662[]
i=2663[]
i=2664[]
i=2665[]
i=2666[]
i=2667[]
i=2668[]
i=2669[]
i=2670[]
i=2671[]
i=2672[]
i=2673[]
i=2674[]
i=2675[]
i=2676[]
i=2677[]
i=2678[]
i=2679[]
i=2680[]
i=2681[]
i=2682[]
i=2683[]
i=2684[]
i=2685[]
i=2686[]
i=2687[]
i=2688[]
i=2689[]
i=2690[]
i=2691[]
i=2692[]
i=2693[]
i=2694[]
i=2695[]
i=2696[]
i=2697[]
i=2698[]
i=2699[]
i=2700[]
i=2701[]
i=2702[]
i=2703[]
i=2704[]
i=2705[]
i=2706[]
i=2707[]
i=2708[]
i=2709[]
i=2710[]
i=2711[]
i=2712[]
i=2713[]
i=2714[]
i=2715[]
i=2716[]
i=2717[]
i=2718[]
i=2719[]
i=2720[]
i=2721[]
i=2722[]
i=2723[]
i=2724[]
i=2725[]
i=2726[]
i=2727[]
i=2728[]
i=2729[]
i=2730[]
i=2731[]
i=2732[]
i=2733[]
i=2734[]
i=2735[]
i=2736[]
i=2737[]
i=2738[]
i=2739[]
i=2740[]
i=2741[]
i=2742[]
i=2743[]
i=2744[]
i=2745[]
i=2746[]
i=2747[]
i=2748[]
i=2749[]
i=2750[]
i=2751[]
i=2752[]
i=2753[]
i=2754[]
i=2755[]
i=2756[]
i=2757[]
i=2758[]
i=2759[]
i=2760[]
i=2761[]
i=2762[]
i=2763[]
i=2764[]
i=2765[]
i=2766[]
i=2767[]
i=2768[]
i=2769[]
i=2770[]
i=2771[]
i=2772[]
i=2773[]
i=2774[]
i=2775[]
i=2776[]
i=2777[]
i=2778[]
i=2779[]
i=2780[]
i=2781[]
i=2782[]
i=2783[]
i=2784[]
i=2785[]
i=2786[]
i=2787[]
i=2788[]
i=2789[]
i=2790[]
i=2791[]
i=2792[]
i=2793[]
i=2794[]
i=2795[]
i=2796[]
i=2797[]
i=2798[]
i=2799[]
i=2800[]
i=2801[]
i=2802[]
i=2803[]
i=2804[]
i=2805[]
i=2806[]
i=2807[]
i=2808[]
i=2809[]
i=2810[]
i=2811[]
i=2812[]
i=2813[]
i=2814[]
i=2815[]
i=2816[]
i=2817[]
i=2818[]
i=2819[]
i=2820[]
i=2821[]
i=2822[]
i=2823[]
i=2824[]
i=2825[]
i=2826[]
i=2827[]
i=2828[]
i=2829[]
i=2830[]
i=2831[]
i=2832[]
i=2833[]
i=2834[]
i=2835[]
i=2836[]
i=2837[]
i=2838[]
i=2839[]
i=2840[]
i=2841[]
i=2842[]
i=2843[]
i=2844[]
i=2845[]
i=2846[]
i=2847[]
i=2848[]
i=2849[]
i=2850[]
i=2851[]
i=2852[]
i=2853[]
i=2854[]
i=2855[]
i=2856[]
i=2857[]
i=2858[]
i=2859[]
i=2860[]
i=2861[]
i=2862[]
i=2863[]
i=2864[]
i=2865[]
i=2866[]
i=2867[]
i=2868[]
i=2869[]
i=2870[]
i=2871[]
i=2872[]
i=2873[]
i=2874[]
i=2875[]
i=2876[]
i=2877[]
i=2878[]
i=2879[]
i=2880[]
i=2881[]
i=2882[128,160,]
i=2883[]
i=2884[]
i=2885[]
i=2886[128,128,128,128,]
i=2887[]
i=2888[]
i=2889[]
i=2890[]
i=2891[]
i=2892[]
i=2893[]
i=2894[]
i=2895[]
i=2896[]
i=2897[]
i=2898[128,]
i=2899[]
i=2900[]
i=2901[]
i=2902[128,128,]
i=2903[]
i=2904[]
i=2905[]
i=2906[128,]
i=2907[]
i=2908[]
i=2909[]
i=2910[]
i=2911[]
i=2912[]
i=2913[]
i=2914[]
i=2915[]
i=2916[]
i=2917[]
i=2918[]
i=2919[]
i=2920[]
i=2921[]
i=2922[]
i=2923[]
i=2924[]
i=2925[]
i=2926[]
i=2927[]
i=2928[]
i=2929[]
i=2930[]
i=2931[]
i=2932[]
i=2933[]
i=2934[]
i=2935[]
i=2936[]
i=2937[]
i=2938[]
i=2939[]
i=2940[]
i=2941[]
i=2942[]
i=2943[]
i=2944[]
i=2945[]
i=2946[]
i=2947[]
i=2948[]
i=2949[]
i=2950[]
i=2951[]
i=2952[]
i=2953[]
i=2954[]
i=2955[]
i=2956[]
i=2957[]
i=2958[]
i=2959[]
i=2960[]
i=2961[]
i=2962[]
i=2963[]
i=2964[]
i=2965[]
i=2966[]
i=2967[]
i=2968[]
i=2969[]
i=2970[]
i=2971[]
i=2972[]
i=2973[]
i=2974[]
i=2975[]
i=2976[]
i=2977[]
i=2978[]
i=2979[]
i=2980[]
i=2981[]
i=2982[]
i=2983[]
i=2984[]
i=2985[]
i=2986[]
i=2987[]
i=2988[]
i=2989[]
i=2990[]
i=2991[]
i=2992[]
i=2993[]
i=2994[]
i=2995[]
i=2996[]
i=2997[]
i=2998[]
i=2999[]
i=3000[]
i=3001[]
i=3002[]
i=3003[]
i=3004[]
i=3005[]
i=3006[]
i=3007[]
i=3008[]
i=3009[]
i=3010[]
i=3011[]
i=3012[]
i=3013[]
i=3014[]
i=3015[]
i=3016[]
i=3017[128,]
i=3018[]
i=3019[]
i=3020[]
i=3021[]
i=3022[]
i=3023[]
i=3024[]
i=3025[128,128,]
i=3026[]
i=3027[]
i=3028[]
i=3029[128,128,128,]
i=3030[]
i=3031[]
i=3032[]
i=3033[128,128,]
i=3034[]
i=3035[]
i=3036[]
i=3037[128,128,]
i=3038[]
i=3039[]
i=3040[]
i=3041[128,128,112,144,]
i=3042[]
i=3043[]
i=3044[]
i=3045[192,176,184,]
i=3046[]
i=3047[]
i=3048[]
i=3049[]
i=3050[]
i=3051[]
i=3052[]
i=3053[]
i=3054[]
i=3055[]
i=3056[]
i=3057[]
i=3058[]
i=3059[]
i=3060[]
i=3061[]
i=3062[]
i=3063[]
i=3064[]
i=3065[128,128,128,]
i=3066[]
i=3067[]
i=3068[]
i=3069[128,128,128,]
i=3070[]
i=3071[]
i=3072[]
i=3073[128,128,]
i=3074[]
i=3075[]
i=3076[]
i=3077[]
i=3078[]
i=3079[]
i=3080[]
i=3081[]
i=3082[]
i=3083[]
i=3084[]
i=3085[]
i=3086[]
i=3087[]
i=3088[]
i=3089[]
i=3090[]
i=3091[]
i=3092[]
i=3093[]
i=3094[]
i=3095[]
i=3096[]
i=3097[]
i=3098[]
i=3099[]
i=3100[]
i=3101[]
i=3102[]
i=3103[]
i=3104[]
i=3105[]
i=3106[]
i=3107[]
i=3108[]
i=3109[]
i=3110[]
i=3111[]
i=3112[]
i=3113[]
i=3114[]
i=3115[]
i=3116[]
i=3117[]
i=3118[]
i=3119[]
i=3120[]
i=3121[]
i=3122[]
i=3123[]
i=3124[]
i=3125[]
i=3126[]
i=3127[]
i=3128[]
i=3129[]
i=3130[]
i=3131[]
i=3132[]
i=3133[]
i=3134[]
i=3135[]
i=3136[]
i=3137[]
i=3138[]
i=3139[]
i=3140[]
i=3141[]
i=3142[]
i=3143[]
i=3144[]
i=3145[]
i=3146[]
i=3147[]
i=3148[]
i=3149[]
i=3150[]
i=3151[]
i=3152[]
i=3153[]
i=3154[]
i=3155[]
i=3156[]
i=3157[]
i=3158[]
i=3159[]
i=3160[]
i=3161[]
i=3162[]
i=3163[]
i=3164[]
i=3165[]
i=3166[]
i=3167[]
i=3168[]
i=3169[]
i=3170[]
i=3171[]
i=3172[]
i=3173[]
i=3174[]
i=3175[]
i=3176[]
i=3177[]
i=3178[]
i=3179[]
i=3180[]
i=3181[]
i=3182[]
i=3183[]
i=3184[]
i=3185[]
i=3186[]
i=3187[]
i=3188[]
i=3189[]
i=3190[]
i=3191[]
i=3192[]
i=3193[]
i=3194[]
i=3195[]
i=3196[]
i=3197[]
i=3198[]
i=3199[]
i=3200[]
i=3201[]
i=3202[]
i=3203[]
i=3204[]
i=3205[]
i=3206[]
i=3207[]
i=3208[]
i=3209[]
i=3210[]
i=3211[]
i=3212[]
i=3213[]
i=3214[]
i=3215[]
i=3216[]
i=3217[]
i=3218[]
i=3219[]
i=3220[]
i=3221[]
i=3222[]
i=3223[]
i=3224[]
i=3225[]
i=3226[]
i=3227[]
i=3228[]
i=3229[]
i=3230[]
i=3231[]
i=3232[]
i=3233[]
i=3234[]
i=3235[]
i=3236[]
i=3237[]
i=3238[]
i=3239[]
i=3240[]
i=3241[]
i=3242[]
i=3243[]
i=3244[]
i=3245[]
i=3246[]
i=3247[]
i=3248[]
i=3249[128,128,]
i=3250[]
i=3251[]
i=3252[]
i=3253[]
i=3254[]
i=3255[]
i=3256[]
i=3257[128,128,]
i=3258[]
i=3259[]
i=3260[]
i=3261[128,128,144,]
i=3262[]
i=3263[]
i=3264[]
i=3265[128,200,]
i=3266[]
i=3267[]
i=3268[]
i=3269[]
i=3270[]
i=3271[]
i=3272[]
i=3273[]
i=3274[]
i=3275[]
i=3276[]
i=3277[]
i=3278[]
i=3279[]
i=3280[]
i=3281[]
i=3282[]
i=3283[]
i=3284[]
i=3285[]
i=3286[]
i=3287[]
i=3288[]
i=3289[]
i=3290[]
i=3291[]
i=3292[]
i=3293[]
i=3294[]
i=3295[]
i=3296[]
i=3297[]
i=3298[]
i=3299[]
i=3300[]
i=3301[]
i=3302[]
i=3303[]
i=3304[]
i=3305[]
i=3306[]
i=3307[]
i=3308[]
i=3309[]
i=3310[]
i=3311[]
i=3312[]
i=3313[]
i=3314[]
i=3315[]
i=3316[]
i=3317[]
i=3318[]
i=3319[]
i=3320[]
i=3321[]
i=3322[]
i=3323[]
i=3324[]
i=3325[]
i=3326[]
i=3327[]
i=3328[]
i=3329[]
i=3330[]
i=3331[]
i=3332[]
i=3333[]
i=3334[]
i=3335[]
i=3336[]
i=3337[]
i=3338[]
i=3339[]
i=3340[]
i=3341[128,]
i=3342[]
i=3343[]
i=3344[]
i=3345[128,128,]
i=3346[]
i=3347[]
i=3348[]
i=3349[128,128,]
i=3350[]
i=3351[]
i=3352[]
i=3353[128,]
i=3354[]
i=3355[]
i=3356[]
i=3357[128,128,]
i=3358[]
i=3359[]
i=3360[]
i=3361[224,224,]
i=3362[]
i=3363[]
i=3364[]
i=3365[]
i=3366[]
i=3367[]
i=3368[]
i=3369[]
i=3370[]
i=3371[]
i=3372[]
i=3373[]
i=3374[]
i=3375[]
i=3376[]
i=3377[]
i=3378[]
i=3379[]
i=3380[]
i=3381[]
i=3382[]
i=3383[]
i=3384[]
i=3385[]
i=3386[]
i=3387[]
i=3388[]
i=3389[]
i=3390[]
i=3391[]
i=3392[]
i=3393[]
i=3394[]
i=3395[]
i=3396[]
i=3397[]
i=3398[]
i=3399[]
i=3400[]
i=3401[]
i=3402[]
i=3403[]
i=3404[]
i=3405[]
i=3406[]
i=3407[]
i=3408[]
i=3409[]
i=3410[]
i=3411[]
i=3412[]
i=3413[]
i=3414[]
i=3415[]
i=3416[]
i=3417[]
i=3418[]
i=3419[]
i=3420[]
i=3421[]
i=3422[]
i=3423[]
i=3424[]
i=3425[]
i=3426[]
i=3427[]
i=3428[]
i=3429[]
i=3430[]
i=3431[]
i=3432[]
i=3433[]
i=3434[]
i=3435[]
i=3436[]
i=3437[]
i=3438[]
i=3439[]
i=3440[]
i=3441[]
i=3442[]
i=3443[]
i=3444[]
i=3445[]
i=3446[]
i=3447[]
i=3448[]
i=3449[]
i=3450[]
i=3451[]
i=3452[]
i=3453[]
i=3454[]
i=3455[]
i=3456[]
i=3457[]
i=3458[]
i=3459[]
i=3460[]
i=3461[]
i=3462[]
i=3463[]
i=3464[]
i=3465[]
i=3466[]
i=3467[]
i=3468[]
i=3469[]
i=3470[]
i=3471[]
i=3472[]
i=3473[]
i=3474[]
i=3475[]
i=3476[]
i=3477[]
i=3478[]
i=3479[]
i=3480[]
i=3481[]
i=3482[]
i=3483[]
i=3484[]
i=3485[]
i=3486[]
i=3487[]
i=3488[]
i=3489[]
i=3490[]
i=3491[]
i=3492[]
i=3493[]
i=3494[]
i=3495[]
i=3496[]
i=3497[]
i=3498[]
i=3499[]
i=3500[]
i=3501[]
i=3502[]
i=3503[]
i=3504[]
i=3505[]
i=3506[]
i=3507[]
i=3508[]
i=3509[]
i=3510[]
i=3511[]
i=3512[]
i=3513[]
i=3514[]
i=3515[]
i=3516[]
i=3517[]
i=3518[]
i=3519[]
i=3520[]
i=3521[]
i=3522[]
i=3523[]
i=3524[]
i=3525[]
i=3526[]
i=3527[]
i=3528[]
i=3529[]
i=3530[]
i=3531[]
i=3532[]
i=3533[]
i=3534[]
i=3535[]
i=3536[]
i=3537[]
i=3538[]
i=3539[]
i=3540[]
i=3541[]
i=3542[]
i=3543[]
i=3544[]
i=3545[]
i=3546[]
i=3547[]
i=3548[]
i=3549[]
i=3550[]
i=3551[]
i=3552[]
i=3553[]
i=3554[]
i=3555[]
i=3556[]
i=3557[]
i=3558[]
i=3559[]
i=3560[]
i=3561[]
i=3562[]
i=3563[]
i=3564[]
i=3565[]
i=3566[]
i=3567[]
i=3568[]
i=3569[]
i=3570[]
i=3571[]
i=3572[]
i=3573[]
i=3574[]
i=3575[]
i=3576[]
i=3577[]
i=3578[]
i=3579[]
i=3580[]
i=3581[]
i=3582[]
i=3583[]
i=3584[]
i=3585[]
i=3586[]
i=3587[]
i=3588[]
i=3589[]
i=3590[]
i=3591[]
i=3592[]
i=3593[]
i=3594[]
i=3595[]
i=3596[]
i=3597[]
i=3598[]
i=3599[]
i=3600[]
i=3601[]
i=3602[]
i=3603[]
i=3604[]
i=3605[]
i=3606[]
i=3607[]
i=3608[]
i=3609[]
i=3610[]
i=3611[]
i=3612[]
i=3613[]
i=3614[]
i=3615[]
i=3616[]
i=3617[]
i=3618[]
i=3619[]
i=3620[]
i=3621[]
i=3622[]
i=3623[]
i=3624[]
i=3625[]
i=3626[]
i=3627[]
i=3628[]
i=3629[]
i=3630[]
i=3631[]
i=3632[]
i=3633[]
i=3634[]
i=3635[]
i=3636[]
i=3637[]
i=3638[]
i=3639[]
i=3640[]
i=3641[]
i=3642[]
i=3643[]
i=3644[]
i=3645[]
i=3646[]
i=3647[]
i=3648[]
i=3649[]
i=3650[]
i=3651[]
i=3652[]
i=3653[]
i=3654[]
i=3655[]
i=3656[]
i=3657[]
i=3658[]
i=3659[]
i=3660[]
i=3661[]
i=3662[]
i=3663[]
i=3664[]
i=3665[]
i=3666[]
i=3667[]
i=3668[]
i=3669[]
i=3670[]
i=3671[]
i=3672[]
i=3673[]
i=3674[]
i=3675[]
i=3676[]
i=3677[]
i=3678[]
i=3679[]
i=3680[]
i=3681[]
i=3682[]
i=3683[]
i=3684[]
i=3685[]
i=3686[]
i=3687[]
i=3688[]
i=3689[]
i=3690[]
i=3691[]
i=3692[]
i=3693[]
i=3694[]
i=3695[]
i=3696[]
i=3697[]
i=3698[]
i=3699[]
i=3700[]
i=3701[]
i=3702[]
i=3703[]
i=3704[]
i=3705[]
i=3706[]
i=3707[]
i=3708[]
i=3709[]
i=3710[]
i=3711[]
i=3712[]
i=3713[]
i=3714[]
i=3715[]
i=3716[]
i=3717[]
i=3718[]
i=3719[]
i=3720[]
i=3721[]
i=3722[]
i=3723[]
i=3724[]
i=3725[]
i=3726[]
i=3727[]
i=3728[]
i=3729[]
i=3730[]
i=3731[]
i=3732[]
i=3733[]
i=3734[]
i=3735[]
i=3736[]
i=3737[]
i=3738[]
i=3739[]
i=3740[]
i=3741[]
i=3742[]
i=3743[]
i=3744[]
i=3745[]
i=3746[]
i=3747[]
i=3748[]
i=3749[]
i=3750[]
i=3751[]
i=3752[]
i=3753[]
i=3754[]
i=3755[]
i=3756[]
i=3757[]
i=3758[]
i=3759[]
i=3760[]
i=3761[]
i=3762[]
i=3763[]
i=3764[]
i=3765[]
i=3766[]
i=3767[]
i=3768[]
i=3769[]
i=3770[]
i=3771[]
i=3772[]
i=3773[]
i=3774[]
i=3775[]
i=3776[]
i=3777[]
i=3778[]
i=3779[]
i=3780[]
i=3781[]
i=3782[]
i=3783[]
i=3784[]
i=3785[]
i=3786[]
i=3787[]
i=3788[]
i=3789[]
i=3790[]
i=3791[]
i=3792[]
i=3793[]
i=3794[]
i=3795[]
i=3796[]
i=3797[]
i=3798[]
i=3799[]
i=3800[]
i=3801[]
i=3802[]
i=3803[]
i=3804[]
i=3805[]
i=3806[]
i=3807[]
i=3808[]
i=3809[]
i=3810[]
i=3811[]
i=3812[]
i=3813[]
i=3814[]
i=3815[]
i=3816[]
i=3817[]
i=3818[]
i=3819[]
i=3820[]
i=3821[]
i=3822[]
i=3823[]
i=3824[]
i=3825[]
i=3826[]
i=3827[]
i=3828[]
i=3829[]
i=3830[]
i=3831[]
i=3832[]
i=3833[]
i=3834[]
i=3835[]
i=3836[]
i=3837[]
i=3838[]
i=3839[]
i=3840[]
i=3841[]
i=3842[]
i=3843[]
i=3844[]
i=3845[]
i=3846[]
i=3847[]
i=3848[]
i=3849[]
i=3850[]
i=3851[]
i=3852[]
i=3853[]
i=3854[]
i=3855[]
i=3856[]
i=3857[]
i=3858[]
i=3859[]
i=3860[]
i=3861[]
i=3862[]
i=3863[]
i=3864[]
i=3865[]
i=3866[]
i=3867[]
i=3868[]
i=3869[]
i=3870[]
i=3871[]
i=3872[]
i=3873[]
i=3874[]
i=3875[]
i=3876[]
i=3877[]
i=3878[]
i=3879[]
i=3880[]
i=3881[]
i=3882[]
i=3883[]
i=3884[]
i=3885[]
i=3886[]
i=3887[]
i=3888[]
i=3889[]
i=3890[]
i=3891[]
i=3892[]
i=3893[]
i=3894[]
i=3895[]
i=3896[]
i=3897[]
i=3898[]
i=3899[]
i=3900[]
i=3901[]
i=3902[]
i=3903[]
i=3904[]
i=3905[]
i=3906[]
i=3907[]
i=3908[]
i=3909[]
i=3910[]
i=3911[]
i=3912[]
i=3913[]
i=3914[]
i=3915[]
i=3916[]
i=3917[]
i=3918[]
i=3919[]
i=3920[]
i=3921[]
i=3922[]
i=3923[]
i=3924[]
i=3925[]
i=3926[]
i=3927[]
i=3928[]
i=3929[]
i=3930[]
i=3931[]
i=3932[]
i=3933[]
i=3934[]
i=3935[]
i=3936[]
i=3937[]
i=3938[]
i=3939[]
i=3940[]
i=3941[]
i=3942[]
i=3943[]
i=3944[]
i=3945[]
i=3946[]
i=3947[]
i=3948[]
i=3949[]
i=3950[]
i=3951[]
i=3952[]
i=3953[]
i=3954[]
i=3955[]
i=3956[]
i=3957[]
i=3958[]
i=3959[]
i=3960[]
i=3961[]
i=3962[]
i=3963[]
i=3964[]
i=3965[]
i=3966[]
i=3967[]
i=3968[]
i=3969[]
i=3970[]
i=3971[]
i=3972[]
i=3973[]
i=3974[]
i=3975[]
i=3976[]
i=3977[]
i=3978[]
i=3979[]
i=3980[]
i=3981[]
i=3982[]
i=3983[]
i=3984[]
i=3985[]
i=3986[]
i=3987[]
i=3988[]
i=3989[]
i=3990[]
i=3991[]
i=3992[]
i=3993[]
i=3994[]
i=3995[]
i=3996[]
i=3997[]
i=3998[]
i=3999[]
]
filename=testimage/orion_20.jpg
convert s/f status=0
iSum status=0
cudaerr=0
Filter status=0
Maxidx8u status=0
totalwidth=3536,4749
diff=59,-222
Am I now
outboundupper x=2209,y=4254
outboundlower x=-59,y=222
newsize=3595,4749
newimage width=3595, height=4749
offsetposition=59,0
eresult=0
newimage width=3595, height=4749
offsetposition=59,0
eresult=0
newimage width=3595, height=4749
offsetposition=59,0
eresult=0
newimage width=3595, height=4749
offsetposition=59,0
eresult=0
newimage width=3595, height=4749
offsetposition=59,0
eresult=0
anothergo0
test
Last test bis
test
3595,4749
filename=testimage/orion_20.jpg
[i=1000[]
i=1001[]
i=1002[]
i=1003[]
i=1004[]
i=1005[]
i=1006[]
i=1007[]
i=1008[]
i=1009[]
i=1010[]
i=1011[]
i=1012[]
i=1013[]
i=1014[]
i=1015[]
i=1016[]
i=1017[]
i=1018[]
i=1019[]
i=1020[]
i=1021[]
i=1022[]
i=1023[]
i=1024[]
i=1025[]
i=1026[]
i=1027[]
i=1028[]
i=1029[]
i=1030[]
i=1031[]
i=1032[]
i=1033[]
i=1034[]
i=1035[]
i=1036[]
i=1037[]
i=1038[]
i=1039[]
i=1040[]
i=1041[]
i=1042[]
i=1043[]
i=1044[]
i=1045[]
i=1046[]
i=1047[]
i=1048[]
i=1049[]
i=1050[]
i=1051[]
i=1052[]
i=1053[]
i=1054[]
i=1055[]
i=1056[]
i=1057[]
i=1058[]
i=1059[]
i=1060[]
i=1061[]
i=1062[]
i=1063[]
i=1064[]
i=1065[]
i=1066[]
i=1067[]
i=1068[]
i=1069[]
i=1070[]
i=1071[]
i=1072[]
i=1073[]
i=1074[]
i=1075[]
i=1076[]
i=1077[]
i=1078[]
i=1079[]
i=1080[]
i=1081[]
i=1082[]
i=1083[]
i=1084[]
i=1085[]
i=1086[]
i=1087[]
i=1088[]
i=1089[]
i=1090[]
i=1091[]
i=1092[]
i=1093[]
i=1094[]
i=1095[]
i=1096[]
i=1097[]
i=1098[]
i=1099[]
i=1100[]
i=1101[]
i=1102[]
i=1103[]
i=1104[]
i=1105[]
i=1106[]
i=1107[]
i=1108[]
i=1109[]
i=1110[]
i=1111[]
i=1112[]
i=1113[]
i=1114[]
i=1115[]
i=1116[]
i=1117[]
i=1118[]
i=1119[]
i=1120[]
i=1121[]
i=1122[]
i=1123[]
i=1124[]
i=1125[]
i=1126[]
i=1127[]
i=1128[]
i=1129[]
i=1130[]
i=1131[]
i=1132[]
i=1133[]
i=1134[]
i=1135[]
i=1136[]
i=1137[]
i=1138[]
i=1139[]
i=1140[]
i=1141[]
i=1142[]
i=1143[]
i=1144[]
i=1145[]
i=1146[]
i=1147[]
i=1148[]
i=1149[]
i=1150[]
i=1151[]
i=1152[]
i=1153[]
i=1154[]
i=1155[]
i=1156[]
i=1157[]
i=1158[]
i=1159[]
i=1160[]
i=1161[]
i=1162[]
i=1163[]
i=1164[]
i=1165[]
i=1166[]
i=1167[]
i=1168[]
i=1169[]
i=1170[]
i=1171[]
i=1172[]
i=1173[]
i=1174[]
i=1175[]
i=1176[]
i=1177[]
i=1178[]
i=1179[]
i=1180[]
i=1181[]
i=1182[]
i=1183[]
i=1184[]
i=1185[]
i=1186[]
i=1187[]
i=1188[]
i=1189[]
i=1190[]
i=1191[]
i=1192[]
i=1193[]
i=1194[]
i=1195[]
i=1196[]
i=1197[]
i=1198[]
i=1199[]
i=1200[]
i=1201[]
i=1202[]
i=1203[]
i=1204[]
i=1205[]
i=1206[]
i=1207[]
i=1208[]
i=1209[]
i=1210[]
i=1211[]
i=1212[]
i=1213[]
i=1214[]
i=1215[]
i=1216[]
i=1217[]
i=1218[]
i=1219[]
i=1220[]
i=1221[]
i=1222[]
i=1223[]
i=1224[]
i=1225[]
i=1226[]
i=1227[]
i=1228[]
i=1229[]
i=1230[]
i=1231[]
i=1232[]
i=1233[]
i=1234[]
i=1235[]
i=1236[]
i=1237[]
i=1238[]
i=1239[]
i=1240[]
i=1241[]
i=1242[]
i=1243[]
i=1244[]
i=1245[]
i=1246[]
i=1247[]
i=1248[]
i=1249[]
i=1250[]
i=1251[]
i=1252[]
i=1253[]
i=1254[]
i=1255[]
i=1256[]
i=1257[]
i=1258[]
i=1259[]
i=1260[]
i=1261[]
i=1262[]
i=1263[]
i=1264[]
i=1265[]
i=1266[]
i=1267[]
i=1268[]
i=1269[]
i=1270[]
i=1271[]
i=1272[]
i=1273[]
i=1274[]
i=1275[]
i=1276[]
i=1277[]
i=1278[]
i=1279[]
i=1280[]
i=1281[]
i=1282[]
i=1283[]
i=1284[]
i=1285[]
i=1286[]
i=1287[]
i=1288[]
i=1289[]
i=1290[]
i=1291[]
i=1292[]
i=1293[]
i=1294[]
i=1295[]
i=1296[]
i=1297[]
i=1298[]
i=1299[]
i=1300[]
i=1301[]
i=1302[]
i=1303[]
i=1304[]
i=1305[]
i=1306[]
i=1307[]
i=1308[]
i=1309[]
i=1310[]
i=1311[]
i=1312[]
i=1313[]
i=1314[]
i=1315[]
i=1316[]
i=1317[]
i=1318[]
i=1319[]
i=1320[]
i=1321[]
i=1322[]
i=1323[]
i=1324[]
i=1325[]
i=1326[]
i=1327[]
i=1328[]
i=1329[]
i=1330[]
i=1331[]
i=1332[]
i=1333[]
i=1334[]
i=1335[]
i=1336[]
i=1337[]
i=1338[]
i=1339[]
i=1340[]
i=1341[]
i=1342[]
i=1343[]
i=1344[]
i=1345[]
i=1346[]
i=1347[]
i=1348[]
i=1349[]
i=1350[]
i=1351[]
i=1352[]
i=1353[]
i=1354[]
i=1355[]
i=1356[]
i=1357[]
i=1358[]
i=1359[]
i=1360[]
i=1361[]
i=1362[]
i=1363[]
i=1364[]
i=1365[]
i=1366[]
i=1367[]
i=1368[]
i=1369[]
i=1370[]
i=1371[]
i=1372[]
i=1373[]
i=1374[]
i=1375[]
i=1376[]
i=1377[]
i=1378[]
i=1379[]
i=1380[]
i=1381[]
i=1382[]
i=1383[]
i=1384[]
i=1385[]
i=1386[]
i=1387[]
i=1388[]
i=1389[]
i=1390[]
i=1391[]
i=1392[]
i=1393[]
i=1394[]
i=1395[]
i=1396[]
i=1397[]
i=1398[]
i=1399[]
i=1400[]
i=1401[]
i=1402[]
i=1403[]
i=1404[]
i=1405[]
i=1406[]
i=1407[]
i=1408[]
i=1409[]
i=1410[]
i=1411[]
i=1412[]
i=1413[]
i=1414[]
i=1415[]
i=1416[]
i=1417[]
i=1418[]
i=1419[]
i=1420[]
i=1421[]
i=1422[]
i=1423[]
i=1424[]
i=1425[]
i=1426[]
i=1427[]
i=1428[]
i=1429[]
i=1430[]
i=1431[]
i=1432[]
i=1433[]
i=1434[]
i=1435[]
i=1436[]
i=1437[]
i=1438[]
i=1439[]
i=1440[]
i=1441[]
i=1442[]
i=1443[]
i=1444[]
i=1445[]
i=1446[]
i=1447[]
i=1448[]
i=1449[]
i=1450[]
i=1451[]
i=1452[]
i=1453[]
i=1454[]
i=1455[]
i=1456[]
i=1457[]
i=1458[]
i=1459[]
i=1460[]
i=1461[]
i=1462[]
i=1463[]
i=1464[]
i=1465[]
i=1466[]
i=1467[]
i=1468[]
i=1469[]
i=1470[]
i=1471[]
i=1472[]
i=1473[]
i=1474[]
i=1475[]
i=1476[]
i=1477[]
i=1478[]
i=1479[]
i=1480[]
i=1481[]
i=1482[]
i=1483[]
i=1484[]
i=1485[]
i=1486[]
i=1487[]
i=1488[]
i=1489[]
i=1490[]
i=1491[]
i=1492[]
i=1493[]
i=1494[]
i=1495[]
i=1496[]
i=1497[]
i=1498[]
i=1499[]
i=1500[]
i=1501[]
i=1502[]
i=1503[]
i=1504[]
i=1505[]
i=1506[]
i=1507[]
i=1508[]
i=1509[]
i=1510[]
i=1511[]
i=1512[]
i=1513[]
i=1514[]
i=1515[]
i=1516[]
i=1517[]
i=1518[]
i=1519[]
i=1520[]
i=1521[]
i=1522[]
i=1523[]
i=1524[]
i=1525[]
i=1526[]
i=1527[]
i=1528[]
i=1529[]
i=1530[]
i=1531[]
i=1532[]
i=1533[]
i=1534[]
i=1535[]
i=1536[]
i=1537[]
i=1538[]
i=1539[]
i=1540[]
i=1541[]
i=1542[]
i=1543[]
i=1544[]
i=1545[]
i=1546[]
i=1547[]
i=1548[]
i=1549[]
i=1550[]
i=1551[]
i=1552[]
i=1553[]
i=1554[]
i=1555[]
i=1556[]
i=1557[]
i=1558[]
i=1559[]
i=1560[]
i=1561[]
i=1562[]
i=1563[]
i=1564[]
i=1565[]
i=1566[]
i=1567[]
i=1568[]
i=1569[]
i=1570[]
i=1571[]
i=1572[]
i=1573[]
i=1574[]
i=1575[]
i=1576[]
i=1577[]
i=1578[]
i=1579[]
i=1580[]
i=1581[]
i=1582[]
i=1583[]
i=1584[]
i=1585[]
i=1586[]
i=1587[]
i=1588[]
i=1589[]
i=1590[]
i=1591[]
i=1592[]
i=1593[]
i=1594[]
i=1595[]
i=1596[]
i=1597[]
i=1598[]
i=1599[]
i=1600[]
i=1601[]
i=1602[]
i=1603[]
i=1604[]
i=1605[]
i=1606[]
i=1607[]
i=1608[]
i=1609[]
i=1610[]
i=1611[]
i=1612[]
i=1613[]
i=1614[]
i=1615[]
i=1616[]
i=1617[]
i=1618[]
i=1619[]
i=1620[]
i=1621[]
i=1622[]
i=1623[]
i=1624[]
i=1625[]
i=1626[]
i=1627[]
i=1628[]
i=1629[]
i=1630[]
i=1631[]
i=1632[]
i=1633[]
i=1634[]
i=1635[]
i=1636[]
i=1637[]
i=1638[]
i=1639[]
i=1640[]
i=1641[]
i=1642[]
i=1643[]
i=1644[]
i=1645[]
i=1646[]
i=1647[]
i=1648[]
i=1649[]
i=1650[]
i=1651[]
i=1652[]
i=1653[]
i=1654[]
i=1655[]
i=1656[]
i=1657[]
i=1658[]
i=1659[]
i=1660[]
i=1661[]
i=1662[]
i=1663[]
i=1664[]
i=1665[]
i=1666[]
i=1667[]
i=1668[]
i=1669[]
i=1670[]
i=1671[]
i=1672[]
i=1673[]
i=1674[]
i=1675[]
i=1676[]
i=1677[]
i=1678[]
i=1679[]
i=1680[]
i=1681[]
i=1682[]
i=1683[]
i=1684[]
i=1685[]
i=1686[]
i=1687[]
i=1688[]
i=1689[]
i=1690[]
i=1691[]
i=1692[]
i=1693[]
i=1694[]
i=1695[]
i=1696[]
i=1697[]
i=1698[]
i=1699[]
i=1700[]
i=1701[]
i=1702[]
i=1703[]
i=1704[]
i=1705[]
i=1706[]
i=1707[]
i=1708[]
i=1709[]
i=1710[]
i=1711[]
i=1712[]
i=1713[]
i=1714[]
i=1715[]
i=1716[]
i=1717[]
i=1718[]
i=1719[]
i=1720[]
i=1721[]
i=1722[]
i=1723[]
i=1724[]
i=1725[]
i=1726[]
i=1727[]
i=1728[]
i=1729[]
i=1730[]
i=1731[]
i=1732[]
i=1733[]
i=1734[]
i=1735[]
i=1736[]
i=1737[]
i=1738[]
i=1739[]
i=1740[]
i=1741[]
i=1742[]
i=1743[]
i=1744[]
i=1745[]
i=1746[]
i=1747[]
i=1748[]
i=1749[]
i=1750[]
i=1751[]
i=1752[]
i=1753[]
i=1754[]
i=1755[]
i=1756[]
i=1757[]
i=1758[]
i=1759[]
i=1760[]
i=1761[]
i=1762[]
i=1763[]
i=1764[]
i=1765[]
i=1766[]
i=1767[]
i=1768[]
i=1769[]
i=1770[]
i=1771[]
i=1772[]
i=1773[]
i=1774[]
i=1775[]
i=1776[]
i=1777[]
i=1778[]
i=1779[]
i=1780[]
i=1781[]
i=1782[]
i=1783[]
i=1784[]
i=1785[]
i=1786[]
i=1787[]
i=1788[]
i=1789[]
i=1790[]
i=1791[]
i=1792[]
i=1793[]
i=1794[]
i=1795[]
i=1796[]
i=1797[]
i=1798[]
i=1799[]
i=1800[]
i=1801[]
i=1802[]
i=1803[]
i=1804[]
i=1805[]
i=1806[]
i=1807[]
i=1808[]
i=1809[]
i=1810[]
i=1811[]
i=1812[]
i=1813[]
i=1814[]
i=1815[]
i=1816[]
i=1817[]
i=1818[]
i=1819[]
i=1820[]
i=1821[]
i=1822[]
i=1823[]
i=1824[]
i=1825[]
i=1826[]
i=1827[]
i=1828[]
i=1829[]
i=1830[]
i=1831[]
i=1832[]
i=1833[]
i=1834[]
i=1835[]
i=1836[]
i=1837[]
i=1838[]
i=1839[]
i=1840[]
i=1841[]
i=1842[]
i=1843[]
i=1844[]
i=1845[]
i=1846[]
i=1847[]
i=1848[]
i=1849[]
i=1850[]
i=1851[]
i=1852[]
i=1853[]
i=1854[]
i=1855[]
i=1856[]
i=1857[]
i=1858[]
i=1859[]
i=1860[]
i=1861[]
i=1862[]
i=1863[]
i=1864[]
i=1865[]
i=1866[]
i=1867[]
i=1868[]
i=1869[]
i=1870[]
i=1871[]
i=1872[]
i=1873[]
i=1874[]
i=1875[]
i=1876[]
i=1877[]
i=1878[]
i=1879[]
i=1880[]
i=1881[]
i=1882[]
i=1883[]
i=1884[]
i=1885[]
i=1886[]
i=1887[]
i=1888[]
i=1889[]
i=1890[]
i=1891[]
i=1892[]
i=1893[]
i=1894[]
i=1895[]
i=1896[]
i=1897[]
i=1898[]
i=1899[]
i=1900[]
i=1901[]
i=1902[]
i=1903[]
i=1904[]
i=1905[]
i=1906[]
i=1907[]
i=1908[]
i=1909[]
i=1910[]
i=1911[]
i=1912[]
i=1913[]
i=1914[]
i=1915[]
i=1916[]
i=1917[]
i=1918[]
i=1919[]
i=1920[]
i=1921[]
i=1922[]
i=1923[]
i=1924[]
i=1925[]
i=1926[]
i=1927[]
i=1928[]
i=1929[]
i=1930[]
i=1931[]
i=1932[]
i=1933[]
i=1934[]
i=1935[]
i=1936[]
i=1937[]
i=1938[]
i=1939[]
i=1940[]
i=1941[]
i=1942[]
i=1943[]
i=1944[]
i=1945[]
i=1946[]
i=1947[]
i=1948[]
i=1949[]
i=1950[]
i=1951[]
i=1952[]
i=1953[]
i=1954[]
i=1955[]
i=1956[]
i=1957[]
i=1958[]
i=1959[]
i=1960[]
i=1961[]
i=1962[]
i=1963[]
i=1964[]
i=1965[]
i=1966[]
i=1967[]
i=1968[]
i=1969[]
i=1970[]
i=1971[]
i=1972[]
i=1973[]
i=1974[]
i=1975[]
i=1976[]
i=1977[]
i=1978[]
i=1979[]
i=1980[]
i=1981[]
i=1982[]
i=1983[]
i=1984[]
i=1985[]
i=1986[]
i=1987[]
i=1988[]
i=1989[]
i=1990[]
i=1991[]
i=1992[]
i=1993[]
i=1994[]
i=1995[]
i=1996[]
i=1997[]
i=1998[]
i=1999[]
i=2000[]
i=2001[]
i=2002[]
i=2003[]
i=2004[]
i=2005[]
i=2006[]
i=2007[]
i=2008[]
i=2009[]
i=2010[]
i=2011[]
i=2012[]
i=2013[]
i=2014[]
i=2015[]
i=2016[]
i=2017[]
i=2018[]
i=2019[]
i=2020[]
i=2021[]
i=2022[]
i=2023[]
i=2024[]
i=2025[]
i=2026[]
i=2027[]
i=2028[]
i=2029[]
i=2030[]
i=2031[]
i=2032[]
i=2033[]
i=2034[]
i=2035[]
i=2036[]
i=2037[]
i=2038[]
i=2039[]
i=2040[]
i=2041[]
i=2042[]
i=2043[]
i=2044[]
i=2045[]
i=2046[]
i=2047[]
i=2048[]
i=2049[]
i=2050[]
i=2051[]
i=2052[]
i=2053[]
i=2054[]
i=2055[]
i=2056[]
i=2057[]
i=2058[]
i=2059[]
i=2060[]
i=2061[]
i=2062[]
i=2063[]
i=2064[]
i=2065[]
i=2066[]
i=2067[]
i=2068[]
i=2069[]
i=2070[]
i=2071[]
i=2072[]
i=2073[]
i=2074[]
i=2075[]
i=2076[]
i=2077[]
i=2078[]
i=2079[]
i=2080[]
i=2081[]
i=2082[]
i=2083[]
i=2084[]
i=2085[]
i=2086[]
i=2087[]
i=2088[]
i=2089[]
i=2090[]
i=2091[]
i=2092[]
i=2093[]
i=2094[]
i=2095[]
i=2096[]
i=2097[]
i=2098[]
i=2099[]
i=2100[]
i=2101[]
i=2102[]
i=2103[]
i=2104[]
i=2105[]
i=2106[]
i=2107[]
i=2108[]
i=2109[]
i=2110[]
i=2111[]
i=2112[]
i=2113[]
i=2114[]
i=2115[]
i=2116[]
i=2117[]
i=2118[]
i=2119[]
i=2120[]
i=2121[]
i=2122[]
i=2123[]
i=2124[]
i=2125[]
i=2126[]
i=2127[]
i=2128[]
i=2129[]
i=2130[]
i=2131[]
i=2132[]
i=2133[]
i=2134[]
i=2135[]
i=2136[]
i=2137[]
i=2138[]
i=2139[]
i=2140[]
i=2141[]
i=2142[]
i=2143[]
i=2144[]
i=2145[]
i=2146[]
i=2147[]
i=2148[]
i=2149[]
i=2150[]
i=2151[]
i=2152[]
i=2153[]
i=2154[]
i=2155[]
i=2156[]
i=2157[]
i=2158[]
i=2159[]
i=2160[]
i=2161[]
i=2162[]
i=2163[]
i=2164[]
i=2165[]
i=2166[]
i=2167[]
i=2168[]
i=2169[]
i=2170[]
i=2171[]
i=2172[]
i=2173[]
i=2174[]
i=2175[]
i=2176[]
i=2177[]
i=2178[]
i=2179[]
i=2180[]
i=2181[]
i=2182[]
i=2183[]
i=2184[]
i=2185[]
i=2186[]
i=2187[]
i=2188[]
i=2189[]
i=2190[]
i=2191[]
i=2192[]
i=2193[]
i=2194[]
i=2195[]
i=2196[]
i=2197[]
i=2198[]
i=2199[]
i=2200[]
i=2201[]
i=2202[]
i=2203[]
i=2204[]
i=2205[]
i=2206[]
i=2207[]
i=2208[]
i=2209[]
i=2210[]
i=2211[]
i=2212[]
i=2213[]
i=2214[]
i=2215[]
i=2216[]
i=2217[]
i=2218[]
i=2219[]
i=2220[]
i=2221[]
i=2222[]
i=2223[]
i=2224[]
i=2225[]
i=2226[]
i=2227[]
i=2228[]
i=2229[]
i=2230[]
i=2231[]
i=2232[]
i=2233[]
i=2234[]
i=2235[]
i=2236[]
i=2237[]
i=2238[]
i=2239[]
i=2240[]
i=2241[]
i=2242[]
i=2243[]
i=2244[]
i=2245[]
i=2246[]
i=2247[]
i=2248[]
i=2249[]
i=2250[]
i=2251[]
i=2252[]
i=2253[]
i=2254[]
i=2255[]
i=2256[]
i=2257[]
i=2258[]
i=2259[]
i=2260[]
i=2261[]
i=2262[]
i=2263[]
i=2264[]
i=2265[]
i=2266[]
i=2267[]
i=2268[]
i=2269[]
i=2270[]
i=2271[]
i=2272[]
i=2273[]
i=2274[]
i=2275[]
i=2276[]
i=2277[]
i=2278[]
i=2279[]
i=2280[]
i=2281[]
i=2282[]
i=2283[]
i=2284[]
i=2285[]
i=2286[]
i=2287[]
i=2288[]
i=2289[]
i=2290[]
i=2291[]
i=2292[]
i=2293[]
i=2294[]
i=2295[]
i=2296[]
i=2297[]
i=2298[]
i=2299[]
i=2300[]
i=2301[]
i=2302[]
i=2303[]
i=2304[]
i=2305[]
i=2306[]
i=2307[]
i=2308[]
i=2309[]
i=2310[]
i=2311[]
i=2312[]
i=2313[]
i=2314[]
i=2315[]
i=2316[]
i=2317[]
i=2318[]
i=2319[]
i=2320[]
i=2321[]
i=2322[]
i=2323[]
i=2324[]
i=2325[]
i=2326[]
i=2327[]
i=2328[]
i=2329[]
i=2330[]
i=2331[]
i=2332[]
i=2333[]
i=2334[]
i=2335[]
i=2336[]
i=2337[]
i=2338[]
i=2339[]
i=2340[]
i=2341[]
i=2342[]
i=2343[]
i=2344[]
i=2345[]
i=2346[]
i=2347[]
i=2348[]
i=2349[]
i=2350[]
i=2351[]
i=2352[]
i=2353[]
i=2354[]
i=2355[]
i=2356[]
i=2357[]
i=2358[]
i=2359[]
i=2360[]
i=2361[]
i=2362[]
i=2363[]
i=2364[]
i=2365[]
i=2366[]
i=2367[]
i=2368[]
i=2369[]
i=2370[]
i=2371[]
i=2372[]
i=2373[]
i=2374[]
i=2375[]
i=2376[]
i=2377[]
i=2378[]
i=2379[]
i=2380[]
i=2381[]
i=2382[]
i=2383[]
i=2384[]
i=2385[]
i=2386[]
i=2387[]
i=2388[]
i=2389[]
i=2390[]
i=2391[]
i=2392[]
i=2393[128,]
i=2394[]
i=2395[]
i=2396[]
i=2397[]
i=2398[]
i=2399[]
i=2400[]
i=2401[128,128,]
i=2402[]
i=2403[]
i=2404[]
i=2405[128,128,]
i=2406[]
i=2407[]
i=2408[]
i=2409[128,128,]
i=2410[]
i=2411[]
i=2412[]
i=2413[]
i=2414[]
i=2415[]
i=2416[]
i=2417[]
i=2418[]
i=2419[]
i=2420[]
i=2421[]
i=2422[]
i=2423[]
i=2424[]
i=2425[]
i=2426[]
i=2427[]
i=2428[]
i=2429[]
i=2430[]
i=2431[]
i=2432[]
i=2433[]
i=2434[]
i=2435[]
i=2436[]
i=2437[]
i=2438[]
i=2439[]
i=2440[]
i=2441[]
i=2442[]
i=2443[]
i=2444[]
i=2445[]
i=2446[]
i=2447[]
i=2448[]
i=2449[]
i=2450[]
i=2451[]
i=2452[]
i=2453[]
i=2454[]
i=2455[]
i=2456[]
i=2457[]
i=2458[]
i=2459[]
i=2460[]
i=2461[]
i=2462[]
i=2463[]
i=2464[]
i=2465[]
i=2466[]
i=2467[]
i=2468[]
i=2469[]
i=2470[]
i=2471[]
i=2472[]
i=2473[]
i=2474[]
i=2475[]
i=2476[]
i=2477[]
i=2478[]
i=2479[]
i=2480[]
i=2481[]
i=2482[]
i=2483[]
i=2484[]
i=2485[]
i=2486[]
i=2487[]
i=2488[]
i=2489[]
i=2490[]
i=2491[]
i=2492[]
i=2493[]
i=2494[]
i=2495[]
i=2496[]
i=2497[]
i=2498[]
i=2499[]
i=2500[]
i=2501[]
i=2502[]
i=2503[]
i=2504[]
i=2505[]
i=2506[]
i=2507[]
i=2508[]
i=2509[]
i=2510[]
i=2511[]
i=2512[]
i=2513[]
i=2514[]
i=2515[]
i=2516[]
i=2517[]
i=2518[]
i=2519[]
i=2520[]
i=2521[]
i=2522[]
i=2523[]
i=2524[]
i=2525[]
i=2526[]
i=2527[]
i=2528[]
i=2529[]
i=2530[]
i=2531[]
i=2532[]
i=2533[]
i=2534[]
i=2535[]
i=2536[]
i=2537[]
i=2538[]
i=2539[]
i=2540[]
i=2541[]
i=2542[]
i=2543[]
i=2544[]
i=2545[]
i=2546[]
i=2547[]
i=2548[]
i=2549[]
i=2550[]
i=2551[]
i=2552[]
i=2553[]
i=2554[]
i=2555[]
i=2556[]
i=2557[]
i=2558[]
i=2559[]
i=2560[]
i=2561[]
i=2562[]
i=2563[]
i=2564[]
i=2565[]
i=2566[]
i=2567[]
i=2568[]
i=2569[]
i=2570[]
i=2571[]
i=2572[]
i=2573[]
i=2574[]
i=2575[]
i=2576[]
i=2577[]
i=2578[]
i=2579[]
i=2580[]
i=2581[]
i=2582[]
i=2583[]
i=2584[]
i=2585[]
i=2586[]
i=2587[]
i=2588[]
i=2589[]
i=2590[]
i=2591[]
i=2592[]
i=2593[]
i=2594[]
i=2595[]
i=2596[]
i=2597[]
i=2598[]
i=2599[]
i=2600[]
i=2601[]
i=2602[]
i=2603[]
i=2604[]
i=2605[]
i=2606[]
i=2607[]
i=2608[]
i=2609[]
i=2610[]
i=2611[]
i=2612[]
i=2613[]
i=2614[]
i=2615[]
i=2616[]
i=2617[]
i=2618[]
i=2619[]
i=2620[]
i=2621[]
i=2622[]
i=2623[]
i=2624[]
i=2625[]
i=2626[]
i=2627[]
i=2628[]
i=2629[]
i=2630[]
i=2631[]
i=2632[]
i=2633[]
i=2634[]
i=2635[]
i=2636[]
i=2637[]
i=2638[]
i=2639[]
i=2640[]
i=2641[]
i=2642[]
i=2643[]
i=2644[]
i=2645[]
i=2646[]
i=2647[]
i=2648[]
i=2649[]
i=2650[]
i=2651[]
i=2652[]
i=2653[]
i=2654[]
i=2655[]
i=2656[]
i=2657[]
i=2658[]
i=2659[]
i=2660[]
i=2661[]
i=2662[]
i=2663[]
i=2664[]
i=2665[]
i=2666[]
i=2667[]
i=2668[]
i=2669[]
i=2670[]
i=2671[]
i=2672[]
i=2673[]
i=2674[]
i=2675[]
i=2676[]
i=2677[]
i=2678[]
i=2679[]
i=2680[]
i=2681[]
i=2682[]
i=2683[]
i=2684[]
i=2685[]
i=2686[]
i=2687[]
i=2688[]
i=2689[]
i=2690[]
i=2691[]
i=2692[]
i=2693[]
i=2694[]
i=2695[]
i=2696[]
i=2697[]
i=2698[]
i=2699[]
i=2700[]
i=2701[]
i=2702[]
i=2703[]
i=2704[]
i=2705[]
i=2706[]
i=2707[]
i=2708[]
i=2709[]
i=2710[]
i=2711[]
i=2712[]
i=2713[]
i=2714[]
i=2715[]
i=2716[]
i=2717[]
i=2718[]
i=2719[]
i=2720[]
i=2721[]
i=2722[]
i=2723[]
i=2724[]
i=2725[]
i=2726[]
i=2727[]
i=2728[]
i=2729[]
i=2730[]
i=2731[]
i=2732[]
i=2733[]
i=2734[]
i=2735[]
i=2736[]
i=2737[]
i=2738[]
i=2739[]
i=2740[]
i=2741[]
i=2742[]
i=2743[]
i=2744[]
i=2745[]
i=2746[]
i=2747[]
i=2748[]
i=2749[]
i=2750[]
i=2751[]
i=2752[]
i=2753[]
i=2754[]
i=2755[]
i=2756[]
i=2757[]
i=2758[]
i=2759[]
i=2760[]
i=2761[]
i=2762[]
i=2763[]
i=2764[]
i=2765[]
i=2766[]
i=2767[]
i=2768[]
i=2769[]
i=2770[]
i=2771[]
i=2772[]
i=2773[]
i=2774[]
i=2775[]
i=2776[]
i=2777[]
i=2778[]
i=2779[]
i=2780[]
i=2781[]
i=2782[]
i=2783[]
i=2784[]
i=2785[]
i=2786[]
i=2787[]
i=2788[]
i=2789[]
i=2790[]
i=2791[]
i=2792[]
i=2793[]
i=2794[]
i=2795[]
i=2796[]
i=2797[]
i=2798[]
i=2799[]
i=2800[]
i=2801[]
i=2802[]
i=2803[]
i=2804[]
i=2805[]
i=2806[]
i=2807[]
i=2808[]
i=2809[]
i=2810[]
i=2811[]
i=2812[]
i=2813[]
i=2814[]
i=2815[]
i=2816[]
i=2817[]
i=2818[]
i=2819[]
i=2820[]
i=2821[]
i=2822[]
i=2823[]
i=2824[]
i=2825[]
i=2826[]
i=2827[]
i=2828[]
i=2829[]
i=2830[]
i=2831[]
i=2832[]
i=2833[]
i=2834[]
i=2835[]
i=2836[]
i=2837[]
i=2838[]
i=2839[]
i=2840[]
i=2841[]
i=2842[]
i=2843[]
i=2844[]
i=2845[]
i=2846[]
i=2847[]
i=2848[]
i=2849[]
i=2850[]
i=2851[]
i=2852[]
i=2853[]
i=2854[]
i=2855[]
i=2856[]
i=2857[]
i=2858[]
i=2859[]
i=2860[]
i=2861[]
i=2862[]
i=2863[]
i=2864[]
i=2865[]
i=2866[]
i=2867[]
i=2868[]
i=2869[]
i=2870[]
i=2871[]
i=2872[]
i=2873[]
i=2874[]
i=2875[]
i=2876[]
i=2877[]
i=2878[]
i=2879[]
i=2880[]
i=2881[]
i=2882[128,160,]
i=2883[]
i=2884[]
i=2885[]
i=2886[128,128,128,128,]
i=2887[]
i=2888[]
i=2889[]
i=2890[]
i=2891[]
i=2892[]
i=2893[]
i=2894[]
i=2895[]
i=2896[]
i=2897[]
i=2898[128,]
i=2899[]
i=2900[]
i=2901[]
i=2902[128,128,]
i=2903[]
i=2904[]
i=2905[]
i=2906[128,]
i=2907[]
i=2908[]
i=2909[]
i=2910[]
i=2911[]
i=2912[]
i=2913[]
i=2914[]
i=2915[]
i=2916[]
i=2917[]
i=2918[]
i=2919[]
i=2920[]
i=2921[]
i=2922[]
i=2923[]
i=2924[]
i=2925[]
i=2926[]
i=2927[]
i=2928[]
i=2929[]
i=2930[]
i=2931[]
i=2932[]
i=2933[]
i=2934[]
i=2935[]
i=2936[]
i=2937[]
i=2938[]
i=2939[]
i=2940[]
i=2941[]
i=2942[]
i=2943[]
i=2944[]
i=2945[]
i=2946[]
i=2947[]
i=2948[]
i=2949[]
i=2950[]
i=2951[]
i=2952[]
i=2953[]
i=2954[]
i=2955[]
i=2956[]
i=2957[]
i=2958[]
i=2959[]
i=2960[]
i=2961[]
i=2962[]
i=2963[]
i=2964[]
i=2965[]
i=2966[]
i=2967[]
i=2968[]
i=2969[]
i=2970[]
i=2971[]
i=2972[]
i=2973[]
i=2974[]
i=2975[]
i=2976[]
i=2977[]
i=2978[]
i=2979[]
i=2980[]
i=2981[]
i=2982[]
i=2983[]
i=2984[]
i=2985[]
i=2986[]
i=2987[]
i=2988[]
i=2989[]
i=2990[]
i=2991[]
i=2992[]
i=2993[]
i=2994[]
i=2995[]
i=2996[]
i=2997[]
i=2998[]
i=2999[]
i=3000[]
i=3001[]
i=3002[]
i=3003[]
i=3004[]
i=3005[]
i=3006[]
i=3007[]
i=3008[]
i=3009[]
i=3010[]
i=3011[]
i=3012[]
i=3013[]
i=3014[]
i=3015[]
i=3016[]
i=3017[128,]
i=3018[]
i=3019[]
i=3020[]
i=3021[]
i=3022[]
i=3023[]
i=3024[]
i=3025[128,128,]
i=3026[]
i=3027[]
i=3028[]
i=3029[128,128,128,]
i=3030[]
i=3031[]
i=3032[]
i=3033[128,128,]
i=3034[]
i=3035[]
i=3036[]
i=3037[128,128,]
i=3038[]
i=3039[]
i=3040[]
i=3041[128,128,112,144,]
i=3042[]
i=3043[]
i=3044[]
i=3045[192,176,184,]
i=3046[]
i=3047[]
i=3048[]
i=3049[]
i=3050[]
i=3051[]
i=3052[]
i=3053[]
i=3054[]
i=3055[]
i=3056[]
i=3057[]
i=3058[]
i=3059[]
i=3060[]
i=3061[]
i=3062[]
i=3063[]
i=3064[]
i=3065[128,128,128,]
i=3066[]
i=3067[]
i=3068[]
i=3069[128,128,128,]
i=3070[]
i=3071[]
i=3072[]
i=3073[128,128,]
i=3074[]
i=3075[]
i=3076[]
i=3077[]
i=3078[]
i=3079[]
i=3080[]
i=3081[]
i=3082[]
i=3083[]
i=3084[]
i=3085[]
i=3086[]
i=3087[]
i=3088[]
i=3089[]
i=3090[]
i=3091[]
i=3092[]
i=3093[]
i=3094[]
i=3095[]
i=3096[]
i=3097[]
i=3098[]
i=3099[]
i=3100[]
i=3101[]
i=3102[]
i=3103[]
i=3104[]
i=3105[]
i=3106[]
i=3107[]
i=3108[]
i=3109[]
i=3110[]
i=3111[]
i=3112[]
i=3113[]
i=3114[]
i=3115[]
i=3116[]
i=3117[]
i=3118[]
i=3119[]
i=3120[]
i=3121[]
i=3122[]
i=3123[]
i=3124[]
i=3125[]
i=3126[]
i=3127[]
i=3128[]
i=3129[]
i=3130[]
i=3131[]
i=3132[]
i=3133[]
i=3134[]
i=3135[]
i=3136[]
i=3137[]
i=3138[]
i=3139[]
i=3140[]
i=3141[]
i=3142[]
i=3143[]
i=3144[]
i=3145[]
i=3146[]
i=3147[]
i=3148[]
i=3149[]
i=3150[]
i=3151[]
i=3152[]
i=3153[]
i=3154[]
i=3155[]
i=3156[]
i=3157[]
i=3158[]
i=3159[]
i=3160[]
i=3161[]
i=3162[]
i=3163[]
i=3164[]
i=3165[]
i=3166[]
i=3167[]
i=3168[]
i=3169[]
i=3170[]
i=3171[]
i=3172[]
i=3173[]
i=3174[]
i=3175[]
i=3176[]
i=3177[]
i=3178[]
i=3179[]
i=3180[]
i=3181[]
i=3182[]
i=3183[]
i=3184[]
i=3185[]
i=3186[]
i=3187[]
i=3188[]
i=3189[]
i=3190[]
i=3191[]
i=3192[]
i=3193[]
i=3194[]
i=3195[]
i=3196[]
i=3197[]
i=3198[]
i=3199[]
i=3200[]
i=3201[]
i=3202[]
i=3203[]
i=3204[]
i=3205[]
i=3206[]
i=3207[]
i=3208[]
i=3209[]
i=3210[]
i=3211[]
i=3212[]
i=3213[]
i=3214[]
i=3215[]
i=3216[]
i=3217[]
i=3218[]
i=3219[]
i=3220[]
i=3221[]
i=3222[]
i=3223[]
i=3224[]
i=3225[]
i=3226[]
i=3227[]
i=3228[]
i=3229[]
i=3230[]
i=3231[]
i=3232[]
i=3233[]
i=3234[]
i=3235[]
i=3236[]
i=3237[]
i=3238[]
i=3239[]
i=3240[]
i=3241[]
i=3242[]
i=3243[]
i=3244[]
i=3245[]
i=3246[]
i=3247[]
i=3248[]
i=3249[128,128,]
i=3250[]
i=3251[]
i=3252[]
i=3253[]
i=3254[]
i=3255[]
i=3256[]
i=3257[128,128,]
i=3258[]
i=3259[]
i=3260[]
i=3261[128,128,144,]
i=3262[]
i=3263[]
i=3264[]
i=3265[128,200,]
i=3266[]
i=3267[]
i=3268[]
i=3269[]
i=3270[]
i=3271[]
i=3272[]
i=3273[]
i=3274[]
i=3275[]
i=3276[]
i=3277[]
i=3278[]
i=3279[]
i=3280[]
i=3281[]
i=3282[]
i=3283[]
i=3284[]
i=3285[]
i=3286[]
i=3287[]
i=3288[]
i=3289[]
i=3290[]
i=3291[]
i=3292[]
i=3293[]
i=3294[]
i=3295[]
i=3296[]
i=3297[]
i=3298[]
i=3299[]
i=3300[]
i=3301[]
i=3302[]
i=3303[]
i=3304[]
i=3305[]
i=3306[]
i=3307[]
i=3308[]
i=3309[]
i=3310[]
i=3311[]
i=3312[]
i=3313[]
i=3314[]
i=3315[]
i=3316[]
i=3317[]
i=3318[]
i=3319[]
i=3320[]
i=3321[]
i=3322[]
i=3323[]
i=3324[]
i=3325[]
i=3326[]
i=3327[]
i=3328[]
i=3329[]
i=3330[]
i=3331[]
i=3332[]
i=3333[]
i=3334[]
i=3335[]
i=3336[]
i=3337[]
i=3338[]
i=3339[]
i=3340[]
i=3341[128,]
i=3342[]
i=3343[]
i=3344[]
i=3345[128,128,]
i=3346[]
i=3347[]
i=3348[]
i=3349[128,128,]
i=3350[]
i=3351[]
i=3352[]
i=3353[128,]
i=3354[]
i=3355[]
i=3356[]
i=3357[128,128,]
i=3358[]
i=3359[]
i=3360[]
i=3361[224,224,]
i=3362[]
i=3363[]
i=3364[]
i=3365[]
i=3366[]
i=3367[]
i=3368[]
i=3369[]
i=3370[]
i=3371[]
i=3372[]
i=3373[]
i=3374[]
i=3375[]
i=3376[]
i=3377[]
i=3378[]
i=3379[]
i=3380[]
i=3381[]
i=3382[]
i=3383[]
i=3384[]
i=3385[]
i=3386[]
i=3387[]
i=3388[]
i=3389[]
i=3390[]
i=3391[]
i=3392[]
i=3393[]
i=3394[]
i=3395[]
i=3396[]
i=3397[]
i=3398[]
i=3399[]
i=3400[]
i=3401[]
i=3402[]
i=3403[]
i=3404[]
i=3405[]
i=3406[]
i=3407[]
i=3408[]
i=3409[]
i=3410[]
i=3411[]
i=3412[]
i=3413[]
i=3414[]
i=3415[]
i=3416[]
i=3417[]
i=3418[]
i=3419[]
i=3420[]
i=3421[]
i=3422[]
i=3423[]
i=3424[]
i=3425[]
i=3426[]
i=3427[]
i=3428[]
i=3429[]
i=3430[]
i=3431[]
i=3432[]
i=3433[]
i=3434[]
i=3435[]
i=3436[]
i=3437[]
i=3438[]
i=3439[]
i=3440[]
i=3441[]
i=3442[]
i=3443[]
i=3444[]
i=3445[]
i=3446[]
i=3447[]
i=3448[]
i=3449[]
i=3450[]
i=3451[]
i=3452[]
i=3453[]
i=3454[]
i=3455[]
i=3456[]
i=3457[]
i=3458[]
i=3459[]
i=3460[]
i=3461[]
i=3462[]
i=3463[]
i=3464[]
i=3465[]
i=3466[]
i=3467[]
i=3468[]
i=3469[]
i=3470[]
i=3471[]
i=3472[]
i=3473[]
i=3474[]
i=3475[]
i=3476[]
i=3477[]
i=3478[]
i=3479[]
i=3480[]
i=3481[]
i=3482[]
i=3483[]
i=3484[]
i=3485[]
i=3486[]
i=3487[]
i=3488[]
i=3489[]
i=3490[]
i=3491[]
i=3492[]
i=3493[]
i=3494[]
i=3495[]
i=3496[]
i=3497[]
i=3498[]
i=3499[]
i=3500[]
i=3501[]
i=3502[]
i=3503[]
i=3504[]
i=3505[]
i=3506[]
i=3507[]
i=3508[]
i=3509[]
i=3510[]
i=3511[]
i=3512[]
i=3513[]
i=3514[]
i=3515[]
i=3516[]
i=3517[]
i=3518[]
i=3519[]
i=3520[]
i=3521[]
i=3522[]
i=3523[]
i=3524[]
i=3525[]
i=3526[]
i=3527[]
i=3528[]
i=3529[]
i=3530[]
i=3531[]
i=3532[]
i=3533[]
i=3534[]
i=3535[]
i=3536[]
i=3537[]
i=3538[]
i=3539[]
i=3540[]
i=3541[]
i=3542[]
i=3543[]
i=3544[]
i=3545[]
i=3546[]
i=3547[]
i=3548[]
i=3549[]
i=3550[]
i=3551[]
i=3552[]
i=3553[]
i=3554[]
i=3555[]
i=3556[]
i=3557[]
i=3558[]
i=3559[]
i=3560[]
i=3561[]
i=3562[]
i=3563[]
i=3564[]
i=3565[]
i=3566[]
i=3567[]
i=3568[]
i=3569[]
i=3570[]
i=3571[]
i=3572[]
i=3573[]
i=3574[]
i=3575[]
i=3576[]
i=3577[]
i=3578[]
i=3579[]
i=3580[]
i=3581[]
i=3582[]
i=3583[]
i=3584[]
i=3585[]
i=3586[]
i=3587[]
i=3588[]
i=3589[]
i=3590[]
i=3591[]
i=3592[]
i=3593[]
i=3594[]
i=3595[]
i=3596[]
i=3597[]
i=3598[]
i=3599[]
i=3600[]
i=3601[]
i=3602[]
i=3603[]
i=3604[]
i=3605[]
i=3606[]
i=3607[]
i=3608[]
i=3609[]
i=3610[]
i=3611[]
i=3612[]
i=3613[]
i=3614[]
i=3615[]
i=3616[]
i=3617[]
i=3618[]
i=3619[]
i=3620[]
i=3621[]
i=3622[]
i=3623[]
i=3624[]
i=3625[]
i=3626[]
i=3627[]
i=3628[]
i=3629[]
i=3630[]
i=3631[]
i=3632[]
i=3633[]
i=3634[]
i=3635[]
i=3636[]
i=3637[]
i=3638[]
i=3639[]
i=3640[]
i=3641[]
i=3642[]
i=3643[]
i=3644[]
i=3645[]
i=3646[]
i=3647[]
i=3648[]
i=3649[]
i=3650[]
i=3651[]
i=3652[]
i=3653[]
i=3654[]
i=3655[]
i=3656[]
i=3657[]
i=3658[]
i=3659[]
i=3660[]
i=3661[]
i=3662[]
i=3663[]
i=3664[]
i=3665[]
i=3666[]
i=3667[]
i=3668[]
i=3669[]
i=3670[]
i=3671[]
i=3672[]
i=3673[]
i=3674[]
i=3675[]
i=3676[]
i=3677[]
i=3678[]
i=3679[]
i=3680[]
i=3681[]
i=3682[]
i=3683[]
i=3684[]
i=3685[]
i=3686[]
i=3687[]
i=3688[]
i=3689[]
i=3690[]
i=3691[]
i=3692[]
i=3693[]
i=3694[]
i=3695[]
i=3696[]
i=3697[]
i=3698[]
i=3699[]
i=3700[]
i=3701[]
i=3702[]
i=3703[]
i=3704[]
i=3705[]
i=3706[]
i=3707[]
i=3708[]
i=3709[]
i=3710[]
i=3711[]
i=3712[]
i=3713[]
i=3714[]
i=3715[]
i=3716[]
i=3717[]
i=3718[]
i=3719[]
i=3720[]
i=3721[]
i=3722[]
i=3723[]
i=3724[]
i=3725[]
i=3726[]
i=3727[]
i=3728[]
i=3729[]
i=3730[]
i=3731[]
i=3732[]
i=3733[]
i=3734[]
i=3735[]
i=3736[]
i=3737[]
i=3738[]
i=3739[]
i=3740[]
i=3741[]
i=3742[]
i=3743[]
i=3744[]
i=3745[]
i=3746[]
i=3747[]
i=3748[]
i=3749[]
i=3750[]
i=3751[]
i=3752[]
i=3753[]
i=3754[]
i=3755[]
i=3756[]
i=3757[]
i=3758[]
i=3759[]
i=3760[]
i=3761[]
i=3762[]
i=3763[]
i=3764[]
i=3765[]
i=3766[]
i=3767[]
i=3768[]
i=3769[]
i=3770[]
i=3771[]
i=3772[]
i=3773[]
i=3774[]
i=3775[]
i=3776[]
i=3777[]
i=3778[]
i=3779[]
i=3780[]
i=3781[]
i=3782[]
i=3783[]
i=3784[]
i=3785[]
i=3786[]
i=3787[]
i=3788[]
i=3789[]
i=3790[]
i=3791[]
i=3792[]
i=3793[]
i=3794[]
i=3795[]
i=3796[]
i=3797[]
i=3798[]
i=3799[]
i=3800[]
i=3801[]
i=3802[]
i=3803[]
i=3804[]
i=3805[]
i=3806[]
i=3807[]
i=3808[]
i=3809[]
i=3810[]
i=3811[]
i=3812[]
i=3813[]
i=3814[]
i=3815[]
i=3816[]
i=3817[]
i=3818[]
i=3819[]
i=3820[]
i=3821[]
i=3822[]
i=3823[]
i=3824[]
i=3825[]
i=3826[]
i=3827[]
i=3828[]
i=3829[]
i=3830[]
i=3831[]
i=3832[]
i=3833[]
i=3834[]
i=3835[]
i=3836[]
i=3837[]
i=3838[]
i=3839[]
i=3840[]
i=3841[]
i=3842[]
i=3843[]
i=3844[]
i=3845[]
i=3846[]
i=3847[]
i=3848[]
i=3849[]
i=3850[]
i=3851[]
i=3852[]
i=3853[]
i=3854[]
i=3855[]
i=3856[]
i=3857[]
i=3858[]
i=3859[]
i=3860[]
i=3861[]
i=3862[]
i=3863[]
i=3864[]
i=3865[]
i=3866[]
i=3867[]
i=3868[]
i=3869[]
i=3870[]
i=3871[]
i=3872[]
i=3873[]
i=3874[]
i=3875[]
i=3876[]
i=3877[]
i=3878[]
i=3879[]
i=3880[]
i=3881[]
i=3882[]
i=3883[]
i=3884[]
i=3885[]
i=3886[]
i=3887[]
i=3888[]
i=3889[]
i=3890[]
i=3891[]
i=3892[]
i=3893[]
i=3894[]
i=3895[]
i=3896[]
i=3897[]
i=3898[]
i=3899[]
i=3900[]
i=3901[]
i=3902[]
i=3903[]
i=3904[]
i=3905[]
i=3906[]
i=3907[]
i=3908[]
i=3909[]
i=3910[]
i=3911[]
i=3912[]
i=3913[]
i=3914[]
i=3915[]
i=3916[]
i=3917[]
i=3918[]
i=3919[]
i=3920[]
i=3921[]
i=3922[]
i=3923[]
i=3924[]
i=3925[]
i=3926[]
i=3927[]
i=3928[]
i=3929[]
i=3930[]
i=3931[]
i=3932[]
i=3933[]
i=3934[]
i=3935[]
i=3936[]
i=3937[]
i=3938[]
i=3939[]
i=3940[]
i=3941[]
i=3942[]
i=3943[]
i=3944[]
i=3945[]
i=3946[]
i=3947[]
i=3948[]
i=3949[]
i=3950[]
i=3951[]
i=3952[]
i=3953[]
i=3954[]
i=3955[]
i=3956[]
i=3957[]
i=3958[]
i=3959[]
i=3960[]
i=3961[]
i=3962[]
i=3963[]
i=3964[]
i=3965[]
i=3966[]
i=3967[]
i=3968[]
i=3969[]
i=3970[]
i=3971[]
i=3972[]
i=3973[]
i=3974[]
i=3975[]
i=3976[]
i=3977[]
i=3978[]
i=3979[]
i=3980[]
i=3981[]
i=3982[]
i=3983[]
i=3984[]
i=3985[]
i=3986[]
i=3987[]
i=3988[]
i=3989[]
i=3990[]
i=3991[]
i=3992[]
i=3993[]
i=3994[]
i=3995[]
i=3996[]
i=3997[]
i=3998[]
i=3999[]
]
filename=testimage/orion_21.jpg
convert s/f status=0
iSum status=0
cudaerr=0
Filter status=0
Maxidx8u status=0
totalwidth=3595,4749
diff=43,-189
Am I now
outboundupper x=2225,y=4221
outboundlower x=-43,y=189
newsize=3638,4749
newimage width=3638, height=4749
offsetposition=43,0
eresult=0
newimage width=3638, height=4749
offsetposition=43,0
eresult=0
newimage width=3638, height=4749
offsetposition=43,0
eresult=0
newimage width=3638, height=4749
offsetposition=43,0
eresult=0
newimage width=3638, height=4749
offsetposition=43,0
eresult=0
anothergo0
test
Last test bis
test
3638,4749
filename=testimage/orion_21.jpg
[i=1000[]
i=1001[]
i=1002[]
i=1003[]
i=1004[]
i=1005[]
i=1006[]
i=1007[]
i=1008[]
i=1009[]
i=1010[]
i=1011[]
i=1012[]
i=1013[]
i=1014[]
i=1015[]
i=1016[]
i=1017[]
i=1018[]
i=1019[]
i=1020[]
i=1021[]
i=1022[]
i=1023[]
i=1024[]
i=1025[]
i=1026[]
i=1027[]
i=1028[]
i=1029[]
i=1030[]
i=1031[]
i=1032[]
i=1033[]
i=1034[]
i=1035[]
i=1036[]
i=1037[]
i=1038[]
i=1039[]
i=1040[]
i=1041[]
i=1042[]
i=1043[]
i=1044[]
i=1045[]
i=1046[]
i=1047[]
i=1048[]
i=1049[]
i=1050[]
i=1051[]
i=1052[]
i=1053[]
i=1054[]
i=1055[]
i=1056[]
i=1057[]
i=1058[]
i=1059[]
i=1060[]
i=1061[]
i=1062[]
i=1063[]
i=1064[]
i=1065[]
i=1066[]
i=1067[]
i=1068[]
i=1069[]
i=1070[]
i=1071[]
i=1072[]
i=1073[]
i=1074[]
i=1075[]
i=1076[]
i=1077[]
i=1078[]
i=1079[]
i=1080[]
i=1081[]
i=1082[]
i=1083[]
i=1084[]
i=1085[]
i=1086[]
i=1087[]
i=1088[]
i=1089[]
i=1090[]
i=1091[]
i=1092[]
i=1093[]
i=1094[]
i=1095[]
i=1096[]
i=1097[]
i=1098[]
i=1099[]
i=1100[]
i=1101[]
i=1102[]
i=1103[]
i=1104[]
i=1105[]
i=1106[]
i=1107[]
i=1108[]
i=1109[]
i=1110[]
i=1111[]
i=1112[]
i=1113[]
i=1114[]
i=1115[]
i=1116[]
i=1117[]
i=1118[]
i=1119[]
i=1120[]
i=1121[]
i=1122[]
i=1123[]
i=1124[]
i=1125[]
i=1126[]
i=1127[]
i=1128[]
i=1129[]
i=1130[]
i=1131[]
i=1132[]
i=1133[]
i=1134[]
i=1135[]
i=1136[]
i=1137[]
i=1138[]
i=1139[]
i=1140[]
i=1141[]
i=1142[]
i=1143[]
i=1144[]
i=1145[]
i=1146[]
i=1147[]
i=1148[]
i=1149[]
i=1150[]
i=1151[]
i=1152[]
i=1153[]
i=1154[]
i=1155[]
i=1156[]
i=1157[]
i=1158[]
i=1159[]
i=1160[]
i=1161[]
i=1162[]
i=1163[]
i=1164[]
i=1165[]
i=1166[]
i=1167[]
i=1168[]
i=1169[]
i=1170[]
i=1171[]
i=1172[]
i=1173[]
i=1174[]
i=1175[]
i=1176[]
i=1177[]
i=1178[]
i=1179[]
i=1180[]
i=1181[]
i=1182[]
i=1183[]
i=1184[]
i=1185[]
i=1186[]
i=1187[]
i=1188[]
i=1189[]
i=1190[]
i=1191[]
i=1192[]
i=1193[]
i=1194[]
i=1195[]
i=1196[]
i=1197[]
i=1198[]
i=1199[]
i=1200[]
i=1201[]
i=1202[]
i=1203[]
i=1204[]
i=1205[]
i=1206[]
i=1207[]
i=1208[]
i=1209[]
i=1210[]
i=1211[]
i=1212[]
i=1213[]
i=1214[]
i=1215[]
i=1216[]
i=1217[]
i=1218[]
i=1219[]
i=1220[]
i=1221[]
i=1222[]
i=1223[]
i=1224[]
i=1225[]
i=1226[]
i=1227[]
i=1228[]
i=1229[]
i=1230[]
i=1231[]
i=1232[]
i=1233[]
i=1234[]
i=1235[]
i=1236[]
i=1237[]
i=1238[]
i=1239[]
i=1240[]
i=1241[]
i=1242[]
i=1243[]
i=1244[]
i=1245[]
i=1246[]
i=1247[]
i=1248[]
i=1249[]
i=1250[]
i=1251[]
i=1252[]
i=1253[]
i=1254[]
i=1255[]
i=1256[]
i=1257[]
i=1258[]
i=1259[]
i=1260[]
i=1261[]
i=1262[]
i=1263[]
i=1264[]
i=1265[]
i=1266[]
i=1267[]
i=1268[]
i=1269[]
i=1270[]
i=1271[]
i=1272[]
i=1273[]
i=1274[]
i=1275[]
i=1276[]
i=1277[]
i=1278[]
i=1279[]
i=1280[]
i=1281[]
i=1282[]
i=1283[]
i=1284[]
i=1285[]
i=1286[]
i=1287[]
i=1288[]
i=1289[]
i=1290[]
i=1291[]
i=1292[]
i=1293[]
i=1294[]
i=1295[]
i=1296[]
i=1297[]
i=1298[]
i=1299[]
i=1300[]
i=1301[]
i=1302[]
i=1303[]
i=1304[]
i=1305[]
i=1306[]
i=1307[]
i=1308[]
i=1309[]
i=1310[]
i=1311[]
i=1312[]
i=1313[]
i=1314[]
i=1315[]
i=1316[]
i=1317[]
i=1318[]
i=1319[]
i=1320[]
i=1321[]
i=1322[]
i=1323[]
i=1324[]
i=1325[]
i=1326[]
i=1327[]
i=1328[]
i=1329[]
i=1330[]
i=1331[]
i=1332[]
i=1333[]
i=1334[]
i=1335[]
i=1336[]
i=1337[]
i=1338[]
i=1339[]
i=1340[]
i=1341[]
i=1342[]
i=1343[]
i=1344[]
i=1345[]
i=1346[]
i=1347[]
i=1348[]
i=1349[]
i=1350[]
i=1351[]
i=1352[]
i=1353[]
i=1354[]
i=1355[]
i=1356[]
i=1357[]
i=1358[]
i=1359[]
i=1360[]
i=1361[]
i=1362[]
i=1363[]
i=1364[]
i=1365[]
i=1366[]
i=1367[]
i=1368[]
i=1369[]
i=1370[]
i=1371[]
i=1372[]
i=1373[]
i=1374[]
i=1375[]
i=1376[]
i=1377[]
i=1378[]
i=1379[]
i=1380[]
i=1381[]
i=1382[]
i=1383[]
i=1384[]
i=1385[]
i=1386[]
i=1387[]
i=1388[]
i=1389[]
i=1390[]
i=1391[]
i=1392[]
i=1393[]
i=1394[]
i=1395[]
i=1396[]
i=1397[]
i=1398[]
i=1399[]
i=1400[]
i=1401[]
i=1402[]
i=1403[]
i=1404[]
i=1405[]
i=1406[]
i=1407[]
i=1408[]
i=1409[]
i=1410[]
i=1411[]
i=1412[]
i=1413[]
i=1414[]
i=1415[]
i=1416[]
i=1417[]
i=1418[]
i=1419[]
i=1420[]
i=1421[]
i=1422[]
i=1423[]
i=1424[]
i=1425[]
i=1426[]
i=1427[]
i=1428[]
i=1429[]
i=1430[]
i=1431[]
i=1432[]
i=1433[]
i=1434[]
i=1435[]
i=1436[]
i=1437[]
i=1438[]
i=1439[]
i=1440[]
i=1441[]
i=1442[]
i=1443[]
i=1444[]
i=1445[]
i=1446[]
i=1447[]
i=1448[]
i=1449[]
i=1450[]
i=1451[]
i=1452[]
i=1453[]
i=1454[]
i=1455[]
i=1456[]
i=1457[]
i=1458[]
i=1459[]
i=1460[]
i=1461[]
i=1462[]
i=1463[]
i=1464[]
i=1465[]
i=1466[]
i=1467[]
i=1468[]
i=1469[]
i=1470[]
i=1471[]
i=1472[]
i=1473[]
i=1474[]
i=1475[]
i=1476[]
i=1477[]
i=1478[]
i=1479[]
i=1480[]
i=1481[]
i=1482[]
i=1483[]
i=1484[]
i=1485[]
i=1486[]
i=1487[]
i=1488[]
i=1489[]
i=1490[]
i=1491[]
i=1492[]
i=1493[]
i=1494[]
i=1495[]
i=1496[]
i=1497[]
i=1498[]
i=1499[]
i=1500[]
i=1501[]
i=1502[]
i=1503[]
i=1504[]
i=1505[]
i=1506[]
i=1507[]
i=1508[]
i=1509[]
i=1510[]
i=1511[]
i=1512[]
i=1513[]
i=1514[]
i=1515[]
i=1516[]
i=1517[]
i=1518[]
i=1519[]
i=1520[]
i=1521[]
i=1522[]
i=1523[]
i=1524[]
i=1525[]
i=1526[]
i=1527[]
i=1528[]
i=1529[]
i=1530[]
i=1531[]
i=1532[]
i=1533[]
i=1534[]
i=1535[]
i=1536[]
i=1537[]
i=1538[]
i=1539[]
i=1540[]
i=1541[]
i=1542[]
i=1543[]
i=1544[]
i=1545[]
i=1546[]
i=1547[]
i=1548[]
i=1549[]
i=1550[]
i=1551[]
i=1552[]
i=1553[]
i=1554[]
i=1555[]
i=1556[]
i=1557[]
i=1558[]
i=1559[]
i=1560[]
i=1561[]
i=1562[]
i=1563[]
i=1564[]
i=1565[]
i=1566[]
i=1567[]
i=1568[]
i=1569[]
i=1570[]
i=1571[]
i=1572[]
i=1573[]
i=1574[]
i=1575[]
i=1576[]
i=1577[]
i=1578[]
i=1579[]
i=1580[]
i=1581[]
i=1582[]
i=1583[]
i=1584[]
i=1585[]
i=1586[]
i=1587[]
i=1588[]
i=1589[]
i=1590[]
i=1591[]
i=1592[]
i=1593[]
i=1594[]
i=1595[]
i=1596[]
i=1597[]
i=1598[]
i=1599[]
i=1600[]
i=1601[]
i=1602[]
i=1603[]
i=1604[]
i=1605[]
i=1606[]
i=1607[]
i=1608[]
i=1609[]
i=1610[]
i=1611[]
i=1612[]
i=1613[]
i=1614[]
i=1615[]
i=1616[]
i=1617[]
i=1618[]
i=1619[]
i=1620[]
i=1621[]
i=1622[]
i=1623[]
i=1624[]
i=1625[]
i=1626[]
i=1627[]
i=1628[]
i=1629[]
i=1630[]
i=1631[]
i=1632[]
i=1633[]
i=1634[]
i=1635[]
i=1636[]
i=1637[]
i=1638[]
i=1639[]
i=1640[]
i=1641[]
i=1642[]
i=1643[]
i=1644[]
i=1645[]
i=1646[]
i=1647[]
i=1648[]
i=1649[]
i=1650[]
i=1651[]
i=1652[]
i=1653[]
i=1654[]
i=1655[]
i=1656[]
i=1657[]
i=1658[]
i=1659[]
i=1660[]
i=1661[]
i=1662[]
i=1663[]
i=1664[]
i=1665[]
i=1666[]
i=1667[]
i=1668[]
i=1669[]
i=1670[]
i=1671[]
i=1672[]
i=1673[]
i=1674[]
i=1675[]
i=1676[]
i=1677[]
i=1678[]
i=1679[]
i=1680[]
i=1681[]
i=1682[]
i=1683[]
i=1684[]
i=1685[]
i=1686[]
i=1687[]
i=1688[]
i=1689[]
i=1690[]
i=1691[]
i=1692[]
i=1693[]
i=1694[]
i=1695[]
i=1696[]
i=1697[]
i=1698[]
i=1699[]
i=1700[]
i=1701[]
i=1702[]
i=1703[]
i=1704[]
i=1705[]
i=1706[]
i=1707[]
i=1708[]
i=1709[]
i=1710[]
i=1711[]
i=1712[]
i=1713[]
i=1714[]
i=1715[]
i=1716[]
i=1717[]
i=1718[]
i=1719[]
i=1720[]
i=1721[]
i=1722[]
i=1723[]
i=1724[]
i=1725[]
i=1726[]
i=1727[]
i=1728[]
i=1729[]
i=1730[]
i=1731[]
i=1732[]
i=1733[]
i=1734[]
i=1735[]
i=1736[]
i=1737[]
i=1738[]
i=1739[]
i=1740[]
i=1741[]
i=1742[]
i=1743[]
i=1744[]
i=1745[]
i=1746[]
i=1747[]
i=1748[]
i=1749[]
i=1750[]
i=1751[]
i=1752[]
i=1753[]
i=1754[]
i=1755[]
i=1756[]
i=1757[]
i=1758[]
i=1759[]
i=1760[]
i=1761[]
i=1762[]
i=1763[]
i=1764[]
i=1765[]
i=1766[]
i=1767[]
i=1768[]
i=1769[]
i=1770[]
i=1771[]
i=1772[]
i=1773[]
i=1774[]
i=1775[]
i=1776[]
i=1777[]
i=1778[]
i=1779[]
i=1780[]
i=1781[]
i=1782[]
i=1783[]
i=1784[]
i=1785[]
i=1786[]
i=1787[]
i=1788[]
i=1789[]
i=1790[]
i=1791[]
i=1792[]
i=1793[]
i=1794[]
i=1795[]
i=1796[]
i=1797[]
i=1798[]
i=1799[]
i=1800[]
i=1801[]
i=1802[]
i=1803[]
i=1804[]
i=1805[]
i=1806[]
i=1807[]
i=1808[]
i=1809[]
i=1810[]
i=1811[]
i=1812[]
i=1813[]
i=1814[]
i=1815[]
i=1816[]
i=1817[]
i=1818[]
i=1819[]
i=1820[]
i=1821[]
i=1822[]
i=1823[]
i=1824[]
i=1825[]
i=1826[]
i=1827[]
i=1828[]
i=1829[]
i=1830[]
i=1831[]
i=1832[]
i=1833[]
i=1834[]
i=1835[]
i=1836[]
i=1837[]
i=1838[]
i=1839[]
i=1840[]
i=1841[]
i=1842[]
i=1843[]
i=1844[]
i=1845[]
i=1846[]
i=1847[]
i=1848[]
i=1849[]
i=1850[]
i=1851[]
i=1852[]
i=1853[]
i=1854[]
i=1855[]
i=1856[]
i=1857[]
i=1858[]
i=1859[]
i=1860[]
i=1861[]
i=1862[]
i=1863[]
i=1864[]
i=1865[]
i=1866[]
i=1867[]
i=1868[]
i=1869[]
i=1870[]
i=1871[]
i=1872[]
i=1873[]
i=1874[]
i=1875[]
i=1876[]
i=1877[]
i=1878[]
i=1879[]
i=1880[]
i=1881[]
i=1882[]
i=1883[]
i=1884[]
i=1885[]
i=1886[]
i=1887[]
i=1888[]
i=1889[]
i=1890[]
i=1891[]
i=1892[]
i=1893[]
i=1894[]
i=1895[]
i=1896[]
i=1897[]
i=1898[]
i=1899[]
i=1900[]
i=1901[]
i=1902[]
i=1903[]
i=1904[]
i=1905[]
i=1906[]
i=1907[]
i=1908[]
i=1909[]
i=1910[]
i=1911[]
i=1912[]
i=1913[]
i=1914[]
i=1915[]
i=1916[]
i=1917[]
i=1918[]
i=1919[]
i=1920[]
i=1921[]
i=1922[]
i=1923[]
i=1924[]
i=1925[]
i=1926[]
i=1927[]
i=1928[]
i=1929[]
i=1930[]
i=1931[]
i=1932[]
i=1933[]
i=1934[]
i=1935[]
i=1936[]
i=1937[]
i=1938[]
i=1939[]
i=1940[]
i=1941[]
i=1942[]
i=1943[]
i=1944[]
i=1945[]
i=1946[]
i=1947[]
i=1948[]
i=1949[]
i=1950[]
i=1951[]
i=1952[]
i=1953[]
i=1954[]
i=1955[]
i=1956[]
i=1957[]
i=1958[]
i=1959[]
i=1960[]
i=1961[]
i=1962[]
i=1963[]
i=1964[]
i=1965[]
i=1966[]
i=1967[]
i=1968[]
i=1969[]
i=1970[]
i=1971[]
i=1972[]
i=1973[]
i=1974[]
i=1975[]
i=1976[]
i=1977[]
i=1978[]
i=1979[]
i=1980[]
i=1981[]
i=1982[]
i=1983[]
i=1984[]
i=1985[]
i=1986[]
i=1987[]
i=1988[]
i=1989[]
i=1990[]
i=1991[]
i=1992[]
i=1993[]
i=1994[]
i=1995[]
i=1996[]
i=1997[]
i=1998[]
i=1999[]
i=2000[]
i=2001[]
i=2002[]
i=2003[]
i=2004[]
i=2005[]
i=2006[]
i=2007[]
i=2008[]
i=2009[]
i=2010[]
i=2011[]
i=2012[]
i=2013[]
i=2014[]
i=2015[]
i=2016[]
i=2017[]
i=2018[]
i=2019[]
i=2020[]
i=2021[]
i=2022[]
i=2023[]
i=2024[]
i=2025[]
i=2026[]
i=2027[]
i=2028[]
i=2029[]
i=2030[]
i=2031[]
i=2032[]
i=2033[]
i=2034[]
i=2035[]
i=2036[]
i=2037[]
i=2038[]
i=2039[]
i=2040[]
i=2041[]
i=2042[]
i=2043[]
i=2044[]
i=2045[]
i=2046[]
i=2047[]
i=2048[]
i=2049[]
i=2050[]
i=2051[]
i=2052[]
i=2053[]
i=2054[]
i=2055[]
i=2056[]
i=2057[]
i=2058[]
i=2059[]
i=2060[]
i=2061[]
i=2062[]
i=2063[]
i=2064[]
i=2065[]
i=2066[]
i=2067[]
i=2068[]
i=2069[]
i=2070[]
i=2071[]
i=2072[]
i=2073[]
i=2074[]
i=2075[]
i=2076[]
i=2077[]
i=2078[]
i=2079[]
i=2080[]
i=2081[]
i=2082[]
i=2083[]
i=2084[]
i=2085[]
i=2086[]
i=2087[]
i=2088[]
i=2089[]
i=2090[]
i=2091[]
i=2092[]
i=2093[]
i=2094[]
i=2095[]
i=2096[]
i=2097[]
i=2098[]
i=2099[]
i=2100[]
i=2101[]
i=2102[]
i=2103[]
i=2104[]
i=2105[]
i=2106[]
i=2107[]
i=2108[]
i=2109[]
i=2110[]
i=2111[]
i=2112[]
i=2113[]
i=2114[]
i=2115[]
i=2116[]
i=2117[]
i=2118[]
i=2119[]
i=2120[]
i=2121[]
i=2122[]
i=2123[]
i=2124[]
i=2125[]
i=2126[]
i=2127[]
i=2128[]
i=2129[]
i=2130[]
i=2131[]
i=2132[]
i=2133[]
i=2134[]
i=2135[]
i=2136[]
i=2137[]
i=2138[]
i=2139[]
i=2140[]
i=2141[]
i=2142[]
i=2143[]
i=2144[]
i=2145[]
i=2146[]
i=2147[]
i=2148[]
i=2149[]
i=2150[]
i=2151[]
i=2152[]
i=2153[]
i=2154[]
i=2155[]
i=2156[]
i=2157[]
i=2158[]
i=2159[]
i=2160[]
i=2161[]
i=2162[]
i=2163[]
i=2164[]
i=2165[]
i=2166[]
i=2167[]
i=2168[]
i=2169[]
i=2170[]
i=2171[]
i=2172[]
i=2173[]
i=2174[]
i=2175[]
i=2176[]
i=2177[]
i=2178[]
i=2179[]
i=2180[]
i=2181[]
i=2182[]
i=2183[]
i=2184[]
i=2185[]
i=2186[]
i=2187[]
i=2188[]
i=2189[]
i=2190[]
i=2191[]
i=2192[]
i=2193[]
i=2194[]
i=2195[]
i=2196[]
i=2197[]
i=2198[]
i=2199[]
i=2200[]
i=2201[]
i=2202[]
i=2203[]
i=2204[]
i=2205[]
i=2206[]
i=2207[]
i=2208[]
i=2209[]
i=2210[]
i=2211[]
i=2212[]
i=2213[]
i=2214[]
i=2215[]
i=2216[]
i=2217[]
i=2218[]
i=2219[]
i=2220[]
i=2221[]
i=2222[]
i=2223[]
i=2224[]
i=2225[]
i=2226[]
i=2227[]
i=2228[]
i=2229[]
i=2230[]
i=2231[]
i=2232[]
i=2233[]
i=2234[]
i=2235[]
i=2236[]
i=2237[]
i=2238[]
i=2239[]
i=2240[]
i=2241[]
i=2242[]
i=2243[]
i=2244[]
i=2245[]
i=2246[]
i=2247[]
i=2248[]
i=2249[]
i=2250[]
i=2251[]
i=2252[]
i=2253[]
i=2254[]
i=2255[]
i=2256[]
i=2257[]
i=2258[]
i=2259[]
i=2260[]
i=2261[]
i=2262[]
i=2263[]
i=2264[]
i=2265[]
i=2266[]
i=2267[]
i=2268[]
i=2269[]
i=2270[]
i=2271[]
i=2272[]
i=2273[]
i=2274[]
i=2275[]
i=2276[]
i=2277[]
i=2278[]
i=2279[]
i=2280[]
i=2281[]
i=2282[]
i=2283[]
i=2284[]
i=2285[]
i=2286[]
i=2287[]
i=2288[]
i=2289[]
i=2290[]
i=2291[]
i=2292[]
i=2293[]
i=2294[]
i=2295[]
i=2296[]
i=2297[]
i=2298[]
i=2299[]
i=2300[]
i=2301[]
i=2302[]
i=2303[]
i=2304[]
i=2305[]
i=2306[]
i=2307[]
i=2308[]
i=2309[]
i=2310[]
i=2311[]
i=2312[]
i=2313[]
i=2314[]
i=2315[]
i=2316[]
i=2317[]
i=2318[]
i=2319[]
i=2320[]
i=2321[]
i=2322[]
i=2323[]
i=2324[]
i=2325[]
i=2326[]
i=2327[]
i=2328[]
i=2329[]
i=2330[]
i=2331[]
i=2332[]
i=2333[]
i=2334[]
i=2335[]
i=2336[]
i=2337[]
i=2338[]
i=2339[]
i=2340[]
i=2341[]
i=2342[]
i=2343[]
i=2344[]
i=2345[]
i=2346[]
i=2347[]
i=2348[]
i=2349[]
i=2350[]
i=2351[]
i=2352[]
i=2353[]
i=2354[]
i=2355[]
i=2356[]
i=2357[]
i=2358[]
i=2359[]
i=2360[]
i=2361[]
i=2362[]
i=2363[]
i=2364[]
i=2365[]
i=2366[]
i=2367[]
i=2368[]
i=2369[]
i=2370[]
i=2371[]
i=2372[]
i=2373[]
i=2374[]
i=2375[]
i=2376[]
i=2377[]
i=2378[]
i=2379[]
i=2380[]
i=2381[]
i=2382[]
i=2383[]
i=2384[]
i=2385[]
i=2386[]
i=2387[]
i=2388[]
i=2389[]
i=2390[]
i=2391[]
i=2392[]
i=2393[128,]
i=2394[]
i=2395[]
i=2396[]
i=2397[]
i=2398[]
i=2399[]
i=2400[]
i=2401[128,128,]
i=2402[]
i=2403[]
i=2404[]
i=2405[128,128,]
i=2406[]
i=2407[]
i=2408[]
i=2409[128,128,]
i=2410[]
i=2411[]
i=2412[]
i=2413[]
i=2414[]
i=2415[]
i=2416[]
i=2417[]
i=2418[]
i=2419[]
i=2420[]
i=2421[]
i=2422[]
i=2423[]
i=2424[]
i=2425[]
i=2426[]
i=2427[]
i=2428[]
i=2429[]
i=2430[]
i=2431[]
i=2432[]
i=2433[]
i=2434[]
i=2435[]
i=2436[]
i=2437[]
i=2438[]
i=2439[]
i=2440[]
i=2441[]
i=2442[]
i=2443[]
i=2444[]
i=2445[]
i=2446[]
i=2447[]
i=2448[]
i=2449[]
i=2450[]
i=2451[]
i=2452[]
i=2453[]
i=2454[]
i=2455[]
i=2456[]
i=2457[]
i=2458[]
i=2459[]
i=2460[]
i=2461[]
i=2462[]
i=2463[]
i=2464[]
i=2465[]
i=2466[]
i=2467[]
i=2468[]
i=2469[]
i=2470[]
i=2471[]
i=2472[]
i=2473[]
i=2474[]
i=2475[]
i=2476[]
i=2477[]
i=2478[]
i=2479[]
i=2480[]
i=2481[]
i=2482[]
i=2483[]
i=2484[]
i=2485[]
i=2486[]
i=2487[]
i=2488[]
i=2489[]
i=2490[]
i=2491[]
i=2492[]
i=2493[]
i=2494[]
i=2495[]
i=2496[]
i=2497[]
i=2498[]
i=2499[]
i=2500[]
i=2501[]
i=2502[]
i=2503[]
i=2504[]
i=2505[]
i=2506[]
i=2507[]
i=2508[]
i=2509[]
i=2510[]
i=2511[]
i=2512[]
i=2513[]
i=2514[]
i=2515[]
i=2516[]
i=2517[]
i=2518[]
i=2519[]
i=2520[]
i=2521[]
i=2522[]
i=2523[]
i=2524[]
i=2525[]
i=2526[]
i=2527[]
i=2528[]
i=2529[]
i=2530[]
i=2531[]
i=2532[]
i=2533[]
i=2534[]
i=2535[]
i=2536[]
i=2537[]
i=2538[]
i=2539[]
i=2540[]
i=2541[]
i=2542[]
i=2543[]
i=2544[]
i=2545[]
i=2546[]
i=2547[]
i=2548[]
i=2549[]
i=2550[]
i=2551[]
i=2552[]
i=2553[]
i=2554[]
i=2555[]
i=2556[]
i=2557[]
i=2558[]
i=2559[]
i=2560[]
i=2561[]
i=2562[]
i=2563[]
i=2564[]
i=2565[]
i=2566[]
i=2567[]
i=2568[]
i=2569[]
i=2570[]
i=2571[]
i=2572[]
i=2573[]
i=2574[]
i=2575[]
i=2576[]
i=2577[]
i=2578[]
i=2579[]
i=2580[]
i=2581[]
i=2582[]
i=2583[]
i=2584[]
i=2585[]
i=2586[]
i=2587[]
i=2588[]
i=2589[]
i=2590[]
i=2591[]
i=2592[]
i=2593[]
i=2594[]
i=2595[]
i=2596[]
i=2597[]
i=2598[]
i=2599[]
i=2600[]
i=2601[]
i=2602[]
i=2603[]
i=2604[]
i=2605[]
i=2606[]
i=2607[]
i=2608[]
i=2609[]
i=2610[]
i=2611[]
i=2612[]
i=2613[]
i=2614[]
i=2615[]
i=2616[]
i=2617[]
i=2618[]
i=2619[]
i=2620[]
i=2621[]
i=2622[]
i=2623[]
i=2624[]
i=2625[]
i=2626[]
i=2627[]
i=2628[]
i=2629[]
i=2630[]
i=2631[]
i=2632[]
i=2633[]
i=2634[]
i=2635[]
i=2636[]
i=2637[]
i=2638[]
i=2639[]
i=2640[]
i=2641[]
i=2642[]
i=2643[]
i=2644[]
i=2645[]
i=2646[]
i=2647[]
i=2648[]
i=2649[]
i=2650[]
i=2651[]
i=2652[]
i=2653[]
i=2654[]
i=2655[]
i=2656[]
i=2657[]
i=2658[]
i=2659[]
i=2660[]
i=2661[]
i=2662[]
i=2663[]
i=2664[]
i=2665[]
i=2666[]
i=2667[]
i=2668[]
i=2669[]
i=2670[]
i=2671[]
i=2672[]
i=2673[]
i=2674[]
i=2675[]
i=2676[]
i=2677[]
i=2678[]
i=2679[]
i=2680[]
i=2681[]
i=2682[]
i=2683[]
i=2684[]
i=2685[]
i=2686[]
i=2687[]
i=2688[]
i=2689[]
i=2690[]
i=2691[]
i=2692[]
i=2693[]
i=2694[]
i=2695[]
i=2696[]
i=2697[]
i=2698[]
i=2699[]
i=2700[]
i=2701[]
i=2702[]
i=2703[]
i=2704[]
i=2705[]
i=2706[]
i=2707[]
i=2708[]
i=2709[]
i=2710[]
i=2711[]
i=2712[]
i=2713[]
i=2714[]
i=2715[]
i=2716[]
i=2717[]
i=2718[]
i=2719[]
i=2720[]
i=2721[]
i=2722[]
i=2723[]
i=2724[]
i=2725[]
i=2726[]
i=2727[]
i=2728[]
i=2729[]
i=2730[]
i=2731[]
i=2732[]
i=2733[]
i=2734[]
i=2735[]
i=2736[]
i=2737[]
i=2738[]
i=2739[]
i=2740[]
i=2741[]
i=2742[]
i=2743[]
i=2744[]
i=2745[]
i=2746[]
i=2747[]
i=2748[]
i=2749[]
i=2750[]
i=2751[]
i=2752[]
i=2753[]
i=2754[]
i=2755[]
i=2756[]
i=2757[]
i=2758[]
i=2759[]
i=2760[]
i=2761[]
i=2762[]
i=2763[]
i=2764[]
i=2765[]
i=2766[]
i=2767[]
i=2768[]
i=2769[]
i=2770[]
i=2771[]
i=2772[]
i=2773[]
i=2774[]
i=2775[]
i=2776[]
i=2777[]
i=2778[]
i=2779[]
i=2780[]
i=2781[]
i=2782[]
i=2783[]
i=2784[]
i=2785[]
i=2786[]
i=2787[]
i=2788[]
i=2789[]
i=2790[]
i=2791[]
i=2792[]
i=2793[]
i=2794[]
i=2795[]
i=2796[]
i=2797[]
i=2798[]
i=2799[]
i=2800[]
i=2801[]
i=2802[]
i=2803[]
i=2804[]
i=2805[]
i=2806[]
i=2807[]
i=2808[]
i=2809[]
i=2810[]
i=2811[]
i=2812[]
i=2813[]
i=2814[]
i=2815[]
i=2816[]
i=2817[]
i=2818[]
i=2819[]
i=2820[]
i=2821[]
i=2822[]
i=2823[]
i=2824[]
i=2825[]
i=2826[]
i=2827[]
i=2828[]
i=2829[]
i=2830[]
i=2831[]
i=2832[]
i=2833[]
i=2834[]
i=2835[]
i=2836[]
i=2837[]
i=2838[]
i=2839[]
i=2840[]
i=2841[]
i=2842[]
i=2843[]
i=2844[]
i=2845[]
i=2846[]
i=2847[]
i=2848[]
i=2849[]
i=2850[]
i=2851[]
i=2852[]
i=2853[]
i=2854[]
i=2855[]
i=2856[]
i=2857[]
i=2858[]
i=2859[]
i=2860[]
i=2861[]
i=2862[]
i=2863[]
i=2864[]
i=2865[]
i=2866[]
i=2867[]
i=2868[]
i=2869[]
i=2870[]
i=2871[]
i=2872[]
i=2873[]
i=2874[]
i=2875[]
i=2876[]
i=2877[]
i=2878[]
i=2879[]
i=2880[]
i=2881[]
i=2882[128,160,]
i=2883[]
i=2884[]
i=2885[]
i=2886[128,128,128,128,]
i=2887[]
i=2888[]
i=2889[]
i=2890[]
i=2891[]
i=2892[]
i=2893[]
i=2894[]
i=2895[]
i=2896[]
i=2897[]
i=2898[128,]
i=2899[]
i=2900[]
i=2901[]
i=2902[128,128,]
i=2903[]
i=2904[]
i=2905[]
i=2906[128,]
i=2907[]
i=2908[]
i=2909[]
i=2910[]
i=2911[]
i=2912[]
i=2913[]
i=2914[]
i=2915[]
i=2916[]
i=2917[]
i=2918[]
i=2919[]
i=2920[]
i=2921[]
i=2922[]
i=2923[]
i=2924[]
i=2925[]
i=2926[]
i=2927[]
i=2928[]
i=2929[]
i=2930[]
i=2931[]
i=2932[]
i=2933[]
i=2934[]
i=2935[]
i=2936[]
i=2937[]
i=2938[]
i=2939[]
i=2940[]
i=2941[]
i=2942[]
i=2943[]
i=2944[]
i=2945[]
i=2946[]
i=2947[]
i=2948[]
i=2949[]
i=2950[]
i=2951[]
i=2952[]
i=2953[]
i=2954[]
i=2955[]
i=2956[]
i=2957[]
i=2958[]
i=2959[]
i=2960[]
i=2961[]
i=2962[]
i=2963[]
i=2964[]
i=2965[]
i=2966[]
i=2967[]
i=2968[]
i=2969[]
i=2970[]
i=2971[]
i=2972[]
i=2973[]
i=2974[]
i=2975[]
i=2976[]
i=2977[]
i=2978[]
i=2979[]
i=2980[]
i=2981[]
i=2982[]
i=2983[]
i=2984[]
i=2985[]
i=2986[]
i=2987[]
i=2988[]
i=2989[]
i=2990[]
i=2991[]
i=2992[]
i=2993[]
i=2994[]
i=2995[]
i=2996[]
i=2997[]
i=2998[]
i=2999[]
i=3000[]
i=3001[]
i=3002[]
i=3003[]
i=3004[]
i=3005[]
i=3006[]
i=3007[]
i=3008[]
i=3009[]
i=3010[]
i=3011[]
i=3012[]
i=3013[]
i=3014[]
i=3015[]
i=3016[]
i=3017[128,]
i=3018[]
i=3019[]
i=3020[]
i=3021[]
i=3022[]
i=3023[]
i=3024[]
i=3025[128,128,]
i=3026[]
i=3027[]
i=3028[]
i=3029[128,128,128,]
i=3030[]
i=3031[]
i=3032[]
i=3033[128,128,]
i=3034[]
i=3035[]
i=3036[]
i=3037[128,128,]
i=3038[]
i=3039[]
i=3040[]
i=3041[128,128,112,144,]
i=3042[]
i=3043[]
i=3044[]
i=3045[192,176,184,]
i=3046[]
i=3047[]
i=3048[]
i=3049[]
i=3050[]
i=3051[]
i=3052[]
i=3053[]
i=3054[]
i=3055[]
i=3056[]
i=3057[]
i=3058[]
i=3059[]
i=3060[]
i=3061[]
i=3062[]
i=3063[]
i=3064[]
i=3065[128,128,128,]
i=3066[]
i=3067[]
i=3068[]
i=3069[128,128,128,]
i=3070[]
i=3071[]
i=3072[]
i=3073[128,128,]
i=3074[]
i=3075[]
i=3076[]
i=3077[]
i=3078[]
i=3079[]
i=3080[]
i=3081[]
i=3082[]
i=3083[]
i=3084[]
i=3085[]
i=3086[]
i=3087[]
i=3088[]
i=3089[]
i=3090[]
i=3091[]
i=3092[]
i=3093[]
i=3094[]
i=3095[]
i=3096[]
i=3097[]
i=3098[]
i=3099[]
i=3100[]
i=3101[]
i=3102[]
i=3103[]
i=3104[]
i=3105[]
i=3106[]
i=3107[]
i=3108[]
i=3109[]
i=3110[]
i=3111[]
i=3112[]
i=3113[]
i=3114[]
i=3115[]
i=3116[]
i=3117[]
i=3118[]
i=3119[]
i=3120[]
i=3121[]
i=3122[]
i=3123[]
i=3124[]
i=3125[]
i=3126[]
i=3127[]
i=3128[]
i=3129[]
i=3130[]
i=3131[]
i=3132[]
i=3133[]
i=3134[]
i=3135[]
i=3136[]
i=3137[]
i=3138[]
i=3139[]
i=3140[]
i=3141[]
i=3142[]
i=3143[]
i=3144[]
i=3145[]
i=3146[]
i=3147[]
i=3148[]
i=3149[]
i=3150[]
i=3151[]
i=3152[]
i=3153[]
i=3154[]
i=3155[]
i=3156[]
i=3157[]
i=3158[]
i=3159[]
i=3160[]
i=3161[]
i=3162[]
i=3163[]
i=3164[]
i=3165[]
i=3166[]
i=3167[]
i=3168[]
i=3169[]
i=3170[]
i=3171[]
i=3172[]
i=3173[]
i=3174[]
i=3175[]
i=3176[]
i=3177[]
i=3178[]
i=3179[]
i=3180[]
i=3181[]
i=3182[]
i=3183[]
i=3184[]
i=3185[]
i=3186[]
i=3187[]
i=3188[]
i=3189[]
i=3190[]
i=3191[]
i=3192[]
i=3193[]
i=3194[]
i=3195[]
i=3196[]
i=3197[]
i=3198[]
i=3199[]
i=3200[]
i=3201[]
i=3202[]
i=3203[]
i=3204[]
i=3205[]
i=3206[]
i=3207[]
i=3208[]
i=3209[]
i=3210[]
i=3211[]
i=3212[]
i=3213[]
i=3214[]
i=3215[]
i=3216[]
i=3217[]
i=3218[]
i=3219[]
i=3220[]
i=3221[]
i=3222[]
i=3223[]
i=3224[]
i=3225[]
i=3226[]
i=3227[]
i=3228[]
i=3229[]
i=3230[]
i=3231[]
i=3232[]
i=3233[]
i=3234[]
i=3235[]
i=3236[]
i=3237[]
i=3238[]
i=3239[]
i=3240[]
i=3241[]
i=3242[]
i=3243[]
i=3244[]
i=3245[]
i=3246[]
i=3247[]
i=3248[]
i=3249[128,128,]
i=3250[]
i=3251[]
i=3252[]
i=3253[]
i=3254[]
i=3255[]
i=3256[]
i=3257[128,128,]
i=3258[]
i=3259[]
i=3260[]
i=3261[128,128,144,]
i=3262[]
i=3263[]
i=3264[]
i=3265[128,200,]
i=3266[]
i=3267[]
i=3268[]
i=3269[]
i=3270[]
i=3271[]
i=3272[]
i=3273[]
i=3274[]
i=3275[]
i=3276[]
i=3277[]
i=3278[]
i=3279[]
i=3280[]
i=3281[]
i=3282[]
i=3283[]
i=3284[]
i=3285[]
i=3286[]
i=3287[]
i=3288[]
i=3289[]
i=3290[]
i=3291[]
i=3292[]
i=3293[]
i=3294[]
i=3295[]
i=3296[]
i=3297[]
i=3298[]
i=3299[]
i=3300[]
i=3301[]
i=3302[]
i=3303[]
i=3304[]
i=3305[]
i=3306[]
i=3307[]
i=3308[]
i=3309[]
i=3310[]
i=3311[]
i=3312[]
i=3313[]
i=3314[]
i=3315[]
i=3316[]
i=3317[]
i=3318[]
i=3319[]
i=3320[]
i=3321[]
i=3322[]
i=3323[]
i=3324[]
i=3325[]
i=3326[]
i=3327[]
i=3328[]
i=3329[]
i=3330[]
i=3331[]
i=3332[]
i=3333[]
i=3334[]
i=3335[]
i=3336[]
i=3337[]
i=3338[]
i=3339[]
i=3340[]
i=3341[128,]
i=3342[]
i=3343[]
i=3344[]
i=3345[128,128,]
i=3346[]
i=3347[]
i=3348[]
i=3349[128,128,]
i=3350[]
i=3351[]
i=3352[]
i=3353[128,]
i=3354[]
i=3355[]
i=3356[]
i=3357[128,128,]
i=3358[]
i=3359[]
i=3360[]
i=3361[224,224,]
i=3362[]
i=3363[]
i=3364[]
i=3365[]
i=3366[]
i=3367[]
i=3368[]
i=3369[]
i=3370[]
i=3371[]
i=3372[]
i=3373[]
i=3374[]
i=3375[]
i=3376[]
i=3377[]
i=3378[]
i=3379[]
i=3380[]
i=3381[]
i=3382[]
i=3383[]
i=3384[]
i=3385[]
i=3386[]
i=3387[]
i=3388[]
i=3389[]
i=3390[]
i=3391[]
i=3392[]
i=3393[]
i=3394[]
i=3395[]
i=3396[]
i=3397[]
i=3398[]
i=3399[]
i=3400[]
i=3401[]
i=3402[]
i=3403[]
i=3404[]
i=3405[]
i=3406[]
i=3407[]
i=3408[]
i=3409[]
i=3410[]
i=3411[]
i=3412[]
i=3413[]
i=3414[]
i=3415[]
i=3416[]
i=3417[]
i=3418[]
i=3419[]
i=3420[]
i=3421[]
i=3422[]
i=3423[]
i=3424[]
i=3425[]
i=3426[]
i=3427[]
i=3428[]
i=3429[]
i=3430[]
i=3431[]
i=3432[]
i=3433[]
i=3434[]
i=3435[]
i=3436[]
i=3437[]
i=3438[]
i=3439[]
i=3440[]
i=3441[]
i=3442[]
i=3443[]
i=3444[]
i=3445[]
i=3446[]
i=3447[]
i=3448[]
i=3449[]
i=3450[]
i=3451[]
i=3452[]
i=3453[]
i=3454[]
i=3455[]
i=3456[]
i=3457[]
i=3458[]
i=3459[]
i=3460[]
i=3461[]
i=3462[]
i=3463[]
i=3464[]
i=3465[]
i=3466[]
i=3467[]
i=3468[]
i=3469[]
i=3470[]
i=3471[]
i=3472[]
i=3473[]
i=3474[]
i=3475[]
i=3476[]
i=3477[]
i=3478[]
i=3479[]
i=3480[]
i=3481[]
i=3482[]
i=3483[]
i=3484[]
i=3485[]
i=3486[]
i=3487[]
i=3488[]
i=3489[]
i=3490[]
i=3491[]
i=3492[]
i=3493[]
i=3494[]
i=3495[]
i=3496[]
i=3497[]
i=3498[]
i=3499[]
i=3500[]
i=3501[]
i=3502[]
i=3503[]
i=3504[]
i=3505[]
i=3506[]
i=3507[]
i=3508[]
i=3509[]
i=3510[]
i=3511[]
i=3512[]
i=3513[]
i=3514[]
i=3515[]
i=3516[]
i=3517[]
i=3518[]
i=3519[]
i=3520[]
i=3521[]
i=3522[]
i=3523[]
i=3524[]
i=3525[]
i=3526[]
i=3527[]
i=3528[]
i=3529[]
i=3530[]
i=3531[]
i=3532[]
i=3533[]
i=3534[]
i=3535[]
i=3536[]
i=3537[]
i=3538[]
i=3539[]
i=3540[]
i=3541[]
i=3542[]
i=3543[]
i=3544[]
i=3545[]
i=3546[]
i=3547[]
i=3548[]
i=3549[]
i=3550[]
i=3551[]
i=3552[]
i=3553[]
i=3554[]
i=3555[]
i=3556[]
i=3557[]
i=3558[]
i=3559[]
i=3560[]
i=3561[]
i=3562[]
i=3563[]
i=3564[]
i=3565[]
i=3566[]
i=3567[]
i=3568[]
i=3569[]
i=3570[]
i=3571[]
i=3572[]
i=3573[]
i=3574[]
i=3575[]
i=3576[]
i=3577[]
i=3578[]
i=3579[]
i=3580[]
i=3581[]
i=3582[]
i=3583[]
i=3584[]
i=3585[]
i=3586[]
i=3587[]
i=3588[]
i=3589[]
i=3590[]
i=3591[]
i=3592[]
i=3593[]
i=3594[]
i=3595[]
i=3596[]
i=3597[]
i=3598[]
i=3599[]
i=3600[]
i=3601[]
i=3602[]
i=3603[]
i=3604[]
i=3605[]
i=3606[]
i=3607[]
i=3608[]
i=3609[]
i=3610[]
i=3611[]
i=3612[]
i=3613[]
i=3614[]
i=3615[]
i=3616[]
i=3617[]
i=3618[]
i=3619[]
i=3620[]
i=3621[]
i=3622[]
i=3623[]
i=3624[]
i=3625[]
i=3626[]
i=3627[]
i=3628[]
i=3629[]
i=3630[]
i=3631[]
i=3632[]
i=3633[]
i=3634[]
i=3635[]
i=3636[]
i=3637[]
i=3638[]
i=3639[]
i=3640[]
i=3641[]
i=3642[]
i=3643[]
i=3644[]
i=3645[]
i=3646[]
i=3647[]
i=3648[]
i=3649[]
i=3650[]
i=3651[]
i=3652[]
i=3653[]
i=3654[]
i=3655[]
i=3656[]
i=3657[]
i=3658[]
i=3659[]
i=3660[]
i=3661[]
i=3662[]
i=3663[]
i=3664[]
i=3665[]
i=3666[]
i=3667[]
i=3668[]
i=3669[]
i=3670[]
i=3671[]
i=3672[]
i=3673[]
i=3674[]
i=3675[]
i=3676[]
i=3677[]
i=3678[]
i=3679[]
i=3680[]
i=3681[]
i=3682[]
i=3683[]
i=3684[]
i=3685[]
i=3686[]
i=3687[]
i=3688[]
i=3689[]
i=3690[]
i=3691[]
i=3692[]
i=3693[]
i=3694[]
i=3695[]
i=3696[]
i=3697[]
i=3698[]
i=3699[]
i=3700[]
i=3701[]
i=3702[]
i=3703[]
i=3704[]
i=3705[]
i=3706[]
i=3707[]
i=3708[]
i=3709[]
i=3710[]
i=3711[]
i=3712[]
i=3713[]
i=3714[]
i=3715[]
i=3716[]
i=3717[]
i=3718[]
i=3719[]
i=3720[]
i=3721[]
i=3722[]
i=3723[]
i=3724[]
i=3725[]
i=3726[]
i=3727[]
i=3728[]
i=3729[]
i=3730[]
i=3731[]
i=3732[]
i=3733[]
i=3734[]
i=3735[]
i=3736[]
i=3737[]
i=3738[]
i=3739[]
i=3740[]
i=3741[]
i=3742[]
i=3743[]
i=3744[]
i=3745[]
i=3746[]
i=3747[]
i=3748[]
i=3749[]
i=3750[]
i=3751[]
i=3752[]
i=3753[]
i=3754[]
i=3755[]
i=3756[]
i=3757[]
i=3758[]
i=3759[]
i=3760[]
i=3761[]
i=3762[]
i=3763[]
i=3764[]
i=3765[]
i=3766[]
i=3767[]
i=3768[]
i=3769[]
i=3770[]
i=3771[]
i=3772[]
i=3773[]
i=3774[]
i=3775[]
i=3776[]
i=3777[]
i=3778[]
i=3779[]
i=3780[]
i=3781[]
i=3782[]
i=3783[]
i=3784[]
i=3785[]
i=3786[]
i=3787[]
i=3788[]
i=3789[]
i=3790[]
i=3791[]
i=3792[]
i=3793[]
i=3794[]
i=3795[]
i=3796[]
i=3797[]
i=3798[]
i=3799[]
i=3800[]
i=3801[]
i=3802[]
i=3803[]
i=3804[]
i=3805[]
i=3806[]
i=3807[]
i=3808[]
i=3809[]
i=3810[]
i=3811[]
i=3812[]
i=3813[]
i=3814[]
i=3815[]
i=3816[]
i=3817[]
i=3818[]
i=3819[]
i=3820[]
i=3821[]
i=3822[]
i=3823[]
i=3824[]
i=3825[]
i=3826[]
i=3827[]
i=3828[]
i=3829[]
i=3830[]
i=3831[]
i=3832[]
i=3833[]
i=3834[]
i=3835[]
i=3836[]
i=3837[]
i=3838[]
i=3839[]
i=3840[]
i=3841[]
i=3842[]
i=3843[]
i=3844[]
i=3845[]
i=3846[]
i=3847[]
i=3848[]
i=3849[]
i=3850[]
i=3851[]
i=3852[]
i=3853[]
i=3854[]
i=3855[]
i=3856[]
i=3857[]
i=3858[]
i=3859[]
i=3860[]
i=3861[]
i=3862[]
i=3863[]
i=3864[]
i=3865[]
i=3866[]
i=3867[]
i=3868[]
i=3869[]
i=3870[]
i=3871[]
i=3872[]
i=3873[]
i=3874[]
i=3875[]
i=3876[]
i=3877[]
i=3878[]
i=3879[]
i=3880[]
i=3881[]
i=3882[]
i=3883[]
i=3884[]
i=3885[]
i=3886[]
i=3887[]
i=3888[]
i=3889[]
i=3890[]
i=3891[]
i=3892[]
i=3893[]
i=3894[]
i=3895[]
i=3896[]
i=3897[]
i=3898[]
i=3899[]
i=3900[]
i=3901[]
i=3902[]
i=3903[]
i=3904[]
i=3905[]
i=3906[]
i=3907[]
i=3908[]
i=3909[]
i=3910[]
i=3911[]
i=3912[]
i=3913[]
i=3914[]
i=3915[]
i=3916[]
i=3917[]
i=3918[]
i=3919[]
i=3920[]
i=3921[]
i=3922[]
i=3923[]
i=3924[]
i=3925[]
i=3926[]
i=3927[]
i=3928[]
i=3929[]
i=3930[]
i=3931[]
i=3932[]
i=3933[]
i=3934[]
i=3935[]
i=3936[]
i=3937[]
i=3938[]
i=3939[]
i=3940[]
i=3941[]
i=3942[]
i=3943[]
i=3944[]
i=3945[]
i=3946[]
i=3947[]
i=3948[]
i=3949[]
i=3950[]
i=3951[]
i=3952[]
i=3953[]
i=3954[]
i=3955[]
i=3956[]
i=3957[]
i=3958[]
i=3959[]
i=3960[]
i=3961[]
i=3962[]
i=3963[]
i=3964[]
i=3965[]
i=3966[]
i=3967[]
i=3968[]
i=3969[]
i=3970[]
i=3971[]
i=3972[]
i=3973[]
i=3974[]
i=3975[]
i=3976[]
i=3977[]
i=3978[]
i=3979[]
i=3980[]
i=3981[]
i=3982[]
i=3983[]
i=3984[]
i=3985[]
i=3986[]
i=3987[]
i=3988[]
i=3989[]
i=3990[]
i=3991[]
i=3992[]
i=3993[]
i=3994[]
i=3995[]
i=3996[]
i=3997[]
i=3998[]
i=3999[]
]
filename=testimage/orion_3.jpg
convert s/f status=0
iSum status=0
cudaerr=0
Filter status=0
Maxidx8u status=0
totalwidth=3638,4749
diff=-795,-674
Am I now
outboundupper x=3063,y=4706
outboundlower x=795,y=674
newsize=3638,4749
newimage width=3638, height=4749
offsetposition=0,0
eresult=0
newimage width=3638, height=4749
offsetposition=0,0
eresult=0
newimage width=3638, height=4749
offsetposition=0,0
eresult=0
newimage width=3638, height=4749
offsetposition=0,0
eresult=0
newimage width=3638, height=4749
offsetposition=0,0
eresult=0
anothergo0
test
Last test bis
test
3638,4749
filename=testimage/orion_3.jpg
[i=1000[]
i=1001[]
i=1002[]
i=1003[]
i=1004[]
i=1005[]
i=1006[]
i=1007[]
i=1008[]
i=1009[]
i=1010[]
i=1011[]
i=1012[]
i=1013[]
i=1014[]
i=1015[]
i=1016[]
i=1017[]
i=1018[]
i=1019[]
i=1020[]
i=1021[]
i=1022[]
i=1023[]
i=1024[]
i=1025[]
i=1026[]
i=1027[]
i=1028[]
i=1029[]
i=1030[]
i=1031[]
i=1032[]
i=1033[]
i=1034[]
i=1035[]
i=1036[]
i=1037[]
i=1038[]
i=1039[]
i=1040[]
i=1041[]
i=1042[]
i=1043[]
i=1044[]
i=1045[]
i=1046[]
i=1047[]
i=1048[]
i=1049[]
i=1050[]
i=1051[]
i=1052[]
i=1053[]
i=1054[]
i=1055[]
i=1056[]
i=1057[]
i=1058[]
i=1059[]
i=1060[]
i=1061[]
i=1062[]
i=1063[]
i=1064[]
i=1065[]
i=1066[]
i=1067[]
i=1068[]
i=1069[]
i=1070[]
i=1071[]
i=1072[]
i=1073[]
i=1074[]
i=1075[]
i=1076[]
i=1077[]
i=1078[]
i=1079[]
i=1080[]
i=1081[]
i=1082[]
i=1083[]
i=1084[]
i=1085[]
i=1086[]
i=1087[]
i=1088[]
i=1089[]
i=1090[]
i=1091[]
i=1092[]
i=1093[]
i=1094[]
i=1095[]
i=1096[]
i=1097[]
i=1098[]
i=1099[]
i=1100[]
i=1101[]
i=1102[]
i=1103[]
i=1104[]
i=1105[]
i=1106[]
i=1107[]
i=1108[]
i=1109[]
i=1110[]
i=1111[]
i=1112[]
i=1113[]
i=1114[]
i=1115[]
i=1116[]
i=1117[]
i=1118[]
i=1119[]
i=1120[]
i=1121[]
i=1122[]
i=1123[]
i=1124[]
i=1125[]
i=1126[]
i=1127[]
i=1128[]
i=1129[]
i=1130[]
i=1131[]
i=1132[]
i=1133[]
i=1134[]
i=1135[]
i=1136[]
i=1137[]
i=1138[]
i=1139[]
i=1140[]
i=1141[]
i=1142[]
i=1143[]
i=1144[]
i=1145[]
i=1146[]
i=1147[]
i=1148[]
i=1149[]
i=1150[]
i=1151[]
i=1152[]
i=1153[]
i=1154[]
i=1155[]
i=1156[]
i=1157[]
i=1158[]
i=1159[]
i=1160[]
i=1161[]
i=1162[]
i=1163[]
i=1164[]
i=1165[]
i=1166[]
i=1167[]
i=1168[]
i=1169[]
i=1170[]
i=1171[]
i=1172[]
i=1173[]
i=1174[]
i=1175[]
i=1176[]
i=1177[]
i=1178[]
i=1179[]
i=1180[]
i=1181[]
i=1182[]
i=1183[]
i=1184[]
i=1185[]
i=1186[]
i=1187[]
i=1188[]
i=1189[]
i=1190[]
i=1191[]
i=1192[]
i=1193[]
i=1194[]
i=1195[]
i=1196[]
i=1197[]
i=1198[]
i=1199[]
i=1200[]
i=1201[]
i=1202[]
i=1203[]
i=1204[]
i=1205[]
i=1206[]
i=1207[]
i=1208[]
i=1209[]
i=1210[]
i=1211[]
i=1212[]
i=1213[]
i=1214[]
i=1215[]
i=1216[]
i=1217[]
i=1218[]
i=1219[]
i=1220[]
i=1221[]
i=1222[]
i=1223[]
i=1224[]
i=1225[]
i=1226[]
i=1227[]
i=1228[]
i=1229[]
i=1230[]
i=1231[]
i=1232[]
i=1233[]
i=1234[]
i=1235[]
i=1236[]
i=1237[]
i=1238[]
i=1239[]
i=1240[]
i=1241[]
i=1242[]
i=1243[]
i=1244[]
i=1245[]
i=1246[]
i=1247[]
i=1248[]
i=1249[]
i=1250[]
i=1251[]
i=1252[]
i=1253[]
i=1254[]
i=1255[]
i=1256[]
i=1257[]
i=1258[]
i=1259[]
i=1260[]
i=1261[]
i=1262[]
i=1263[]
i=1264[]
i=1265[]
i=1266[]
i=1267[]
i=1268[]
i=1269[]
i=1270[]
i=1271[]
i=1272[]
i=1273[]
i=1274[]
i=1275[]
i=1276[]
i=1277[]
i=1278[]
i=1279[]
i=1280[]
i=1281[]
i=1282[]
i=1283[]
i=1284[]
i=1285[]
i=1286[]
i=1287[]
i=1288[]
i=1289[]
i=1290[]
i=1291[]
i=1292[]
i=1293[]
i=1294[]
i=1295[]
i=1296[]
i=1297[]
i=1298[]
i=1299[]
i=1300[]
i=1301[]
i=1302[]
i=1303[]
i=1304[]
i=1305[]
i=1306[]
i=1307[]
i=1308[]
i=1309[]
i=1310[]
i=1311[]
i=1312[]
i=1313[]
i=1314[]
i=1315[]
i=1316[]
i=1317[]
i=1318[]
i=1319[]
i=1320[]
i=1321[]
i=1322[]
i=1323[]
i=1324[]
i=1325[]
i=1326[]
i=1327[]
i=1328[]
i=1329[]
i=1330[]
i=1331[]
i=1332[]
i=1333[]
i=1334[]
i=1335[]
i=1336[]
i=1337[]
i=1338[]
i=1339[]
i=1340[]
i=1341[]
i=1342[]
i=1343[]
i=1344[]
i=1345[]
i=1346[]
i=1347[]
i=1348[]
i=1349[]
i=1350[]
i=1351[]
i=1352[]
i=1353[]
i=1354[]
i=1355[]
i=1356[]
i=1357[]
i=1358[]
i=1359[]
i=1360[]
i=1361[]
i=1362[]
i=1363[]
i=1364[]
i=1365[]
i=1366[]
i=1367[]
i=1368[]
i=1369[]
i=1370[]
i=1371[]
i=1372[]
i=1373[]
i=1374[]
i=1375[]
i=1376[]
i=1377[]
i=1378[]
i=1379[]
i=1380[]
i=1381[]
i=1382[]
i=1383[]
i=1384[]
i=1385[]
i=1386[]
i=1387[]
i=1388[]
i=1389[]
i=1390[]
i=1391[]
i=1392[]
i=1393[]
i=1394[]
i=1395[]
i=1396[]
i=1397[]
i=1398[]
i=1399[]
i=1400[]
i=1401[]
i=1402[]
i=1403[]
i=1404[]
i=1405[]
i=1406[]
i=1407[]
i=1408[]
i=1409[]
i=1410[]
i=1411[]
i=1412[]
i=1413[]
i=1414[]
i=1415[]
i=1416[]
i=1417[]
i=1418[]
i=1419[]
i=1420[]
i=1421[]
i=1422[]
i=1423[]
i=1424[]
i=1425[]
i=1426[]
i=1427[]
i=1428[]
i=1429[]
i=1430[]
i=1431[]
i=1432[]
i=1433[]
i=1434[]
i=1435[]
i=1436[]
i=1437[]
i=1438[]
i=1439[]
i=1440[]
i=1441[]
i=1442[]
i=1443[]
i=1444[]
i=1445[]
i=1446[]
i=1447[]
i=1448[]
i=1449[]
i=1450[]
i=1451[]
i=1452[]
i=1453[]
i=1454[]
i=1455[]
i=1456[]
i=1457[]
i=1458[]
i=1459[]
i=1460[]
i=1461[]
i=1462[]
i=1463[]
i=1464[]
i=1465[]
i=1466[]
i=1467[]
i=1468[]
i=1469[]
i=1470[]
i=1471[]
i=1472[]
i=1473[]
i=1474[]
i=1475[]
i=1476[]
i=1477[]
i=1478[]
i=1479[]
i=1480[]
i=1481[]
i=1482[]
i=1483[]
i=1484[]
i=1485[]
i=1486[]
i=1487[]
i=1488[]
i=1489[]
i=1490[]
i=1491[]
i=1492[]
i=1493[]
i=1494[]
i=1495[]
i=1496[]
i=1497[]
i=1498[]
i=1499[]
i=1500[]
i=1501[]
i=1502[]
i=1503[]
i=1504[]
i=1505[]
i=1506[]
i=1507[]
i=1508[]
i=1509[]
i=1510[]
i=1511[]
i=1512[]
i=1513[]
i=1514[]
i=1515[]
i=1516[]
i=1517[]
i=1518[]
i=1519[]
i=1520[]
i=1521[]
i=1522[]
i=1523[]
i=1524[]
i=1525[]
i=1526[]
i=1527[]
i=1528[]
i=1529[]
i=1530[]
i=1531[]
i=1532[]
i=1533[]
i=1534[]
i=1535[]
i=1536[]
i=1537[]
i=1538[]
i=1539[]
i=1540[]
i=1541[]
i=1542[]
i=1543[]
i=1544[]
i=1545[]
i=1546[]
i=1547[]
i=1548[]
i=1549[]
i=1550[]
i=1551[]
i=1552[]
i=1553[]
i=1554[]
i=1555[]
i=1556[]
i=1557[]
i=1558[]
i=1559[]
i=1560[]
i=1561[]
i=1562[]
i=1563[]
i=1564[]
i=1565[]
i=1566[]
i=1567[]
i=1568[]
i=1569[]
i=1570[]
i=1571[]
i=1572[]
i=1573[]
i=1574[]
i=1575[]
i=1576[]
i=1577[]
i=1578[]
i=1579[]
i=1580[]
i=1581[]
i=1582[]
i=1583[]
i=1584[]
i=1585[]
i=1586[]
i=1587[]
i=1588[]
i=1589[]
i=1590[]
i=1591[]
i=1592[]
i=1593[]
i=1594[]
i=1595[]
i=1596[]
i=1597[]
i=1598[]
i=1599[]
i=1600[]
i=1601[]
i=1602[]
i=1603[]
i=1604[]
i=1605[]
i=1606[]
i=1607[]
i=1608[]
i=1609[]
i=1610[]
i=1611[]
i=1612[]
i=1613[]
i=1614[]
i=1615[]
i=1616[]
i=1617[]
i=1618[]
i=1619[]
i=1620[]
i=1621[]
i=1622[]
i=1623[]
i=1624[]
i=1625[]
i=1626[]
i=1627[]
i=1628[]
i=1629[]
i=1630[]
i=1631[]
i=1632[]
i=1633[]
i=1634[]
i=1635[]
i=1636[]
i=1637[]
i=1638[]
i=1639[]
i=1640[]
i=1641[]
i=1642[]
i=1643[]
i=1644[]
i=1645[]
i=1646[]
i=1647[]
i=1648[]
i=1649[]
i=1650[]
i=1651[]
i=1652[]
i=1653[]
i=1654[]
i=1655[]
i=1656[]
i=1657[]
i=1658[]
i=1659[]
i=1660[]
i=1661[]
i=1662[]
i=1663[]
i=1664[]
i=1665[]
i=1666[]
i=1667[]
i=1668[]
i=1669[]
i=1670[]
i=1671[]
i=1672[]
i=1673[]
i=1674[]
i=1675[]
i=1676[]
i=1677[]
i=1678[]
i=1679[]
i=1680[]
i=1681[]
i=1682[]
i=1683[]
i=1684[]
i=1685[]
i=1686[]
i=1687[]
i=1688[]
i=1689[]
i=1690[]
i=1691[]
i=1692[]
i=1693[]
i=1694[]
i=1695[]
i=1696[]
i=1697[]
i=1698[]
i=1699[]
i=1700[]
i=1701[]
i=1702[]
i=1703[]
i=1704[]
i=1705[]
i=1706[]
i=1707[]
i=1708[]
i=1709[]
i=1710[]
i=1711[]
i=1712[]
i=1713[]
i=1714[]
i=1715[]
i=1716[]
i=1717[]
i=1718[]
i=1719[]
i=1720[]
i=1721[]
i=1722[]
i=1723[]
i=1724[]
i=1725[]
i=1726[]
i=1727[]
i=1728[]
i=1729[]
i=1730[]
i=1731[]
i=1732[]
i=1733[]
i=1734[]
i=1735[]
i=1736[]
i=1737[]
i=1738[]
i=1739[]
i=1740[]
i=1741[]
i=1742[]
i=1743[]
i=1744[]
i=1745[]
i=1746[]
i=1747[]
i=1748[]
i=1749[]
i=1750[]
i=1751[]
i=1752[]
i=1753[]
i=1754[]
i=1755[]
i=1756[]
i=1757[]
i=1758[]
i=1759[]
i=1760[]
i=1761[]
i=1762[]
i=1763[]
i=1764[]
i=1765[]
i=1766[]
i=1767[]
i=1768[]
i=1769[]
i=1770[]
i=1771[]
i=1772[]
i=1773[]
i=1774[]
i=1775[]
i=1776[]
i=1777[]
i=1778[]
i=1779[]
i=1780[]
i=1781[]
i=1782[]
i=1783[]
i=1784[]
i=1785[]
i=1786[]
i=1787[]
i=1788[]
i=1789[]
i=1790[]
i=1791[]
i=1792[]
i=1793[]
i=1794[]
i=1795[]
i=1796[]
i=1797[]
i=1798[]
i=1799[]
i=1800[]
i=1801[]
i=1802[]
i=1803[]
i=1804[]
i=1805[]
i=1806[]
i=1807[]
i=1808[]
i=1809[]
i=1810[]
i=1811[]
i=1812[]
i=1813[]
i=1814[]
i=1815[]
i=1816[]
i=1817[]
i=1818[]
i=1819[]
i=1820[]
i=1821[]
i=1822[]
i=1823[]
i=1824[]
i=1825[]
i=1826[]
i=1827[]
i=1828[]
i=1829[]
i=1830[]
i=1831[]
i=1832[]
i=1833[]
i=1834[]
i=1835[]
i=1836[]
i=1837[]
i=1838[]
i=1839[]
i=1840[]
i=1841[]
i=1842[]
i=1843[]
i=1844[]
i=1845[]
i=1846[]
i=1847[]
i=1848[]
i=1849[]
i=1850[]
i=1851[]
i=1852[]
i=1853[]
i=1854[]
i=1855[]
i=1856[]
i=1857[]
i=1858[]
i=1859[]
i=1860[]
i=1861[]
i=1862[]
i=1863[]
i=1864[]
i=1865[]
i=1866[]
i=1867[]
i=1868[]
i=1869[]
i=1870[]
i=1871[]
i=1872[]
i=1873[]
i=1874[]
i=1875[]
i=1876[]
i=1877[]
i=1878[]
i=1879[]
i=1880[]
i=1881[]
i=1882[]
i=1883[]
i=1884[]
i=1885[]
i=1886[]
i=1887[]
i=1888[]
i=1889[]
i=1890[]
i=1891[]
i=1892[]
i=1893[]
i=1894[]
i=1895[]
i=1896[]
i=1897[]
i=1898[]
i=1899[]
i=1900[]
i=1901[]
i=1902[]
i=1903[]
i=1904[]
i=1905[]
i=1906[]
i=1907[]
i=1908[]
i=1909[]
i=1910[]
i=1911[]
i=1912[]
i=1913[]
i=1914[]
i=1915[]
i=1916[]
i=1917[]
i=1918[]
i=1919[]
i=1920[]
i=1921[]
i=1922[]
i=1923[]
i=1924[]
i=1925[]
i=1926[]
i=1927[]
i=1928[]
i=1929[]
i=1930[]
i=1931[]
i=1932[]
i=1933[]
i=1934[]
i=1935[]
i=1936[]
i=1937[]
i=1938[]
i=1939[]
i=1940[]
i=1941[]
i=1942[]
i=1943[]
i=1944[]
i=1945[]
i=1946[]
i=1947[]
i=1948[]
i=1949[]
i=1950[]
i=1951[]
i=1952[]
i=1953[]
i=1954[]
i=1955[]
i=1956[]
i=1957[]
i=1958[]
i=1959[]
i=1960[]
i=1961[]
i=1962[]
i=1963[]
i=1964[]
i=1965[]
i=1966[]
i=1967[]
i=1968[]
i=1969[]
i=1970[]
i=1971[]
i=1972[]
i=1973[]
i=1974[]
i=1975[]
i=1976[]
i=1977[]
i=1978[]
i=1979[]
i=1980[]
i=1981[]
i=1982[]
i=1983[]
i=1984[]
i=1985[]
i=1986[]
i=1987[]
i=1988[]
i=1989[]
i=1990[]
i=1991[]
i=1992[]
i=1993[]
i=1994[]
i=1995[]
i=1996[]
i=1997[]
i=1998[]
i=1999[]
i=2000[]
i=2001[]
i=2002[]
i=2003[]
i=2004[]
i=2005[]
i=2006[]
i=2007[]
i=2008[]
i=2009[]
i=2010[]
i=2011[]
i=2012[]
i=2013[]
i=2014[]
i=2015[]
i=2016[]
i=2017[]
i=2018[]
i=2019[]
i=2020[]
i=2021[]
i=2022[]
i=2023[]
i=2024[]
i=2025[]
i=2026[]
i=2027[]
i=2028[]
i=2029[]
i=2030[]
i=2031[]
i=2032[]
i=2033[]
i=2034[]
i=2035[]
i=2036[]
i=2037[]
i=2038[]
i=2039[]
i=2040[]
i=2041[]
i=2042[]
i=2043[]
i=2044[]
i=2045[]
i=2046[]
i=2047[]
i=2048[]
i=2049[]
i=2050[]
i=2051[]
i=2052[]
i=2053[]
i=2054[]
i=2055[]
i=2056[]
i=2057[]
i=2058[]
i=2059[]
i=2060[]
i=2061[]
i=2062[]
i=2063[]
i=2064[]
i=2065[]
i=2066[]
i=2067[]
i=2068[]
i=2069[]
i=2070[]
i=2071[]
i=2072[]
i=2073[]
i=2074[]
i=2075[]
i=2076[]
i=2077[]
i=2078[]
i=2079[]
i=2080[]
i=2081[]
i=2082[]
i=2083[]
i=2084[]
i=2085[]
i=2086[]
i=2087[]
i=2088[]
i=2089[]
i=2090[]
i=2091[]
i=2092[]
i=2093[]
i=2094[]
i=2095[]
i=2096[]
i=2097[]
i=2098[]
i=2099[]
i=2100[]
i=2101[]
i=2102[]
i=2103[]
i=2104[]
i=2105[]
i=2106[]
i=2107[]
i=2108[]
i=2109[]
i=2110[]
i=2111[]
i=2112[]
i=2113[]
i=2114[]
i=2115[]
i=2116[]
i=2117[]
i=2118[]
i=2119[]
i=2120[]
i=2121[]
i=2122[]
i=2123[]
i=2124[]
i=2125[]
i=2126[]
i=2127[]
i=2128[]
i=2129[]
i=2130[]
i=2131[]
i=2132[]
i=2133[]
i=2134[]
i=2135[]
i=2136[]
i=2137[]
i=2138[]
i=2139[]
i=2140[]
i=2141[]
i=2142[]
i=2143[]
i=2144[]
i=2145[]
i=2146[]
i=2147[]
i=2148[]
i=2149[]
i=2150[]
i=2151[]
i=2152[]
i=2153[]
i=2154[]
i=2155[]
i=2156[]
i=2157[]
i=2158[]
i=2159[]
i=2160[]
i=2161[]
i=2162[]
i=2163[]
i=2164[]
i=2165[]
i=2166[]
i=2167[]
i=2168[]
i=2169[]
i=2170[]
i=2171[]
i=2172[]
i=2173[]
i=2174[]
i=2175[]
i=2176[]
i=2177[]
i=2178[]
i=2179[]
i=2180[]
i=2181[]
i=2182[]
i=2183[]
i=2184[]
i=2185[]
i=2186[]
i=2187[]
i=2188[]
i=2189[]
i=2190[]
i=2191[]
i=2192[]
i=2193[]
i=2194[]
i=2195[]
i=2196[]
i=2197[]
i=2198[]
i=2199[]
i=2200[]
i=2201[]
i=2202[]
i=2203[]
i=2204[]
i=2205[]
i=2206[]
i=2207[]
i=2208[]
i=2209[]
i=2210[]
i=2211[]
i=2212[]
i=2213[]
i=2214[]
i=2215[]
i=2216[]
i=2217[]
i=2218[]
i=2219[]
i=2220[]
i=2221[]
i=2222[]
i=2223[]
i=2224[]
i=2225[]
i=2226[]
i=2227[]
i=2228[]
i=2229[]
i=2230[]
i=2231[]
i=2232[]
i=2233[]
i=2234[]
i=2235[]
i=2236[]
i=2237[]
i=2238[]
i=2239[]
i=2240[]
i=2241[]
i=2242[]
i=2243[]
i=2244[]
i=2245[]
i=2246[]
i=2247[]
i=2248[]
i=2249[]
i=2250[]
i=2251[]
i=2252[]
i=2253[]
i=2254[]
i=2255[]
i=2256[]
i=2257[]
i=2258[]
i=2259[]
i=2260[]
i=2261[]
i=2262[]
i=2263[]
i=2264[]
i=2265[]
i=2266[]
i=2267[]
i=2268[]
i=2269[]
i=2270[]
i=2271[]
i=2272[]
i=2273[]
i=2274[]
i=2275[]
i=2276[]
i=2277[]
i=2278[]
i=2279[]
i=2280[]
i=2281[]
i=2282[]
i=2283[]
i=2284[]
i=2285[]
i=2286[]
i=2287[]
i=2288[]
i=2289[]
i=2290[]
i=2291[]
i=2292[]
i=2293[]
i=2294[]
i=2295[]
i=2296[]
i=2297[]
i=2298[]
i=2299[]
i=2300[]
i=2301[]
i=2302[]
i=2303[]
i=2304[]
i=2305[]
i=2306[]
i=2307[]
i=2308[]
i=2309[]
i=2310[]
i=2311[]
i=2312[]
i=2313[]
i=2314[]
i=2315[]
i=2316[]
i=2317[]
i=2318[]
i=2319[]
i=2320[]
i=2321[]
i=2322[]
i=2323[]
i=2324[]
i=2325[]
i=2326[]
i=2327[]
i=2328[]
i=2329[]
i=2330[]
i=2331[]
i=2332[]
i=2333[]
i=2334[]
i=2335[]
i=2336[]
i=2337[]
i=2338[]
i=2339[]
i=2340[]
i=2341[]
i=2342[]
i=2343[]
i=2344[]
i=2345[]
i=2346[]
i=2347[]
i=2348[]
i=2349[]
i=2350[]
i=2351[]
i=2352[]
i=2353[]
i=2354[]
i=2355[]
i=2356[]
i=2357[]
i=2358[]
i=2359[]
i=2360[]
i=2361[]
i=2362[]
i=2363[]
i=2364[]
i=2365[]
i=2366[]
i=2367[]
i=2368[]
i=2369[]
i=2370[]
i=2371[]
i=2372[]
i=2373[]
i=2374[]
i=2375[]
i=2376[]
i=2377[]
i=2378[]
i=2379[]
i=2380[]
i=2381[]
i=2382[]
i=2383[]
i=2384[]
i=2385[]
i=2386[]
i=2387[]
i=2388[]
i=2389[]
i=2390[]
i=2391[]
i=2392[]
i=2393[]
i=2394[]
i=2395[]
i=2396[]
i=2397[]
i=2398[]
i=2399[]
i=2400[]
i=2401[]
i=2402[]
i=2403[]
i=2404[]
i=2405[]
i=2406[]
i=2407[]
i=2408[]
i=2409[]
i=2410[]
i=2411[]
i=2412[]
i=2413[]
i=2414[]
i=2415[]
i=2416[]
i=2417[]
i=2418[]
i=2419[]
i=2420[]
i=2421[]
i=2422[]
i=2423[]
i=2424[]
i=2425[]
i=2426[]
i=2427[]
i=2428[]
i=2429[]
i=2430[]
i=2431[]
i=2432[]
i=2433[]
i=2434[]
i=2435[]
i=2436[]
i=2437[]
i=2438[]
i=2439[]
i=2440[]
i=2441[]
i=2442[]
i=2443[]
i=2444[]
i=2445[]
i=2446[]
i=2447[]
i=2448[]
i=2449[]
i=2450[]
i=2451[]
i=2452[]
i=2453[]
i=2454[]
i=2455[]
i=2456[]
i=2457[]
i=2458[]
i=2459[]
i=2460[]
i=2461[]
i=2462[]
i=2463[]
i=2464[]
i=2465[]
i=2466[]
i=2467[]
i=2468[]
i=2469[]
i=2470[]
i=2471[]
i=2472[]
i=2473[]
i=2474[]
i=2475[]
i=2476[]
i=2477[]
i=2478[]
i=2479[]
i=2480[]
i=2481[]
i=2482[]
i=2483[]
i=2484[]
i=2485[]
i=2486[]
i=2487[]
i=2488[]
i=2489[]
i=2490[]
i=2491[]
i=2492[]
i=2493[]
i=2494[]
i=2495[]
i=2496[]
i=2497[]
i=2498[]
i=2499[]
i=2500[]
i=2501[]
i=2502[]
i=2503[]
i=2504[]
i=2505[]
i=2506[]
i=2507[]
i=2508[]
i=2509[]
i=2510[]
i=2511[]
i=2512[]
i=2513[]
i=2514[]
i=2515[]
i=2516[]
i=2517[]
i=2518[]
i=2519[]
i=2520[]
i=2521[]
i=2522[]
i=2523[]
i=2524[]
i=2525[]
i=2526[]
i=2527[]
i=2528[]
i=2529[]
i=2530[]
i=2531[]
i=2532[]
i=2533[]
i=2534[]
i=2535[]
i=2536[]
i=2537[]
i=2538[]
i=2539[]
i=2540[]
i=2541[]
i=2542[]
i=2543[]
i=2544[]
i=2545[]
i=2546[]
i=2547[]
i=2548[]
i=2549[]
i=2550[]
i=2551[]
i=2552[]
i=2553[]
i=2554[]
i=2555[]
i=2556[]
i=2557[]
i=2558[]
i=2559[]
i=2560[]
i=2561[]
i=2562[]
i=2563[]
i=2564[]
i=2565[]
i=2566[]
i=2567[]
i=2568[]
i=2569[]
i=2570[]
i=2571[]
i=2572[]
i=2573[]
i=2574[]
i=2575[]
i=2576[]
i=2577[]
i=2578[]
i=2579[]
i=2580[]
i=2581[]
i=2582[]
i=2583[]
i=2584[]
i=2585[]
i=2586[]
i=2587[]
i=2588[]
i=2589[]
i=2590[]
i=2591[]
i=2592[]
i=2593[]
i=2594[]
i=2595[]
i=2596[]
i=2597[]
i=2598[]
i=2599[]
i=2600[]
i=2601[]
i=2602[]
i=2603[]
i=2604[]
i=2605[]
i=2606[]
i=2607[]
i=2608[]
i=2609[]
i=2610[]
i=2611[]
i=2612[]
i=2613[]
i=2614[]
i=2615[]
i=2616[]
i=2617[]
i=2618[]
i=2619[]
i=2620[]
i=2621[]
i=2622[]
i=2623[]
i=2624[]
i=2625[]
i=2626[]
i=2627[]
i=2628[]
i=2629[]
i=2630[]
i=2631[]
i=2632[]
i=2633[]
i=2634[]
i=2635[]
i=2636[]
i=2637[]
i=2638[]
i=2639[]
i=2640[]
i=2641[]
i=2642[]
i=2643[]
i=2644[]
i=2645[]
i=2646[]
i=2647[]
i=2648[]
i=2649[]
i=2650[]
i=2651[]
i=2652[]
i=2653[]
i=2654[]
i=2655[]
i=2656[]
i=2657[]
i=2658[]
i=2659[]
i=2660[]
i=2661[]
i=2662[]
i=2663[]
i=2664[]
i=2665[]
i=2666[]
i=2667[]
i=2668[]
i=2669[]
i=2670[]
i=2671[]
i=2672[]
i=2673[]
i=2674[]
i=2675[]
i=2676[]
i=2677[]
i=2678[]
i=2679[]
i=2680[]
i=2681[]
i=2682[]
i=2683[]
i=2684[]
i=2685[]
i=2686[]
i=2687[]
i=2688[]
i=2689[]
i=2690[]
i=2691[]
i=2692[]
i=2693[]
i=2694[]
i=2695[]
i=2696[]
i=2697[]
i=2698[]
i=2699[]
i=2700[]
i=2701[]
i=2702[]
i=2703[]
i=2704[]
i=2705[]
i=2706[]
i=2707[]
i=2708[]
i=2709[]
i=2710[]
i=2711[]
i=2712[]
i=2713[]
i=2714[]
i=2715[]
i=2716[]
i=2717[]
i=2718[]
i=2719[]
i=2720[]
i=2721[]
i=2722[]
i=2723[]
i=2724[]
i=2725[]
i=2726[]
i=2727[]
i=2728[]
i=2729[]
i=2730[]
i=2731[]
i=2732[]
i=2733[]
i=2734[]
i=2735[]
i=2736[]
i=2737[]
i=2738[]
i=2739[]
i=2740[]
i=2741[]
i=2742[]
i=2743[]
i=2744[]
i=2745[]
i=2746[]
i=2747[]
i=2748[]
i=2749[]
i=2750[]
i=2751[]
i=2752[]
i=2753[]
i=2754[]
i=2755[]
i=2756[]
i=2757[]
i=2758[]
i=2759[]
i=2760[]
i=2761[]
i=2762[]
i=2763[]
i=2764[]
i=2765[]
i=2766[]
i=2767[]
i=2768[]
i=2769[]
i=2770[]
i=2771[]
i=2772[]
i=2773[]
i=2774[]
i=2775[]
i=2776[]
i=2777[]
i=2778[]
i=2779[]
i=2780[]
i=2781[]
i=2782[]
i=2783[]
i=2784[]
i=2785[]
i=2786[]
i=2787[]
i=2788[]
i=2789[]
i=2790[]
i=2791[]
i=2792[]
i=2793[]
i=2794[]
i=2795[]
i=2796[]
i=2797[]
i=2798[]
i=2799[]
i=2800[]
i=2801[]
i=2802[]
i=2803[]
i=2804[]
i=2805[]
i=2806[]
i=2807[]
i=2808[]
i=2809[]
i=2810[]
i=2811[]
i=2812[]
i=2813[]
i=2814[]
i=2815[]
i=2816[]
i=2817[]
i=2818[]
i=2819[]
i=2820[]
i=2821[]
i=2822[]
i=2823[]
i=2824[]
i=2825[]
i=2826[]
i=2827[]
i=2828[]
i=2829[]
i=2830[]
i=2831[]
i=2832[]
i=2833[]
i=2834[]
i=2835[]
i=2836[]
i=2837[]
i=2838[]
i=2839[]
i=2840[]
i=2841[]
i=2842[]
i=2843[]
i=2844[]
i=2845[]
i=2846[]
i=2847[]
i=2848[]
i=2849[]
i=2850[]
i=2851[]
i=2852[]
i=2853[]
i=2854[]
i=2855[]
i=2856[]
i=2857[]
i=2858[]
i=2859[]
i=2860[]
i=2861[]
i=2862[]
i=2863[]
i=2864[]
i=2865[]
i=2866[]
i=2867[]
i=2868[]
i=2869[]
i=2870[]
i=2871[]
i=2872[]
i=2873[]
i=2874[]
i=2875[]
i=2876[]
i=2877[]
i=2878[]
i=2879[]
i=2880[]
i=2881[]
i=2882[128,160,]
i=2883[]
i=2884[]
i=2885[]
i=2886[128,128,128,128,]
i=2887[]
i=2888[]
i=2889[]
i=2890[]
i=2891[]
i=2892[]
i=2893[]
i=2894[]
i=2895[]
i=2896[]
i=2897[]
i=2898[128,]
i=2899[]
i=2900[]
i=2901[]
i=2902[128,128,]
i=2903[]
i=2904[]
i=2905[]
i=2906[128,]
i=2907[]
i=2908[]
i=2909[]
i=2910[]
i=2911[]
i=2912[]
i=2913[]
i=2914[]
i=2915[]
i=2916[]
i=2917[]
i=2918[]
i=2919[]
i=2920[]
i=2921[]
i=2922[]
i=2923[]
i=2924[]
i=2925[]
i=2926[]
i=2927[]
i=2928[]
i=2929[]
i=2930[]
i=2931[]
i=2932[]
i=2933[]
i=2934[]
i=2935[]
i=2936[]
i=2937[]
i=2938[]
i=2939[]
i=2940[]
i=2941[]
i=2942[]
i=2943[]
i=2944[]
i=2945[]
i=2946[]
i=2947[]
i=2948[]
i=2949[]
i=2950[]
i=2951[]
i=2952[]
i=2953[]
i=2954[]
i=2955[]
i=2956[]
i=2957[]
i=2958[]
i=2959[]
i=2960[]
i=2961[]
i=2962[]
i=2963[]
i=2964[]
i=2965[]
i=2966[]
i=2967[]
i=2968[]
i=2969[]
i=2970[]
i=2971[]
i=2972[]
i=2973[]
i=2974[]
i=2975[]
i=2976[]
i=2977[]
i=2978[]
i=2979[]
i=2980[]
i=2981[]
i=2982[]
i=2983[]
i=2984[]
i=2985[]
i=2986[]
i=2987[]
i=2988[]
i=2989[]
i=2990[]
i=2991[]
i=2992[]
i=2993[]
i=2994[]
i=2995[]
i=2996[]
i=2997[]
i=2998[]
i=2999[]
i=3000[]
i=3001[]
i=3002[]
i=3003[]
i=3004[]
i=3005[]
i=3006[]
i=3007[]
i=3008[]
i=3009[]
i=3010[]
i=3011[]
i=3012[]
i=3013[]
i=3014[]
i=3015[]
i=3016[]
i=3017[128,]
i=3018[]
i=3019[]
i=3020[]
i=3021[]
i=3022[]
i=3023[]
i=3024[]
i=3025[128,128,]
i=3026[]
i=3027[]
i=3028[]
i=3029[128,128,128,]
i=3030[]
i=3031[]
i=3032[]
i=3033[128,128,]
i=3034[]
i=3035[]
i=3036[]
i=3037[128,128,]
i=3038[]
i=3039[]
i=3040[]
i=3041[128,128,112,144,]
i=3042[]
i=3043[]
i=3044[]
i=3045[192,176,184,]
i=3046[]
i=3047[]
i=3048[]
i=3049[]
i=3050[]
i=3051[]
i=3052[]
i=3053[]
i=3054[]
i=3055[]
i=3056[]
i=3057[]
i=3058[]
i=3059[]
i=3060[]
i=3061[]
i=3062[]
i=3063[]
i=3064[]
i=3065[128,128,128,]
i=3066[]
i=3067[]
i=3068[]
i=3069[128,128,128,]
i=3070[]
i=3071[]
i=3072[]
i=3073[128,128,]
i=3074[]
i=3075[]
i=3076[]
i=3077[]
i=3078[]
i=3079[]
i=3080[]
i=3081[]
i=3082[]
i=3083[]
i=3084[]
i=3085[]
i=3086[]
i=3087[]
i=3088[]
i=3089[]
i=3090[]
i=3091[]
i=3092[]
i=3093[]
i=3094[]
i=3095[]
i=3096[]
i=3097[]
i=3098[]
i=3099[]
i=3100[]
i=3101[]
i=3102[]
i=3103[]
i=3104[]
i=3105[]
i=3106[]
i=3107[]
i=3108[]
i=3109[]
i=3110[]
i=3111[]
i=3112[]
i=3113[]
i=3114[]
i=3115[]
i=3116[]
i=3117[]
i=3118[]
i=3119[]
i=3120[]
i=3121[]
i=3122[]
i=3123[]
i=3124[]
i=3125[]
i=3126[]
i=3127[]
i=3128[]
i=3129[]
i=3130[]
i=3131[]
i=3132[]
i=3133[]
i=3134[]
i=3135[]
i=3136[]
i=3137[]
i=3138[]
i=3139[]
i=3140[]
i=3141[]
i=3142[]
i=3143[]
i=3144[]
i=3145[]
i=3146[]
i=3147[]
i=3148[]
i=3149[]
i=3150[]
i=3151[]
i=3152[]
i=3153[]
i=3154[]
i=3155[]
i=3156[]
i=3157[]
i=3158[]
i=3159[]
i=3160[]
i=3161[]
i=3162[]
i=3163[]
i=3164[]
i=3165[]
i=3166[]
i=3167[]
i=3168[]
i=3169[]
i=3170[]
i=3171[]
i=3172[]
i=3173[]
i=3174[]
i=3175[]
i=3176[]
i=3177[]
i=3178[]
i=3179[]
i=3180[]
i=3181[]
i=3182[]
i=3183[]
i=3184[]
i=3185[]
i=3186[]
i=3187[]
i=3188[]
i=3189[]
i=3190[]
i=3191[]
i=3192[]
i=3193[]
i=3194[]
i=3195[]
i=3196[]
i=3197[]
i=3198[]
i=3199[]
i=3200[]
i=3201[]
i=3202[]
i=3203[]
i=3204[]
i=3205[]
i=3206[]
i=3207[]
i=3208[]
i=3209[]
i=3210[]
i=3211[]
i=3212[]
i=3213[]
i=3214[]
i=3215[]
i=3216[]
i=3217[]
i=3218[]
i=3219[]
i=3220[]
i=3221[]
i=3222[]
i=3223[]
i=3224[]
i=3225[]
i=3226[]
i=3227[]
i=3228[]
i=3229[]
i=3230[]
i=3231[]
i=3232[]
i=3233[]
i=3234[]
i=3235[]
i=3236[]
i=3237[]
i=3238[]
i=3239[]
i=3240[]
i=3241[]
i=3242[]
i=3243[]
i=3244[]
i=3245[]
i=3246[]
i=3247[]
i=3248[]
i=3249[128,128,]
i=3250[]
i=3251[]
i=3252[]
i=3253[]
i=3254[]
i=3255[]
i=3256[]
i=3257[128,128,]
i=3258[]
i=3259[]
i=3260[]
i=3261[128,128,144,]
i=3262[]
i=3263[]
i=3264[]
i=3265[128,200,]
i=3266[]
i=3267[]
i=3268[]
i=3269[]
i=3270[]
i=3271[]
i=3272[]
i=3273[]
i=3274[]
i=3275[]
i=3276[]
i=3277[]
i=3278[]
i=3279[]
i=3280[]
i=3281[]
i=3282[]
i=3283[]
i=3284[]
i=3285[]
i=3286[]
i=3287[]
i=3288[]
i=3289[]
i=3290[]
i=3291[]
i=3292[]
i=3293[]
i=3294[]
i=3295[]
i=3296[]
i=3297[]
i=3298[]
i=3299[]
i=3300[]
i=3301[]
i=3302[]
i=3303[]
i=3304[]
i=3305[]
i=3306[]
i=3307[]
i=3308[]
i=3309[]
i=3310[]
i=3311[]
i=3312[]
i=3313[]
i=3314[]
i=3315[]
i=3316[]
i=3317[]
i=3318[]
i=3319[]
i=3320[]
i=3321[]
i=3322[]
i=3323[]
i=3324[]
i=3325[]
i=3326[]
i=3327[]
i=3328[]
i=3329[]
i=3330[]
i=3331[]
i=3332[]
i=3333[]
i=3334[]
i=3335[]
i=3336[]
i=3337[]
i=3338[]
i=3339[]
i=3340[]
i=3341[128,]
i=3342[]
i=3343[]
i=3344[]
i=3345[128,128,]
i=3346[]
i=3347[]
i=3348[]
i=3349[128,128,]
i=3350[]
i=3351[]
i=3352[]
i=3353[128,]
i=3354[]
i=3355[]
i=3356[]
i=3357[128,128,]
i=3358[]
i=3359[]
i=3360[]
i=3361[224,224,]
i=3362[]
i=3363[]
i=3364[]
i=3365[]
i=3366[]
i=3367[]
i=3368[]
i=3369[]
i=3370[]
i=3371[]
i=3372[]
i=3373[]
i=3374[]
i=3375[]
i=3376[]
i=3377[]
i=3378[]
i=3379[]
i=3380[]
i=3381[]
i=3382[]
i=3383[]
i=3384[]
i=3385[]
i=3386[]
i=3387[]
i=3388[]
i=3389[]
i=3390[]
i=3391[]
i=3392[]
i=3393[]
i=3394[]
i=3395[]
i=3396[]
i=3397[]
i=3398[]
i=3399[]
i=3400[]
i=3401[]
i=3402[]
i=3403[]
i=3404[]
i=3405[]
i=3406[]
i=3407[]
i=3408[]
i=3409[]
i=3410[]
i=3411[]
i=3412[]
i=3413[]
i=3414[]
i=3415[]
i=3416[]
i=3417[]
i=3418[]
i=3419[]
i=3420[]
i=3421[]
i=3422[]
i=3423[]
i=3424[]
i=3425[]
i=3426[]
i=3427[]
i=3428[]
i=3429[]
i=3430[]
i=3431[]
i=3432[]
i=3433[]
i=3434[]
i=3435[]
i=3436[]
i=3437[]
i=3438[]
i=3439[]
i=3440[]
i=3441[]
i=3442[]
i=3443[]
i=3444[]
i=3445[]
i=3446[]
i=3447[]
i=3448[]
i=3449[]
i=3450[]
i=3451[]
i=3452[]
i=3453[]
i=3454[]
i=3455[]
i=3456[]
i=3457[]
i=3458[]
i=3459[]
i=3460[]
i=3461[]
i=3462[]
i=3463[]
i=3464[]
i=3465[]
i=3466[]
i=3467[]
i=3468[]
i=3469[]
i=3470[]
i=3471[]
i=3472[]
i=3473[]
i=3474[]
i=3475[]
i=3476[]
i=3477[]
i=3478[]
i=3479[]
i=3480[]
i=3481[]
i=3482[]
i=3483[]
i=3484[]
i=3485[]
i=3486[]
i=3487[]
i=3488[]
i=3489[]
i=3490[]
i=3491[]
i=3492[]
i=3493[]
i=3494[]
i=3495[]
i=3496[]
i=3497[]
i=3498[]
i=3499[]
i=3500[]
i=3501[]
i=3502[]
i=3503[]
i=3504[]
i=3505[]
i=3506[]
i=3507[]
i=3508[]
i=3509[]
i=3510[]
i=3511[]
i=3512[]
i=3513[]
i=3514[]
i=3515[]
i=3516[]
i=3517[]
i=3518[]
i=3519[]
i=3520[]
i=3521[]
i=3522[]
i=3523[]
i=3524[]
i=3525[]
i=3526[]
i=3527[]
i=3528[]
i=3529[]
i=3530[]
i=3531[]
i=3532[]
i=3533[]
i=3534[]
i=3535[]
i=3536[]
i=3537[]
i=3538[]
i=3539[]
i=3540[]
i=3541[]
i=3542[]
i=3543[]
i=3544[]
i=3545[]
i=3546[]
i=3547[]
i=3548[]
i=3549[]
i=3550[]
i=3551[]
i=3552[]
i=3553[]
i=3554[]
i=3555[]
i=3556[]
i=3557[]
i=3558[]
i=3559[]
i=3560[]
i=3561[]
i=3562[]
i=3563[]
i=3564[]
i=3565[]
i=3566[]
i=3567[]
i=3568[]
i=3569[]
i=3570[]
i=3571[]
i=3572[]
i=3573[]
i=3574[]
i=3575[]
i=3576[]
i=3577[]
i=3578[]
i=3579[]
i=3580[]
i=3581[]
i=3582[]
i=3583[]
i=3584[]
i=3585[]
i=3586[]
i=3587[]
i=3588[]
i=3589[]
i=3590[]
i=3591[]
i=3592[]
i=3593[]
i=3594[]
i=3595[]
i=3596[]
i=3597[]
i=3598[]
i=3599[]
i=3600[]
i=3601[]
i=3602[]
i=3603[]
i=3604[]
i=3605[]
i=3606[]
i=3607[]
i=3608[]
i=3609[]
i=3610[]
i=3611[]
i=3612[]
i=3613[]
i=3614[]
i=3615[]
i=3616[]
i=3617[]
i=3618[]
i=3619[]
i=3620[]
i=3621[]
i=3622[]
i=3623[]
i=3624[]
i=3625[]
i=3626[]
i=3627[]
i=3628[]
i=3629[]
i=3630[]
i=3631[]
i=3632[]
i=3633[]
i=3634[]
i=3635[]
i=3636[]
i=3637[]
i=3638[]
i=3639[]
i=3640[]
i=3641[]
i=3642[]
i=3643[]
i=3644[]
i=3645[]
i=3646[]
i=3647[]
i=3648[]
i=3649[]
i=3650[]
i=3651[]
i=3652[]
i=3653[]
i=3654[]
i=3655[]
i=3656[]
i=3657[]
i=3658[]
i=3659[]
i=3660[]
i=3661[]
i=3662[]
i=3663[]
i=3664[]
i=3665[]
i=3666[]
i=3667[]
i=3668[]
i=3669[]
i=3670[]
i=3671[]
i=3672[]
i=3673[]
i=3674[]
i=3675[]
i=3676[]
i=3677[]
i=3678[]
i=3679[]
i=3680[]
i=3681[]
i=3682[]
i=3683[]
i=3684[]
i=3685[]
i=3686[]
i=3687[]
i=3688[]
i=3689[]
i=3690[]
i=3691[]
i=3692[]
i=3693[]
i=3694[]
i=3695[]
i=3696[]
i=3697[]
i=3698[]
i=3699[]
i=3700[]
i=3701[]
i=3702[]
i=3703[]
i=3704[]
i=3705[]
i=3706[]
i=3707[]
i=3708[]
i=3709[]
i=3710[]
i=3711[]
i=3712[]
i=3713[]
i=3714[]
i=3715[]
i=3716[]
i=3717[]
i=3718[]
i=3719[]
i=3720[]
i=3721[]
i=3722[]
i=3723[]
i=3724[]
i=3725[]
i=3726[]
i=3727[]
i=3728[]
i=3729[]
i=3730[]
i=3731[]
i=3732[]
i=3733[]
i=3734[]
i=3735[]
i=3736[]
i=3737[]
i=3738[]
i=3739[]
i=3740[]
i=3741[]
i=3742[]
i=3743[]
i=3744[]
i=3745[]
i=3746[]
i=3747[]
i=3748[]
i=3749[]
i=3750[]
i=3751[]
i=3752[]
i=3753[]
i=3754[]
i=3755[]
i=3756[]
i=3757[]
i=3758[]
i=3759[]
i=3760[]
i=3761[]
i=3762[]
i=3763[]
i=3764[]
i=3765[]
i=3766[]
i=3767[]
i=3768[]
i=3769[]
i=3770[]
i=3771[]
i=3772[]
i=3773[]
i=3774[]
i=3775[]
i=3776[]
i=3777[]
i=3778[]
i=3779[]
i=3780[]
i=3781[]
i=3782[]
i=3783[]
i=3784[]
i=3785[]
i=3786[]
i=3787[]
i=3788[]
i=3789[]
i=3790[]
i=3791[]
i=3792[]
i=3793[]
i=3794[]
i=3795[]
i=3796[]
i=3797[]
i=3798[]
i=3799[]
i=3800[]
i=3801[]
i=3802[]
i=3803[]
i=3804[]
i=3805[]
i=3806[]
i=3807[]
i=3808[]
i=3809[]
i=3810[]
i=3811[]
i=3812[]
i=3813[]
i=3814[]
i=3815[]
i=3816[]
i=3817[]
i=3818[]
i=3819[]
i=3820[]
i=3821[]
i=3822[]
i=3823[]
i=3824[]
i=3825[]
i=3826[]
i=3827[]
i=3828[]
i=3829[]
i=3830[]
i=3831[]
i=3832[]
i=3833[]
i=3834[]
i=3835[]
i=3836[]
i=3837[]
i=3838[]
i=3839[]
i=3840[]
i=3841[]
i=3842[]
i=3843[]
i=3844[]
i=3845[]
i=3846[]
i=3847[]
i=3848[]
i=3849[]
i=3850[]
i=3851[]
i=3852[]
i=3853[]
i=3854[]
i=3855[]
i=3856[]
i=3857[]
i=3858[]
i=3859[]
i=3860[]
i=3861[]
i=3862[]
i=3863[]
i=3864[]
i=3865[]
i=3866[]
i=3867[]
i=3868[]
i=3869[]
i=3870[]
i=3871[]
i=3872[]
i=3873[]
i=3874[]
i=3875[]
i=3876[]
i=3877[]
i=3878[]
i=3879[]
i=3880[]
i=3881[]
i=3882[]
i=3883[]
i=3884[]
i=3885[]
i=3886[]
i=3887[]
i=3888[]
i=3889[]
i=3890[]
i=3891[]
i=3892[]
i=3893[]
i=3894[]
i=3895[]
i=3896[]
i=3897[]
i=3898[]
i=3899[]
i=3900[]
i=3901[]
i=3902[]
i=3903[]
i=3904[]
i=3905[]
i=3906[]
i=3907[]
i=3908[]
i=3909[]
i=3910[]
i=3911[]
i=3912[]
i=3913[]
i=3914[]
i=3915[]
i=3916[]
i=3917[]
i=3918[]
i=3919[]
i=3920[]
i=3921[]
i=3922[]
i=3923[]
i=3924[]
i=3925[]
i=3926[]
i=3927[]
i=3928[]
i=3929[]
i=3930[]
i=3931[]
i=3932[]
i=3933[]
i=3934[]
i=3935[]
i=3936[]
i=3937[]
i=3938[]
i=3939[]
i=3940[]
i=3941[]
i=3942[]
i=3943[]
i=3944[]
i=3945[]
i=3946[]
i=3947[]
i=3948[]
i=3949[]
i=3950[]
i=3951[]
i=3952[]
i=3953[]
i=3954[]
i=3955[]
i=3956[]
i=3957[]
i=3958[]
i=3959[]
i=3960[]
i=3961[]
i=3962[]
i=3963[]
i=3964[]
i=3965[]
i=3966[]
i=3967[]
i=3968[]
i=3969[]
i=3970[]
i=3971[]
i=3972[]
i=3973[]
i=3974[]
i=3975[]
i=3976[]
i=3977[]
i=3978[]
i=3979[]
i=3980[]
i=3981[]
i=3982[]
i=3983[]
i=3984[]
i=3985[]
i=3986[]
i=3987[]
i=3988[]
i=3989[]
i=3990[]
i=3991[]
i=3992[]
i=3993[]
i=3994[]
i=3995[]
i=3996[]
i=3997[]
i=3998[]
i=3999[]
]
filename=testimage/orion_4.jpg
convert s/f status=0
iSum status=0
cudaerr=0
Filter status=0
Maxidx8u status=0
totalwidth=3638,4749
diff=-754,-649
Am I now
outboundupper x=3022,y=4681
outboundlower x=754,y=649
newsize=3638,4749
newimage width=3638, height=4749
offsetposition=0,0
eresult=0
newimage width=3638, height=4749
offsetposition=0,0
eresult=0
newimage width=3638, height=4749
offsetposition=0,0
eresult=0
newimage width=3638, height=4749
offsetposition=0,0
eresult=0
newimage width=3638, height=4749
offsetposition=0,0
eresult=0
anothergo0
test
Last test bis
test
3638,4749
filename=testimage/orion_4.jpg
[i=1000[]
i=1001[]
i=1002[]
i=1003[]
i=1004[]
i=1005[]
i=1006[]
i=1007[]
i=1008[]
i=1009[]
i=1010[]
i=1011[]
i=1012[]
i=1013[]
i=1014[]
i=1015[]
i=1016[]
i=1017[]
i=1018[]
i=1019[]
i=1020[]
i=1021[]
i=1022[]
i=1023[]
i=1024[]
i=1025[]
i=1026[]
i=1027[]
i=1028[]
i=1029[]
i=1030[]
i=1031[]
i=1032[]
i=1033[]
i=1034[]
i=1035[]
i=1036[]
i=1037[]
i=1038[]
i=1039[]
i=1040[]
i=1041[]
i=1042[]
i=1043[]
i=1044[]
i=1045[]
i=1046[]
i=1047[]
i=1048[]
i=1049[]
i=1050[]
i=1051[]
i=1052[]
i=1053[]
i=1054[]
i=1055[]
i=1056[]
i=1057[]
i=1058[]
i=1059[]
i=1060[]
i=1061[]
i=1062[]
i=1063[]
i=1064[]
i=1065[]
i=1066[]
i=1067[]
i=1068[]
i=1069[]
i=1070[]
i=1071[]
i=1072[]
i=1073[]
i=1074[]
i=1075[]
i=1076[]
i=1077[]
i=1078[]
i=1079[]
i=1080[]
i=1081[]
i=1082[]
i=1083[]
i=1084[]
i=1085[]
i=1086[]
i=1087[]
i=1088[]
i=1089[]
i=1090[]
i=1091[]
i=1092[]
i=1093[]
i=1094[]
i=1095[]
i=1096[]
i=1097[]
i=1098[]
i=1099[]
i=1100[]
i=1101[]
i=1102[]
i=1103[]
i=1104[]
i=1105[]
i=1106[]
i=1107[]
i=1108[]
i=1109[]
i=1110[]
i=1111[]
i=1112[]
i=1113[]
i=1114[]
i=1115[]
i=1116[]
i=1117[]
i=1118[]
i=1119[]
i=1120[]
i=1121[]
i=1122[]
i=1123[]
i=1124[]
i=1125[]
i=1126[]
i=1127[]
i=1128[]
i=1129[]
i=1130[]
i=1131[]
i=1132[]
i=1133[]
i=1134[]
i=1135[]
i=1136[]
i=1137[]
i=1138[]
i=1139[]
i=1140[]
i=1141[]
i=1142[]
i=1143[]
i=1144[]
i=1145[]
i=1146[]
i=1147[]
i=1148[]
i=1149[]
i=1150[]
i=1151[]
i=1152[]
i=1153[]
i=1154[]
i=1155[]
i=1156[]
i=1157[]
i=1158[]
i=1159[]
i=1160[]
i=1161[]
i=1162[]
i=1163[]
i=1164[]
i=1165[]
i=1166[]
i=1167[]
i=1168[]
i=1169[]
i=1170[]
i=1171[]
i=1172[]
i=1173[]
i=1174[]
i=1175[]
i=1176[]
i=1177[]
i=1178[]
i=1179[]
i=1180[]
i=1181[]
i=1182[]
i=1183[]
i=1184[]
i=1185[]
i=1186[]
i=1187[]
i=1188[]
i=1189[]
i=1190[]
i=1191[]
i=1192[]
i=1193[]
i=1194[]
i=1195[]
i=1196[]
i=1197[]
i=1198[]
i=1199[]
i=1200[]
i=1201[]
i=1202[]
i=1203[]
i=1204[]
i=1205[]
i=1206[]
i=1207[]
i=1208[]
i=1209[]
i=1210[]
i=1211[]
i=1212[]
i=1213[]
i=1214[]
i=1215[]
i=1216[]
i=1217[]
i=1218[]
i=1219[]
i=1220[]
i=1221[]
i=1222[]
i=1223[]
i=1224[]
i=1225[]
i=1226[]
i=1227[]
i=1228[]
i=1229[]
i=1230[]
i=1231[]
i=1232[]
i=1233[]
i=1234[]
i=1235[]
i=1236[]
i=1237[]
i=1238[]
i=1239[]
i=1240[]
i=1241[]
i=1242[]
i=1243[]
i=1244[]
i=1245[]
i=1246[]
i=1247[]
i=1248[]
i=1249[]
i=1250[]
i=1251[]
i=1252[]
i=1253[]
i=1254[]
i=1255[]
i=1256[]
i=1257[]
i=1258[]
i=1259[]
i=1260[]
i=1261[]
i=1262[]
i=1263[]
i=1264[]
i=1265[]
i=1266[]
i=1267[]
i=1268[]
i=1269[]
i=1270[]
i=1271[]
i=1272[]
i=1273[]
i=1274[]
i=1275[]
i=1276[]
i=1277[]
i=1278[]
i=1279[]
i=1280[]
i=1281[]
i=1282[]
i=1283[]
i=1284[]
i=1285[]
i=1286[]
i=1287[]
i=1288[]
i=1289[]
i=1290[]
i=1291[]
i=1292[]
i=1293[]
i=1294[]
i=1295[]
i=1296[]
i=1297[]
i=1298[]
i=1299[]
i=1300[]
i=1301[]
i=1302[]
i=1303[]
i=1304[]
i=1305[]
i=1306[]
i=1307[]
i=1308[]
i=1309[]
i=1310[]
i=1311[]
i=1312[]
i=1313[]
i=1314[]
i=1315[]
i=1316[]
i=1317[]
i=1318[]
i=1319[]
i=1320[]
i=1321[]
i=1322[]
i=1323[]
i=1324[]
i=1325[]
i=1326[]
i=1327[]
i=1328[]
i=1329[]
i=1330[]
i=1331[]
i=1332[]
i=1333[]
i=1334[]
i=1335[]
i=1336[]
i=1337[]
i=1338[]
i=1339[]
i=1340[]
i=1341[]
i=1342[]
i=1343[]
i=1344[]
i=1345[]
i=1346[]
i=1347[]
i=1348[]
i=1349[]
i=1350[]
i=1351[]
i=1352[]
i=1353[]
i=1354[]
i=1355[]
i=1356[]
i=1357[]
i=1358[]
i=1359[]
i=1360[]
i=1361[]
i=1362[]
i=1363[]
i=1364[]
i=1365[]
i=1366[]
i=1367[]
i=1368[]
i=1369[]
i=1370[]
i=1371[]
i=1372[]
i=1373[]
i=1374[]
i=1375[]
i=1376[]
i=1377[]
i=1378[]
i=1379[]
i=1380[]
i=1381[]
i=1382[]
i=1383[]
i=1384[]
i=1385[]
i=1386[]
i=1387[]
i=1388[]
i=1389[]
i=1390[]
i=1391[]
i=1392[]
i=1393[]
i=1394[]
i=1395[]
i=1396[]
i=1397[]
i=1398[]
i=1399[]
i=1400[]
i=1401[]
i=1402[]
i=1403[]
i=1404[]
i=1405[]
i=1406[]
i=1407[]
i=1408[]
i=1409[]
i=1410[]
i=1411[]
i=1412[]
i=1413[]
i=1414[]
i=1415[]
i=1416[]
i=1417[]
i=1418[]
i=1419[]
i=1420[]
i=1421[]
i=1422[]
i=1423[]
i=1424[]
i=1425[]
i=1426[]
i=1427[]
i=1428[]
i=1429[]
i=1430[]
i=1431[]
i=1432[]
i=1433[]
i=1434[]
i=1435[]
i=1436[]
i=1437[]
i=1438[]
i=1439[]
i=1440[]
i=1441[]
i=1442[]
i=1443[]
i=1444[]
i=1445[]
i=1446[]
i=1447[]
i=1448[]
i=1449[]
i=1450[]
i=1451[]
i=1452[]
i=1453[]
i=1454[]
i=1455[]
i=1456[]
i=1457[]
i=1458[]
i=1459[]
i=1460[]
i=1461[]
i=1462[]
i=1463[]
i=1464[]
i=1465[]
i=1466[]
i=1467[]
i=1468[]
i=1469[]
i=1470[]
i=1471[]
i=1472[]
i=1473[]
i=1474[]
i=1475[]
i=1476[]
i=1477[]
i=1478[]
i=1479[]
i=1480[]
i=1481[]
i=1482[]
i=1483[]
i=1484[]
i=1485[]
i=1486[]
i=1487[]
i=1488[]
i=1489[]
i=1490[]
i=1491[]
i=1492[]
i=1493[]
i=1494[]
i=1495[]
i=1496[]
i=1497[]
i=1498[]
i=1499[]
i=1500[]
i=1501[]
i=1502[]
i=1503[]
i=1504[]
i=1505[]
i=1506[]
i=1507[]
i=1508[]
i=1509[]
i=1510[]
i=1511[]
i=1512[]
i=1513[]
i=1514[]
i=1515[]
i=1516[]
i=1517[]
i=1518[]
i=1519[]
i=1520[]
i=1521[]
i=1522[]
i=1523[]
i=1524[]
i=1525[]
i=1526[]
i=1527[]
i=1528[]
i=1529[]
i=1530[]
i=1531[]
i=1532[]
i=1533[]
i=1534[]
i=1535[]
i=1536[]
i=1537[]
i=1538[]
i=1539[]
i=1540[]
i=1541[]
i=1542[]
i=1543[]
i=1544[]
i=1545[]
i=1546[]
i=1547[]
i=1548[]
i=1549[]
i=1550[]
i=1551[]
i=1552[]
i=1553[]
i=1554[]
i=1555[]
i=1556[]
i=1557[]
i=1558[]
i=1559[]
i=1560[]
i=1561[]
i=1562[]
i=1563[]
i=1564[]
i=1565[]
i=1566[]
i=1567[]
i=1568[]
i=1569[]
i=1570[]
i=1571[]
i=1572[]
i=1573[]
i=1574[]
i=1575[]
i=1576[]
i=1577[]
i=1578[]
i=1579[]
i=1580[]
i=1581[]
i=1582[]
i=1583[]
i=1584[]
i=1585[]
i=1586[]
i=1587[]
i=1588[]
i=1589[]
i=1590[]
i=1591[]
i=1592[]
i=1593[]
i=1594[]
i=1595[]
i=1596[]
i=1597[]
i=1598[]
i=1599[]
i=1600[]
i=1601[]
i=1602[]
i=1603[]
i=1604[]
i=1605[]
i=1606[]
i=1607[]
i=1608[]
i=1609[]
i=1610[]
i=1611[]
i=1612[]
i=1613[]
i=1614[]
i=1615[]
i=1616[]
i=1617[]
i=1618[]
i=1619[]
i=1620[]
i=1621[]
i=1622[]
i=1623[]
i=1624[]
i=1625[]
i=1626[]
i=1627[]
i=1628[]
i=1629[]
i=1630[]
i=1631[]
i=1632[]
i=1633[]
i=1634[]
i=1635[]
i=1636[]
i=1637[]
i=1638[]
i=1639[]
i=1640[]
i=1641[]
i=1642[]
i=1643[]
i=1644[]
i=1645[]
i=1646[]
i=1647[]
i=1648[]
i=1649[]
i=1650[]
i=1651[]
i=1652[]
i=1653[]
i=1654[]
i=1655[]
i=1656[]
i=1657[]
i=1658[]
i=1659[]
i=1660[]
i=1661[]
i=1662[]
i=1663[]
i=1664[]
i=1665[]
i=1666[]
i=1667[]
i=1668[]
i=1669[]
i=1670[]
i=1671[]
i=1672[]
i=1673[]
i=1674[]
i=1675[]
i=1676[]
i=1677[]
i=1678[]
i=1679[]
i=1680[]
i=1681[]
i=1682[]
i=1683[]
i=1684[]
i=1685[]
i=1686[]
i=1687[]
i=1688[]
i=1689[]
i=1690[]
i=1691[]
i=1692[]
i=1693[]
i=1694[]
i=1695[]
i=1696[]
i=1697[]
i=1698[]
i=1699[]
i=1700[]
i=1701[]
i=1702[]
i=1703[]
i=1704[]
i=1705[]
i=1706[]
i=1707[]
i=1708[]
i=1709[]
i=1710[]
i=1711[]
i=1712[]
i=1713[]
i=1714[]
i=1715[]
i=1716[]
i=1717[]
i=1718[]
i=1719[]
i=1720[]
i=1721[]
i=1722[]
i=1723[]
i=1724[]
i=1725[]
i=1726[]
i=1727[]
i=1728[]
i=1729[]
i=1730[]
i=1731[]
i=1732[]
i=1733[]
i=1734[]
i=1735[]
i=1736[]
i=1737[]
i=1738[]
i=1739[]
i=1740[]
i=1741[]
i=1742[]
i=1743[]
i=1744[]
i=1745[]
i=1746[]
i=1747[]
i=1748[]
i=1749[]
i=1750[]
i=1751[]
i=1752[]
i=1753[]
i=1754[]
i=1755[]
i=1756[]
i=1757[]
i=1758[]
i=1759[]
i=1760[]
i=1761[]
i=1762[]
i=1763[]
i=1764[]
i=1765[]
i=1766[]
i=1767[]
i=1768[]
i=1769[]
i=1770[]
i=1771[]
i=1772[]
i=1773[]
i=1774[]
i=1775[]
i=1776[]
i=1777[]
i=1778[]
i=1779[]
i=1780[]
i=1781[]
i=1782[]
i=1783[]
i=1784[]
i=1785[]
i=1786[]
i=1787[]
i=1788[]
i=1789[]
i=1790[]
i=1791[]
i=1792[]
i=1793[]
i=1794[]
i=1795[]
i=1796[]
i=1797[]
i=1798[]
i=1799[]
i=1800[]
i=1801[]
i=1802[]
i=1803[]
i=1804[]
i=1805[]
i=1806[]
i=1807[]
i=1808[]
i=1809[]
i=1810[]
i=1811[]
i=1812[]
i=1813[]
i=1814[]
i=1815[]
i=1816[]
i=1817[]
i=1818[]
i=1819[]
i=1820[]
i=1821[]
i=1822[]
i=1823[]
i=1824[]
i=1825[]
i=1826[]
i=1827[]
i=1828[]
i=1829[]
i=1830[]
i=1831[]
i=1832[]
i=1833[]
i=1834[]
i=1835[]
i=1836[]
i=1837[]
i=1838[]
i=1839[]
i=1840[]
i=1841[]
i=1842[]
i=1843[]
i=1844[]
i=1845[]
i=1846[]
i=1847[]
i=1848[]
i=1849[]
i=1850[]
i=1851[]
i=1852[]
i=1853[]
i=1854[]
i=1855[]
i=1856[]
i=1857[]
i=1858[]
i=1859[]
i=1860[]
i=1861[]
i=1862[]
i=1863[]
i=1864[]
i=1865[]
i=1866[]
i=1867[]
i=1868[]
i=1869[]
i=1870[]
i=1871[]
i=1872[]
i=1873[]
i=1874[]
i=1875[]
i=1876[]
i=1877[]
i=1878[]
i=1879[]
i=1880[]
i=1881[]
i=1882[]
i=1883[]
i=1884[]
i=1885[]
i=1886[]
i=1887[]
i=1888[]
i=1889[]
i=1890[]
i=1891[]
i=1892[]
i=1893[]
i=1894[]
i=1895[]
i=1896[]
i=1897[]
i=1898[]
i=1899[]
i=1900[]
i=1901[]
i=1902[]
i=1903[]
i=1904[]
i=1905[]
i=1906[]
i=1907[]
i=1908[]
i=1909[]
i=1910[]
i=1911[]
i=1912[]
i=1913[]
i=1914[]
i=1915[]
i=1916[]
i=1917[]
i=1918[]
i=1919[]
i=1920[]
i=1921[]
i=1922[]
i=1923[]
i=1924[]
i=1925[]
i=1926[]
i=1927[]
i=1928[]
i=1929[]
i=1930[]
i=1931[]
i=1932[]
i=1933[]
i=1934[]
i=1935[]
i=1936[]
i=1937[]
i=1938[]
i=1939[]
i=1940[]
i=1941[]
i=1942[]
i=1943[]
i=1944[]
i=1945[]
i=1946[]
i=1947[]
i=1948[]
i=1949[]
i=1950[]
i=1951[]
i=1952[]
i=1953[]
i=1954[]
i=1955[]
i=1956[]
i=1957[]
i=1958[]
i=1959[]
i=1960[]
i=1961[]
i=1962[]
i=1963[]
i=1964[]
i=1965[]
i=1966[]
i=1967[]
i=1968[]
i=1969[]
i=1970[]
i=1971[]
i=1972[]
i=1973[]
i=1974[]
i=1975[]
i=1976[]
i=1977[]
i=1978[]
i=1979[]
i=1980[]
i=1981[]
i=1982[]
i=1983[]
i=1984[]
i=1985[]
i=1986[]
i=1987[]
i=1988[]
i=1989[]
i=1990[]
i=1991[]
i=1992[]
i=1993[]
i=1994[]
i=1995[]
i=1996[]
i=1997[]
i=1998[]
i=1999[]
i=2000[]
i=2001[]
i=2002[]
i=2003[]
i=2004[]
i=2005[]
i=2006[]
i=2007[]
i=2008[]
i=2009[]
i=2010[]
i=2011[]
i=2012[]
i=2013[]
i=2014[]
i=2015[]
i=2016[]
i=2017[]
i=2018[]
i=2019[]
i=2020[]
i=2021[]
i=2022[]
i=2023[]
i=2024[]
i=2025[]
i=2026[]
i=2027[]
i=2028[]
i=2029[]
i=2030[]
i=2031[]
i=2032[]
i=2033[]
i=2034[]
i=2035[]
i=2036[]
i=2037[]
i=2038[]
i=2039[]
i=2040[]
i=2041[]
i=2042[]
i=2043[]
i=2044[]
i=2045[]
i=2046[]
i=2047[]
i=2048[]
i=2049[]
i=2050[]
i=2051[]
i=2052[]
i=2053[]
i=2054[]
i=2055[]
i=2056[]
i=2057[]
i=2058[]
i=2059[]
i=2060[]
i=2061[]
i=2062[]
i=2063[]
i=2064[]
i=2065[]
i=2066[]
i=2067[]
i=2068[]
i=2069[]
i=2070[]
i=2071[]
i=2072[]
i=2073[]
i=2074[]
i=2075[]
i=2076[]
i=2077[]
i=2078[]
i=2079[]
i=2080[]
i=2081[]
i=2082[]
i=2083[]
i=2084[]
i=2085[]
i=2086[]
i=2087[]
i=2088[]
i=2089[]
i=2090[]
i=2091[]
i=2092[]
i=2093[]
i=2094[]
i=2095[]
i=2096[]
i=2097[]
i=2098[]
i=2099[]
i=2100[]
i=2101[]
i=2102[]
i=2103[]
i=2104[]
i=2105[]
i=2106[]
i=2107[]
i=2108[]
i=2109[]
i=2110[]
i=2111[]
i=2112[]
i=2113[]
i=2114[]
i=2115[]
i=2116[]
i=2117[]
i=2118[]
i=2119[]
i=2120[]
i=2121[]
i=2122[]
i=2123[]
i=2124[]
i=2125[]
i=2126[]
i=2127[]
i=2128[]
i=2129[]
i=2130[]
i=2131[]
i=2132[]
i=2133[]
i=2134[]
i=2135[]
i=2136[]
i=2137[]
i=2138[]
i=2139[]
i=2140[]
i=2141[]
i=2142[]
i=2143[]
i=2144[]
i=2145[]
i=2146[]
i=2147[]
i=2148[]
i=2149[]
i=2150[]
i=2151[]
i=2152[]
i=2153[]
i=2154[]
i=2155[]
i=2156[]
i=2157[]
i=2158[]
i=2159[]
i=2160[]
i=2161[]
i=2162[]
i=2163[]
i=2164[]
i=2165[]
i=2166[]
i=2167[]
i=2168[]
i=2169[]
i=2170[]
i=2171[]
i=2172[]
i=2173[]
i=2174[]
i=2175[]
i=2176[]
i=2177[]
i=2178[]
i=2179[]
i=2180[]
i=2181[]
i=2182[]
i=2183[]
i=2184[]
i=2185[]
i=2186[]
i=2187[]
i=2188[]
i=2189[]
i=2190[]
i=2191[]
i=2192[]
i=2193[]
i=2194[]
i=2195[]
i=2196[]
i=2197[]
i=2198[]
i=2199[]
i=2200[]
i=2201[]
i=2202[]
i=2203[]
i=2204[]
i=2205[]
i=2206[]
i=2207[]
i=2208[]
i=2209[]
i=2210[]
i=2211[]
i=2212[]
i=2213[]
i=2214[]
i=2215[]
i=2216[]
i=2217[]
i=2218[]
i=2219[]
i=2220[]
i=2221[]
i=2222[]
i=2223[]
i=2224[]
i=2225[]
i=2226[]
i=2227[]
i=2228[]
i=2229[]
i=2230[]
i=2231[]
i=2232[]
i=2233[]
i=2234[]
i=2235[]
i=2236[]
i=2237[]
i=2238[]
i=2239[]
i=2240[]
i=2241[]
i=2242[]
i=2243[]
i=2244[]
i=2245[]
i=2246[]
i=2247[]
i=2248[]
i=2249[]
i=2250[]
i=2251[]
i=2252[]
i=2253[]
i=2254[]
i=2255[]
i=2256[]
i=2257[]
i=2258[]
i=2259[]
i=2260[]
i=2261[]
i=2262[]
i=2263[]
i=2264[]
i=2265[]
i=2266[]
i=2267[]
i=2268[]
i=2269[]
i=2270[]
i=2271[]
i=2272[]
i=2273[]
i=2274[]
i=2275[]
i=2276[]
i=2277[]
i=2278[]
i=2279[]
i=2280[]
i=2281[]
i=2282[]
i=2283[]
i=2284[]
i=2285[]
i=2286[]
i=2287[]
i=2288[]
i=2289[]
i=2290[]
i=2291[]
i=2292[]
i=2293[]
i=2294[]
i=2295[]
i=2296[]
i=2297[]
i=2298[]
i=2299[]
i=2300[]
i=2301[]
i=2302[]
i=2303[]
i=2304[]
i=2305[]
i=2306[]
i=2307[]
i=2308[]
i=2309[]
i=2310[]
i=2311[]
i=2312[]
i=2313[]
i=2314[]
i=2315[]
i=2316[]
i=2317[]
i=2318[]
i=2319[]
i=2320[]
i=2321[]
i=2322[]
i=2323[]
i=2324[]
i=2325[]
i=2326[]
i=2327[]
i=2328[]
i=2329[]
i=2330[]
i=2331[]
i=2332[]
i=2333[]
i=2334[]
i=2335[]
i=2336[]
i=2337[]
i=2338[]
i=2339[]
i=2340[]
i=2341[]
i=2342[]
i=2343[]
i=2344[]
i=2345[]
i=2346[]
i=2347[]
i=2348[]
i=2349[]
i=2350[]
i=2351[]
i=2352[]
i=2353[]
i=2354[]
i=2355[]
i=2356[]
i=2357[]
i=2358[]
i=2359[]
i=2360[]
i=2361[]
i=2362[]
i=2363[]
i=2364[]
i=2365[]
i=2366[]
i=2367[]
i=2368[]
i=2369[]
i=2370[]
i=2371[]
i=2372[]
i=2373[]
i=2374[]
i=2375[]
i=2376[]
i=2377[]
i=2378[]
i=2379[]
i=2380[]
i=2381[]
i=2382[]
i=2383[]
i=2384[]
i=2385[]
i=2386[]
i=2387[]
i=2388[]
i=2389[]
i=2390[]
i=2391[]
i=2392[]
i=2393[]
i=2394[]
i=2395[]
i=2396[]
i=2397[]
i=2398[]
i=2399[]
i=2400[]
i=2401[]
i=2402[]
i=2403[]
i=2404[]
i=2405[]
i=2406[]
i=2407[]
i=2408[]
i=2409[]
i=2410[]
i=2411[]
i=2412[]
i=2413[]
i=2414[]
i=2415[]
i=2416[]
i=2417[]
i=2418[]
i=2419[]
i=2420[]
i=2421[]
i=2422[]
i=2423[]
i=2424[]
i=2425[]
i=2426[]
i=2427[]
i=2428[]
i=2429[]
i=2430[]
i=2431[]
i=2432[]
i=2433[]
i=2434[]
i=2435[]
i=2436[]
i=2437[]
i=2438[]
i=2439[]
i=2440[]
i=2441[]
i=2442[]
i=2443[]
i=2444[]
i=2445[]
i=2446[]
i=2447[]
i=2448[]
i=2449[]
i=2450[]
i=2451[]
i=2452[]
i=2453[]
i=2454[]
i=2455[]
i=2456[]
i=2457[]
i=2458[]
i=2459[]
i=2460[]
i=2461[]
i=2462[]
i=2463[]
i=2464[]
i=2465[]
i=2466[]
i=2467[]
i=2468[]
i=2469[]
i=2470[]
i=2471[]
i=2472[]
i=2473[]
i=2474[]
i=2475[]
i=2476[]
i=2477[]
i=2478[]
i=2479[]
i=2480[]
i=2481[]
i=2482[]
i=2483[]
i=2484[]
i=2485[]
i=2486[]
i=2487[]
i=2488[]
i=2489[]
i=2490[]
i=2491[]
i=2492[]
i=2493[]
i=2494[]
i=2495[]
i=2496[]
i=2497[]
i=2498[]
i=2499[]
i=2500[]
i=2501[]
i=2502[]
i=2503[]
i=2504[]
i=2505[]
i=2506[]
i=2507[]
i=2508[]
i=2509[]
i=2510[]
i=2511[]
i=2512[]
i=2513[]
i=2514[]
i=2515[]
i=2516[]
i=2517[]
i=2518[]
i=2519[]
i=2520[]
i=2521[]
i=2522[]
i=2523[]
i=2524[]
i=2525[]
i=2526[]
i=2527[]
i=2528[]
i=2529[]
i=2530[]
i=2531[]
i=2532[]
i=2533[]
i=2534[]
i=2535[]
i=2536[]
i=2537[]
i=2538[]
i=2539[]
i=2540[]
i=2541[]
i=2542[]
i=2543[]
i=2544[]
i=2545[]
i=2546[]
i=2547[]
i=2548[]
i=2549[]
i=2550[]
i=2551[]
i=2552[]
i=2553[]
i=2554[]
i=2555[]
i=2556[]
i=2557[]
i=2558[]
i=2559[]
i=2560[]
i=2561[]
i=2562[]
i=2563[]
i=2564[]
i=2565[]
i=2566[]
i=2567[]
i=2568[]
i=2569[]
i=2570[]
i=2571[]
i=2572[]
i=2573[]
i=2574[]
i=2575[]
i=2576[]
i=2577[]
i=2578[]
i=2579[]
i=2580[]
i=2581[]
i=2582[]
i=2583[]
i=2584[]
i=2585[]
i=2586[]
i=2587[]
i=2588[]
i=2589[]
i=2590[]
i=2591[]
i=2592[]
i=2593[]
i=2594[]
i=2595[]
i=2596[]
i=2597[]
i=2598[]
i=2599[]
i=2600[]
i=2601[]
i=2602[]
i=2603[]
i=2604[]
i=2605[]
i=2606[]
i=2607[]
i=2608[]
i=2609[]
i=2610[]
i=2611[]
i=2612[]
i=2613[]
i=2614[]
i=2615[]
i=2616[]
i=2617[]
i=2618[]
i=2619[]
i=2620[]
i=2621[]
i=2622[]
i=2623[]
i=2624[]
i=2625[]
i=2626[]
i=2627[]
i=2628[]
i=2629[]
i=2630[]
i=2631[]
i=2632[]
i=2633[]
i=2634[]
i=2635[]
i=2636[]
i=2637[]
i=2638[]
i=2639[]
i=2640[]
i=2641[]
i=2642[]
i=2643[]
i=2644[]
i=2645[]
i=2646[]
i=2647[]
i=2648[]
i=2649[]
i=2650[]
i=2651[]
i=2652[]
i=2653[]
i=2654[]
i=2655[]
i=2656[]
i=2657[]
i=2658[]
i=2659[]
i=2660[]
i=2661[]
i=2662[]
i=2663[]
i=2664[]
i=2665[]
i=2666[]
i=2667[]
i=2668[]
i=2669[]
i=2670[]
i=2671[]
i=2672[]
i=2673[]
i=2674[]
i=2675[]
i=2676[]
i=2677[]
i=2678[]
i=2679[]
i=2680[]
i=2681[]
i=2682[]
i=2683[]
i=2684[]
i=2685[]
i=2686[]
i=2687[]
i=2688[]
i=2689[]
i=2690[]
i=2691[]
i=2692[]
i=2693[]
i=2694[]
i=2695[]
i=2696[]
i=2697[]
i=2698[]
i=2699[]
i=2700[]
i=2701[]
i=2702[]
i=2703[]
i=2704[]
i=2705[]
i=2706[]
i=2707[]
i=2708[]
i=2709[]
i=2710[]
i=2711[]
i=2712[]
i=2713[]
i=2714[]
i=2715[]
i=2716[]
i=2717[]
i=2718[]
i=2719[]
i=2720[]
i=2721[]
i=2722[]
i=2723[]
i=2724[]
i=2725[]
i=2726[]
i=2727[]
i=2728[]
i=2729[]
i=2730[]
i=2731[]
i=2732[]
i=2733[]
i=2734[]
i=2735[]
i=2736[]
i=2737[]
i=2738[]
i=2739[]
i=2740[]
i=2741[]
i=2742[]
i=2743[]
i=2744[]
i=2745[]
i=2746[]
i=2747[]
i=2748[]
i=2749[]
i=2750[]
i=2751[]
i=2752[]
i=2753[]
i=2754[]
i=2755[]
i=2756[]
i=2757[]
i=2758[]
i=2759[]
i=2760[]
i=2761[]
i=2762[]
i=2763[]
i=2764[]
i=2765[]
i=2766[]
i=2767[]
i=2768[]
i=2769[]
i=2770[]
i=2771[]
i=2772[]
i=2773[]
i=2774[]
i=2775[]
i=2776[]
i=2777[]
i=2778[]
i=2779[]
i=2780[]
i=2781[]
i=2782[]
i=2783[]
i=2784[]
i=2785[]
i=2786[]
i=2787[]
i=2788[]
i=2789[]
i=2790[]
i=2791[]
i=2792[]
i=2793[]
i=2794[]
i=2795[]
i=2796[]
i=2797[]
i=2798[]
i=2799[]
i=2800[]
i=2801[]
i=2802[]
i=2803[]
i=2804[]
i=2805[]
i=2806[]
i=2807[]
i=2808[]
i=2809[]
i=2810[]
i=2811[]
i=2812[]
i=2813[]
i=2814[]
i=2815[]
i=2816[]
i=2817[]
i=2818[]
i=2819[]
i=2820[]
i=2821[]
i=2822[]
i=2823[]
i=2824[]
i=2825[]
i=2826[]
i=2827[]
i=2828[]
i=2829[]
i=2830[]
i=2831[]
i=2832[]
i=2833[]
i=2834[]
i=2835[]
i=2836[]
i=2837[]
i=2838[]
i=2839[]
i=2840[]
i=2841[]
i=2842[]
i=2843[]
i=2844[]
i=2845[]
i=2846[]
i=2847[]
i=2848[]
i=2849[]
i=2850[]
i=2851[]
i=2852[]
i=2853[]
i=2854[]
i=2855[]
i=2856[]
i=2857[]
i=2858[]
i=2859[]
i=2860[]
i=2861[]
i=2862[]
i=2863[]
i=2864[]
i=2865[]
i=2866[]
i=2867[]
i=2868[]
i=2869[]
i=2870[]
i=2871[]
i=2872[]
i=2873[]
i=2874[]
i=2875[]
i=2876[]
i=2877[]
i=2878[]
i=2879[]
i=2880[]
i=2881[]
i=2882[128,160,]
i=2883[]
i=2884[]
i=2885[]
i=2886[128,128,128,128,]
i=2887[]
i=2888[]
i=2889[]
i=2890[]
i=2891[]
i=2892[]
i=2893[]
i=2894[]
i=2895[]
i=2896[]
i=2897[]
i=2898[128,]
i=2899[]
i=2900[]
i=2901[]
i=2902[128,128,]
i=2903[]
i=2904[]
i=2905[]
i=2906[128,]
i=2907[]
i=2908[]
i=2909[]
i=2910[]
i=2911[]
i=2912[]
i=2913[]
i=2914[]
i=2915[]
i=2916[]
i=2917[]
i=2918[]
i=2919[]
i=2920[]
i=2921[]
i=2922[]
i=2923[]
i=2924[]
i=2925[]
i=2926[]
i=2927[]
i=2928[]
i=2929[]
i=2930[]
i=2931[]
i=2932[]
i=2933[]
i=2934[]
i=2935[]
i=2936[]
i=2937[]
i=2938[]
i=2939[]
i=2940[]
i=2941[]
i=2942[]
i=2943[]
i=2944[]
i=2945[]
i=2946[]
i=2947[]
i=2948[]
i=2949[]
i=2950[]
i=2951[]
i=2952[]
i=2953[]
i=2954[]
i=2955[]
i=2956[]
i=2957[]
i=2958[]
i=2959[]
i=2960[]
i=2961[]
i=2962[]
i=2963[]
i=2964[]
i=2965[]
i=2966[]
i=2967[]
i=2968[]
i=2969[]
i=2970[]
i=2971[]
i=2972[]
i=2973[]
i=2974[]
i=2975[]
i=2976[]
i=2977[]
i=2978[]
i=2979[]
i=2980[]
i=2981[]
i=2982[]
i=2983[]
i=2984[]
i=2985[]
i=2986[]
i=2987[]
i=2988[]
i=2989[]
i=2990[]
i=2991[]
i=2992[]
i=2993[]
i=2994[]
i=2995[]
i=2996[]
i=2997[]
i=2998[]
i=2999[]
i=3000[]
i=3001[]
i=3002[]
i=3003[]
i=3004[]
i=3005[]
i=3006[]
i=3007[]
i=3008[]
i=3009[]
i=3010[]
i=3011[]
i=3012[]
i=3013[]
i=3014[]
i=3015[]
i=3016[]
i=3017[128,]
i=3018[]
i=3019[]
i=3020[]
i=3021[]
i=3022[]
i=3023[]
i=3024[]
i=3025[128,128,]
i=3026[]
i=3027[]
i=3028[]
i=3029[128,128,128,]
i=3030[]
i=3031[]
i=3032[]
i=3033[128,128,]
i=3034[]
i=3035[]
i=3036[]
i=3037[128,128,]
i=3038[]
i=3039[]
i=3040[]
i=3041[128,128,112,144,]
i=3042[]
i=3043[]
i=3044[]
i=3045[192,176,184,]
i=3046[]
i=3047[]
i=3048[]
i=3049[]
i=3050[]
i=3051[]
i=3052[]
i=3053[]
i=3054[]
i=3055[]
i=3056[]
i=3057[]
i=3058[]
i=3059[]
i=3060[]
i=3061[]
i=3062[]
i=3063[]
i=3064[]
i=3065[128,128,128,]
i=3066[]
i=3067[]
i=3068[]
i=3069[128,128,128,]
i=3070[]
i=3071[]
i=3072[]
i=3073[128,128,]
i=3074[]
i=3075[]
i=3076[]
i=3077[]
i=3078[]
i=3079[]
i=3080[]
i=3081[]
i=3082[]
i=3083[]
i=3084[]
i=3085[]
i=3086[]
i=3087[]
i=3088[]
i=3089[]
i=3090[]
i=3091[]
i=3092[]
i=3093[]
i=3094[]
i=3095[]
i=3096[]
i=3097[]
i=3098[]
i=3099[]
i=3100[]
i=3101[]
i=3102[]
i=3103[]
i=3104[]
i=3105[]
i=3106[]
i=3107[]
i=3108[]
i=3109[]
i=3110[]
i=3111[]
i=3112[]
i=3113[]
i=3114[]
i=3115[]
i=3116[]
i=3117[]
i=3118[]
i=3119[]
i=3120[]
i=3121[]
i=3122[]
i=3123[]
i=3124[]
i=3125[]
i=3126[]
i=3127[]
i=3128[]
i=3129[]
i=3130[]
i=3131[]
i=3132[]
i=3133[]
i=3134[]
i=3135[]
i=3136[]
i=3137[]
i=3138[]
i=3139[]
i=3140[]
i=3141[]
i=3142[]
i=3143[]
i=3144[]
i=3145[]
i=3146[]
i=3147[]
i=3148[]
i=3149[]
i=3150[]
i=3151[]
i=3152[]
i=3153[]
i=3154[]
i=3155[]
i=3156[]
i=3157[]
i=3158[]
i=3159[]
i=3160[]
i=3161[]
i=3162[]
i=3163[]
i=3164[]
i=3165[]
i=3166[]
i=3167[]
i=3168[]
i=3169[]
i=3170[]
i=3171[]
i=3172[]
i=3173[]
i=3174[]
i=3175[]
i=3176[]
i=3177[]
i=3178[]
i=3179[]
i=3180[]
i=3181[]
i=3182[]
i=3183[]
i=3184[]
i=3185[]
i=3186[]
i=3187[]
i=3188[]
i=3189[]
i=3190[]
i=3191[]
i=3192[]
i=3193[]
i=3194[]
i=3195[]
i=3196[]
i=3197[]
i=3198[]
i=3199[]
i=3200[]
i=3201[]
i=3202[]
i=3203[]
i=3204[]
i=3205[]
i=3206[]
i=3207[]
i=3208[]
i=3209[]
i=3210[]
i=3211[]
i=3212[]
i=3213[]
i=3214[]
i=3215[]
i=3216[]
i=3217[]
i=3218[]
i=3219[]
i=3220[]
i=3221[]
i=3222[]
i=3223[]
i=3224[]
i=3225[]
i=3226[]
i=3227[]
i=3228[]
i=3229[]
i=3230[]
i=3231[]
i=3232[]
i=3233[]
i=3234[]
i=3235[]
i=3236[]
i=3237[]
i=3238[]
i=3239[]
i=3240[]
i=3241[]
i=3242[]
i=3243[]
i=3244[]
i=3245[]
i=3246[]
i=3247[]
i=3248[]
i=3249[128,128,]
i=3250[]
i=3251[]
i=3252[]
i=3253[]
i=3254[]
i=3255[]
i=3256[]
i=3257[128,128,]
i=3258[]
i=3259[]
i=3260[]
i=3261[128,128,144,]
i=3262[]
i=3263[]
i=3264[]
i=3265[128,200,]
i=3266[]
i=3267[]
i=3268[]
i=3269[]
i=3270[]
i=3271[]
i=3272[]
i=3273[]
i=3274[]
i=3275[]
i=3276[]
i=3277[]
i=3278[]
i=3279[]
i=3280[]
i=3281[]
i=3282[]
i=3283[]
i=3284[]
i=3285[]
i=3286[]
i=3287[]
i=3288[]
i=3289[]
i=3290[]
i=3291[]
i=3292[]
i=3293[]
i=3294[]
i=3295[]
i=3296[]
i=3297[]
i=3298[]
i=3299[]
i=3300[]
i=3301[]
i=3302[]
i=3303[]
i=3304[]
i=3305[]
i=3306[]
i=3307[]
i=3308[]
i=3309[]
i=3310[]
i=3311[]
i=3312[]
i=3313[]
i=3314[]
i=3315[]
i=3316[]
i=3317[]
i=3318[]
i=3319[]
i=3320[]
i=3321[]
i=3322[]
i=3323[]
i=3324[]
i=3325[]
i=3326[]
i=3327[]
i=3328[]
i=3329[]
i=3330[]
i=3331[]
i=3332[]
i=3333[]
i=3334[]
i=3335[]
i=3336[]
i=3337[]
i=3338[]
i=3339[]
i=3340[]
i=3341[128,]
i=3342[]
i=3343[]
i=3344[]
i=3345[128,128,]
i=3346[]
i=3347[]
i=3348[]
i=3349[128,128,]
i=3350[]
i=3351[]
i=3352[]
i=3353[128,]
i=3354[]
i=3355[]
i=3356[]
i=3357[128,128,]
i=3358[]
i=3359[]
i=3360[]
i=3361[224,224,]
i=3362[]
i=3363[]
i=3364[]
i=3365[]
i=3366[]
i=3367[]
i=3368[]
i=3369[]
i=3370[]
i=3371[]
i=3372[]
i=3373[]
i=3374[]
i=3375[]
i=3376[]
i=3377[]
i=3378[]
i=3379[]
i=3380[]
i=3381[]
i=3382[]
i=3383[]
i=3384[]
i=3385[]
i=3386[]
i=3387[]
i=3388[]
i=3389[]
i=3390[]
i=3391[]
i=3392[]
i=3393[]
i=3394[]
i=3395[]
i=3396[]
i=3397[]
i=3398[]
i=3399[]
i=3400[]
i=3401[]
i=3402[]
i=3403[]
i=3404[]
i=3405[]
i=3406[]
i=3407[]
i=3408[]
i=3409[]
i=3410[]
i=3411[]
i=3412[]
i=3413[]
i=3414[]
i=3415[]
i=3416[]
i=3417[]
i=3418[]
i=3419[]
i=3420[]
i=3421[]
i=3422[]
i=3423[]
i=3424[]
i=3425[]
i=3426[]
i=3427[]
i=3428[]
i=3429[]
i=3430[]
i=3431[]
i=3432[]
i=3433[]
i=3434[]
i=3435[]
i=3436[]
i=3437[]
i=3438[]
i=3439[]
i=3440[]
i=3441[]
i=3442[]
i=3443[]
i=3444[]
i=3445[]
i=3446[]
i=3447[]
i=3448[]
i=3449[]
i=3450[]
i=3451[]
i=3452[]
i=3453[]
i=3454[]
i=3455[]
i=3456[]
i=3457[]
i=3458[]
i=3459[]
i=3460[]
i=3461[]
i=3462[]
i=3463[]
i=3464[]
i=3465[]
i=3466[]
i=3467[]
i=3468[]
i=3469[]
i=3470[]
i=3471[]
i=3472[]
i=3473[]
i=3474[]
i=3475[]
i=3476[]
i=3477[]
i=3478[]
i=3479[]
i=3480[]
i=3481[]
i=3482[]
i=3483[]
i=3484[]
i=3485[]
i=3486[]
i=3487[]
i=3488[]
i=3489[]
i=3490[]
i=3491[]
i=3492[]
i=3493[]
i=3494[]
i=3495[]
i=3496[]
i=3497[]
i=3498[]
i=3499[]
i=3500[]
i=3501[]
i=3502[]
i=3503[]
i=3504[]
i=3505[]
i=3506[]
i=3507[]
i=3508[]
i=3509[]
i=3510[]
i=3511[]
i=3512[]
i=3513[]
i=3514[]
i=3515[]
i=3516[]
i=3517[]
i=3518[]
i=3519[]
i=3520[]
i=3521[]
i=3522[]
i=3523[]
i=3524[]
i=3525[]
i=3526[]
i=3527[]
i=3528[]
i=3529[]
i=3530[]
i=3531[]
i=3532[]
i=3533[]
i=3534[]
i=3535[]
i=3536[]
i=3537[]
i=3538[]
i=3539[]
i=3540[]
i=3541[]
i=3542[]
i=3543[]
i=3544[]
i=3545[]
i=3546[]
i=3547[]
i=3548[]
i=3549[]
i=3550[]
i=3551[]
i=3552[]
i=3553[]
i=3554[]
i=3555[]
i=3556[]
i=3557[]
i=3558[]
i=3559[]
i=3560[]
i=3561[]
i=3562[]
i=3563[]
i=3564[]
i=3565[]
i=3566[]
i=3567[]
i=3568[]
i=3569[]
i=3570[]
i=3571[]
i=3572[]
i=3573[]
i=3574[]
i=3575[]
i=3576[]
i=3577[]
i=3578[]
i=3579[]
i=3580[]
i=3581[]
i=3582[]
i=3583[]
i=3584[]
i=3585[]
i=3586[]
i=3587[]
i=3588[]
i=3589[]
i=3590[]
i=3591[]
i=3592[]
i=3593[]
i=3594[]
i=3595[]
i=3596[]
i=3597[]
i=3598[]
i=3599[]
i=3600[]
i=3601[]
i=3602[]
i=3603[]
i=3604[]
i=3605[]
i=3606[]
i=3607[]
i=3608[]
i=3609[]
i=3610[]
i=3611[]
i=3612[]
i=3613[]
i=3614[]
i=3615[]
i=3616[]
i=3617[]
i=3618[]
i=3619[]
i=3620[]
i=3621[]
i=3622[]
i=3623[]
i=3624[]
i=3625[]
i=3626[]
i=3627[]
i=3628[]
i=3629[]
i=3630[]
i=3631[]
i=3632[]
i=3633[]
i=3634[]
i=3635[]
i=3636[]
i=3637[]
i=3638[]
i=3639[]
i=3640[]
i=3641[]
i=3642[]
i=3643[]
i=3644[]
i=3645[]
i=3646[]
i=3647[]
i=3648[]
i=3649[]
i=3650[]
i=3651[]
i=3652[]
i=3653[]
i=3654[]
i=3655[]
i=3656[]
i=3657[]
i=3658[]
i=3659[]
i=3660[]
i=3661[]
i=3662[]
i=3663[]
i=3664[]
i=3665[]
i=3666[]
i=3667[]
i=3668[]
i=3669[]
i=3670[]
i=3671[]
i=3672[]
i=3673[]
i=3674[]
i=3675[]
i=3676[]
i=3677[]
i=3678[]
i=3679[]
i=3680[]
i=3681[]
i=3682[]
i=3683[]
i=3684[]
i=3685[]
i=3686[]
i=3687[]
i=3688[]
i=3689[]
i=3690[]
i=3691[]
i=3692[]
i=3693[]
i=3694[]
i=3695[]
i=3696[]
i=3697[]
i=3698[]
i=3699[]
i=3700[]
i=3701[]
i=3702[]
i=3703[]
i=3704[]
i=3705[]
i=3706[]
i=3707[]
i=3708[]
i=3709[]
i=3710[]
i=3711[]
i=3712[]
i=3713[]
i=3714[]
i=3715[]
i=3716[]
i=3717[]
i=3718[]
i=3719[]
i=3720[]
i=3721[]
i=3722[]
i=3723[]
i=3724[]
i=3725[]
i=3726[]
i=3727[]
i=3728[]
i=3729[]
i=3730[]
i=3731[]
i=3732[]
i=3733[]
i=3734[]
i=3735[]
i=3736[]
i=3737[]
i=3738[]
i=3739[]
i=3740[]
i=3741[]
i=3742[]
i=3743[]
i=3744[]
i=3745[]
i=3746[]
i=3747[]
i=3748[]
i=3749[]
i=3750[]
i=3751[]
i=3752[]
i=3753[]
i=3754[]
i=3755[]
i=3756[]
i=3757[]
i=3758[]
i=3759[]
i=3760[]
i=3761[]
i=3762[]
i=3763[]
i=3764[]
i=3765[]
i=3766[]
i=3767[]
i=3768[]
i=3769[]
i=3770[]
i=3771[]
i=3772[]
i=3773[]
i=3774[]
i=3775[]
i=3776[]
i=3777[]
i=3778[]
i=3779[]
i=3780[]
i=3781[]
i=3782[]
i=3783[]
i=3784[]
i=3785[]
i=3786[]
i=3787[]
i=3788[]
i=3789[]
i=3790[]
i=3791[]
i=3792[]
i=3793[]
i=3794[]
i=3795[]
i=3796[]
i=3797[]
i=3798[]
i=3799[]
i=3800[]
i=3801[]
i=3802[]
i=3803[]
i=3804[]
i=3805[]
i=3806[]
i=3807[]
i=3808[]
i=3809[]
i=3810[]
i=3811[]
i=3812[]
i=3813[]
i=3814[]
i=3815[]
i=3816[]
i=3817[]
i=3818[]
i=3819[]
i=3820[]
i=3821[]
i=3822[]
i=3823[]
i=3824[]
i=3825[]
i=3826[]
i=3827[]
i=3828[]
i=3829[]
i=3830[]
i=3831[]
i=3832[]
i=3833[]
i=3834[]
i=3835[]
i=3836[]
i=3837[]
i=3838[]
i=3839[]
i=3840[]
i=3841[]
i=3842[]
i=3843[]
i=3844[]
i=3845[]
i=3846[]
i=3847[]
i=3848[]
i=3849[]
i=3850[]
i=3851[]
i=3852[]
i=3853[]
i=3854[]
i=3855[]
i=3856[]
i=3857[]
i=3858[]
i=3859[]
i=3860[]
i=3861[]
i=3862[]
i=3863[]
i=3864[]
i=3865[]
i=3866[]
i=3867[]
i=3868[]
i=3869[]
i=3870[]
i=3871[]
i=3872[]
i=3873[]
i=3874[]
i=3875[]
i=3876[]
i=3877[]
i=3878[]
i=3879[]
i=3880[]
i=3881[]
i=3882[]
i=3883[]
i=3884[]
i=3885[]
i=3886[]
i=3887[]
i=3888[]
i=3889[]
i=3890[]
i=3891[]
i=3892[]
i=3893[]
i=3894[]
i=3895[]
i=3896[]
i=3897[]
i=3898[]
i=3899[]
i=3900[]
i=3901[]
i=3902[]
i=3903[]
i=3904[]
i=3905[]
i=3906[]
i=3907[]
i=3908[]
i=3909[]
i=3910[]
i=3911[]
i=3912[]
i=3913[]
i=3914[]
i=3915[]
i=3916[]
i=3917[]
i=3918[]
i=3919[]
i=3920[]
i=3921[]
i=3922[]
i=3923[]
i=3924[]
i=3925[]
i=3926[]
i=3927[]
i=3928[]
i=3929[]
i=3930[]
i=3931[]
i=3932[]
i=3933[]
i=3934[]
i=3935[]
i=3936[]
i=3937[]
i=3938[]
i=3939[]
i=3940[]
i=3941[]
i=3942[]
i=3943[]
i=3944[]
i=3945[]
i=3946[]
i=3947[]
i=3948[]
i=3949[]
i=3950[]
i=3951[]
i=3952[]
i=3953[]
i=3954[]
i=3955[]
i=3956[]
i=3957[]
i=3958[]
i=3959[]
i=3960[]
i=3961[]
i=3962[]
i=3963[]
i=3964[]
i=3965[]
i=3966[]
i=3967[]
i=3968[]
i=3969[]
i=3970[]
i=3971[]
i=3972[]
i=3973[]
i=3974[]
i=3975[]
i=3976[]
i=3977[]
i=3978[]
i=3979[]
i=3980[]
i=3981[]
i=3982[]
i=3983[]
i=3984[]
i=3985[]
i=3986[]
i=3987[]
i=3988[]
i=3989[]
i=3990[]
i=3991[]
i=3992[]
i=3993[]
i=3994[]
i=3995[]
i=3996[]
i=3997[]
i=3998[]
i=3999[]
]
filename=testimage/orion_5.jpg
convert s/f status=0
iSum status=0
cudaerr=0
Filter status=0
Maxidx8u status=0
totalwidth=3638,4749
diff=-709,-622
Am I now
outboundupper x=2977,y=4654
outboundlower x=709,y=622
newsize=3638,4749
newimage width=3638, height=4749
offsetposition=0,0
eresult=0
newimage width=3638, height=4749
offsetposition=0,0
eresult=0
newimage width=3638, height=4749
offsetposition=0,0
eresult=0
newimage width=3638, height=4749
offsetposition=0,0
eresult=0
newimage width=3638, height=4749
offsetposition=0,0
eresult=0
anothergo0
test
Last test bis
test
3638,4749
filename=testimage/orion_5.jpg
[i=1000[]
i=1001[]
i=1002[]
i=1003[]
i=1004[]
i=1005[]
i=1006[]
i=1007[]
i=1008[]
i=1009[]
i=1010[]
i=1011[]
i=1012[]
i=1013[]
i=1014[]
i=1015[]
i=1016[]
i=1017[]
i=1018[]
i=1019[]
i=1020[]
i=1021[]
i=1022[]
i=1023[]
i=1024[]
i=1025[]
i=1026[]
i=1027[]
i=1028[]
i=1029[]
i=1030[]
i=1031[]
i=1032[]
i=1033[]
i=1034[]
i=1035[]
i=1036[]
i=1037[]
i=1038[]
i=1039[]
i=1040[]
i=1041[]
i=1042[]
i=1043[]
i=1044[]
i=1045[]
i=1046[]
i=1047[]
i=1048[]
i=1049[]
i=1050[]
i=1051[]
i=1052[]
i=1053[]
i=1054[]
i=1055[]
i=1056[]
i=1057[]
i=1058[]
i=1059[]
i=1060[]
i=1061[]
i=1062[]
i=1063[]
i=1064[]
i=1065[]
i=1066[]
i=1067[]
i=1068[]
i=1069[]
i=1070[]
i=1071[]
i=1072[]
i=1073[]
i=1074[]
i=1075[]
i=1076[]
i=1077[]
i=1078[]
i=1079[]
i=1080[]
i=1081[]
i=1082[]
i=1083[]
i=1084[]
i=1085[]
i=1086[]
i=1087[]
i=1088[]
i=1089[]
i=1090[]
i=1091[]
i=1092[]
i=1093[]
i=1094[]
i=1095[]
i=1096[]
i=1097[]
i=1098[]
i=1099[]
i=1100[]
i=1101[]
i=1102[]
i=1103[]
i=1104[]
i=1105[]
i=1106[]
i=1107[]
i=1108[]
i=1109[]
i=1110[]
i=1111[]
i=1112[]
i=1113[]
i=1114[]
i=1115[]
i=1116[]
i=1117[]
i=1118[]
i=1119[]
i=1120[]
i=1121[]
i=1122[]
i=1123[]
i=1124[]
i=1125[]
i=1126[]
i=1127[]
i=1128[]
i=1129[]
i=1130[]
i=1131[]
i=1132[]
i=1133[]
i=1134[]
i=1135[]
i=1136[]
i=1137[]
i=1138[]
i=1139[]
i=1140[]
i=1141[]
i=1142[]
i=1143[]
i=1144[]
i=1145[]
i=1146[]
i=1147[]
i=1148[]
i=1149[]
i=1150[]
i=1151[]
i=1152[]
i=1153[]
i=1154[]
i=1155[]
i=1156[]
i=1157[]
i=1158[]
i=1159[]
i=1160[]
i=1161[]
i=1162[]
i=1163[]
i=1164[]
i=1165[]
i=1166[]
i=1167[]
i=1168[]
i=1169[]
i=1170[]
i=1171[]
i=1172[]
i=1173[]
i=1174[]
i=1175[]
i=1176[]
i=1177[]
i=1178[]
i=1179[]
i=1180[]
i=1181[]
i=1182[]
i=1183[]
i=1184[]
i=1185[]
i=1186[]
i=1187[]
i=1188[]
i=1189[]
i=1190[]
i=1191[]
i=1192[]
i=1193[]
i=1194[]
i=1195[]
i=1196[]
i=1197[]
i=1198[]
i=1199[]
i=1200[]
i=1201[]
i=1202[]
i=1203[]
i=1204[]
i=1205[]
i=1206[]
i=1207[]
i=1208[]
i=1209[]
i=1210[]
i=1211[]
i=1212[]
i=1213[]
i=1214[]
i=1215[]
i=1216[]
i=1217[]
i=1218[]
i=1219[]
i=1220[]
i=1221[]
i=1222[]
i=1223[]
i=1224[]
i=1225[]
i=1226[]
i=1227[]
i=1228[]
i=1229[]
i=1230[]
i=1231[]
i=1232[]
i=1233[]
i=1234[]
i=1235[]
i=1236[]
i=1237[]
i=1238[]
i=1239[]
i=1240[]
i=1241[]
i=1242[]
i=1243[]
i=1244[]
i=1245[]
i=1246[]
i=1247[]
i=1248[]
i=1249[]
i=1250[]
i=1251[]
i=1252[]
i=1253[]
i=1254[]
i=1255[]
i=1256[]
i=1257[]
i=1258[]
i=1259[]
i=1260[]
i=1261[]
i=1262[]
i=1263[]
i=1264[]
i=1265[]
i=1266[]
i=1267[]
i=1268[]
i=1269[]
i=1270[]
i=1271[]
i=1272[]
i=1273[]
i=1274[]
i=1275[]
i=1276[]
i=1277[]
i=1278[]
i=1279[]
i=1280[]
i=1281[]
i=1282[]
i=1283[]
i=1284[]
i=1285[]
i=1286[]
i=1287[]
i=1288[]
i=1289[]
i=1290[]
i=1291[]
i=1292[]
i=1293[]
i=1294[]
i=1295[]
i=1296[]
i=1297[]
i=1298[]
i=1299[]
i=1300[]
i=1301[]
i=1302[]
i=1303[]
i=1304[]
i=1305[]
i=1306[]
i=1307[]
i=1308[]
i=1309[]
i=1310[]
i=1311[]
i=1312[]
i=1313[]
i=1314[]
i=1315[]
i=1316[]
i=1317[]
i=1318[]
i=1319[]
i=1320[]
i=1321[]
i=1322[]
i=1323[]
i=1324[]
i=1325[]
i=1326[]
i=1327[]
i=1328[]
i=1329[]
i=1330[]
i=1331[]
i=1332[]
i=1333[]
i=1334[]
i=1335[]
i=1336[]
i=1337[]
i=1338[]
i=1339[]
i=1340[]
i=1341[]
i=1342[]
i=1343[]
i=1344[]
i=1345[]
i=1346[]
i=1347[]
i=1348[]
i=1349[]
i=1350[]
i=1351[]
i=1352[]
i=1353[]
i=1354[]
i=1355[]
i=1356[]
i=1357[]
i=1358[]
i=1359[]
i=1360[]
i=1361[]
i=1362[]
i=1363[]
i=1364[]
i=1365[]
i=1366[]
i=1367[]
i=1368[]
i=1369[]
i=1370[]
i=1371[]
i=1372[]
i=1373[]
i=1374[]
i=1375[]
i=1376[]
i=1377[]
i=1378[]
i=1379[]
i=1380[]
i=1381[]
i=1382[]
i=1383[]
i=1384[]
i=1385[]
i=1386[]
i=1387[]
i=1388[]
i=1389[]
i=1390[]
i=1391[]
i=1392[]
i=1393[]
i=1394[]
i=1395[]
i=1396[]
i=1397[]
i=1398[]
i=1399[]
i=1400[]
i=1401[]
i=1402[]
i=1403[]
i=1404[]
i=1405[]
i=1406[]
i=1407[]
i=1408[]
i=1409[]
i=1410[]
i=1411[]
i=1412[]
i=1413[]
i=1414[]
i=1415[]
i=1416[]
i=1417[]
i=1418[]
i=1419[]
i=1420[]
i=1421[]
i=1422[]
i=1423[]
i=1424[]
i=1425[]
i=1426[]
i=1427[]
i=1428[]
i=1429[]
i=1430[]
i=1431[]
i=1432[]
i=1433[]
i=1434[]
i=1435[]
i=1436[]
i=1437[]
i=1438[]
i=1439[]
i=1440[]
i=1441[]
i=1442[]
i=1443[]
i=1444[]
i=1445[]
i=1446[]
i=1447[]
i=1448[]
i=1449[]
i=1450[]
i=1451[]
i=1452[]
i=1453[]
i=1454[]
i=1455[]
i=1456[]
i=1457[]
i=1458[]
i=1459[]
i=1460[]
i=1461[]
i=1462[]
i=1463[]
i=1464[]
i=1465[]
i=1466[]
i=1467[]
i=1468[]
i=1469[]
i=1470[]
i=1471[]
i=1472[]
i=1473[]
i=1474[]
i=1475[]
i=1476[]
i=1477[]
i=1478[]
i=1479[]
i=1480[]
i=1481[]
i=1482[]
i=1483[]
i=1484[]
i=1485[]
i=1486[]
i=1487[]
i=1488[]
i=1489[]
i=1490[]
i=1491[]
i=1492[]
i=1493[]
i=1494[]
i=1495[]
i=1496[]
i=1497[]
i=1498[]
i=1499[]
i=1500[]
i=1501[]
i=1502[]
i=1503[]
i=1504[]
i=1505[]
i=1506[]
i=1507[]
i=1508[]
i=1509[]
i=1510[]
i=1511[]
i=1512[]
i=1513[]
i=1514[]
i=1515[]
i=1516[]
i=1517[]
i=1518[]
i=1519[]
i=1520[]
i=1521[]
i=1522[]
i=1523[]
i=1524[]
i=1525[]
i=1526[]
i=1527[]
i=1528[]
i=1529[]
i=1530[]
i=1531[]
i=1532[]
i=1533[]
i=1534[]
i=1535[]
i=1536[]
i=1537[]
i=1538[]
i=1539[]
i=1540[]
i=1541[]
i=1542[]
i=1543[]
i=1544[]
i=1545[]
i=1546[]
i=1547[]
i=1548[]
i=1549[]
i=1550[]
i=1551[]
i=1552[]
i=1553[]
i=1554[]
i=1555[]
i=1556[]
i=1557[]
i=1558[]
i=1559[]
i=1560[]
i=1561[]
i=1562[]
i=1563[]
i=1564[]
i=1565[]
i=1566[]
i=1567[]
i=1568[]
i=1569[]
i=1570[]
i=1571[]
i=1572[]
i=1573[]
i=1574[]
i=1575[]
i=1576[]
i=1577[]
i=1578[]
i=1579[]
i=1580[]
i=1581[]
i=1582[]
i=1583[]
i=1584[]
i=1585[]
i=1586[]
i=1587[]
i=1588[]
i=1589[]
i=1590[]
i=1591[]
i=1592[]
i=1593[]
i=1594[]
i=1595[]
i=1596[]
i=1597[]
i=1598[]
i=1599[]
i=1600[]
i=1601[]
i=1602[]
i=1603[]
i=1604[]
i=1605[]
i=1606[]
i=1607[]
i=1608[]
i=1609[]
i=1610[]
i=1611[]
i=1612[]
i=1613[]
i=1614[]
i=1615[]
i=1616[]
i=1617[]
i=1618[]
i=1619[]
i=1620[]
i=1621[]
i=1622[]
i=1623[]
i=1624[]
i=1625[]
i=1626[]
i=1627[]
i=1628[]
i=1629[]
i=1630[]
i=1631[]
i=1632[]
i=1633[]
i=1634[]
i=1635[]
i=1636[]
i=1637[]
i=1638[]
i=1639[]
i=1640[]
i=1641[]
i=1642[]
i=1643[]
i=1644[]
i=1645[]
i=1646[]
i=1647[]
i=1648[]
i=1649[]
i=1650[]
i=1651[]
i=1652[]
i=1653[]
i=1654[]
i=1655[]
i=1656[]
i=1657[]
i=1658[]
i=1659[]
i=1660[]
i=1661[]
i=1662[]
i=1663[]
i=1664[]
i=1665[]
i=1666[]
i=1667[]
i=1668[]
i=1669[]
i=1670[]
i=1671[]
i=1672[]
i=1673[]
i=1674[]
i=1675[]
i=1676[]
i=1677[]
i=1678[]
i=1679[]
i=1680[]
i=1681[]
i=1682[]
i=1683[]
i=1684[]
i=1685[]
i=1686[]
i=1687[]
i=1688[]
i=1689[]
i=1690[]
i=1691[]
i=1692[]
i=1693[]
i=1694[]
i=1695[]
i=1696[]
i=1697[]
i=1698[]
i=1699[]
i=1700[]
i=1701[]
i=1702[]
i=1703[]
i=1704[]
i=1705[]
i=1706[]
i=1707[]
i=1708[]
i=1709[]
i=1710[]
i=1711[]
i=1712[]
i=1713[]
i=1714[]
i=1715[]
i=1716[]
i=1717[]
i=1718[]
i=1719[]
i=1720[]
i=1721[]
i=1722[]
i=1723[]
i=1724[]
i=1725[]
i=1726[]
i=1727[]
i=1728[]
i=1729[]
i=1730[]
i=1731[]
i=1732[]
i=1733[]
i=1734[]
i=1735[]
i=1736[]
i=1737[]
i=1738[]
i=1739[]
i=1740[]
i=1741[]
i=1742[]
i=1743[]
i=1744[]
i=1745[]
i=1746[]
i=1747[]
i=1748[]
i=1749[]
i=1750[]
i=1751[]
i=1752[]
i=1753[]
i=1754[]
i=1755[]
i=1756[]
i=1757[]
i=1758[]
i=1759[]
i=1760[]
i=1761[]
i=1762[]
i=1763[]
i=1764[]
i=1765[]
i=1766[]
i=1767[]
i=1768[]
i=1769[]
i=1770[]
i=1771[]
i=1772[]
i=1773[]
i=1774[]
i=1775[]
i=1776[]
i=1777[]
i=1778[]
i=1779[]
i=1780[]
i=1781[]
i=1782[]
i=1783[]
i=1784[]
i=1785[]
i=1786[]
i=1787[]
i=1788[]
i=1789[]
i=1790[]
i=1791[]
i=1792[]
i=1793[]
i=1794[]
i=1795[]
i=1796[]
i=1797[]
i=1798[]
i=1799[]
i=1800[]
i=1801[]
i=1802[]
i=1803[]
i=1804[]
i=1805[]
i=1806[]
i=1807[]
i=1808[]
i=1809[]
i=1810[]
i=1811[]
i=1812[]
i=1813[]
i=1814[]
i=1815[]
i=1816[]
i=1817[]
i=1818[]
i=1819[]
i=1820[]
i=1821[]
i=1822[]
i=1823[]
i=1824[]
i=1825[]
i=1826[]
i=1827[]
i=1828[]
i=1829[]
i=1830[]
i=1831[]
i=1832[]
i=1833[]
i=1834[]
i=1835[]
i=1836[]
i=1837[]
i=1838[]
i=1839[]
i=1840[]
i=1841[]
i=1842[]
i=1843[]
i=1844[]
i=1845[]
i=1846[]
i=1847[]
i=1848[]
i=1849[]
i=1850[]
i=1851[]
i=1852[]
i=1853[]
i=1854[]
i=1855[]
i=1856[]
i=1857[]
i=1858[]
i=1859[]
i=1860[]
i=1861[]
i=1862[]
i=1863[]
i=1864[]
i=1865[]
i=1866[]
i=1867[]
i=1868[]
i=1869[]
i=1870[]
i=1871[]
i=1872[]
i=1873[]
i=1874[]
i=1875[]
i=1876[]
i=1877[]
i=1878[]
i=1879[]
i=1880[]
i=1881[]
i=1882[]
i=1883[]
i=1884[]
i=1885[]
i=1886[]
i=1887[]
i=1888[]
i=1889[]
i=1890[]
i=1891[]
i=1892[]
i=1893[]
i=1894[]
i=1895[]
i=1896[]
i=1897[]
i=1898[]
i=1899[]
i=1900[]
i=1901[]
i=1902[]
i=1903[]
i=1904[]
i=1905[]
i=1906[]
i=1907[]
i=1908[]
i=1909[]
i=1910[]
i=1911[]
i=1912[]
i=1913[]
i=1914[]
i=1915[]
i=1916[]
i=1917[]
i=1918[]
i=1919[]
i=1920[]
i=1921[]
i=1922[]
i=1923[]
i=1924[]
i=1925[]
i=1926[]
i=1927[]
i=1928[]
i=1929[]
i=1930[]
i=1931[]
i=1932[]
i=1933[]
i=1934[]
i=1935[]
i=1936[]
i=1937[]
i=1938[]
i=1939[]
i=1940[]
i=1941[]
i=1942[]
i=1943[]
i=1944[]
i=1945[]
i=1946[]
i=1947[]
i=1948[]
i=1949[]
i=1950[]
i=1951[]
i=1952[]
i=1953[]
i=1954[]
i=1955[]
i=1956[]
i=1957[]
i=1958[]
i=1959[]
i=1960[]
i=1961[]
i=1962[]
i=1963[]
i=1964[]
i=1965[]
i=1966[]
i=1967[]
i=1968[]
i=1969[]
i=1970[]
i=1971[]
i=1972[]
i=1973[]
i=1974[]
i=1975[]
i=1976[]
i=1977[]
i=1978[]
i=1979[]
i=1980[]
i=1981[]
i=1982[]
i=1983[]
i=1984[]
i=1985[]
i=1986[]
i=1987[]
i=1988[]
i=1989[]
i=1990[]
i=1991[]
i=1992[]
i=1993[]
i=1994[]
i=1995[]
i=1996[]
i=1997[]
i=1998[]
i=1999[]
i=2000[]
i=2001[]
i=2002[]
i=2003[]
i=2004[]
i=2005[]
i=2006[]
i=2007[]
i=2008[]
i=2009[]
i=2010[]
i=2011[]
i=2012[]
i=2013[]
i=2014[]
i=2015[]
i=2016[]
i=2017[]
i=2018[]
i=2019[]
i=2020[]
i=2021[]
i=2022[]
i=2023[]
i=2024[]
i=2025[]
i=2026[]
i=2027[]
i=2028[]
i=2029[]
i=2030[]
i=2031[]
i=2032[]
i=2033[]
i=2034[]
i=2035[]
i=2036[]
i=2037[]
i=2038[]
i=2039[]
i=2040[]
i=2041[]
i=2042[]
i=2043[]
i=2044[]
i=2045[]
i=2046[]
i=2047[]
i=2048[]
i=2049[]
i=2050[]
i=2051[]
i=2052[]
i=2053[]
i=2054[]
i=2055[]
i=2056[]
i=2057[]
i=2058[]
i=2059[]
i=2060[]
i=2061[]
i=2062[]
i=2063[]
i=2064[]
i=2065[]
i=2066[]
i=2067[]
i=2068[]
i=2069[]
i=2070[]
i=2071[]
i=2072[]
i=2073[]
i=2074[]
i=2075[]
i=2076[]
i=2077[]
i=2078[]
i=2079[]
i=2080[]
i=2081[]
i=2082[]
i=2083[]
i=2084[]
i=2085[]
i=2086[]
i=2087[]
i=2088[]
i=2089[]
i=2090[]
i=2091[]
i=2092[]
i=2093[]
i=2094[]
i=2095[]
i=2096[]
i=2097[]
i=2098[]
i=2099[]
i=2100[]
i=2101[]
i=2102[]
i=2103[]
i=2104[]
i=2105[]
i=2106[]
i=2107[]
i=2108[]
i=2109[]
i=2110[]
i=2111[]
i=2112[]
i=2113[]
i=2114[]
i=2115[]
i=2116[]
i=2117[]
i=2118[]
i=2119[]
i=2120[]
i=2121[]
i=2122[]
i=2123[]
i=2124[]
i=2125[]
i=2126[]
i=2127[]
i=2128[]
i=2129[]
i=2130[]
i=2131[]
i=2132[]
i=2133[]
i=2134[]
i=2135[]
i=2136[]
i=2137[]
i=2138[]
i=2139[]
i=2140[]
i=2141[]
i=2142[]
i=2143[]
i=2144[]
i=2145[]
i=2146[]
i=2147[]
i=2148[]
i=2149[]
i=2150[]
i=2151[]
i=2152[]
i=2153[]
i=2154[]
i=2155[]
i=2156[]
i=2157[]
i=2158[]
i=2159[]
i=2160[]
i=2161[]
i=2162[]
i=2163[]
i=2164[]
i=2165[]
i=2166[]
i=2167[]
i=2168[]
i=2169[]
i=2170[]
i=2171[]
i=2172[]
i=2173[]
i=2174[]
i=2175[]
i=2176[]
i=2177[]
i=2178[]
i=2179[]
i=2180[]
i=2181[]
i=2182[]
i=2183[]
i=2184[]
i=2185[]
i=2186[]
i=2187[]
i=2188[]
i=2189[]
i=2190[]
i=2191[]
i=2192[]
i=2193[]
i=2194[]
i=2195[]
i=2196[]
i=2197[]
i=2198[]
i=2199[]
i=2200[]
i=2201[]
i=2202[]
i=2203[]
i=2204[]
i=2205[]
i=2206[]
i=2207[]
i=2208[]
i=2209[]
i=2210[]
i=2211[]
i=2212[]
i=2213[]
i=2214[]
i=2215[]
i=2216[]
i=2217[]
i=2218[]
i=2219[]
i=2220[]
i=2221[]
i=2222[]
i=2223[]
i=2224[]
i=2225[]
i=2226[]
i=2227[]
i=2228[]
i=2229[]
i=2230[]
i=2231[]
i=2232[]
i=2233[]
i=2234[]
i=2235[]
i=2236[]
i=2237[]
i=2238[]
i=2239[]
i=2240[]
i=2241[]
i=2242[]
i=2243[]
i=2244[]
i=2245[]
i=2246[]
i=2247[]
i=2248[]
i=2249[]
i=2250[]
i=2251[]
i=2252[]
i=2253[]
i=2254[]
i=2255[]
i=2256[]
i=2257[]
i=2258[]
i=2259[]
i=2260[]
i=2261[]
i=2262[]
i=2263[]
i=2264[]
i=2265[]
i=2266[]
i=2267[]
i=2268[]
i=2269[]
i=2270[]
i=2271[]
i=2272[]
i=2273[]
i=2274[]
i=2275[]
i=2276[]
i=2277[]
i=2278[]
i=2279[]
i=2280[]
i=2281[]
i=2282[]
i=2283[]
i=2284[]
i=2285[]
i=2286[]
i=2287[]
i=2288[]
i=2289[]
i=2290[]
i=2291[]
i=2292[]
i=2293[]
i=2294[]
i=2295[]
i=2296[]
i=2297[]
i=2298[]
i=2299[]
i=2300[]
i=2301[]
i=2302[]
i=2303[]
i=2304[]
i=2305[]
i=2306[]
i=2307[]
i=2308[]
i=2309[]
i=2310[]
i=2311[]
i=2312[]
i=2313[]
i=2314[]
i=2315[]
i=2316[]
i=2317[]
i=2318[]
i=2319[]
i=2320[]
i=2321[]
i=2322[]
i=2323[]
i=2324[]
i=2325[]
i=2326[]
i=2327[]
i=2328[]
i=2329[]
i=2330[]
i=2331[]
i=2332[]
i=2333[]
i=2334[]
i=2335[]
i=2336[]
i=2337[]
i=2338[]
i=2339[]
i=2340[]
i=2341[]
i=2342[]
i=2343[]
i=2344[]
i=2345[]
i=2346[]
i=2347[]
i=2348[]
i=2349[]
i=2350[]
i=2351[]
i=2352[]
i=2353[]
i=2354[]
i=2355[]
i=2356[]
i=2357[]
i=2358[]
i=2359[]
i=2360[]
i=2361[]
i=2362[]
i=2363[]
i=2364[]
i=2365[]
i=2366[]
i=2367[]
i=2368[]
i=2369[]
i=2370[]
i=2371[]
i=2372[]
i=2373[]
i=2374[]
i=2375[]
i=2376[]
i=2377[]
i=2378[]
i=2379[]
i=2380[]
i=2381[]
i=2382[]
i=2383[]
i=2384[]
i=2385[]
i=2386[]
i=2387[]
i=2388[]
i=2389[]
i=2390[]
i=2391[]
i=2392[]
i=2393[]
i=2394[]
i=2395[]
i=2396[]
i=2397[]
i=2398[]
i=2399[]
i=2400[]
i=2401[]
i=2402[]
i=2403[]
i=2404[]
i=2405[]
i=2406[]
i=2407[]
i=2408[]
i=2409[]
i=2410[]
i=2411[]
i=2412[]
i=2413[]
i=2414[]
i=2415[]
i=2416[]
i=2417[]
i=2418[]
i=2419[]
i=2420[]
i=2421[]
i=2422[]
i=2423[]
i=2424[]
i=2425[]
i=2426[]
i=2427[]
i=2428[]
i=2429[]
i=2430[]
i=2431[]
i=2432[]
i=2433[]
i=2434[]
i=2435[]
i=2436[]
i=2437[]
i=2438[]
i=2439[]
i=2440[]
i=2441[]
i=2442[]
i=2443[]
i=2444[]
i=2445[]
i=2446[]
i=2447[]
i=2448[]
i=2449[]
i=2450[]
i=2451[]
i=2452[]
i=2453[]
i=2454[]
i=2455[]
i=2456[]
i=2457[]
i=2458[]
i=2459[]
i=2460[]
i=2461[]
i=2462[]
i=2463[]
i=2464[]
i=2465[]
i=2466[]
i=2467[]
i=2468[]
i=2469[]
i=2470[]
i=2471[]
i=2472[]
i=2473[]
i=2474[]
i=2475[]
i=2476[]
i=2477[]
i=2478[]
i=2479[]
i=2480[]
i=2481[]
i=2482[]
i=2483[]
i=2484[]
i=2485[]
i=2486[]
i=2487[]
i=2488[]
i=2489[]
i=2490[]
i=2491[]
i=2492[]
i=2493[]
i=2494[]
i=2495[]
i=2496[]
i=2497[]
i=2498[]
i=2499[]
i=2500[]
i=2501[]
i=2502[]
i=2503[]
i=2504[]
i=2505[]
i=2506[]
i=2507[]
i=2508[]
i=2509[]
i=2510[]
i=2511[]
i=2512[]
i=2513[]
i=2514[]
i=2515[]
i=2516[]
i=2517[]
i=2518[]
i=2519[]
i=2520[]
i=2521[]
i=2522[]
i=2523[]
i=2524[]
i=2525[]
i=2526[]
i=2527[]
i=2528[]
i=2529[]
i=2530[]
i=2531[]
i=2532[]
i=2533[]
i=2534[]
i=2535[]
i=2536[]
i=2537[]
i=2538[]
i=2539[]
i=2540[]
i=2541[]
i=2542[]
i=2543[]
i=2544[]
i=2545[]
i=2546[]
i=2547[]
i=2548[]
i=2549[]
i=2550[]
i=2551[]
i=2552[]
i=2553[]
i=2554[]
i=2555[]
i=2556[]
i=2557[]
i=2558[]
i=2559[]
i=2560[]
i=2561[]
i=2562[]
i=2563[]
i=2564[]
i=2565[]
i=2566[]
i=2567[]
i=2568[]
i=2569[]
i=2570[]
i=2571[]
i=2572[]
i=2573[]
i=2574[]
i=2575[]
i=2576[]
i=2577[]
i=2578[]
i=2579[]
i=2580[]
i=2581[]
i=2582[]
i=2583[]
i=2584[]
i=2585[]
i=2586[]
i=2587[]
i=2588[]
i=2589[]
i=2590[]
i=2591[]
i=2592[]
i=2593[]
i=2594[]
i=2595[]
i=2596[]
i=2597[]
i=2598[]
i=2599[]
i=2600[]
i=2601[]
i=2602[]
i=2603[]
i=2604[]
i=2605[]
i=2606[]
i=2607[]
i=2608[]
i=2609[]
i=2610[]
i=2611[]
i=2612[]
i=2613[]
i=2614[]
i=2615[]
i=2616[]
i=2617[]
i=2618[]
i=2619[]
i=2620[]
i=2621[]
i=2622[]
i=2623[]
i=2624[]
i=2625[]
i=2626[]
i=2627[]
i=2628[]
i=2629[]
i=2630[]
i=2631[]
i=2632[]
i=2633[]
i=2634[]
i=2635[]
i=2636[]
i=2637[]
i=2638[]
i=2639[]
i=2640[]
i=2641[]
i=2642[]
i=2643[]
i=2644[]
i=2645[]
i=2646[]
i=2647[]
i=2648[]
i=2649[]
i=2650[]
i=2651[]
i=2652[]
i=2653[]
i=2654[]
i=2655[]
i=2656[]
i=2657[]
i=2658[]
i=2659[]
i=2660[]
i=2661[]
i=2662[]
i=2663[]
i=2664[]
i=2665[]
i=2666[]
i=2667[]
i=2668[]
i=2669[]
i=2670[]
i=2671[]
i=2672[]
i=2673[]
i=2674[]
i=2675[]
i=2676[]
i=2677[]
i=2678[]
i=2679[]
i=2680[]
i=2681[]
i=2682[]
i=2683[]
i=2684[]
i=2685[]
i=2686[]
i=2687[]
i=2688[]
i=2689[]
i=2690[]
i=2691[]
i=2692[]
i=2693[]
i=2694[]
i=2695[]
i=2696[]
i=2697[]
i=2698[]
i=2699[]
i=2700[]
i=2701[]
i=2702[]
i=2703[]
i=2704[]
i=2705[]
i=2706[]
i=2707[]
i=2708[]
i=2709[]
i=2710[]
i=2711[]
i=2712[]
i=2713[]
i=2714[]
i=2715[]
i=2716[]
i=2717[]
i=2718[]
i=2719[]
i=2720[]
i=2721[]
i=2722[]
i=2723[]
i=2724[]
i=2725[]
i=2726[]
i=2727[]
i=2728[]
i=2729[]
i=2730[]
i=2731[]
i=2732[]
i=2733[]
i=2734[]
i=2735[]
i=2736[]
i=2737[]
i=2738[]
i=2739[]
i=2740[]
i=2741[]
i=2742[]
i=2743[]
i=2744[]
i=2745[]
i=2746[]
i=2747[]
i=2748[]
i=2749[]
i=2750[]
i=2751[]
i=2752[]
i=2753[]
i=2754[]
i=2755[]
i=2756[]
i=2757[]
i=2758[]
i=2759[]
i=2760[]
i=2761[]
i=2762[]
i=2763[]
i=2764[]
i=2765[]
i=2766[]
i=2767[]
i=2768[]
i=2769[]
i=2770[]
i=2771[]
i=2772[]
i=2773[]
i=2774[]
i=2775[]
i=2776[]
i=2777[]
i=2778[]
i=2779[]
i=2780[]
i=2781[]
i=2782[]
i=2783[]
i=2784[]
i=2785[]
i=2786[]
i=2787[]
i=2788[]
i=2789[]
i=2790[]
i=2791[]
i=2792[]
i=2793[]
i=2794[]
i=2795[]
i=2796[]
i=2797[]
i=2798[]
i=2799[]
i=2800[]
i=2801[]
i=2802[]
i=2803[]
i=2804[]
i=2805[]
i=2806[]
i=2807[]
i=2808[]
i=2809[]
i=2810[]
i=2811[]
i=2812[]
i=2813[]
i=2814[]
i=2815[]
i=2816[]
i=2817[]
i=2818[]
i=2819[]
i=2820[]
i=2821[]
i=2822[]
i=2823[]
i=2824[]
i=2825[]
i=2826[]
i=2827[]
i=2828[]
i=2829[]
i=2830[]
i=2831[]
i=2832[]
i=2833[]
i=2834[]
i=2835[]
i=2836[]
i=2837[]
i=2838[]
i=2839[]
i=2840[]
i=2841[]
i=2842[]
i=2843[]
i=2844[]
i=2845[]
i=2846[]
i=2847[]
i=2848[]
i=2849[]
i=2850[]
i=2851[]
i=2852[]
i=2853[]
i=2854[]
i=2855[]
i=2856[]
i=2857[]
i=2858[]
i=2859[]
i=2860[]
i=2861[]
i=2862[]
i=2863[]
i=2864[]
i=2865[]
i=2866[]
i=2867[]
i=2868[]
i=2869[]
i=2870[]
i=2871[]
i=2872[]
i=2873[]
i=2874[]
i=2875[]
i=2876[]
i=2877[]
i=2878[]
i=2879[]
i=2880[]
i=2881[]
i=2882[128,160,]
i=2883[]
i=2884[]
i=2885[]
i=2886[128,128,128,128,]
i=2887[]
i=2888[]
i=2889[]
i=2890[]
i=2891[]
i=2892[]
i=2893[]
i=2894[]
i=2895[]
i=2896[]
i=2897[]
i=2898[128,]
i=2899[]
i=2900[]
i=2901[]
i=2902[128,128,]
i=2903[]
i=2904[]
i=2905[]
i=2906[128,]
i=2907[]
i=2908[]
i=2909[]
i=2910[]
i=2911[]
i=2912[]
i=2913[]
i=2914[]
i=2915[]
i=2916[]
i=2917[]
i=2918[]
i=2919[]
i=2920[]
i=2921[]
i=2922[]
i=2923[]
i=2924[]
i=2925[]
i=2926[]
i=2927[]
i=2928[]
i=2929[]
i=2930[]
i=2931[]
i=2932[]
i=2933[]
i=2934[]
i=2935[]
i=2936[]
i=2937[]
i=2938[]
i=2939[]
i=2940[]
i=2941[]
i=2942[]
i=2943[]
i=2944[]
i=2945[]
i=2946[]
i=2947[]
i=2948[]
i=2949[]
i=2950[]
i=2951[]
i=2952[]
i=2953[]
i=2954[]
i=2955[]
i=2956[]
i=2957[]
i=2958[]
i=2959[]
i=2960[]
i=2961[]
i=2962[]
i=2963[]
i=2964[]
i=2965[]
i=2966[]
i=2967[]
i=2968[]
i=2969[]
i=2970[]
i=2971[]
i=2972[]
i=2973[]
i=2974[]
i=2975[]
i=2976[]
i=2977[]
i=2978[]
i=2979[]
i=2980[]
i=2981[]
i=2982[]
i=2983[]
i=2984[]
i=2985[]
i=2986[]
i=2987[]
i=2988[]
i=2989[]
i=2990[]
i=2991[]
i=2992[]
i=2993[]
i=2994[]
i=2995[]
i=2996[]
i=2997[]
i=2998[]
i=2999[]
i=3000[]
i=3001[]
i=3002[]
i=3003[]
i=3004[]
i=3005[]
i=3006[]
i=3007[]
i=3008[]
i=3009[]
i=3010[]
i=3011[]
i=3012[]
i=3013[]
i=3014[]
i=3015[]
i=3016[]
i=3017[128,]
i=3018[]
i=3019[]
i=3020[]
i=3021[]
i=3022[]
i=3023[]
i=3024[]
i=3025[128,128,]
i=3026[]
i=3027[]
i=3028[]
i=3029[128,128,128,]
i=3030[]
i=3031[]
i=3032[]
i=3033[128,128,]
i=3034[]
i=3035[]
i=3036[]
i=3037[128,128,]
i=3038[]
i=3039[]
i=3040[]
i=3041[128,128,112,144,]
i=3042[]
i=3043[]
i=3044[]
i=3045[192,176,184,]
i=3046[]
i=3047[]
i=3048[]
i=3049[]
i=3050[]
i=3051[]
i=3052[]
i=3053[]
i=3054[]
i=3055[]
i=3056[]
i=3057[]
i=3058[]
i=3059[]
i=3060[]
i=3061[]
i=3062[]
i=3063[]
i=3064[]
i=3065[128,128,128,]
i=3066[]
i=3067[]
i=3068[]
i=3069[128,128,128,]
i=3070[]
i=3071[]
i=3072[]
i=3073[128,128,]
i=3074[]
i=3075[]
i=3076[]
i=3077[]
i=3078[]
i=3079[]
i=3080[]
i=3081[]
i=3082[]
i=3083[]
i=3084[]
i=3085[]
i=3086[]
i=3087[]
i=3088[]
i=3089[]
i=3090[]
i=3091[]
i=3092[]
i=3093[]
i=3094[]
i=3095[]
i=3096[]
i=3097[]
i=3098[]
i=3099[]
i=3100[]
i=3101[]
i=3102[]
i=3103[]
i=3104[]
i=3105[]
i=3106[]
i=3107[]
i=3108[]
i=3109[]
i=3110[]
i=3111[]
i=3112[]
i=3113[]
i=3114[]
i=3115[]
i=3116[]
i=3117[]
i=3118[]
i=3119[]
i=3120[]
i=3121[]
i=3122[]
i=3123[]
i=3124[]
i=3125[]
i=3126[]
i=3127[]
i=3128[]
i=3129[]
i=3130[]
i=3131[]
i=3132[]
i=3133[]
i=3134[]
i=3135[]
i=3136[]
i=3137[]
i=3138[]
i=3139[]
i=3140[]
i=3141[]
i=3142[]
i=3143[]
i=3144[]
i=3145[]
i=3146[]
i=3147[]
i=3148[]
i=3149[]
i=3150[]
i=3151[]
i=3152[]
i=3153[]
i=3154[]
i=3155[]
i=3156[]
i=3157[]
i=3158[]
i=3159[]
i=3160[]
i=3161[]
i=3162[]
i=3163[]
i=3164[]
i=3165[]
i=3166[]
i=3167[]
i=3168[]
i=3169[]
i=3170[]
i=3171[]
i=3172[]
i=3173[]
i=3174[]
i=3175[]
i=3176[]
i=3177[]
i=3178[]
i=3179[]
i=3180[]
i=3181[]
i=3182[]
i=3183[]
i=3184[]
i=3185[]
i=3186[]
i=3187[]
i=3188[]
i=3189[]
i=3190[]
i=3191[]
i=3192[]
i=3193[]
i=3194[]
i=3195[]
i=3196[]
i=3197[]
i=3198[]
i=3199[]
i=3200[]
i=3201[]
i=3202[]
i=3203[]
i=3204[]
i=3205[]
i=3206[]
i=3207[]
i=3208[]
i=3209[]
i=3210[]
i=3211[]
i=3212[]
i=3213[]
i=3214[]
i=3215[]
i=3216[]
i=3217[]
i=3218[]
i=3219[]
i=3220[]
i=3221[]
i=3222[]
i=3223[]
i=3224[]
i=3225[]
i=3226[]
i=3227[]
i=3228[]
i=3229[]
i=3230[]
i=3231[]
i=3232[]
i=3233[]
i=3234[]
i=3235[]
i=3236[]
i=3237[]
i=3238[]
i=3239[]
i=3240[]
i=3241[]
i=3242[]
i=3243[]
i=3244[]
i=3245[]
i=3246[]
i=3247[]
i=3248[]
i=3249[128,128,]
i=3250[]
i=3251[]
i=3252[]
i=3253[]
i=3254[]
i=3255[]
i=3256[]
i=3257[128,128,]
i=3258[]
i=3259[]
i=3260[]
i=3261[128,128,144,]
i=3262[]
i=3263[]
i=3264[]
i=3265[128,200,]
i=3266[]
i=3267[]
i=3268[]
i=3269[]
i=3270[]
i=3271[]
i=3272[]
i=3273[]
i=3274[]
i=3275[]
i=3276[]
i=3277[]
i=3278[]
i=3279[]
i=3280[]
i=3281[]
i=3282[]
i=3283[]
i=3284[]
i=3285[]
i=3286[]
i=3287[]
i=3288[]
i=3289[]
i=3290[]
i=3291[]
i=3292[]
i=3293[]
i=3294[]
i=3295[]
i=3296[]
i=3297[]
i=3298[]
i=3299[]
i=3300[]
i=3301[]
i=3302[]
i=3303[]
i=3304[]
i=3305[]
i=3306[]
i=3307[]
i=3308[]
i=3309[]
i=3310[]
i=3311[]
i=3312[]
i=3313[]
i=3314[]
i=3315[]
i=3316[]
i=3317[]
i=3318[]
i=3319[]
i=3320[]
i=3321[]
i=3322[]
i=3323[]
i=3324[]
i=3325[]
i=3326[]
i=3327[]
i=3328[]
i=3329[]
i=3330[]
i=3331[]
i=3332[]
i=3333[]
i=3334[]
i=3335[]
i=3336[]
i=3337[]
i=3338[]
i=3339[]
i=3340[]
i=3341[128,]
i=3342[]
i=3343[]
i=3344[]
i=3345[128,128,]
i=3346[]
i=3347[]
i=3348[]
i=3349[128,128,]
i=3350[]
i=3351[]
i=3352[]
i=3353[128,]
i=3354[]
i=3355[]
i=3356[]
i=3357[128,128,]
i=3358[]
i=3359[]
i=3360[]
i=3361[224,224,]
i=3362[]
i=3363[]
i=3364[]
i=3365[]
i=3366[]
i=3367[]
i=3368[]
i=3369[]
i=3370[]
i=3371[]
i=3372[]
i=3373[]
i=3374[]
i=3375[]
i=3376[]
i=3377[]
i=3378[]
i=3379[]
i=3380[]
i=3381[]
i=3382[]
i=3383[]
i=3384[]
i=3385[]
i=3386[]
i=3387[]
i=3388[]
i=3389[]
i=3390[]
i=3391[]
i=3392[]
i=3393[]
i=3394[]
i=3395[]
i=3396[]
i=3397[]
i=3398[]
i=3399[]
i=3400[]
i=3401[]
i=3402[]
i=3403[]
i=3404[]
i=3405[]
i=3406[]
i=3407[]
i=3408[]
i=3409[]
i=3410[]
i=3411[]
i=3412[]
i=3413[]
i=3414[]
i=3415[]
i=3416[]
i=3417[160,160,144,]
i=3418[]
i=3419[]
i=3420[]
i=3421[128,128,128,]
i=3422[]
i=3423[]
i=3424[]
i=3425[128,]
i=3426[]
i=3427[]
i=3428[]
i=3429[128,]
i=3430[]
i=3431[]
i=3432[]
i=3433[128,128,128,]
i=3434[]
i=3435[]
i=3436[]
i=3437[128,128,128,]
i=3438[]
i=3439[]
i=3440[]
i=3441[128,]
i=3442[]
i=3443[]
i=3444[]
i=3445[128,]
i=3446[]
i=3447[]
i=3448[]
i=3449[]
i=3450[]
i=3451[]
i=3452[]
i=3453[]
i=3454[]
i=3455[]
i=3456[]
i=3457[]
i=3458[]
i=3459[]
i=3460[]
i=3461[]
i=3462[]
i=3463[]
i=3464[]
i=3465[]
i=3466[]
i=3467[]
i=3468[]
i=3469[]
i=3470[]
i=3471[]
i=3472[]
i=3473[]
i=3474[]
i=3475[]
i=3476[]
i=3477[]
i=3478[]
i=3479[]
i=3480[]
i=3481[]
i=3482[]
i=3483[]
i=3484[]
i=3485[]
i=3486[]
i=3487[]
i=3488[]
i=3489[]
i=3490[]
i=3491[]
i=3492[]
i=3493[]
i=3494[]
i=3495[]
i=3496[]
i=3497[]
i=3498[]
i=3499[]
i=3500[]
i=3501[]
i=3502[]
i=3503[]
i=3504[]
i=3505[]
i=3506[]
i=3507[]
i=3508[]
i=3509[]
i=3510[]
i=3511[]
i=3512[]
i=3513[]
i=3514[]
i=3515[]
i=3516[]
i=3517[]
i=3518[]
i=3519[]
i=3520[]
i=3521[]
i=3522[]
i=3523[]
i=3524[]
i=3525[]
i=3526[]
i=3527[]
i=3528[]
i=3529[]
i=3530[]
i=3531[]
i=3532[]
i=3533[]
i=3534[]
i=3535[]
i=3536[]
i=3537[]
i=3538[]
i=3539[]
i=3540[]
i=3541[]
i=3542[]
i=3543[]
i=3544[]
i=3545[]
i=3546[]
i=3547[]
i=3548[]
i=3549[]
i=3550[]
i=3551[]
i=3552[]
i=3553[]
i=3554[]
i=3555[]
i=3556[]
i=3557[]
i=3558[]
i=3559[]
i=3560[]
i=3561[]
i=3562[]
i=3563[]
i=3564[]
i=3565[]
i=3566[]
i=3567[]
i=3568[]
i=3569[]
i=3570[]
i=3571[]
i=3572[]
i=3573[]
i=3574[]
i=3575[]
i=3576[]
i=3577[]
i=3578[]
i=3579[]
i=3580[]
i=3581[]
i=3582[]
i=3583[]
i=3584[]
i=3585[]
i=3586[]
i=3587[]
i=3588[]
i=3589[]
i=3590[]
i=3591[]
i=3592[]
i=3593[]
i=3594[]
i=3595[]
i=3596[]
i=3597[]
i=3598[]
i=3599[]
i=3600[]
i=3601[]
i=3602[]
i=3603[]
i=3604[]
i=3605[]
i=3606[]
i=3607[]
i=3608[]
i=3609[]
i=3610[]
i=3611[]
i=3612[]
i=3613[]
i=3614[]
i=3615[]
i=3616[]
i=3617[]
i=3618[]
i=3619[]
i=3620[]
i=3621[]
i=3622[]
i=3623[]
i=3624[]
i=3625[]
i=3626[]
i=3627[]
i=3628[]
i=3629[]
i=3630[]
i=3631[]
i=3632[]
i=3633[]
i=3634[]
i=3635[]
i=3636[]
i=3637[]
i=3638[]
i=3639[]
i=3640[]
i=3641[]
i=3642[]
i=3643[]
i=3644[]
i=3645[]
i=3646[]
i=3647[]
i=3648[]
i=3649[]
i=3650[]
i=3651[]
i=3652[]
i=3653[]
i=3654[]
i=3655[]
i=3656[]
i=3657[]
i=3658[]
i=3659[]
i=3660[]
i=3661[]
i=3662[]
i=3663[]
i=3664[]
i=3665[]
i=3666[]
i=3667[]
i=3668[]
i=3669[]
i=3670[]
i=3671[]
i=3672[]
i=3673[]
i=3674[]
i=3675[]
i=3676[]
i=3677[]
i=3678[]
i=3679[]
i=3680[]
i=3681[]
i=3682[]
i=3683[]
i=3684[]
i=3685[]
i=3686[]
i=3687[]
i=3688[]
i=3689[]
i=3690[]
i=3691[]
i=3692[]
i=3693[]
i=3694[]
i=3695[]
i=3696[]
i=3697[]
i=3698[]
i=3699[]
i=3700[]
i=3701[]
i=3702[]
i=3703[]
i=3704[]
i=3705[]
i=3706[]
i=3707[]
i=3708[]
i=3709[]
i=3710[]
i=3711[]
i=3712[]
i=3713[]
i=3714[]
i=3715[]
i=3716[]
i=3717[]
i=3718[]
i=3719[]
i=3720[]
i=3721[]
i=3722[]
i=3723[]
i=3724[]
i=3725[]
i=3726[]
i=3727[]
i=3728[]
i=3729[]
i=3730[]
i=3731[]
i=3732[]
i=3733[]
i=3734[]
i=3735[]
i=3736[]
i=3737[]
i=3738[]
i=3739[]
i=3740[]
i=3741[]
i=3742[]
i=3743[]
i=3744[]
i=3745[]
i=3746[]
i=3747[]
i=3748[]
i=3749[]
i=3750[]
i=3751[]
i=3752[]
i=3753[]
i=3754[]
i=3755[]
i=3756[]
i=3757[]
i=3758[]
i=3759[]
i=3760[]
i=3761[]
i=3762[]
i=3763[]
i=3764[]
i=3765[]
i=3766[]
i=3767[]
i=3768[]
i=3769[]
i=3770[]
i=3771[]
i=3772[]
i=3773[]
i=3774[]
i=3775[]
i=3776[]
i=3777[]
i=3778[]
i=3779[]
i=3780[]
i=3781[]
i=3782[]
i=3783[]
i=3784[]
i=3785[]
i=3786[]
i=3787[]
i=3788[]
i=3789[]
i=3790[]
i=3791[]
i=3792[]
i=3793[]
i=3794[]
i=3795[]
i=3796[]
i=3797[]
i=3798[]
i=3799[]
i=3800[]
i=3801[]
i=3802[]
i=3803[]
i=3804[]
i=3805[]
i=3806[]
i=3807[]
i=3808[]
i=3809[]
i=3810[]
i=3811[]
i=3812[]
i=3813[]
i=3814[]
i=3815[]
i=3816[]
i=3817[]
i=3818[]
i=3819[]
i=3820[]
i=3821[]
i=3822[]
i=3823[]
i=3824[]
i=3825[]
i=3826[]
i=3827[]
i=3828[]
i=3829[]
i=3830[]
i=3831[]
i=3832[]
i=3833[]
i=3834[]
i=3835[]
i=3836[]
i=3837[]
i=3838[]
i=3839[]
i=3840[]
i=3841[]
i=3842[]
i=3843[]
i=3844[]
i=3845[]
i=3846[]
i=3847[]
i=3848[]
i=3849[]
i=3850[]
i=3851[]
i=3852[]
i=3853[]
i=3854[]
i=3855[]
i=3856[]
i=3857[]
i=3858[]
i=3859[]
i=3860[]
i=3861[]
i=3862[]
i=3863[]
i=3864[]
i=3865[]
i=3866[]
i=3867[]
i=3868[]
i=3869[]
i=3870[]
i=3871[]
i=3872[]
i=3873[]
i=3874[]
i=3875[]
i=3876[]
i=3877[]
i=3878[]
i=3879[]
i=3880[]
i=3881[]
i=3882[]
i=3883[]
i=3884[]
i=3885[]
i=3886[]
i=3887[]
i=3888[]
i=3889[]
i=3890[]
i=3891[]
i=3892[]
i=3893[]
i=3894[]
i=3895[]
i=3896[]
i=3897[]
i=3898[]
i=3899[]
i=3900[]
i=3901[]
i=3902[]
i=3903[]
i=3904[]
i=3905[]
i=3906[]
i=3907[]
i=3908[]
i=3909[]
i=3910[]
i=3911[]
i=3912[]
i=3913[]
i=3914[]
i=3915[]
i=3916[]
i=3917[]
i=3918[]
i=3919[]
i=3920[]
i=3921[]
i=3922[]
i=3923[]
i=3924[]
i=3925[]
i=3926[]
i=3927[]
i=3928[]
i=3929[]
i=3930[]
i=3931[]
i=3932[]
i=3933[]
i=3934[]
i=3935[]
i=3936[]
i=3937[]
i=3938[]
i=3939[]
i=3940[]
i=3941[]
i=3942[]
i=3943[]
i=3944[]
i=3945[]
i=3946[]
i=3947[]
i=3948[]
i=3949[]
i=3950[]
i=3951[]
i=3952[]
i=3953[]
i=3954[]
i=3955[]
i=3956[]
i=3957[]
i=3958[]
i=3959[]
i=3960[]
i=3961[]
i=3962[]
i=3963[]
i=3964[]
i=3965[]
i=3966[]
i=3967[]
i=3968[]
i=3969[]
i=3970[]
i=3971[]
i=3972[]
i=3973[]
i=3974[]
i=3975[]
i=3976[]
i=3977[]
i=3978[]
i=3979[]
i=3980[]
i=3981[]
i=3982[]
i=3983[]
i=3984[]
i=3985[]
i=3986[]
i=3987[]
i=3988[]
i=3989[]
i=3990[]
i=3991[]
i=3992[]
i=3993[]
i=3994[]
i=3995[]
i=3996[]
i=3997[]
i=3998[]
i=3999[]
]
filename=testimage/orion_6.jpg
convert s/f status=0
iSum status=0
cudaerr=0
Filter status=0
Maxidx8u status=0
totalwidth=3638,4749
diff=-673,-595
Am I now
outboundupper x=2941,y=4627
outboundlower x=673,y=595
newsize=3638,4749
newimage width=3638, height=4749
offsetposition=0,0
eresult=0
newimage width=3638, height=4749
offsetposition=0,0
eresult=0
newimage width=3638, height=4749
offsetposition=0,0
eresult=0
newimage width=3638, height=4749
offsetposition=0,0
eresult=0
newimage width=3638, height=4749
offsetposition=0,0
eresult=0
anothergo0
test
Last test bis
test
3638,4749
filename=testimage/orion_6.jpg
[i=1000[]
i=1001[]
i=1002[]
i=1003[]
i=1004[]
i=1005[]
i=1006[]
i=1007[]
i=1008[]
i=1009[]
i=1010[]
i=1011[]
i=1012[]
i=1013[]
i=1014[]
i=1015[]
i=1016[]
i=1017[]
i=1018[]
i=1019[]
i=1020[]
i=1021[]
i=1022[]
i=1023[]
i=1024[]
i=1025[]
i=1026[]
i=1027[]
i=1028[]
i=1029[]
i=1030[]
i=1031[]
i=1032[]
i=1033[]
i=1034[]
i=1035[]
i=1036[]
i=1037[]
i=1038[]
i=1039[]
i=1040[]
i=1041[]
i=1042[]
i=1043[]
i=1044[]
i=1045[]
i=1046[]
i=1047[]
i=1048[]
i=1049[]
i=1050[]
i=1051[]
i=1052[]
i=1053[]
i=1054[]
i=1055[]
i=1056[]
i=1057[]
i=1058[]
i=1059[]
i=1060[]
i=1061[]
i=1062[]
i=1063[]
i=1064[]
i=1065[]
i=1066[]
i=1067[]
i=1068[]
i=1069[]
i=1070[]
i=1071[]
i=1072[]
i=1073[]
i=1074[]
i=1075[]
i=1076[]
i=1077[]
i=1078[]
i=1079[]
i=1080[]
i=1081[]
i=1082[]
i=1083[]
i=1084[]
i=1085[]
i=1086[]
i=1087[]
i=1088[]
i=1089[]
i=1090[]
i=1091[]
i=1092[]
i=1093[]
i=1094[]
i=1095[]
i=1096[]
i=1097[]
i=1098[]
i=1099[]
i=1100[]
i=1101[]
i=1102[]
i=1103[]
i=1104[]
i=1105[]
i=1106[]
i=1107[]
i=1108[]
i=1109[]
i=1110[]
i=1111[]
i=1112[]
i=1113[]
i=1114[]
i=1115[]
i=1116[]
i=1117[]
i=1118[]
i=1119[]
i=1120[]
i=1121[]
i=1122[]
i=1123[]
i=1124[]
i=1125[]
i=1126[]
i=1127[]
i=1128[]
i=1129[]
i=1130[]
i=1131[]
i=1132[]
i=1133[]
i=1134[]
i=1135[]
i=1136[]
i=1137[]
i=1138[]
i=1139[]
i=1140[]
i=1141[]
i=1142[]
i=1143[]
i=1144[]
i=1145[]
i=1146[]
i=1147[]
i=1148[]
i=1149[]
i=1150[]
i=1151[]
i=1152[]
i=1153[]
i=1154[]
i=1155[]
i=1156[]
i=1157[]
i=1158[]
i=1159[]
i=1160[]
i=1161[]
i=1162[]
i=1163[]
i=1164[]
i=1165[]
i=1166[]
i=1167[]
i=1168[]
i=1169[]
i=1170[]
i=1171[]
i=1172[]
i=1173[]
i=1174[]
i=1175[]
i=1176[]
i=1177[]
i=1178[]
i=1179[]
i=1180[]
i=1181[]
i=1182[]
i=1183[]
i=1184[]
i=1185[]
i=1186[]
i=1187[]
i=1188[]
i=1189[]
i=1190[]
i=1191[]
i=1192[]
i=1193[]
i=1194[]
i=1195[]
i=1196[]
i=1197[]
i=1198[]
i=1199[]
i=1200[]
i=1201[]
i=1202[]
i=1203[]
i=1204[]
i=1205[]
i=1206[]
i=1207[]
i=1208[]
i=1209[]
i=1210[]
i=1211[]
i=1212[]
i=1213[]
i=1214[]
i=1215[]
i=1216[]
i=1217[]
i=1218[]
i=1219[]
i=1220[]
i=1221[]
i=1222[]
i=1223[]
i=1224[]
i=1225[]
i=1226[]
i=1227[]
i=1228[]
i=1229[]
i=1230[]
i=1231[]
i=1232[]
i=1233[]
i=1234[]
i=1235[]
i=1236[]
i=1237[]
i=1238[]
i=1239[]
i=1240[]
i=1241[]
i=1242[]
i=1243[]
i=1244[]
i=1245[]
i=1246[]
i=1247[]
i=1248[]
i=1249[]
i=1250[]
i=1251[]
i=1252[]
i=1253[]
i=1254[]
i=1255[]
i=1256[]
i=1257[]
i=1258[]
i=1259[]
i=1260[]
i=1261[]
i=1262[]
i=1263[]
i=1264[]
i=1265[]
i=1266[]
i=1267[]
i=1268[]
i=1269[]
i=1270[]
i=1271[]
i=1272[]
i=1273[]
i=1274[]
i=1275[]
i=1276[]
i=1277[]
i=1278[]
i=1279[]
i=1280[]
i=1281[]
i=1282[]
i=1283[]
i=1284[]
i=1285[]
i=1286[]
i=1287[]
i=1288[]
i=1289[]
i=1290[]
i=1291[]
i=1292[]
i=1293[]
i=1294[]
i=1295[]
i=1296[]
i=1297[]
i=1298[]
i=1299[]
i=1300[]
i=1301[]
i=1302[]
i=1303[]
i=1304[]
i=1305[]
i=1306[]
i=1307[]
i=1308[]
i=1309[]
i=1310[]
i=1311[]
i=1312[]
i=1313[]
i=1314[]
i=1315[]
i=1316[]
i=1317[]
i=1318[]
i=1319[]
i=1320[]
i=1321[]
i=1322[]
i=1323[]
i=1324[]
i=1325[]
i=1326[]
i=1327[]
i=1328[]
i=1329[]
i=1330[]
i=1331[]
i=1332[]
i=1333[]
i=1334[]
i=1335[]
i=1336[]
i=1337[]
i=1338[]
i=1339[]
i=1340[]
i=1341[]
i=1342[]
i=1343[]
i=1344[]
i=1345[]
i=1346[]
i=1347[]
i=1348[]
i=1349[]
i=1350[]
i=1351[]
i=1352[]
i=1353[]
i=1354[]
i=1355[]
i=1356[]
i=1357[]
i=1358[]
i=1359[]
i=1360[]
i=1361[]
i=1362[]
i=1363[]
i=1364[]
i=1365[]
i=1366[]
i=1367[]
i=1368[]
i=1369[]
i=1370[]
i=1371[]
i=1372[]
i=1373[]
i=1374[]
i=1375[]
i=1376[]
i=1377[]
i=1378[]
i=1379[]
i=1380[]
i=1381[]
i=1382[]
i=1383[]
i=1384[]
i=1385[]
i=1386[]
i=1387[]
i=1388[]
i=1389[]
i=1390[]
i=1391[]
i=1392[]
i=1393[]
i=1394[]
i=1395[]
i=1396[]
i=1397[]
i=1398[]
i=1399[]
i=1400[]
i=1401[]
i=1402[]
i=1403[]
i=1404[]
i=1405[]
i=1406[]
i=1407[]
i=1408[]
i=1409[]
i=1410[]
i=1411[]
i=1412[]
i=1413[]
i=1414[]
i=1415[]
i=1416[]
i=1417[]
i=1418[]
i=1419[]
i=1420[]
i=1421[]
i=1422[]
i=1423[]
i=1424[]
i=1425[]
i=1426[]
i=1427[]
i=1428[]
i=1429[]
i=1430[]
i=1431[]
i=1432[]
i=1433[]
i=1434[]
i=1435[]
i=1436[]
i=1437[]
i=1438[]
i=1439[]
i=1440[]
i=1441[]
i=1442[]
i=1443[]
i=1444[]
i=1445[]
i=1446[]
i=1447[]
i=1448[]
i=1449[]
i=1450[]
i=1451[]
i=1452[]
i=1453[]
i=1454[]
i=1455[]
i=1456[]
i=1457[]
i=1458[]
i=1459[]
i=1460[]
i=1461[]
i=1462[]
i=1463[]
i=1464[]
i=1465[]
i=1466[]
i=1467[]
i=1468[]
i=1469[]
i=1470[]
i=1471[]
i=1472[]
i=1473[]
i=1474[]
i=1475[]
i=1476[]
i=1477[]
i=1478[]
i=1479[]
i=1480[]
i=1481[]
i=1482[]
i=1483[]
i=1484[]
i=1485[]
i=1486[]
i=1487[]
i=1488[]
i=1489[]
i=1490[]
i=1491[]
i=1492[]
i=1493[]
i=1494[]
i=1495[]
i=1496[]
i=1497[]
i=1498[]
i=1499[]
i=1500[]
i=1501[]
i=1502[]
i=1503[]
i=1504[]
i=1505[]
i=1506[]
i=1507[]
i=1508[]
i=1509[]
i=1510[]
i=1511[]
i=1512[]
i=1513[]
i=1514[]
i=1515[]
i=1516[]
i=1517[]
i=1518[]
i=1519[]
i=1520[]
i=1521[]
i=1522[]
i=1523[]
i=1524[]
i=1525[]
i=1526[]
i=1527[]
i=1528[]
i=1529[]
i=1530[]
i=1531[]
i=1532[]
i=1533[]
i=1534[]
i=1535[]
i=1536[]
i=1537[]
i=1538[]
i=1539[]
i=1540[]
i=1541[]
i=1542[]
i=1543[]
i=1544[]
i=1545[]
i=1546[]
i=1547[]
i=1548[]
i=1549[]
i=1550[]
i=1551[]
i=1552[]
i=1553[]
i=1554[]
i=1555[]
i=1556[]
i=1557[]
i=1558[]
i=1559[]
i=1560[]
i=1561[]
i=1562[]
i=1563[]
i=1564[]
i=1565[]
i=1566[]
i=1567[]
i=1568[]
i=1569[]
i=1570[]
i=1571[]
i=1572[]
i=1573[]
i=1574[]
i=1575[]
i=1576[]
i=1577[]
i=1578[]
i=1579[]
i=1580[]
i=1581[]
i=1582[]
i=1583[]
i=1584[]
i=1585[]
i=1586[]
i=1587[]
i=1588[]
i=1589[]
i=1590[]
i=1591[]
i=1592[]
i=1593[]
i=1594[]
i=1595[]
i=1596[]
i=1597[]
i=1598[]
i=1599[]
i=1600[]
i=1601[]
i=1602[]
i=1603[]
i=1604[]
i=1605[]
i=1606[]
i=1607[]
i=1608[]
i=1609[]
i=1610[]
i=1611[]
i=1612[]
i=1613[]
i=1614[]
i=1615[]
i=1616[]
i=1617[]
i=1618[]
i=1619[]
i=1620[]
i=1621[]
i=1622[]
i=1623[]
i=1624[]
i=1625[]
i=1626[]
i=1627[]
i=1628[]
i=1629[]
i=1630[]
i=1631[]
i=1632[]
i=1633[]
i=1634[]
i=1635[]
i=1636[]
i=1637[]
i=1638[]
i=1639[]
i=1640[]
i=1641[]
i=1642[]
i=1643[]
i=1644[]
i=1645[]
i=1646[]
i=1647[]
i=1648[]
i=1649[]
i=1650[]
i=1651[]
i=1652[]
i=1653[]
i=1654[]
i=1655[]
i=1656[]
i=1657[]
i=1658[]
i=1659[]
i=1660[]
i=1661[]
i=1662[]
i=1663[]
i=1664[]
i=1665[]
i=1666[]
i=1667[]
i=1668[]
i=1669[]
i=1670[]
i=1671[]
i=1672[]
i=1673[]
i=1674[]
i=1675[]
i=1676[]
i=1677[]
i=1678[]
i=1679[]
i=1680[]
i=1681[]
i=1682[]
i=1683[]
i=1684[]
i=1685[]
i=1686[]
i=1687[]
i=1688[]
i=1689[]
i=1690[]
i=1691[]
i=1692[]
i=1693[]
i=1694[]
i=1695[]
i=1696[]
i=1697[]
i=1698[]
i=1699[]
i=1700[]
i=1701[]
i=1702[]
i=1703[]
i=1704[]
i=1705[]
i=1706[]
i=1707[]
i=1708[]
i=1709[]
i=1710[]
i=1711[]
i=1712[]
i=1713[]
i=1714[]
i=1715[]
i=1716[]
i=1717[]
i=1718[]
i=1719[]
i=1720[]
i=1721[]
i=1722[]
i=1723[]
i=1724[]
i=1725[]
i=1726[]
i=1727[]
i=1728[]
i=1729[]
i=1730[]
i=1731[]
i=1732[]
i=1733[]
i=1734[]
i=1735[]
i=1736[]
i=1737[]
i=1738[]
i=1739[]
i=1740[]
i=1741[]
i=1742[]
i=1743[]
i=1744[]
i=1745[]
i=1746[]
i=1747[]
i=1748[]
i=1749[]
i=1750[]
i=1751[]
i=1752[]
i=1753[]
i=1754[]
i=1755[]
i=1756[]
i=1757[]
i=1758[]
i=1759[]
i=1760[]
i=1761[]
i=1762[]
i=1763[]
i=1764[]
i=1765[]
i=1766[]
i=1767[]
i=1768[]
i=1769[]
i=1770[]
i=1771[]
i=1772[]
i=1773[]
i=1774[]
i=1775[]
i=1776[]
i=1777[]
i=1778[]
i=1779[]
i=1780[]
i=1781[]
i=1782[]
i=1783[]
i=1784[]
i=1785[]
i=1786[]
i=1787[]
i=1788[]
i=1789[]
i=1790[]
i=1791[]
i=1792[]
i=1793[]
i=1794[]
i=1795[]
i=1796[]
i=1797[]
i=1798[]
i=1799[]
i=1800[]
i=1801[]
i=1802[]
i=1803[]
i=1804[]
i=1805[]
i=1806[]
i=1807[]
i=1808[]
i=1809[]
i=1810[]
i=1811[]
i=1812[]
i=1813[]
i=1814[]
i=1815[]
i=1816[]
i=1817[]
i=1818[]
i=1819[]
i=1820[]
i=1821[]
i=1822[]
i=1823[]
i=1824[]
i=1825[]
i=1826[]
i=1827[]
i=1828[]
i=1829[]
i=1830[]
i=1831[]
i=1832[]
i=1833[]
i=1834[]
i=1835[]
i=1836[]
i=1837[]
i=1838[]
i=1839[]
i=1840[]
i=1841[]
i=1842[]
i=1843[]
i=1844[]
i=1845[]
i=1846[]
i=1847[]
i=1848[]
i=1849[]
i=1850[]
i=1851[]
i=1852[]
i=1853[]
i=1854[]
i=1855[]
i=1856[]
i=1857[]
i=1858[]
i=1859[]
i=1860[]
i=1861[]
i=1862[]
i=1863[]
i=1864[]
i=1865[]
i=1866[]
i=1867[]
i=1868[]
i=1869[]
i=1870[]
i=1871[]
i=1872[]
i=1873[]
i=1874[]
i=1875[]
i=1876[]
i=1877[]
i=1878[]
i=1879[]
i=1880[]
i=1881[]
i=1882[]
i=1883[]
i=1884[]
i=1885[]
i=1886[]
i=1887[]
i=1888[]
i=1889[]
i=1890[]
i=1891[]
i=1892[]
i=1893[]
i=1894[]
i=1895[]
i=1896[]
i=1897[]
i=1898[]
i=1899[]
i=1900[]
i=1901[]
i=1902[]
i=1903[]
i=1904[]
i=1905[]
i=1906[]
i=1907[]
i=1908[]
i=1909[]
i=1910[]
i=1911[]
i=1912[]
i=1913[]
i=1914[]
i=1915[]
i=1916[]
i=1917[]
i=1918[]
i=1919[]
i=1920[]
i=1921[]
i=1922[]
i=1923[]
i=1924[]
i=1925[]
i=1926[]
i=1927[]
i=1928[]
i=1929[]
i=1930[]
i=1931[]
i=1932[]
i=1933[]
i=1934[]
i=1935[]
i=1936[]
i=1937[]
i=1938[]
i=1939[]
i=1940[]
i=1941[]
i=1942[]
i=1943[]
i=1944[]
i=1945[]
i=1946[]
i=1947[]
i=1948[]
i=1949[]
i=1950[]
i=1951[]
i=1952[]
i=1953[]
i=1954[]
i=1955[]
i=1956[]
i=1957[]
i=1958[]
i=1959[]
i=1960[]
i=1961[]
i=1962[]
i=1963[]
i=1964[]
i=1965[]
i=1966[]
i=1967[]
i=1968[]
i=1969[]
i=1970[]
i=1971[]
i=1972[]
i=1973[]
i=1974[]
i=1975[]
i=1976[]
i=1977[]
i=1978[]
i=1979[]
i=1980[]
i=1981[]
i=1982[]
i=1983[]
i=1984[]
i=1985[]
i=1986[]
i=1987[]
i=1988[]
i=1989[]
i=1990[]
i=1991[]
i=1992[]
i=1993[]
i=1994[]
i=1995[]
i=1996[]
i=1997[]
i=1998[]
i=1999[]
i=2000[]
i=2001[]
i=2002[]
i=2003[]
i=2004[]
i=2005[]
i=2006[]
i=2007[]
i=2008[]
i=2009[]
i=2010[]
i=2011[]
i=2012[]
i=2013[]
i=2014[]
i=2015[]
i=2016[]
i=2017[]
i=2018[]
i=2019[]
i=2020[]
i=2021[]
i=2022[]
i=2023[]
i=2024[]
i=2025[]
i=2026[]
i=2027[]
i=2028[]
i=2029[]
i=2030[]
i=2031[]
i=2032[]
i=2033[]
i=2034[]
i=2035[]
i=2036[]
i=2037[]
i=2038[]
i=2039[]
i=2040[]
i=2041[]
i=2042[]
i=2043[]
i=2044[]
i=2045[]
i=2046[]
i=2047[]
i=2048[]
i=2049[]
i=2050[]
i=2051[]
i=2052[]
i=2053[]
i=2054[]
i=2055[]
i=2056[]
i=2057[]
i=2058[]
i=2059[]
i=2060[]
i=2061[]
i=2062[]
i=2063[]
i=2064[]
i=2065[]
i=2066[]
i=2067[]
i=2068[]
i=2069[]
i=2070[]
i=2071[]
i=2072[]
i=2073[]
i=2074[]
i=2075[]
i=2076[]
i=2077[]
i=2078[]
i=2079[]
i=2080[]
i=2081[]
i=2082[]
i=2083[]
i=2084[]
i=2085[]
i=2086[]
i=2087[]
i=2088[]
i=2089[]
i=2090[]
i=2091[]
i=2092[]
i=2093[]
i=2094[]
i=2095[]
i=2096[]
i=2097[]
i=2098[]
i=2099[]
i=2100[]
i=2101[]
i=2102[]
i=2103[]
i=2104[]
i=2105[]
i=2106[]
i=2107[]
i=2108[]
i=2109[]
i=2110[]
i=2111[]
i=2112[]
i=2113[]
i=2114[]
i=2115[]
i=2116[]
i=2117[]
i=2118[]
i=2119[]
i=2120[]
i=2121[]
i=2122[]
i=2123[]
i=2124[]
i=2125[]
i=2126[]
i=2127[]
i=2128[]
i=2129[]
i=2130[]
i=2131[]
i=2132[]
i=2133[]
i=2134[]
i=2135[]
i=2136[]
i=2137[]
i=2138[]
i=2139[]
i=2140[]
i=2141[]
i=2142[]
i=2143[]
i=2144[]
i=2145[]
i=2146[]
i=2147[]
i=2148[]
i=2149[]
i=2150[]
i=2151[]
i=2152[]
i=2153[]
i=2154[]
i=2155[]
i=2156[]
i=2157[]
i=2158[]
i=2159[]
i=2160[]
i=2161[]
i=2162[]
i=2163[]
i=2164[]
i=2165[]
i=2166[]
i=2167[]
i=2168[]
i=2169[]
i=2170[]
i=2171[]
i=2172[]
i=2173[]
i=2174[]
i=2175[]
i=2176[]
i=2177[]
i=2178[]
i=2179[]
i=2180[]
i=2181[]
i=2182[]
i=2183[]
i=2184[]
i=2185[]
i=2186[]
i=2187[]
i=2188[]
i=2189[]
i=2190[]
i=2191[]
i=2192[]
i=2193[]
i=2194[]
i=2195[]
i=2196[]
i=2197[]
i=2198[]
i=2199[]
i=2200[]
i=2201[]
i=2202[]
i=2203[]
i=2204[]
i=2205[]
i=2206[]
i=2207[]
i=2208[]
i=2209[]
i=2210[]
i=2211[]
i=2212[]
i=2213[]
i=2214[]
i=2215[]
i=2216[]
i=2217[]
i=2218[]
i=2219[]
i=2220[]
i=2221[]
i=2222[]
i=2223[]
i=2224[]
i=2225[]
i=2226[]
i=2227[]
i=2228[]
i=2229[]
i=2230[]
i=2231[]
i=2232[]
i=2233[]
i=2234[]
i=2235[]
i=2236[]
i=2237[]
i=2238[]
i=2239[]
i=2240[]
i=2241[]
i=2242[]
i=2243[]
i=2244[]
i=2245[]
i=2246[]
i=2247[]
i=2248[]
i=2249[]
i=2250[]
i=2251[]
i=2252[]
i=2253[]
i=2254[]
i=2255[]
i=2256[]
i=2257[]
i=2258[]
i=2259[]
i=2260[]
i=2261[]
i=2262[]
i=2263[]
i=2264[]
i=2265[]
i=2266[]
i=2267[]
i=2268[]
i=2269[]
i=2270[]
i=2271[]
i=2272[]
i=2273[]
i=2274[]
i=2275[]
i=2276[]
i=2277[]
i=2278[]
i=2279[]
i=2280[]
i=2281[]
i=2282[]
i=2283[]
i=2284[]
i=2285[]
i=2286[]
i=2287[]
i=2288[]
i=2289[]
i=2290[]
i=2291[]
i=2292[]
i=2293[]
i=2294[]
i=2295[]
i=2296[]
i=2297[]
i=2298[]
i=2299[]
i=2300[]
i=2301[]
i=2302[]
i=2303[]
i=2304[]
i=2305[]
i=2306[]
i=2307[]
i=2308[]
i=2309[]
i=2310[]
i=2311[]
i=2312[]
i=2313[]
i=2314[]
i=2315[]
i=2316[]
i=2317[]
i=2318[]
i=2319[]
i=2320[]
i=2321[]
i=2322[]
i=2323[]
i=2324[]
i=2325[]
i=2326[]
i=2327[]
i=2328[]
i=2329[]
i=2330[]
i=2331[]
i=2332[]
i=2333[]
i=2334[]
i=2335[]
i=2336[]
i=2337[]
i=2338[]
i=2339[]
i=2340[]
i=2341[]
i=2342[]
i=2343[]
i=2344[]
i=2345[]
i=2346[]
i=2347[]
i=2348[]
i=2349[]
i=2350[]
i=2351[]
i=2352[]
i=2353[]
i=2354[]
i=2355[]
i=2356[]
i=2357[]
i=2358[]
i=2359[]
i=2360[]
i=2361[]
i=2362[]
i=2363[]
i=2364[]
i=2365[]
i=2366[]
i=2367[]
i=2368[]
i=2369[]
i=2370[]
i=2371[]
i=2372[]
i=2373[]
i=2374[]
i=2375[]
i=2376[]
i=2377[]
i=2378[]
i=2379[]
i=2380[]
i=2381[]
i=2382[]
i=2383[]
i=2384[]
i=2385[]
i=2386[]
i=2387[]
i=2388[]
i=2389[]
i=2390[]
i=2391[]
i=2392[]
i=2393[]
i=2394[]
i=2395[]
i=2396[]
i=2397[]
i=2398[]
i=2399[]
i=2400[]
i=2401[]
i=2402[]
i=2403[]
i=2404[]
i=2405[]
i=2406[]
i=2407[]
i=2408[]
i=2409[]
i=2410[]
i=2411[]
i=2412[]
i=2413[]
i=2414[]
i=2415[]
i=2416[]
i=2417[]
i=2418[]
i=2419[]
i=2420[]
i=2421[]
i=2422[]
i=2423[]
i=2424[]
i=2425[]
i=2426[]
i=2427[]
i=2428[]
i=2429[]
i=2430[]
i=2431[]
i=2432[]
i=2433[]
i=2434[]
i=2435[]
i=2436[]
i=2437[]
i=2438[]
i=2439[]
i=2440[]
i=2441[]
i=2442[]
i=2443[]
i=2444[]
i=2445[]
i=2446[]
i=2447[]
i=2448[]
i=2449[]
i=2450[]
i=2451[]
i=2452[]
i=2453[]
i=2454[]
i=2455[]
i=2456[]
i=2457[]
i=2458[]
i=2459[]
i=2460[]
i=2461[]
i=2462[]
i=2463[]
i=2464[]
i=2465[]
i=2466[]
i=2467[]
i=2468[]
i=2469[]
i=2470[]
i=2471[]
i=2472[]
i=2473[]
i=2474[]
i=2475[]
i=2476[]
i=2477[]
i=2478[]
i=2479[]
i=2480[]
i=2481[]
i=2482[]
i=2483[]
i=2484[]
i=2485[]
i=2486[]
i=2487[]
i=2488[]
i=2489[]
i=2490[]
i=2491[]
i=2492[]
i=2493[]
i=2494[]
i=2495[]
i=2496[]
i=2497[]
i=2498[]
i=2499[]
i=2500[]
i=2501[]
i=2502[]
i=2503[]
i=2504[]
i=2505[]
i=2506[]
i=2507[]
i=2508[]
i=2509[]
i=2510[]
i=2511[]
i=2512[]
i=2513[]
i=2514[]
i=2515[]
i=2516[]
i=2517[]
i=2518[]
i=2519[]
i=2520[]
i=2521[]
i=2522[]
i=2523[]
i=2524[]
i=2525[]
i=2526[]
i=2527[]
i=2528[]
i=2529[]
i=2530[]
i=2531[]
i=2532[]
i=2533[]
i=2534[]
i=2535[]
i=2536[]
i=2537[]
i=2538[]
i=2539[]
i=2540[]
i=2541[]
i=2542[]
i=2543[]
i=2544[]
i=2545[]
i=2546[]
i=2547[]
i=2548[]
i=2549[]
i=2550[]
i=2551[]
i=2552[]
i=2553[]
i=2554[]
i=2555[]
i=2556[]
i=2557[]
i=2558[]
i=2559[]
i=2560[]
i=2561[]
i=2562[]
i=2563[]
i=2564[]
i=2565[]
i=2566[]
i=2567[]
i=2568[]
i=2569[]
i=2570[]
i=2571[]
i=2572[]
i=2573[]
i=2574[]
i=2575[]
i=2576[]
i=2577[]
i=2578[]
i=2579[]
i=2580[]
i=2581[]
i=2582[]
i=2583[]
i=2584[]
i=2585[]
i=2586[]
i=2587[]
i=2588[]
i=2589[]
i=2590[]
i=2591[]
i=2592[]
i=2593[]
i=2594[]
i=2595[]
i=2596[]
i=2597[]
i=2598[]
i=2599[]
i=2600[]
i=2601[]
i=2602[]
i=2603[]
i=2604[]
i=2605[]
i=2606[]
i=2607[]
i=2608[]
i=2609[]
i=2610[]
i=2611[]
i=2612[]
i=2613[]
i=2614[]
i=2615[]
i=2616[]
i=2617[]
i=2618[]
i=2619[]
i=2620[]
i=2621[]
i=2622[]
i=2623[]
i=2624[]
i=2625[]
i=2626[]
i=2627[]
i=2628[]
i=2629[]
i=2630[]
i=2631[]
i=2632[]
i=2633[]
i=2634[]
i=2635[]
i=2636[]
i=2637[]
i=2638[]
i=2639[]
i=2640[]
i=2641[]
i=2642[]
i=2643[]
i=2644[]
i=2645[]
i=2646[]
i=2647[]
i=2648[]
i=2649[]
i=2650[]
i=2651[]
i=2652[]
i=2653[]
i=2654[]
i=2655[]
i=2656[]
i=2657[]
i=2658[]
i=2659[]
i=2660[]
i=2661[]
i=2662[]
i=2663[]
i=2664[]
i=2665[]
i=2666[]
i=2667[]
i=2668[]
i=2669[]
i=2670[]
i=2671[]
i=2672[]
i=2673[]
i=2674[]
i=2675[]
i=2676[]
i=2677[]
i=2678[]
i=2679[]
i=2680[]
i=2681[]
i=2682[]
i=2683[]
i=2684[]
i=2685[]
i=2686[]
i=2687[]
i=2688[]
i=2689[]
i=2690[]
i=2691[]
i=2692[]
i=2693[]
i=2694[]
i=2695[]
i=2696[]
i=2697[]
i=2698[]
i=2699[]
i=2700[]
i=2701[]
i=2702[]
i=2703[]
i=2704[]
i=2705[]
i=2706[]
i=2707[]
i=2708[]
i=2709[]
i=2710[]
i=2711[]
i=2712[]
i=2713[]
i=2714[]
i=2715[]
i=2716[]
i=2717[]
i=2718[]
i=2719[]
i=2720[]
i=2721[]
i=2722[]
i=2723[]
i=2724[]
i=2725[]
i=2726[]
i=2727[]
i=2728[]
i=2729[]
i=2730[]
i=2731[]
i=2732[]
i=2733[]
i=2734[]
i=2735[]
i=2736[]
i=2737[]
i=2738[]
i=2739[]
i=2740[]
i=2741[]
i=2742[]
i=2743[]
i=2744[]
i=2745[]
i=2746[]
i=2747[]
i=2748[]
i=2749[]
i=2750[]
i=2751[]
i=2752[]
i=2753[]
i=2754[]
i=2755[]
i=2756[]
i=2757[]
i=2758[]
i=2759[]
i=2760[]
i=2761[]
i=2762[]
i=2763[]
i=2764[]
i=2765[]
i=2766[]
i=2767[]
i=2768[]
i=2769[]
i=2770[]
i=2771[]
i=2772[]
i=2773[]
i=2774[]
i=2775[]
i=2776[]
i=2777[]
i=2778[]
i=2779[]
i=2780[]
i=2781[]
i=2782[]
i=2783[]
i=2784[]
i=2785[]
i=2786[]
i=2787[]
i=2788[]
i=2789[]
i=2790[]
i=2791[]
i=2792[]
i=2793[]
i=2794[]
i=2795[]
i=2796[]
i=2797[]
i=2798[]
i=2799[]
i=2800[]
i=2801[]
i=2802[]
i=2803[]
i=2804[]
i=2805[]
i=2806[]
i=2807[]
i=2808[]
i=2809[]
i=2810[]
i=2811[]
i=2812[]
i=2813[]
i=2814[]
i=2815[]
i=2816[]
i=2817[]
i=2818[]
i=2819[]
i=2820[]
i=2821[]
i=2822[]
i=2823[]
i=2824[]
i=2825[]
i=2826[]
i=2827[]
i=2828[]
i=2829[]
i=2830[]
i=2831[]
i=2832[]
i=2833[]
i=2834[]
i=2835[]
i=2836[]
i=2837[128,160,192,]
i=2838[]
i=2839[]
i=2840[]
i=2841[]
i=2842[]
i=2843[]
i=2844[]
i=2845[]
i=2846[]
i=2847[]
i=2848[]
i=2849[]
i=2850[]
i=2851[]
i=2852[]
i=2853[]
i=2854[]
i=2855[]
i=2856[]
i=2857[]
i=2858[]
i=2859[]
i=2860[]
i=2861[]
i=2862[]
i=2863[]
i=2864[]
i=2865[]
i=2866[]
i=2867[]
i=2868[]
i=2869[]
i=2870[]
i=2871[]
i=2872[]
i=2873[]
i=2874[]
i=2875[]
i=2876[]
i=2877[]
i=2878[]
i=2879[]
i=2880[]
i=2881[]
i=2882[128,160,]
i=2883[]
i=2884[]
i=2885[]
i=2886[128,128,128,128,]
i=2887[]
i=2888[]
i=2889[]
i=2890[]
i=2891[]
i=2892[]
i=2893[]
i=2894[]
i=2895[]
i=2896[]
i=2897[]
i=2898[128,]
i=2899[]
i=2900[]
i=2901[]
i=2902[128,128,]
i=2903[]
i=2904[]
i=2905[]
i=2906[128,]
i=2907[]
i=2908[]
i=2909[]
i=2910[]
i=2911[]
i=2912[]
i=2913[]
i=2914[]
i=2915[]
i=2916[]
i=2917[]
i=2918[]
i=2919[]
i=2920[]
i=2921[]
i=2922[]
i=2923[]
i=2924[]
i=2925[]
i=2926[]
i=2927[]
i=2928[]
i=2929[]
i=2930[]
i=2931[]
i=2932[]
i=2933[]
i=2934[]
i=2935[]
i=2936[]
i=2937[]
i=2938[]
i=2939[]
i=2940[]
i=2941[]
i=2942[]
i=2943[]
i=2944[]
i=2945[]
i=2946[]
i=2947[]
i=2948[]
i=2949[]
i=2950[]
i=2951[]
i=2952[]
i=2953[]
i=2954[]
i=2955[]
i=2956[]
i=2957[]
i=2958[]
i=2959[]
i=2960[]
i=2961[]
i=2962[]
i=2963[]
i=2964[]
i=2965[]
i=2966[]
i=2967[]
i=2968[]
i=2969[]
i=2970[]
i=2971[]
i=2972[]
i=2973[]
i=2974[]
i=2975[]
i=2976[]
i=2977[]
i=2978[]
i=2979[]
i=2980[]
i=2981[]
i=2982[]
i=2983[]
i=2984[]
i=2985[]
i=2986[]
i=2987[]
i=2988[]
i=2989[]
i=2990[]
i=2991[]
i=2992[]
i=2993[]
i=2994[]
i=2995[]
i=2996[]
i=2997[]
i=2998[]
i=2999[]
i=3000[]
i=3001[]
i=3002[]
i=3003[]
i=3004[]
i=3005[]
i=3006[]
i=3007[]
i=3008[]
i=3009[]
i=3010[]
i=3011[]
i=3012[]
i=3013[]
i=3014[]
i=3015[]
i=3016[]
i=3017[128,]
i=3018[]
i=3019[]
i=3020[]
i=3021[]
i=3022[]
i=3023[]
i=3024[]
i=3025[128,128,]
i=3026[]
i=3027[]
i=3028[]
i=3029[128,128,128,]
i=3030[]
i=3031[]
i=3032[]
i=3033[128,128,]
i=3034[]
i=3035[]
i=3036[]
i=3037[128,128,]
i=3038[]
i=3039[]
i=3040[]
i=3041[128,128,112,144,]
i=3042[]
i=3043[]
i=3044[]
i=3045[192,176,184,]
i=3046[]
i=3047[]
i=3048[]
i=3049[]
i=3050[]
i=3051[]
i=3052[]
i=3053[]
i=3054[]
i=3055[]
i=3056[]
i=3057[]
i=3058[]
i=3059[]
i=3060[]
i=3061[]
i=3062[]
i=3063[]
i=3064[]
i=3065[128,128,128,]
i=3066[]
i=3067[]
i=3068[]
i=3069[128,128,128,]
i=3070[]
i=3071[]
i=3072[]
i=3073[128,128,]
i=3074[]
i=3075[]
i=3076[]
i=3077[]
i=3078[]
i=3079[]
i=3080[]
i=3081[]
i=3082[]
i=3083[]
i=3084[]
i=3085[]
i=3086[]
i=3087[]
i=3088[]
i=3089[]
i=3090[]
i=3091[]
i=3092[]
i=3093[]
i=3094[]
i=3095[]
i=3096[]
i=3097[]
i=3098[]
i=3099[]
i=3100[]
i=3101[]
i=3102[]
i=3103[]
i=3104[]
i=3105[]
i=3106[]
i=3107[]
i=3108[]
i=3109[]
i=3110[]
i=3111[]
i=3112[]
i=3113[]
i=3114[]
i=3115[]
i=3116[]
i=3117[]
i=3118[]
i=3119[]
i=3120[]
i=3121[]
i=3122[]
i=3123[]
i=3124[]
i=3125[]
i=3126[]
i=3127[]
i=3128[]
i=3129[]
i=3130[]
i=3131[]
i=3132[]
i=3133[]
i=3134[]
i=3135[]
i=3136[]
i=3137[]
i=3138[]
i=3139[]
i=3140[]
i=3141[]
i=3142[]
i=3143[]
i=3144[]
i=3145[]
i=3146[]
i=3147[]
i=3148[]
i=3149[]
i=3150[]
i=3151[]
i=3152[]
i=3153[]
i=3154[]
i=3155[]
i=3156[]
i=3157[]
i=3158[]
i=3159[]
i=3160[]
i=3161[]
i=3162[]
i=3163[]
i=3164[]
i=3165[]
i=3166[]
i=3167[]
i=3168[]
i=3169[]
i=3170[]
i=3171[]
i=3172[]
i=3173[]
i=3174[]
i=3175[]
i=3176[]
i=3177[]
i=3178[]
i=3179[]
i=3180[]
i=3181[]
i=3182[]
i=3183[]
i=3184[]
i=3185[]
i=3186[]
i=3187[]
i=3188[]
i=3189[]
i=3190[]
i=3191[]
i=3192[]
i=3193[]
i=3194[]
i=3195[]
i=3196[]
i=3197[]
i=3198[]
i=3199[]
i=3200[]
i=3201[]
i=3202[]
i=3203[]
i=3204[]
i=3205[]
i=3206[]
i=3207[]
i=3208[]
i=3209[]
i=3210[]
i=3211[]
i=3212[]
i=3213[]
i=3214[]
i=3215[]
i=3216[]
i=3217[]
i=3218[]
i=3219[]
i=3220[]
i=3221[]
i=3222[]
i=3223[]
i=3224[]
i=3225[]
i=3226[]
i=3227[]
i=3228[]
i=3229[]
i=3230[]
i=3231[]
i=3232[]
i=3233[]
i=3234[]
i=3235[]
i=3236[]
i=3237[]
i=3238[]
i=3239[]
i=3240[]
i=3241[]
i=3242[]
i=3243[]
i=3244[]
i=3245[]
i=3246[]
i=3247[]
i=3248[]
i=3249[128,128,]
i=3250[]
i=3251[]
i=3252[]
i=3253[]
i=3254[]
i=3255[]
i=3256[]
i=3257[128,128,]
i=3258[]
i=3259[]
i=3260[]
i=3261[128,128,144,]
i=3262[]
i=3263[]
i=3264[]
i=3265[128,200,]
i=3266[]
i=3267[]
i=3268[]
i=3269[]
i=3270[]
i=3271[]
i=3272[]
i=3273[]
i=3274[]
i=3275[]
i=3276[]
i=3277[]
i=3278[]
i=3279[]
i=3280[]
i=3281[]
i=3282[]
i=3283[]
i=3284[]
i=3285[]
i=3286[]
i=3287[]
i=3288[]
i=3289[]
i=3290[]
i=3291[]
i=3292[]
i=3293[]
i=3294[]
i=3295[]
i=3296[]
i=3297[]
i=3298[]
i=3299[]
i=3300[]
i=3301[]
i=3302[]
i=3303[]
i=3304[]
i=3305[]
i=3306[]
i=3307[]
i=3308[]
i=3309[]
i=3310[]
i=3311[]
i=3312[]
i=3313[]
i=3314[]
i=3315[]
i=3316[]
i=3317[]
i=3318[]
i=3319[]
i=3320[]
i=3321[]
i=3322[]
i=3323[]
i=3324[]
i=3325[]
i=3326[]
i=3327[]
i=3328[]
i=3329[]
i=3330[]
i=3331[]
i=3332[]
i=3333[]
i=3334[]
i=3335[]
i=3336[]
i=3337[]
i=3338[]
i=3339[]
i=3340[]
i=3341[128,]
i=3342[]
i=3343[]
i=3344[]
i=3345[128,128,]
i=3346[]
i=3347[]
i=3348[]
i=3349[128,128,]
i=3350[]
i=3351[]
i=3352[]
i=3353[128,]
i=3354[]
i=3355[]
i=3356[]
i=3357[128,128,]
i=3358[]
i=3359[]
i=3360[]
i=3361[224,224,]
i=3362[]
i=3363[]
i=3364[]
i=3365[]
i=3366[]
i=3367[]
i=3368[]
i=3369[]
i=3370[]
i=3371[]
i=3372[]
i=3373[]
i=3374[]
i=3375[]
i=3376[]
i=3377[]
i=3378[]
i=3379[]
i=3380[]
i=3381[]
i=3382[]
i=3383[]
i=3384[]
i=3385[]
i=3386[]
i=3387[]
i=3388[]
i=3389[]
i=3390[]
i=3391[]
i=3392[]
i=3393[]
i=3394[]
i=3395[]
i=3396[]
i=3397[]
i=3398[]
i=3399[]
i=3400[]
i=3401[]
i=3402[]
i=3403[]
i=3404[]
i=3405[]
i=3406[]
i=3407[]
i=3408[]
i=3409[]
i=3410[]
i=3411[]
i=3412[]
i=3413[]
i=3414[]
i=3415[]
i=3416[]
i=3417[160,160,144,]
i=3418[]
i=3419[]
i=3420[]
i=3421[128,128,128,]
i=3422[]
i=3423[]
i=3424[]
i=3425[128,]
i=3426[]
i=3427[]
i=3428[]
i=3429[128,]
i=3430[]
i=3431[]
i=3432[]
i=3433[128,128,128,]
i=3434[]
i=3435[]
i=3436[]
i=3437[128,128,128,]
i=3438[]
i=3439[]
i=3440[]
i=3441[128,]
i=3442[]
i=3443[]
i=3444[]
i=3445[128,]
i=3446[]
i=3447[]
i=3448[]
i=3449[]
i=3450[]
i=3451[]
i=3452[]
i=3453[]
i=3454[]
i=3455[]
i=3456[]
i=3457[]
i=3458[]
i=3459[]
i=3460[]
i=3461[]
i=3462[]
i=3463[]
i=3464[]
i=3465[]
i=3466[]
i=3467[]
i=3468[]
i=3469[]
i=3470[]
i=3471[]
i=3472[]
i=3473[]
i=3474[]
i=3475[]
i=3476[]
i=3477[]
i=3478[]
i=3479[]
i=3480[]
i=3481[]
i=3482[]
i=3483[]
i=3484[]
i=3485[]
i=3486[]
i=3487[]
i=3488[]
i=3489[]
i=3490[]
i=3491[]
i=3492[]
i=3493[]
i=3494[]
i=3495[]
i=3496[]
i=3497[]
i=3498[]
i=3499[]
i=3500[]
i=3501[]
i=3502[]
i=3503[]
i=3504[]
i=3505[]
i=3506[]
i=3507[]
i=3508[]
i=3509[]
i=3510[]
i=3511[]
i=3512[]
i=3513[]
i=3514[]
i=3515[]
i=3516[]
i=3517[]
i=3518[]
i=3519[]
i=3520[]
i=3521[]
i=3522[]
i=3523[]
i=3524[]
i=3525[]
i=3526[]
i=3527[]
i=3528[]
i=3529[]
i=3530[]
i=3531[]
i=3532[]
i=3533[]
i=3534[]
i=3535[]
i=3536[]
i=3537[]
i=3538[]
i=3539[]
i=3540[]
i=3541[]
i=3542[]
i=3543[]
i=3544[]
i=3545[]
i=3546[]
i=3547[]
i=3548[]
i=3549[]
i=3550[]
i=3551[]
i=3552[]
i=3553[]
i=3554[]
i=3555[]
i=3556[]
i=3557[]
i=3558[]
i=3559[]
i=3560[]
i=3561[]
i=3562[]
i=3563[]
i=3564[]
i=3565[]
i=3566[]
i=3567[]
i=3568[]
i=3569[]
i=3570[]
i=3571[]
i=3572[]
i=3573[]
i=3574[]
i=3575[]
i=3576[]
i=3577[]
i=3578[]
i=3579[]
i=3580[]
i=3581[]
i=3582[]
i=3583[]
i=3584[]
i=3585[]
i=3586[]
i=3587[]
i=3588[]
i=3589[]
i=3590[]
i=3591[]
i=3592[]
i=3593[]
i=3594[]
i=3595[]
i=3596[]
i=3597[]
i=3598[]
i=3599[]
i=3600[]
i=3601[]
i=3602[]
i=3603[]
i=3604[]
i=3605[]
i=3606[]
i=3607[]
i=3608[]
i=3609[]
i=3610[]
i=3611[]
i=3612[]
i=3613[]
i=3614[]
i=3615[]
i=3616[]
i=3617[]
i=3618[]
i=3619[]
i=3620[]
i=3621[]
i=3622[]
i=3623[]
i=3624[]
i=3625[]
i=3626[]
i=3627[]
i=3628[]
i=3629[]
i=3630[]
i=3631[]
i=3632[]
i=3633[]
i=3634[]
i=3635[]
i=3636[]
i=3637[]
i=3638[]
i=3639[]
i=3640[]
i=3641[]
i=3642[]
i=3643[]
i=3644[]
i=3645[]
i=3646[]
i=3647[]
i=3648[]
i=3649[]
i=3650[]
i=3651[]
i=3652[]
i=3653[]
i=3654[]
i=3655[]
i=3656[]
i=3657[]
i=3658[]
i=3659[]
i=3660[]
i=3661[]
i=3662[]
i=3663[]
i=3664[]
i=3665[]
i=3666[]
i=3667[]
i=3668[]
i=3669[]
i=3670[]
i=3671[]
i=3672[]
i=3673[]
i=3674[]
i=3675[]
i=3676[]
i=3677[]
i=3678[]
i=3679[]
i=3680[]
i=3681[]
i=3682[]
i=3683[]
i=3684[]
i=3685[]
i=3686[]
i=3687[]
i=3688[]
i=3689[]
i=3690[]
i=3691[]
i=3692[]
i=3693[]
i=3694[]
i=3695[]
i=3696[]
i=3697[]
i=3698[]
i=3699[]
i=3700[]
i=3701[]
i=3702[]
i=3703[]
i=3704[]
i=3705[]
i=3706[]
i=3707[]
i=3708[]
i=3709[]
i=3710[]
i=3711[]
i=3712[]
i=3713[]
i=3714[]
i=3715[]
i=3716[]
i=3717[]
i=3718[]
i=3719[]
i=3720[]
i=3721[]
i=3722[]
i=3723[]
i=3724[]
i=3725[]
i=3726[]
i=3727[]
i=3728[]
i=3729[]
i=3730[]
i=3731[]
i=3732[]
i=3733[]
i=3734[]
i=3735[]
i=3736[]
i=3737[]
i=3738[]
i=3739[]
i=3740[]
i=3741[]
i=3742[]
i=3743[]
i=3744[]
i=3745[]
i=3746[]
i=3747[]
i=3748[]
i=3749[]
i=3750[]
i=3751[]
i=3752[]
i=3753[]
i=3754[]
i=3755[]
i=3756[]
i=3757[]
i=3758[]
i=3759[]
i=3760[]
i=3761[]
i=3762[]
i=3763[]
i=3764[]
i=3765[]
i=3766[]
i=3767[]
i=3768[]
i=3769[]
i=3770[]
i=3771[]
i=3772[]
i=3773[]
i=3774[]
i=3775[]
i=3776[]
i=3777[]
i=3778[]
i=3779[]
i=3780[]
i=3781[]
i=3782[]
i=3783[]
i=3784[]
i=3785[]
i=3786[]
i=3787[]
i=3788[]
i=3789[]
i=3790[]
i=3791[]
i=3792[]
i=3793[]
i=3794[]
i=3795[]
i=3796[]
i=3797[]
i=3798[]
i=3799[]
i=3800[]
i=3801[]
i=3802[]
i=3803[]
i=3804[]
i=3805[]
i=3806[]
i=3807[]
i=3808[]
i=3809[]
i=3810[]
i=3811[]
i=3812[]
i=3813[]
i=3814[]
i=3815[]
i=3816[]
i=3817[]
i=3818[]
i=3819[]
i=3820[]
i=3821[]
i=3822[]
i=3823[]
i=3824[]
i=3825[]
i=3826[]
i=3827[]
i=3828[]
i=3829[]
i=3830[]
i=3831[]
i=3832[]
i=3833[]
i=3834[]
i=3835[]
i=3836[]
i=3837[]
i=3838[]
i=3839[]
i=3840[]
i=3841[]
i=3842[]
i=3843[]
i=3844[]
i=3845[]
i=3846[]
i=3847[]
i=3848[]
i=3849[]
i=3850[]
i=3851[]
i=3852[]
i=3853[]
i=3854[]
i=3855[]
i=3856[]
i=3857[]
i=3858[]
i=3859[]
i=3860[]
i=3861[]
i=3862[]
i=3863[]
i=3864[]
i=3865[]
i=3866[]
i=3867[]
i=3868[]
i=3869[]
i=3870[]
i=3871[]
i=3872[]
i=3873[]
i=3874[]
i=3875[]
i=3876[]
i=3877[]
i=3878[]
i=3879[]
i=3880[]
i=3881[]
i=3882[]
i=3883[]
i=3884[]
i=3885[]
i=3886[]
i=3887[]
i=3888[]
i=3889[]
i=3890[]
i=3891[]
i=3892[]
i=3893[]
i=3894[]
i=3895[]
i=3896[]
i=3897[]
i=3898[]
i=3899[]
i=3900[]
i=3901[]
i=3902[]
i=3903[]
i=3904[]
i=3905[]
i=3906[]
i=3907[]
i=3908[]
i=3909[]
i=3910[]
i=3911[]
i=3912[]
i=3913[]
i=3914[]
i=3915[]
i=3916[]
i=3917[]
i=3918[]
i=3919[]
i=3920[]
i=3921[]
i=3922[]
i=3923[]
i=3924[]
i=3925[]
i=3926[]
i=3927[]
i=3928[]
i=3929[]
i=3930[]
i=3931[]
i=3932[]
i=3933[]
i=3934[]
i=3935[]
i=3936[]
i=3937[]
i=3938[]
i=3939[]
i=3940[]
i=3941[]
i=3942[]
i=3943[]
i=3944[]
i=3945[]
i=3946[]
i=3947[]
i=3948[]
i=3949[]
i=3950[]
i=3951[]
i=3952[]
i=3953[]
i=3954[]
i=3955[]
i=3956[]
i=3957[]
i=3958[]
i=3959[]
i=3960[]
i=3961[]
i=3962[]
i=3963[]
i=3964[]
i=3965[]
i=3966[]
i=3967[]
i=3968[]
i=3969[]
i=3970[]
i=3971[]
i=3972[]
i=3973[]
i=3974[]
i=3975[]
i=3976[]
i=3977[]
i=3978[]
i=3979[]
i=3980[]
i=3981[]
i=3982[]
i=3983[]
i=3984[]
i=3985[]
i=3986[]
i=3987[]
i=3988[]
i=3989[]
i=3990[]
i=3991[]
i=3992[]
i=3993[]
i=3994[]
i=3995[]
i=3996[]
i=3997[]
i=3998[]
i=3999[]
]
filename=testimage/orion_7.jpg
convert s/f status=0
iSum status=0
cudaerr=0
Filter status=0
Maxidx8u status=0
totalwidth=3638,4749
diff=-625,-567
Am I now
outboundupper x=2893,y=4599
outboundlower x=625,y=567
newsize=3638,4749
newimage width=3638, height=4749
offsetposition=0,0
eresult=0
newimage width=3638, height=4749
offsetposition=0,0
eresult=0
newimage width=3638, height=4749
offsetposition=0,0
eresult=0
newimage width=3638, height=4749
offsetposition=0,0
eresult=0
newimage width=3638, height=4749
offsetposition=0,0
eresult=0
anothergo0
test
Last test bis
test
3638,4749
filename=testimage/orion_7.jpg
[i=1000[]
i=1001[]
i=1002[]
i=1003[]
i=1004[]
i=1005[]
i=1006[]
i=1007[]
i=1008[]
i=1009[]
i=1010[]
i=1011[]
i=1012[]
i=1013[]
i=1014[]
i=1015[]
i=1016[]
i=1017[]
i=1018[]
i=1019[]
i=1020[]
i=1021[]
i=1022[]
i=1023[]
i=1024[]
i=1025[]
i=1026[]
i=1027[]
i=1028[]
i=1029[]
i=1030[]
i=1031[]
i=1032[]
i=1033[]
i=1034[]
i=1035[]
i=1036[]
i=1037[]
i=1038[]
i=1039[]
i=1040[]
i=1041[]
i=1042[]
i=1043[]
i=1044[]
i=1045[]
i=1046[]
i=1047[]
i=1048[]
i=1049[]
i=1050[]
i=1051[]
i=1052[]
i=1053[]
i=1054[]
i=1055[]
i=1056[]
i=1057[]
i=1058[]
i=1059[]
i=1060[]
i=1061[]
i=1062[]
i=1063[]
i=1064[]
i=1065[]
i=1066[]
i=1067[]
i=1068[]
i=1069[]
i=1070[]
i=1071[]
i=1072[]
i=1073[]
i=1074[]
i=1075[]
i=1076[]
i=1077[]
i=1078[]
i=1079[]
i=1080[]
i=1081[]
i=1082[]
i=1083[]
i=1084[]
i=1085[]
i=1086[]
i=1087[]
i=1088[]
i=1089[]
i=1090[]
i=1091[]
i=1092[]
i=1093[]
i=1094[]
i=1095[]
i=1096[]
i=1097[]
i=1098[]
i=1099[]
i=1100[]
i=1101[]
i=1102[]
i=1103[]
i=1104[]
i=1105[]
i=1106[]
i=1107[]
i=1108[]
i=1109[]
i=1110[]
i=1111[]
i=1112[]
i=1113[]
i=1114[]
i=1115[]
i=1116[]
i=1117[]
i=1118[]
i=1119[]
i=1120[]
i=1121[]
i=1122[]
i=1123[]
i=1124[]
i=1125[]
i=1126[]
i=1127[]
i=1128[]
i=1129[]
i=1130[]
i=1131[]
i=1132[]
i=1133[]
i=1134[]
i=1135[]
i=1136[]
i=1137[]
i=1138[]
i=1139[]
i=1140[]
i=1141[]
i=1142[]
i=1143[]
i=1144[]
i=1145[]
i=1146[]
i=1147[]
i=1148[]
i=1149[]
i=1150[]
i=1151[]
i=1152[]
i=1153[]
i=1154[]
i=1155[]
i=1156[]
i=1157[]
i=1158[]
i=1159[]
i=1160[]
i=1161[]
i=1162[]
i=1163[]
i=1164[]
i=1165[]
i=1166[]
i=1167[]
i=1168[]
i=1169[]
i=1170[]
i=1171[]
i=1172[]
i=1173[]
i=1174[]
i=1175[]
i=1176[]
i=1177[]
i=1178[]
i=1179[]
i=1180[]
i=1181[]
i=1182[]
i=1183[]
i=1184[]
i=1185[]
i=1186[]
i=1187[]
i=1188[]
i=1189[]
i=1190[]
i=1191[]
i=1192[]
i=1193[]
i=1194[]
i=1195[]
i=1196[]
i=1197[]
i=1198[]
i=1199[]
i=1200[]
i=1201[]
i=1202[]
i=1203[]
i=1204[]
i=1205[]
i=1206[]
i=1207[]
i=1208[]
i=1209[]
i=1210[]
i=1211[]
i=1212[]
i=1213[]
i=1214[]
i=1215[]
i=1216[]
i=1217[]
i=1218[]
i=1219[]
i=1220[]
i=1221[]
i=1222[]
i=1223[]
i=1224[]
i=1225[]
i=1226[]
i=1227[]
i=1228[]
i=1229[]
i=1230[]
i=1231[]
i=1232[]
i=1233[]
i=1234[]
i=1235[]
i=1236[]
i=1237[]
i=1238[]
i=1239[]
i=1240[]
i=1241[]
i=1242[]
i=1243[]
i=1244[]
i=1245[]
i=1246[]
i=1247[]
i=1248[]
i=1249[]
i=1250[]
i=1251[]
i=1252[]
i=1253[]
i=1254[]
i=1255[]
i=1256[]
i=1257[]
i=1258[]
i=1259[]
i=1260[]
i=1261[]
i=1262[]
i=1263[]
i=1264[]
i=1265[]
i=1266[]
i=1267[]
i=1268[]
i=1269[]
i=1270[]
i=1271[]
i=1272[]
i=1273[]
i=1274[]
i=1275[]
i=1276[]
i=1277[]
i=1278[]
i=1279[]
i=1280[]
i=1281[]
i=1282[]
i=1283[]
i=1284[]
i=1285[]
i=1286[]
i=1287[]
i=1288[]
i=1289[]
i=1290[]
i=1291[]
i=1292[]
i=1293[]
i=1294[]
i=1295[]
i=1296[]
i=1297[]
i=1298[]
i=1299[]
i=1300[]
i=1301[]
i=1302[]
i=1303[]
i=1304[]
i=1305[]
i=1306[]
i=1307[]
i=1308[]
i=1309[]
i=1310[]
i=1311[]
i=1312[]
i=1313[]
i=1314[]
i=1315[]
i=1316[]
i=1317[]
i=1318[]
i=1319[]
i=1320[]
i=1321[]
i=1322[]
i=1323[]
i=1324[]
i=1325[]
i=1326[]
i=1327[]
i=1328[]
i=1329[]
i=1330[]
i=1331[]
i=1332[]
i=1333[]
i=1334[]
i=1335[]
i=1336[]
i=1337[]
i=1338[]
i=1339[]
i=1340[]
i=1341[]
i=1342[]
i=1343[]
i=1344[]
i=1345[]
i=1346[]
i=1347[]
i=1348[]
i=1349[]
i=1350[]
i=1351[]
i=1352[]
i=1353[]
i=1354[]
i=1355[]
i=1356[]
i=1357[]
i=1358[]
i=1359[]
i=1360[]
i=1361[]
i=1362[]
i=1363[]
i=1364[]
i=1365[]
i=1366[]
i=1367[]
i=1368[]
i=1369[]
i=1370[]
i=1371[]
i=1372[]
i=1373[]
i=1374[]
i=1375[]
i=1376[]
i=1377[]
i=1378[]
i=1379[]
i=1380[]
i=1381[]
i=1382[]
i=1383[]
i=1384[]
i=1385[]
i=1386[]
i=1387[]
i=1388[]
i=1389[]
i=1390[]
i=1391[]
i=1392[]
i=1393[]
i=1394[]
i=1395[]
i=1396[]
i=1397[]
i=1398[]
i=1399[]
i=1400[]
i=1401[]
i=1402[]
i=1403[]
i=1404[]
i=1405[]
i=1406[]
i=1407[]
i=1408[]
i=1409[]
i=1410[]
i=1411[]
i=1412[]
i=1413[]
i=1414[]
i=1415[]
i=1416[]
i=1417[]
i=1418[]
i=1419[]
i=1420[]
i=1421[]
i=1422[]
i=1423[]
i=1424[]
i=1425[]
i=1426[]
i=1427[]
i=1428[]
i=1429[]
i=1430[]
i=1431[]
i=1432[]
i=1433[]
i=1434[]
i=1435[]
i=1436[]
i=1437[]
i=1438[]
i=1439[]
i=1440[]
i=1441[]
i=1442[]
i=1443[]
i=1444[]
i=1445[]
i=1446[]
i=1447[]
i=1448[]
i=1449[]
i=1450[]
i=1451[]
i=1452[]
i=1453[]
i=1454[]
i=1455[]
i=1456[]
i=1457[]
i=1458[]
i=1459[]
i=1460[]
i=1461[]
i=1462[]
i=1463[]
i=1464[]
i=1465[]
i=1466[]
i=1467[]
i=1468[]
i=1469[]
i=1470[]
i=1471[]
i=1472[]
i=1473[]
i=1474[]
i=1475[]
i=1476[]
i=1477[]
i=1478[]
i=1479[]
i=1480[]
i=1481[]
i=1482[]
i=1483[]
i=1484[]
i=1485[]
i=1486[]
i=1487[]
i=1488[]
i=1489[]
i=1490[]
i=1491[]
i=1492[]
i=1493[]
i=1494[]
i=1495[]
i=1496[]
i=1497[]
i=1498[]
i=1499[]
i=1500[]
i=1501[]
i=1502[]
i=1503[]
i=1504[]
i=1505[]
i=1506[]
i=1507[]
i=1508[]
i=1509[]
i=1510[]
i=1511[]
i=1512[]
i=1513[]
i=1514[]
i=1515[]
i=1516[]
i=1517[]
i=1518[]
i=1519[]
i=1520[]
i=1521[]
i=1522[]
i=1523[]
i=1524[]
i=1525[]
i=1526[]
i=1527[]
i=1528[]
i=1529[]
i=1530[]
i=1531[]
i=1532[]
i=1533[]
i=1534[]
i=1535[]
i=1536[]
i=1537[]
i=1538[]
i=1539[]
i=1540[]
i=1541[]
i=1542[]
i=1543[]
i=1544[]
i=1545[]
i=1546[]
i=1547[]
i=1548[]
i=1549[]
i=1550[]
i=1551[]
i=1552[]
i=1553[]
i=1554[]
i=1555[]
i=1556[]
i=1557[]
i=1558[]
i=1559[]
i=1560[]
i=1561[]
i=1562[]
i=1563[]
i=1564[]
i=1565[]
i=1566[]
i=1567[]
i=1568[]
i=1569[]
i=1570[]
i=1571[]
i=1572[]
i=1573[]
i=1574[]
i=1575[]
i=1576[]
i=1577[]
i=1578[]
i=1579[]
i=1580[]
i=1581[]
i=1582[]
i=1583[]
i=1584[]
i=1585[]
i=1586[]
i=1587[]
i=1588[]
i=1589[]
i=1590[]
i=1591[]
i=1592[]
i=1593[]
i=1594[]
i=1595[]
i=1596[]
i=1597[]
i=1598[]
i=1599[]
i=1600[]
i=1601[]
i=1602[]
i=1603[]
i=1604[]
i=1605[]
i=1606[]
i=1607[]
i=1608[]
i=1609[]
i=1610[]
i=1611[]
i=1612[]
i=1613[]
i=1614[]
i=1615[]
i=1616[]
i=1617[]
i=1618[]
i=1619[]
i=1620[]
i=1621[]
i=1622[]
i=1623[]
i=1624[]
i=1625[]
i=1626[]
i=1627[]
i=1628[]
i=1629[]
i=1630[]
i=1631[]
i=1632[]
i=1633[]
i=1634[]
i=1635[]
i=1636[]
i=1637[]
i=1638[]
i=1639[]
i=1640[]
i=1641[]
i=1642[]
i=1643[]
i=1644[]
i=1645[]
i=1646[]
i=1647[]
i=1648[]
i=1649[]
i=1650[]
i=1651[]
i=1652[]
i=1653[]
i=1654[]
i=1655[]
i=1656[]
i=1657[]
i=1658[]
i=1659[]
i=1660[]
i=1661[]
i=1662[]
i=1663[]
i=1664[]
i=1665[]
i=1666[]
i=1667[]
i=1668[]
i=1669[]
i=1670[]
i=1671[]
i=1672[]
i=1673[]
i=1674[]
i=1675[]
i=1676[]
i=1677[]
i=1678[]
i=1679[]
i=1680[]
i=1681[]
i=1682[]
i=1683[]
i=1684[]
i=1685[]
i=1686[]
i=1687[]
i=1688[]
i=1689[]
i=1690[]
i=1691[]
i=1692[]
i=1693[]
i=1694[]
i=1695[]
i=1696[]
i=1697[]
i=1698[]
i=1699[]
i=1700[]
i=1701[]
i=1702[]
i=1703[]
i=1704[]
i=1705[]
i=1706[]
i=1707[]
i=1708[]
i=1709[]
i=1710[]
i=1711[]
i=1712[]
i=1713[]
i=1714[]
i=1715[]
i=1716[]
i=1717[]
i=1718[]
i=1719[]
i=1720[]
i=1721[]
i=1722[]
i=1723[]
i=1724[]
i=1725[]
i=1726[]
i=1727[]
i=1728[]
i=1729[]
i=1730[]
i=1731[]
i=1732[]
i=1733[]
i=1734[]
i=1735[]
i=1736[]
i=1737[]
i=1738[]
i=1739[]
i=1740[]
i=1741[]
i=1742[]
i=1743[]
i=1744[]
i=1745[]
i=1746[]
i=1747[]
i=1748[]
i=1749[]
i=1750[]
i=1751[]
i=1752[]
i=1753[]
i=1754[]
i=1755[]
i=1756[]
i=1757[]
i=1758[]
i=1759[]
i=1760[]
i=1761[]
i=1762[]
i=1763[]
i=1764[]
i=1765[]
i=1766[]
i=1767[]
i=1768[]
i=1769[]
i=1770[]
i=1771[]
i=1772[]
i=1773[]
i=1774[]
i=1775[]
i=1776[]
i=1777[]
i=1778[]
i=1779[]
i=1780[]
i=1781[]
i=1782[]
i=1783[]
i=1784[]
i=1785[]
i=1786[]
i=1787[]
i=1788[]
i=1789[]
i=1790[]
i=1791[]
i=1792[]
i=1793[]
i=1794[]
i=1795[]
i=1796[]
i=1797[]
i=1798[]
i=1799[]
i=1800[]
i=1801[]
i=1802[]
i=1803[]
i=1804[]
i=1805[]
i=1806[]
i=1807[]
i=1808[]
i=1809[]
i=1810[]
i=1811[]
i=1812[]
i=1813[]
i=1814[]
i=1815[]
i=1816[]
i=1817[]
i=1818[]
i=1819[]
i=1820[]
i=1821[]
i=1822[]
i=1823[]
i=1824[]
i=1825[]
i=1826[]
i=1827[]
i=1828[]
i=1829[]
i=1830[]
i=1831[]
i=1832[]
i=1833[]
i=1834[]
i=1835[]
i=1836[]
i=1837[]
i=1838[]
i=1839[]
i=1840[]
i=1841[]
i=1842[]
i=1843[]
i=1844[]
i=1845[]
i=1846[]
i=1847[]
i=1848[]
i=1849[]
i=1850[]
i=1851[]
i=1852[]
i=1853[]
i=1854[]
i=1855[]
i=1856[]
i=1857[]
i=1858[]
i=1859[]
i=1860[]
i=1861[]
i=1862[]
i=1863[]
i=1864[]
i=1865[]
i=1866[]
i=1867[]
i=1868[]
i=1869[]
i=1870[]
i=1871[]
i=1872[]
i=1873[]
i=1874[]
i=1875[]
i=1876[]
i=1877[]
i=1878[]
i=1879[]
i=1880[]
i=1881[]
i=1882[]
i=1883[]
i=1884[]
i=1885[]
i=1886[]
i=1887[]
i=1888[]
i=1889[]
i=1890[]
i=1891[]
i=1892[]
i=1893[]
i=1894[]
i=1895[]
i=1896[]
i=1897[]
i=1898[]
i=1899[]
i=1900[]
i=1901[]
i=1902[]
i=1903[]
i=1904[]
i=1905[]
i=1906[]
i=1907[]
i=1908[]
i=1909[]
i=1910[]
i=1911[]
i=1912[]
i=1913[]
i=1914[]
i=1915[]
i=1916[]
i=1917[]
i=1918[]
i=1919[]
i=1920[]
i=1921[]
i=1922[]
i=1923[]
i=1924[]
i=1925[]
i=1926[]
i=1927[]
i=1928[]
i=1929[]
i=1930[]
i=1931[]
i=1932[]
i=1933[]
i=1934[]
i=1935[]
i=1936[]
i=1937[]
i=1938[]
i=1939[]
i=1940[]
i=1941[]
i=1942[]
i=1943[]
i=1944[]
i=1945[]
i=1946[]
i=1947[]
i=1948[]
i=1949[]
i=1950[]
i=1951[]
i=1952[]
i=1953[]
i=1954[]
i=1955[]
i=1956[]
i=1957[]
i=1958[]
i=1959[]
i=1960[]
i=1961[]
i=1962[]
i=1963[]
i=1964[]
i=1965[]
i=1966[]
i=1967[]
i=1968[]
i=1969[]
i=1970[]
i=1971[]
i=1972[]
i=1973[]
i=1974[]
i=1975[]
i=1976[]
i=1977[]
i=1978[]
i=1979[]
i=1980[]
i=1981[]
i=1982[]
i=1983[]
i=1984[]
i=1985[]
i=1986[]
i=1987[]
i=1988[]
i=1989[]
i=1990[]
i=1991[]
i=1992[]
i=1993[]
i=1994[]
i=1995[]
i=1996[]
i=1997[]
i=1998[]
i=1999[]
i=2000[]
i=2001[]
i=2002[]
i=2003[]
i=2004[]
i=2005[]
i=2006[]
i=2007[]
i=2008[]
i=2009[]
i=2010[]
i=2011[]
i=2012[]
i=2013[]
i=2014[]
i=2015[]
i=2016[]
i=2017[]
i=2018[]
i=2019[]
i=2020[]
i=2021[]
i=2022[]
i=2023[]
i=2024[]
i=2025[]
i=2026[]
i=2027[]
i=2028[]
i=2029[]
i=2030[]
i=2031[]
i=2032[]
i=2033[]
i=2034[]
i=2035[]
i=2036[]
i=2037[]
i=2038[]
i=2039[]
i=2040[]
i=2041[]
i=2042[]
i=2043[]
i=2044[]
i=2045[]
i=2046[]
i=2047[]
i=2048[]
i=2049[]
i=2050[]
i=2051[]
i=2052[]
i=2053[]
i=2054[]
i=2055[]
i=2056[]
i=2057[]
i=2058[]
i=2059[]
i=2060[]
i=2061[]
i=2062[]
i=2063[]
i=2064[]
i=2065[]
i=2066[]
i=2067[]
i=2068[]
i=2069[]
i=2070[]
i=2071[]
i=2072[]
i=2073[]
i=2074[]
i=2075[]
i=2076[]
i=2077[]
i=2078[]
i=2079[]
i=2080[]
i=2081[]
i=2082[]
i=2083[]
i=2084[]
i=2085[]
i=2086[]
i=2087[]
i=2088[]
i=2089[]
i=2090[]
i=2091[]
i=2092[]
i=2093[]
i=2094[]
i=2095[]
i=2096[]
i=2097[]
i=2098[]
i=2099[]
i=2100[]
i=2101[]
i=2102[]
i=2103[]
i=2104[]
i=2105[]
i=2106[]
i=2107[]
i=2108[]
i=2109[]
i=2110[]
i=2111[]
i=2112[]
i=2113[]
i=2114[]
i=2115[]
i=2116[]
i=2117[]
i=2118[]
i=2119[]
i=2120[]
i=2121[]
i=2122[]
i=2123[]
i=2124[]
i=2125[]
i=2126[]
i=2127[]
i=2128[]
i=2129[]
i=2130[]
i=2131[]
i=2132[]
i=2133[]
i=2134[]
i=2135[]
i=2136[]
i=2137[]
i=2138[]
i=2139[]
i=2140[]
i=2141[]
i=2142[]
i=2143[]
i=2144[]
i=2145[]
i=2146[]
i=2147[]
i=2148[]
i=2149[]
i=2150[]
i=2151[]
i=2152[]
i=2153[]
i=2154[]
i=2155[]
i=2156[]
i=2157[]
i=2158[]
i=2159[]
i=2160[]
i=2161[]
i=2162[]
i=2163[]
i=2164[]
i=2165[]
i=2166[]
i=2167[]
i=2168[]
i=2169[]
i=2170[]
i=2171[]
i=2172[]
i=2173[]
i=2174[]
i=2175[]
i=2176[]
i=2177[]
i=2178[]
i=2179[]
i=2180[]
i=2181[]
i=2182[]
i=2183[]
i=2184[]
i=2185[]
i=2186[]
i=2187[]
i=2188[]
i=2189[]
i=2190[]
i=2191[]
i=2192[]
i=2193[]
i=2194[]
i=2195[]
i=2196[]
i=2197[]
i=2198[]
i=2199[]
i=2200[]
i=2201[]
i=2202[]
i=2203[]
i=2204[]
i=2205[]
i=2206[]
i=2207[]
i=2208[]
i=2209[]
i=2210[]
i=2211[]
i=2212[]
i=2213[]
i=2214[]
i=2215[]
i=2216[]
i=2217[]
i=2218[]
i=2219[]
i=2220[]
i=2221[]
i=2222[]
i=2223[]
i=2224[]
i=2225[]
i=2226[]
i=2227[]
i=2228[]
i=2229[]
i=2230[]
i=2231[]
i=2232[]
i=2233[]
i=2234[]
i=2235[]
i=2236[]
i=2237[]
i=2238[]
i=2239[]
i=2240[]
i=2241[]
i=2242[]
i=2243[]
i=2244[]
i=2245[]
i=2246[]
i=2247[]
i=2248[]
i=2249[]
i=2250[]
i=2251[]
i=2252[]
i=2253[]
i=2254[]
i=2255[]
i=2256[]
i=2257[]
i=2258[]
i=2259[]
i=2260[]
i=2261[]
i=2262[]
i=2263[]
i=2264[]
i=2265[]
i=2266[]
i=2267[]
i=2268[]
i=2269[]
i=2270[]
i=2271[]
i=2272[]
i=2273[]
i=2274[]
i=2275[]
i=2276[]
i=2277[]
i=2278[]
i=2279[]
i=2280[]
i=2281[]
i=2282[]
i=2283[]
i=2284[]
i=2285[]
i=2286[]
i=2287[]
i=2288[]
i=2289[]
i=2290[]
i=2291[]
i=2292[]
i=2293[]
i=2294[]
i=2295[]
i=2296[]
i=2297[]
i=2298[]
i=2299[]
i=2300[]
i=2301[]
i=2302[]
i=2303[]
i=2304[]
i=2305[]
i=2306[]
i=2307[]
i=2308[]
i=2309[]
i=2310[]
i=2311[]
i=2312[]
i=2313[]
i=2314[]
i=2315[]
i=2316[]
i=2317[]
i=2318[]
i=2319[]
i=2320[]
i=2321[]
i=2322[]
i=2323[]
i=2324[]
i=2325[]
i=2326[]
i=2327[]
i=2328[]
i=2329[]
i=2330[]
i=2331[]
i=2332[]
i=2333[]
i=2334[]
i=2335[]
i=2336[]
i=2337[]
i=2338[]
i=2339[]
i=2340[]
i=2341[]
i=2342[]
i=2343[]
i=2344[]
i=2345[]
i=2346[]
i=2347[]
i=2348[]
i=2349[]
i=2350[]
i=2351[]
i=2352[]
i=2353[]
i=2354[]
i=2355[]
i=2356[]
i=2357[]
i=2358[]
i=2359[]
i=2360[]
i=2361[]
i=2362[]
i=2363[]
i=2364[]
i=2365[]
i=2366[]
i=2367[]
i=2368[]
i=2369[]
i=2370[]
i=2371[]
i=2372[]
i=2373[]
i=2374[]
i=2375[]
i=2376[]
i=2377[]
i=2378[]
i=2379[]
i=2380[]
i=2381[]
i=2382[]
i=2383[]
i=2384[]
i=2385[]
i=2386[]
i=2387[]
i=2388[]
i=2389[]
i=2390[]
i=2391[]
i=2392[]
i=2393[]
i=2394[]
i=2395[]
i=2396[]
i=2397[]
i=2398[]
i=2399[]
i=2400[]
i=2401[]
i=2402[]
i=2403[]
i=2404[]
i=2405[]
i=2406[]
i=2407[]
i=2408[]
i=2409[]
i=2410[]
i=2411[]
i=2412[]
i=2413[]
i=2414[]
i=2415[]
i=2416[]
i=2417[]
i=2418[]
i=2419[]
i=2420[]
i=2421[]
i=2422[]
i=2423[]
i=2424[]
i=2425[]
i=2426[]
i=2427[]
i=2428[]
i=2429[]
i=2430[]
i=2431[]
i=2432[]
i=2433[]
i=2434[]
i=2435[]
i=2436[]
i=2437[]
i=2438[]
i=2439[]
i=2440[]
i=2441[]
i=2442[]
i=2443[]
i=2444[]
i=2445[]
i=2446[]
i=2447[]
i=2448[]
i=2449[]
i=2450[]
i=2451[]
i=2452[]
i=2453[]
i=2454[]
i=2455[]
i=2456[]
i=2457[]
i=2458[]
i=2459[]
i=2460[]
i=2461[]
i=2462[]
i=2463[]
i=2464[]
i=2465[]
i=2466[]
i=2467[]
i=2468[]
i=2469[]
i=2470[]
i=2471[]
i=2472[]
i=2473[]
i=2474[]
i=2475[]
i=2476[]
i=2477[]
i=2478[]
i=2479[]
i=2480[]
i=2481[]
i=2482[]
i=2483[]
i=2484[]
i=2485[]
i=2486[]
i=2487[]
i=2488[]
i=2489[]
i=2490[]
i=2491[]
i=2492[]
i=2493[]
i=2494[]
i=2495[]
i=2496[]
i=2497[]
i=2498[]
i=2499[]
i=2500[]
i=2501[]
i=2502[]
i=2503[]
i=2504[]
i=2505[]
i=2506[]
i=2507[]
i=2508[]
i=2509[]
i=2510[]
i=2511[]
i=2512[]
i=2513[]
i=2514[]
i=2515[]
i=2516[]
i=2517[]
i=2518[]
i=2519[]
i=2520[]
i=2521[]
i=2522[]
i=2523[]
i=2524[]
i=2525[]
i=2526[]
i=2527[]
i=2528[]
i=2529[]
i=2530[]
i=2531[]
i=2532[]
i=2533[]
i=2534[]
i=2535[]
i=2536[]
i=2537[]
i=2538[]
i=2539[]
i=2540[]
i=2541[]
i=2542[]
i=2543[]
i=2544[]
i=2545[]
i=2546[]
i=2547[]
i=2548[]
i=2549[]
i=2550[]
i=2551[]
i=2552[]
i=2553[]
i=2554[]
i=2555[]
i=2556[]
i=2557[]
i=2558[]
i=2559[]
i=2560[]
i=2561[]
i=2562[]
i=2563[]
i=2564[]
i=2565[]
i=2566[]
i=2567[]
i=2568[]
i=2569[]
i=2570[]
i=2571[]
i=2572[]
i=2573[]
i=2574[]
i=2575[]
i=2576[]
i=2577[]
i=2578[]
i=2579[]
i=2580[]
i=2581[]
i=2582[]
i=2583[]
i=2584[]
i=2585[]
i=2586[]
i=2587[]
i=2588[]
i=2589[]
i=2590[]
i=2591[]
i=2592[]
i=2593[]
i=2594[]
i=2595[]
i=2596[]
i=2597[]
i=2598[]
i=2599[]
i=2600[]
i=2601[]
i=2602[]
i=2603[]
i=2604[]
i=2605[]
i=2606[]
i=2607[]
i=2608[]
i=2609[]
i=2610[]
i=2611[]
i=2612[]
i=2613[]
i=2614[]
i=2615[]
i=2616[]
i=2617[]
i=2618[]
i=2619[]
i=2620[]
i=2621[]
i=2622[]
i=2623[]
i=2624[]
i=2625[]
i=2626[]
i=2627[]
i=2628[]
i=2629[]
i=2630[]
i=2631[]
i=2632[]
i=2633[]
i=2634[]
i=2635[]
i=2636[]
i=2637[]
i=2638[]
i=2639[]
i=2640[]
i=2641[]
i=2642[]
i=2643[]
i=2644[]
i=2645[]
i=2646[]
i=2647[]
i=2648[]
i=2649[]
i=2650[]
i=2651[]
i=2652[]
i=2653[]
i=2654[]
i=2655[]
i=2656[]
i=2657[]
i=2658[]
i=2659[]
i=2660[]
i=2661[]
i=2662[]
i=2663[]
i=2664[]
i=2665[]
i=2666[]
i=2667[]
i=2668[]
i=2669[]
i=2670[]
i=2671[]
i=2672[]
i=2673[]
i=2674[]
i=2675[]
i=2676[]
i=2677[]
i=2678[]
i=2679[]
i=2680[]
i=2681[]
i=2682[]
i=2683[]
i=2684[]
i=2685[]
i=2686[]
i=2687[]
i=2688[]
i=2689[]
i=2690[]
i=2691[]
i=2692[]
i=2693[]
i=2694[]
i=2695[]
i=2696[]
i=2697[]
i=2698[]
i=2699[]
i=2700[]
i=2701[]
i=2702[]
i=2703[]
i=2704[]
i=2705[]
i=2706[]
i=2707[]
i=2708[]
i=2709[]
i=2710[]
i=2711[]
i=2712[]
i=2713[]
i=2714[]
i=2715[]
i=2716[]
i=2717[]
i=2718[]
i=2719[]
i=2720[]
i=2721[]
i=2722[]
i=2723[]
i=2724[]
i=2725[]
i=2726[]
i=2727[]
i=2728[]
i=2729[]
i=2730[]
i=2731[]
i=2732[]
i=2733[]
i=2734[]
i=2735[]
i=2736[]
i=2737[]
i=2738[]
i=2739[]
i=2740[]
i=2741[]
i=2742[]
i=2743[]
i=2744[]
i=2745[]
i=2746[]
i=2747[]
i=2748[]
i=2749[]
i=2750[]
i=2751[]
i=2752[]
i=2753[]
i=2754[]
i=2755[]
i=2756[]
i=2757[]
i=2758[]
i=2759[]
i=2760[]
i=2761[]
i=2762[]
i=2763[]
i=2764[]
i=2765[]
i=2766[]
i=2767[]
i=2768[]
i=2769[]
i=2770[]
i=2771[]
i=2772[]
i=2773[]
i=2774[]
i=2775[]
i=2776[]
i=2777[]
i=2778[]
i=2779[]
i=2780[]
i=2781[]
i=2782[]
i=2783[]
i=2784[]
i=2785[]
i=2786[]
i=2787[]
i=2788[]
i=2789[]
i=2790[]
i=2791[]
i=2792[]
i=2793[]
i=2794[]
i=2795[]
i=2796[]
i=2797[]
i=2798[]
i=2799[]
i=2800[]
i=2801[]
i=2802[]
i=2803[]
i=2804[]
i=2805[]
i=2806[]
i=2807[]
i=2808[]
i=2809[]
i=2810[]
i=2811[]
i=2812[]
i=2813[]
i=2814[]
i=2815[]
i=2816[]
i=2817[]
i=2818[]
i=2819[]
i=2820[]
i=2821[]
i=2822[]
i=2823[]
i=2824[]
i=2825[]
i=2826[]
i=2827[]
i=2828[]
i=2829[]
i=2830[]
i=2831[]
i=2832[]
i=2833[]
i=2834[]
i=2835[]
i=2836[]
i=2837[128,160,192,]
i=2838[]
i=2839[]
i=2840[]
i=2841[]
i=2842[]
i=2843[]
i=2844[]
i=2845[]
i=2846[]
i=2847[]
i=2848[]
i=2849[]
i=2850[]
i=2851[]
i=2852[]
i=2853[]
i=2854[]
i=2855[]
i=2856[]
i=2857[]
i=2858[]
i=2859[]
i=2860[]
i=2861[]
i=2862[]
i=2863[]
i=2864[]
i=2865[]
i=2866[]
i=2867[]
i=2868[]
i=2869[]
i=2870[]
i=2871[]
i=2872[]
i=2873[]
i=2874[]
i=2875[]
i=2876[]
i=2877[]
i=2878[]
i=2879[]
i=2880[]
i=2881[]
i=2882[128,160,]
i=2883[]
i=2884[]
i=2885[]
i=2886[128,128,128,128,]
i=2887[]
i=2888[]
i=2889[]
i=2890[]
i=2891[]
i=2892[]
i=2893[]
i=2894[]
i=2895[]
i=2896[]
i=2897[]
i=2898[128,]
i=2899[]
i=2900[]
i=2901[]
i=2902[128,128,]
i=2903[]
i=2904[]
i=2905[]
i=2906[128,]
i=2907[]
i=2908[]
i=2909[]
i=2910[]
i=2911[]
i=2912[]
i=2913[]
i=2914[]
i=2915[]
i=2916[]
i=2917[]
i=2918[]
i=2919[]
i=2920[]
i=2921[]
i=2922[]
i=2923[]
i=2924[]
i=2925[]
i=2926[]
i=2927[]
i=2928[]
i=2929[]
i=2930[]
i=2931[]
i=2932[]
i=2933[]
i=2934[]
i=2935[]
i=2936[]
i=2937[]
i=2938[]
i=2939[]
i=2940[]
i=2941[]
i=2942[]
i=2943[]
i=2944[]
i=2945[]
i=2946[]
i=2947[]
i=2948[]
i=2949[]
i=2950[]
i=2951[]
i=2952[]
i=2953[]
i=2954[]
i=2955[]
i=2956[]
i=2957[]
i=2958[]
i=2959[]
i=2960[]
i=2961[]
i=2962[]
i=2963[]
i=2964[]
i=2965[]
i=2966[]
i=2967[]
i=2968[]
i=2969[]
i=2970[]
i=2971[]
i=2972[]
i=2973[]
i=2974[]
i=2975[]
i=2976[]
i=2977[]
i=2978[]
i=2979[]
i=2980[]
i=2981[]
i=2982[]
i=2983[]
i=2984[]
i=2985[]
i=2986[]
i=2987[]
i=2988[]
i=2989[]
i=2990[]
i=2991[]
i=2992[]
i=2993[]
i=2994[]
i=2995[]
i=2996[]
i=2997[]
i=2998[]
i=2999[]
i=3000[]
i=3001[]
i=3002[]
i=3003[]
i=3004[]
i=3005[]
i=3006[]
i=3007[]
i=3008[]
i=3009[]
i=3010[]
i=3011[]
i=3012[]
i=3013[]
i=3014[]
i=3015[]
i=3016[]
i=3017[128,]
i=3018[]
i=3019[]
i=3020[]
i=3021[]
i=3022[]
i=3023[]
i=3024[]
i=3025[128,128,]
i=3026[]
i=3027[]
i=3028[]
i=3029[128,128,128,]
i=3030[]
i=3031[]
i=3032[]
i=3033[128,128,]
i=3034[]
i=3035[]
i=3036[]
i=3037[128,128,]
i=3038[]
i=3039[]
i=3040[]
i=3041[128,128,112,144,]
i=3042[]
i=3043[]
i=3044[]
i=3045[192,176,184,]
i=3046[]
i=3047[]
i=3048[]
i=3049[]
i=3050[]
i=3051[]
i=3052[]
i=3053[]
i=3054[]
i=3055[]
i=3056[]
i=3057[]
i=3058[]
i=3059[]
i=3060[]
i=3061[]
i=3062[]
i=3063[]
i=3064[]
i=3065[128,128,128,]
i=3066[]
i=3067[]
i=3068[]
i=3069[128,128,128,]
i=3070[]
i=3071[]
i=3072[]
i=3073[128,128,]
i=3074[]
i=3075[]
i=3076[]
i=3077[]
i=3078[]
i=3079[]
i=3080[]
i=3081[]
i=3082[]
i=3083[]
i=3084[]
i=3085[]
i=3086[]
i=3087[]
i=3088[]
i=3089[]
i=3090[]
i=3091[]
i=3092[]
i=3093[]
i=3094[]
i=3095[]
i=3096[]
i=3097[]
i=3098[]
i=3099[]
i=3100[]
i=3101[]
i=3102[]
i=3103[]
i=3104[]
i=3105[]
i=3106[]
i=3107[]
i=3108[]
i=3109[]
i=3110[]
i=3111[]
i=3112[]
i=3113[]
i=3114[]
i=3115[]
i=3116[]
i=3117[]
i=3118[]
i=3119[]
i=3120[]
i=3121[]
i=3122[]
i=3123[]
i=3124[]
i=3125[]
i=3126[]
i=3127[]
i=3128[]
i=3129[]
i=3130[]
i=3131[]
i=3132[]
i=3133[]
i=3134[]
i=3135[]
i=3136[]
i=3137[]
i=3138[]
i=3139[]
i=3140[]
i=3141[]
i=3142[]
i=3143[]
i=3144[]
i=3145[]
i=3146[]
i=3147[]
i=3148[]
i=3149[]
i=3150[]
i=3151[]
i=3152[]
i=3153[]
i=3154[]
i=3155[]
i=3156[]
i=3157[]
i=3158[]
i=3159[]
i=3160[]
i=3161[]
i=3162[]
i=3163[]
i=3164[]
i=3165[]
i=3166[]
i=3167[]
i=3168[]
i=3169[]
i=3170[]
i=3171[]
i=3172[]
i=3173[]
i=3174[]
i=3175[]
i=3176[]
i=3177[]
i=3178[]
i=3179[]
i=3180[]
i=3181[]
i=3182[]
i=3183[]
i=3184[]
i=3185[]
i=3186[]
i=3187[]
i=3188[]
i=3189[]
i=3190[]
i=3191[]
i=3192[]
i=3193[]
i=3194[]
i=3195[]
i=3196[]
i=3197[]
i=3198[]
i=3199[]
i=3200[]
i=3201[]
i=3202[]
i=3203[]
i=3204[]
i=3205[]
i=3206[]
i=3207[]
i=3208[]
i=3209[]
i=3210[]
i=3211[]
i=3212[]
i=3213[]
i=3214[]
i=3215[]
i=3216[]
i=3217[]
i=3218[]
i=3219[]
i=3220[]
i=3221[]
i=3222[]
i=3223[]
i=3224[]
i=3225[]
i=3226[]
i=3227[]
i=3228[]
i=3229[]
i=3230[]
i=3231[]
i=3232[]
i=3233[]
i=3234[]
i=3235[]
i=3236[]
i=3237[]
i=3238[]
i=3239[]
i=3240[]
i=3241[]
i=3242[]
i=3243[]
i=3244[]
i=3245[]
i=3246[]
i=3247[]
i=3248[]
i=3249[128,128,]
i=3250[]
i=3251[]
i=3252[]
i=3253[]
i=3254[]
i=3255[]
i=3256[]
i=3257[128,128,]
i=3258[]
i=3259[]
i=3260[]
i=3261[128,128,144,]
i=3262[]
i=3263[]
i=3264[]
i=3265[128,200,]
i=3266[]
i=3267[]
i=3268[]
i=3269[]
i=3270[]
i=3271[]
i=3272[]
i=3273[]
i=3274[]
i=3275[]
i=3276[]
i=3277[]
i=3278[]
i=3279[]
i=3280[]
i=3281[]
i=3282[]
i=3283[]
i=3284[]
i=3285[]
i=3286[]
i=3287[]
i=3288[]
i=3289[]
i=3290[]
i=3291[]
i=3292[]
i=3293[]
i=3294[]
i=3295[]
i=3296[]
i=3297[]
i=3298[]
i=3299[]
i=3300[]
i=3301[]
i=3302[]
i=3303[]
i=3304[]
i=3305[]
i=3306[]
i=3307[]
i=3308[]
i=3309[]
i=3310[]
i=3311[]
i=3312[]
i=3313[]
i=3314[]
i=3315[]
i=3316[]
i=3317[]
i=3318[]
i=3319[]
i=3320[]
i=3321[]
i=3322[]
i=3323[]
i=3324[]
i=3325[]
i=3326[]
i=3327[]
i=3328[]
i=3329[]
i=3330[]
i=3331[]
i=3332[]
i=3333[]
i=3334[]
i=3335[]
i=3336[]
i=3337[]
i=3338[]
i=3339[]
i=3340[]
i=3341[128,]
i=3342[]
i=3343[]
i=3344[]
i=3345[128,128,]
i=3346[]
i=3347[]
i=3348[]
i=3349[128,128,]
i=3350[]
i=3351[]
i=3352[]
i=3353[128,]
i=3354[]
i=3355[]
i=3356[]
i=3357[128,128,]
i=3358[]
i=3359[]
i=3360[]
i=3361[224,224,]
i=3362[]
i=3363[]
i=3364[]
i=3365[]
i=3366[]
i=3367[]
i=3368[]
i=3369[]
i=3370[]
i=3371[]
i=3372[]
i=3373[]
i=3374[]
i=3375[]
i=3376[]
i=3377[]
i=3378[]
i=3379[]
i=3380[]
i=3381[]
i=3382[]
i=3383[]
i=3384[]
i=3385[]
i=3386[]
i=3387[]
i=3388[]
i=3389[]
i=3390[]
i=3391[]
i=3392[]
i=3393[]
i=3394[]
i=3395[]
i=3396[]
i=3397[]
i=3398[]
i=3399[]
i=3400[]
i=3401[]
i=3402[]
i=3403[]
i=3404[]
i=3405[]
i=3406[]
i=3407[]
i=3408[]
i=3409[]
i=3410[]
i=3411[]
i=3412[]
i=3413[]
i=3414[]
i=3415[]
i=3416[]
i=3417[160,160,144,]
i=3418[]
i=3419[]
i=3420[]
i=3421[128,128,128,]
i=3422[]
i=3423[]
i=3424[]
i=3425[128,]
i=3426[]
i=3427[]
i=3428[]
i=3429[128,]
i=3430[]
i=3431[]
i=3432[]
i=3433[128,128,128,]
i=3434[]
i=3435[]
i=3436[]
i=3437[128,128,128,]
i=3438[]
i=3439[]
i=3440[]
i=3441[128,]
i=3442[]
i=3443[]
i=3444[]
i=3445[128,]
i=3446[]
i=3447[]
i=3448[]
i=3449[]
i=3450[]
i=3451[]
i=3452[]
i=3453[]
i=3454[]
i=3455[]
i=3456[]
i=3457[]
i=3458[]
i=3459[]
i=3460[]
i=3461[]
i=3462[]
i=3463[]
i=3464[]
i=3465[]
i=3466[]
i=3467[]
i=3468[]
i=3469[]
i=3470[]
i=3471[]
i=3472[]
i=3473[]
i=3474[]
i=3475[]
i=3476[]
i=3477[]
i=3478[]
i=3479[]
i=3480[]
i=3481[]
i=3482[]
i=3483[]
i=3484[]
i=3485[]
i=3486[]
i=3487[]
i=3488[]
i=3489[]
i=3490[]
i=3491[]
i=3492[]
i=3493[]
i=3494[]
i=3495[]
i=3496[]
i=3497[]
i=3498[]
i=3499[]
i=3500[]
i=3501[]
i=3502[]
i=3503[]
i=3504[]
i=3505[]
i=3506[]
i=3507[]
i=3508[]
i=3509[]
i=3510[]
i=3511[]
i=3512[]
i=3513[]
i=3514[]
i=3515[]
i=3516[]
i=3517[]
i=3518[]
i=3519[]
i=3520[]
i=3521[]
i=3522[]
i=3523[]
i=3524[]
i=3525[]
i=3526[]
i=3527[]
i=3528[]
i=3529[]
i=3530[]
i=3531[]
i=3532[]
i=3533[]
i=3534[]
i=3535[]
i=3536[]
i=3537[]
i=3538[]
i=3539[]
i=3540[]
i=3541[]
i=3542[]
i=3543[]
i=3544[]
i=3545[]
i=3546[]
i=3547[]
i=3548[]
i=3549[]
i=3550[]
i=3551[]
i=3552[]
i=3553[]
i=3554[]
i=3555[]
i=3556[]
i=3557[]
i=3558[]
i=3559[]
i=3560[]
i=3561[]
i=3562[]
i=3563[]
i=3564[]
i=3565[]
i=3566[]
i=3567[]
i=3568[]
i=3569[]
i=3570[]
i=3571[]
i=3572[]
i=3573[]
i=3574[]
i=3575[]
i=3576[]
i=3577[]
i=3578[]
i=3579[]
i=3580[]
i=3581[]
i=3582[]
i=3583[]
i=3584[]
i=3585[]
i=3586[]
i=3587[]
i=3588[]
i=3589[]
i=3590[]
i=3591[]
i=3592[]
i=3593[]
i=3594[]
i=3595[]
i=3596[]
i=3597[]
i=3598[]
i=3599[]
i=3600[]
i=3601[]
i=3602[]
i=3603[]
i=3604[]
i=3605[]
i=3606[]
i=3607[]
i=3608[]
i=3609[]
i=3610[]
i=3611[]
i=3612[]
i=3613[]
i=3614[]
i=3615[]
i=3616[]
i=3617[]
i=3618[]
i=3619[]
i=3620[]
i=3621[]
i=3622[]
i=3623[]
i=3624[]
i=3625[]
i=3626[]
i=3627[]
i=3628[]
i=3629[]
i=3630[]
i=3631[]
i=3632[]
i=3633[]
i=3634[]
i=3635[]
i=3636[]
i=3637[]
i=3638[]
i=3639[]
i=3640[]
i=3641[]
i=3642[]
i=3643[]
i=3644[]
i=3645[]
i=3646[]
i=3647[]
i=3648[]
i=3649[]
i=3650[]
i=3651[]
i=3652[]
i=3653[]
i=3654[]
i=3655[]
i=3656[]
i=3657[]
i=3658[]
i=3659[]
i=3660[]
i=3661[]
i=3662[]
i=3663[]
i=3664[]
i=3665[]
i=3666[]
i=3667[]
i=3668[]
i=3669[]
i=3670[]
i=3671[]
i=3672[]
i=3673[]
i=3674[]
i=3675[]
i=3676[]
i=3677[]
i=3678[]
i=3679[]
i=3680[]
i=3681[]
i=3682[]
i=3683[]
i=3684[]
i=3685[]
i=3686[]
i=3687[]
i=3688[]
i=3689[]
i=3690[]
i=3691[]
i=3692[]
i=3693[]
i=3694[]
i=3695[]
i=3696[]
i=3697[]
i=3698[]
i=3699[]
i=3700[]
i=3701[]
i=3702[]
i=3703[]
i=3704[]
i=3705[]
i=3706[]
i=3707[]
i=3708[]
i=3709[]
i=3710[]
i=3711[]
i=3712[]
i=3713[]
i=3714[]
i=3715[]
i=3716[]
i=3717[]
i=3718[]
i=3719[]
i=3720[]
i=3721[]
i=3722[]
i=3723[]
i=3724[]
i=3725[]
i=3726[]
i=3727[]
i=3728[]
i=3729[]
i=3730[]
i=3731[]
i=3732[]
i=3733[]
i=3734[]
i=3735[]
i=3736[]
i=3737[]
i=3738[]
i=3739[]
i=3740[]
i=3741[]
i=3742[]
i=3743[]
i=3744[]
i=3745[]
i=3746[]
i=3747[]
i=3748[]
i=3749[]
i=3750[]
i=3751[]
i=3752[]
i=3753[]
i=3754[]
i=3755[]
i=3756[]
i=3757[]
i=3758[]
i=3759[]
i=3760[]
i=3761[]
i=3762[]
i=3763[]
i=3764[]
i=3765[]
i=3766[]
i=3767[]
i=3768[]
i=3769[]
i=3770[]
i=3771[]
i=3772[]
i=3773[]
i=3774[]
i=3775[]
i=3776[]
i=3777[]
i=3778[]
i=3779[]
i=3780[]
i=3781[]
i=3782[]
i=3783[]
i=3784[]
i=3785[]
i=3786[]
i=3787[]
i=3788[]
i=3789[]
i=3790[]
i=3791[]
i=3792[]
i=3793[]
i=3794[]
i=3795[]
i=3796[]
i=3797[]
i=3798[]
i=3799[]
i=3800[]
i=3801[]
i=3802[]
i=3803[]
i=3804[]
i=3805[]
i=3806[]
i=3807[]
i=3808[]
i=3809[]
i=3810[]
i=3811[]
i=3812[]
i=3813[]
i=3814[]
i=3815[]
i=3816[]
i=3817[]
i=3818[]
i=3819[]
i=3820[]
i=3821[]
i=3822[]
i=3823[]
i=3824[]
i=3825[]
i=3826[]
i=3827[]
i=3828[]
i=3829[]
i=3830[]
i=3831[]
i=3832[]
i=3833[]
i=3834[]
i=3835[]
i=3836[]
i=3837[]
i=3838[]
i=3839[]
i=3840[]
i=3841[]
i=3842[]
i=3843[]
i=3844[]
i=3845[]
i=3846[]
i=3847[]
i=3848[]
i=3849[]
i=3850[]
i=3851[]
i=3852[]
i=3853[]
i=3854[]
i=3855[]
i=3856[]
i=3857[]
i=3858[]
i=3859[]
i=3860[]
i=3861[]
i=3862[]
i=3863[]
i=3864[]
i=3865[]
i=3866[]
i=3867[]
i=3868[]
i=3869[]
i=3870[]
i=3871[]
i=3872[]
i=3873[]
i=3874[]
i=3875[]
i=3876[]
i=3877[]
i=3878[]
i=3879[]
i=3880[]
i=3881[]
i=3882[]
i=3883[]
i=3884[]
i=3885[]
i=3886[]
i=3887[]
i=3888[]
i=3889[]
i=3890[]
i=3891[]
i=3892[]
i=3893[]
i=3894[]
i=3895[]
i=3896[]
i=3897[]
i=3898[]
i=3899[]
i=3900[]
i=3901[]
i=3902[]
i=3903[]
i=3904[]
i=3905[]
i=3906[]
i=3907[]
i=3908[]
i=3909[]
i=3910[]
i=3911[]
i=3912[]
i=3913[]
i=3914[]
i=3915[]
i=3916[]
i=3917[]
i=3918[]
i=3919[]
i=3920[]
i=3921[]
i=3922[]
i=3923[]
i=3924[]
i=3925[]
i=3926[]
i=3927[]
i=3928[]
i=3929[]
i=3930[]
i=3931[]
i=3932[]
i=3933[]
i=3934[]
i=3935[]
i=3936[]
i=3937[]
i=3938[]
i=3939[]
i=3940[]
i=3941[]
i=3942[]
i=3943[]
i=3944[]
i=3945[]
i=3946[]
i=3947[]
i=3948[]
i=3949[]
i=3950[]
i=3951[]
i=3952[]
i=3953[]
i=3954[]
i=3955[]
i=3956[]
i=3957[]
i=3958[]
i=3959[]
i=3960[]
i=3961[]
i=3962[]
i=3963[]
i=3964[]
i=3965[]
i=3966[]
i=3967[]
i=3968[]
i=3969[]
i=3970[]
i=3971[]
i=3972[]
i=3973[]
i=3974[]
i=3975[]
i=3976[]
i=3977[]
i=3978[]
i=3979[]
i=3980[]
i=3981[]
i=3982[]
i=3983[]
i=3984[]
i=3985[]
i=3986[]
i=3987[]
i=3988[]
i=3989[]
i=3990[]
i=3991[]
i=3992[]
i=3993[]
i=3994[]
i=3995[]
i=3996[]
i=3997[]
i=3998[]
i=3999[]
]
filename=testimage/orion_8.jpg
convert s/f status=0
iSum status=0
cudaerr=0
Filter status=0
Maxidx8u status=0
totalwidth=3638,4749
diff=-586,-545
Am I now
outboundupper x=2854,y=4577
outboundlower x=586,y=545
newsize=3638,4749
newimage width=3638, height=4749
offsetposition=0,0
eresult=0
newimage width=3638, height=4749
offsetposition=0,0
eresult=0
newimage width=3638, height=4749
offsetposition=0,0
eresult=0
newimage width=3638, height=4749
offsetposition=0,0
eresult=0
newimage width=3638, height=4749
offsetposition=0,0
eresult=0
anothergo0
test
Last test bis
test
3638,4749
filename=testimage/orion_8.jpg
[i=1000[]
i=1001[]
i=1002[]
i=1003[]
i=1004[]
i=1005[]
i=1006[]
i=1007[]
i=1008[]
i=1009[]
i=1010[]
i=1011[]
i=1012[]
i=1013[]
i=1014[]
i=1015[]
i=1016[]
i=1017[]
i=1018[]
i=1019[]
i=1020[]
i=1021[]
i=1022[]
i=1023[]
i=1024[]
i=1025[]
i=1026[]
i=1027[]
i=1028[]
i=1029[]
i=1030[]
i=1031[]
i=1032[]
i=1033[]
i=1034[]
i=1035[]
i=1036[]
i=1037[]
i=1038[]
i=1039[]
i=1040[]
i=1041[]
i=1042[]
i=1043[]
i=1044[]
i=1045[]
i=1046[]
i=1047[]
i=1048[]
i=1049[]
i=1050[]
i=1051[]
i=1052[]
i=1053[]
i=1054[]
i=1055[]
i=1056[]
i=1057[]
i=1058[]
i=1059[]
i=1060[]
i=1061[]
i=1062[]
i=1063[]
i=1064[]
i=1065[]
i=1066[]
i=1067[]
i=1068[]
i=1069[]
i=1070[]
i=1071[]
i=1072[]
i=1073[]
i=1074[]
i=1075[]
i=1076[]
i=1077[]
i=1078[]
i=1079[]
i=1080[]
i=1081[]
i=1082[]
i=1083[]
i=1084[]
i=1085[]
i=1086[]
i=1087[]
i=1088[]
i=1089[]
i=1090[]
i=1091[]
i=1092[]
i=1093[]
i=1094[]
i=1095[]
i=1096[]
i=1097[]
i=1098[]
i=1099[]
i=1100[]
i=1101[]
i=1102[]
i=1103[]
i=1104[]
i=1105[]
i=1106[]
i=1107[]
i=1108[]
i=1109[]
i=1110[]
i=1111[]
i=1112[]
i=1113[]
i=1114[]
i=1115[]
i=1116[]
i=1117[]
i=1118[]
i=1119[]
i=1120[]
i=1121[]
i=1122[]
i=1123[]
i=1124[]
i=1125[]
i=1126[]
i=1127[]
i=1128[]
i=1129[]
i=1130[]
i=1131[]
i=1132[]
i=1133[]
i=1134[]
i=1135[]
i=1136[]
i=1137[]
i=1138[]
i=1139[]
i=1140[]
i=1141[]
i=1142[]
i=1143[]
i=1144[]
i=1145[]
i=1146[]
i=1147[]
i=1148[]
i=1149[]
i=1150[]
i=1151[]
i=1152[]
i=1153[]
i=1154[]
i=1155[]
i=1156[]
i=1157[]
i=1158[]
i=1159[]
i=1160[]
i=1161[]
i=1162[]
i=1163[]
i=1164[]
i=1165[]
i=1166[]
i=1167[]
i=1168[]
i=1169[]
i=1170[]
i=1171[]
i=1172[]
i=1173[]
i=1174[]
i=1175[]
i=1176[]
i=1177[]
i=1178[]
i=1179[]
i=1180[]
i=1181[]
i=1182[]
i=1183[]
i=1184[]
i=1185[]
i=1186[]
i=1187[]
i=1188[]
i=1189[]
i=1190[]
i=1191[]
i=1192[]
i=1193[]
i=1194[]
i=1195[]
i=1196[]
i=1197[]
i=1198[]
i=1199[]
i=1200[]
i=1201[]
i=1202[]
i=1203[]
i=1204[]
i=1205[]
i=1206[]
i=1207[]
i=1208[]
i=1209[]
i=1210[]
i=1211[]
i=1212[]
i=1213[]
i=1214[]
i=1215[]
i=1216[]
i=1217[]
i=1218[]
i=1219[]
i=1220[]
i=1221[]
i=1222[]
i=1223[]
i=1224[]
i=1225[]
i=1226[]
i=1227[]
i=1228[]
i=1229[]
i=1230[]
i=1231[]
i=1232[]
i=1233[]
i=1234[]
i=1235[]
i=1236[]
i=1237[]
i=1238[]
i=1239[]
i=1240[]
i=1241[]
i=1242[]
i=1243[]
i=1244[]
i=1245[]
i=1246[]
i=1247[]
i=1248[]
i=1249[]
i=1250[]
i=1251[]
i=1252[]
i=1253[]
i=1254[]
i=1255[]
i=1256[]
i=1257[]
i=1258[]
i=1259[]
i=1260[]
i=1261[]
i=1262[]
i=1263[]
i=1264[]
i=1265[]
i=1266[]
i=1267[]
i=1268[]
i=1269[]
i=1270[]
i=1271[]
i=1272[]
i=1273[]
i=1274[]
i=1275[]
i=1276[]
i=1277[]
i=1278[]
i=1279[]
i=1280[]
i=1281[]
i=1282[]
i=1283[]
i=1284[]
i=1285[]
i=1286[]
i=1287[]
i=1288[]
i=1289[]
i=1290[]
i=1291[]
i=1292[]
i=1293[]
i=1294[]
i=1295[]
i=1296[]
i=1297[]
i=1298[]
i=1299[]
i=1300[]
i=1301[]
i=1302[]
i=1303[]
i=1304[]
i=1305[]
i=1306[]
i=1307[]
i=1308[]
i=1309[]
i=1310[]
i=1311[]
i=1312[]
i=1313[]
i=1314[]
i=1315[]
i=1316[]
i=1317[]
i=1318[]
i=1319[]
i=1320[]
i=1321[]
i=1322[]
i=1323[]
i=1324[]
i=1325[]
i=1326[]
i=1327[]
i=1328[]
i=1329[]
i=1330[]
i=1331[]
i=1332[]
i=1333[]
i=1334[]
i=1335[]
i=1336[]
i=1337[]
i=1338[]
i=1339[]
i=1340[]
i=1341[]
i=1342[]
i=1343[]
i=1344[]
i=1345[]
i=1346[]
i=1347[]
i=1348[]
i=1349[]
i=1350[]
i=1351[]
i=1352[]
i=1353[]
i=1354[]
i=1355[]
i=1356[]
i=1357[]
i=1358[]
i=1359[]
i=1360[]
i=1361[]
i=1362[]
i=1363[]
i=1364[]
i=1365[]
i=1366[]
i=1367[]
i=1368[]
i=1369[]
i=1370[]
i=1371[]
i=1372[]
i=1373[]
i=1374[]
i=1375[]
i=1376[]
i=1377[]
i=1378[]
i=1379[]
i=1380[]
i=1381[]
i=1382[]
i=1383[]
i=1384[]
i=1385[]
i=1386[]
i=1387[]
i=1388[]
i=1389[]
i=1390[]
i=1391[]
i=1392[]
i=1393[]
i=1394[]
i=1395[]
i=1396[]
i=1397[]
i=1398[]
i=1399[]
i=1400[]
i=1401[]
i=1402[]
i=1403[]
i=1404[]
i=1405[]
i=1406[]
i=1407[]
i=1408[]
i=1409[]
i=1410[]
i=1411[]
i=1412[]
i=1413[]
i=1414[]
i=1415[]
i=1416[]
i=1417[]
i=1418[]
i=1419[]
i=1420[]
i=1421[]
i=1422[]
i=1423[]
i=1424[]
i=1425[]
i=1426[]
i=1427[]
i=1428[]
i=1429[]
i=1430[]
i=1431[]
i=1432[]
i=1433[]
i=1434[]
i=1435[]
i=1436[]
i=1437[]
i=1438[]
i=1439[]
i=1440[]
i=1441[]
i=1442[]
i=1443[]
i=1444[]
i=1445[]
i=1446[]
i=1447[]
i=1448[]
i=1449[]
i=1450[]
i=1451[]
i=1452[]
i=1453[]
i=1454[]
i=1455[]
i=1456[]
i=1457[]
i=1458[]
i=1459[]
i=1460[]
i=1461[]
i=1462[]
i=1463[]
i=1464[]
i=1465[]
i=1466[]
i=1467[]
i=1468[]
i=1469[]
i=1470[]
i=1471[]
i=1472[]
i=1473[]
i=1474[]
i=1475[]
i=1476[]
i=1477[]
i=1478[]
i=1479[]
i=1480[]
i=1481[]
i=1482[]
i=1483[]
i=1484[]
i=1485[]
i=1486[]
i=1487[]
i=1488[]
i=1489[]
i=1490[]
i=1491[]
i=1492[]
i=1493[]
i=1494[]
i=1495[]
i=1496[]
i=1497[]
i=1498[]
i=1499[]
i=1500[]
i=1501[]
i=1502[]
i=1503[]
i=1504[]
i=1505[]
i=1506[]
i=1507[]
i=1508[]
i=1509[]
i=1510[]
i=1511[]
i=1512[]
i=1513[]
i=1514[]
i=1515[]
i=1516[]
i=1517[]
i=1518[]
i=1519[]
i=1520[]
i=1521[]
i=1522[]
i=1523[]
i=1524[]
i=1525[]
i=1526[]
i=1527[]
i=1528[]
i=1529[]
i=1530[]
i=1531[]
i=1532[]
i=1533[]
i=1534[]
i=1535[]
i=1536[]
i=1537[]
i=1538[]
i=1539[]
i=1540[]
i=1541[]
i=1542[]
i=1543[]
i=1544[]
i=1545[]
i=1546[]
i=1547[]
i=1548[]
i=1549[]
i=1550[]
i=1551[]
i=1552[]
i=1553[]
i=1554[]
i=1555[]
i=1556[]
i=1557[]
i=1558[]
i=1559[]
i=1560[]
i=1561[]
i=1562[]
i=1563[]
i=1564[]
i=1565[]
i=1566[]
i=1567[]
i=1568[]
i=1569[]
i=1570[]
i=1571[]
i=1572[]
i=1573[]
i=1574[]
i=1575[]
i=1576[]
i=1577[]
i=1578[]
i=1579[]
i=1580[]
i=1581[]
i=1582[]
i=1583[]
i=1584[]
i=1585[]
i=1586[]
i=1587[]
i=1588[]
i=1589[]
i=1590[]
i=1591[]
i=1592[]
i=1593[]
i=1594[]
i=1595[]
i=1596[]
i=1597[]
i=1598[]
i=1599[]
i=1600[]
i=1601[]
i=1602[]
i=1603[]
i=1604[]
i=1605[]
i=1606[]
i=1607[]
i=1608[]
i=1609[]
i=1610[]
i=1611[]
i=1612[]
i=1613[]
i=1614[]
i=1615[]
i=1616[]
i=1617[]
i=1618[]
i=1619[]
i=1620[]
i=1621[]
i=1622[]
i=1623[]
i=1624[]
i=1625[]
i=1626[]
i=1627[]
i=1628[]
i=1629[]
i=1630[]
i=1631[]
i=1632[]
i=1633[]
i=1634[]
i=1635[]
i=1636[]
i=1637[]
i=1638[]
i=1639[]
i=1640[]
i=1641[]
i=1642[]
i=1643[]
i=1644[]
i=1645[]
i=1646[]
i=1647[]
i=1648[]
i=1649[]
i=1650[]
i=1651[]
i=1652[]
i=1653[]
i=1654[]
i=1655[]
i=1656[]
i=1657[]
i=1658[]
i=1659[]
i=1660[]
i=1661[]
i=1662[]
i=1663[]
i=1664[]
i=1665[]
i=1666[]
i=1667[]
i=1668[]
i=1669[]
i=1670[]
i=1671[]
i=1672[]
i=1673[]
i=1674[]
i=1675[]
i=1676[]
i=1677[]
i=1678[]
i=1679[]
i=1680[]
i=1681[]
i=1682[]
i=1683[]
i=1684[]
i=1685[]
i=1686[]
i=1687[]
i=1688[]
i=1689[]
i=1690[]
i=1691[]
i=1692[]
i=1693[]
i=1694[]
i=1695[]
i=1696[]
i=1697[]
i=1698[]
i=1699[]
i=1700[]
i=1701[]
i=1702[]
i=1703[]
i=1704[]
i=1705[]
i=1706[]
i=1707[]
i=1708[]
i=1709[]
i=1710[]
i=1711[]
i=1712[]
i=1713[]
i=1714[]
i=1715[]
i=1716[]
i=1717[]
i=1718[]
i=1719[]
i=1720[]
i=1721[]
i=1722[]
i=1723[]
i=1724[]
i=1725[]
i=1726[]
i=1727[]
i=1728[]
i=1729[]
i=1730[]
i=1731[]
i=1732[]
i=1733[]
i=1734[]
i=1735[]
i=1736[]
i=1737[]
i=1738[]
i=1739[]
i=1740[]
i=1741[]
i=1742[]
i=1743[]
i=1744[]
i=1745[]
i=1746[]
i=1747[]
i=1748[]
i=1749[]
i=1750[]
i=1751[]
i=1752[]
i=1753[]
i=1754[]
i=1755[]
i=1756[]
i=1757[]
i=1758[]
i=1759[]
i=1760[]
i=1761[]
i=1762[]
i=1763[]
i=1764[]
i=1765[]
i=1766[]
i=1767[]
i=1768[]
i=1769[]
i=1770[]
i=1771[]
i=1772[]
i=1773[]
i=1774[]
i=1775[]
i=1776[]
i=1777[]
i=1778[]
i=1779[]
i=1780[]
i=1781[]
i=1782[]
i=1783[]
i=1784[]
i=1785[]
i=1786[]
i=1787[]
i=1788[]
i=1789[]
i=1790[]
i=1791[]
i=1792[]
i=1793[]
i=1794[]
i=1795[]
i=1796[]
i=1797[]
i=1798[]
i=1799[]
i=1800[]
i=1801[]
i=1802[]
i=1803[]
i=1804[]
i=1805[]
i=1806[]
i=1807[]
i=1808[]
i=1809[]
i=1810[]
i=1811[]
i=1812[]
i=1813[]
i=1814[]
i=1815[]
i=1816[]
i=1817[]
i=1818[]
i=1819[]
i=1820[]
i=1821[]
i=1822[]
i=1823[]
i=1824[]
i=1825[]
i=1826[]
i=1827[]
i=1828[]
i=1829[]
i=1830[]
i=1831[]
i=1832[]
i=1833[]
i=1834[]
i=1835[]
i=1836[]
i=1837[]
i=1838[]
i=1839[]
i=1840[]
i=1841[]
i=1842[]
i=1843[]
i=1844[]
i=1845[]
i=1846[]
i=1847[]
i=1848[]
i=1849[]
i=1850[]
i=1851[]
i=1852[]
i=1853[]
i=1854[]
i=1855[]
i=1856[]
i=1857[]
i=1858[]
i=1859[]
i=1860[]
i=1861[]
i=1862[]
i=1863[]
i=1864[]
i=1865[]
i=1866[]
i=1867[]
i=1868[]
i=1869[]
i=1870[]
i=1871[]
i=1872[]
i=1873[]
i=1874[]
i=1875[]
i=1876[]
i=1877[]
i=1878[]
i=1879[]
i=1880[]
i=1881[]
i=1882[]
i=1883[]
i=1884[]
i=1885[]
i=1886[]
i=1887[]
i=1888[]
i=1889[]
i=1890[]
i=1891[]
i=1892[]
i=1893[]
i=1894[]
i=1895[]
i=1896[]
i=1897[]
i=1898[]
i=1899[]
i=1900[]
i=1901[]
i=1902[]
i=1903[]
i=1904[]
i=1905[]
i=1906[]
i=1907[]
i=1908[]
i=1909[]
i=1910[]
i=1911[]
i=1912[]
i=1913[]
i=1914[]
i=1915[]
i=1916[]
i=1917[]
i=1918[]
i=1919[]
i=1920[]
i=1921[]
i=1922[]
i=1923[]
i=1924[]
i=1925[]
i=1926[]
i=1927[]
i=1928[]
i=1929[]
i=1930[]
i=1931[]
i=1932[]
i=1933[]
i=1934[]
i=1935[]
i=1936[]
i=1937[]
i=1938[]
i=1939[]
i=1940[]
i=1941[]
i=1942[]
i=1943[]
i=1944[]
i=1945[]
i=1946[]
i=1947[]
i=1948[]
i=1949[]
i=1950[]
i=1951[]
i=1952[]
i=1953[]
i=1954[]
i=1955[]
i=1956[]
i=1957[]
i=1958[]
i=1959[]
i=1960[]
i=1961[]
i=1962[]
i=1963[]
i=1964[]
i=1965[]
i=1966[]
i=1967[]
i=1968[]
i=1969[]
i=1970[]
i=1971[]
i=1972[]
i=1973[]
i=1974[]
i=1975[]
i=1976[]
i=1977[]
i=1978[]
i=1979[]
i=1980[]
i=1981[]
i=1982[]
i=1983[]
i=1984[]
i=1985[]
i=1986[]
i=1987[]
i=1988[]
i=1989[]
i=1990[]
i=1991[]
i=1992[]
i=1993[]
i=1994[]
i=1995[]
i=1996[]
i=1997[]
i=1998[]
i=1999[]
i=2000[]
i=2001[]
i=2002[]
i=2003[]
i=2004[]
i=2005[]
i=2006[]
i=2007[]
i=2008[]
i=2009[]
i=2010[]
i=2011[]
i=2012[]
i=2013[]
i=2014[]
i=2015[]
i=2016[]
i=2017[]
i=2018[]
i=2019[]
i=2020[]
i=2021[]
i=2022[]
i=2023[]
i=2024[]
i=2025[]
i=2026[]
i=2027[]
i=2028[]
i=2029[]
i=2030[]
i=2031[]
i=2032[]
i=2033[]
i=2034[]
i=2035[]
i=2036[]
i=2037[]
i=2038[]
i=2039[]
i=2040[]
i=2041[]
i=2042[]
i=2043[]
i=2044[]
i=2045[]
i=2046[]
i=2047[]
i=2048[]
i=2049[]
i=2050[]
i=2051[]
i=2052[]
i=2053[]
i=2054[]
i=2055[]
i=2056[]
i=2057[]
i=2058[]
i=2059[]
i=2060[]
i=2061[]
i=2062[]
i=2063[]
i=2064[]
i=2065[]
i=2066[]
i=2067[]
i=2068[]
i=2069[]
i=2070[]
i=2071[]
i=2072[]
i=2073[]
i=2074[]
i=2075[]
i=2076[]
i=2077[]
i=2078[]
i=2079[]
i=2080[]
i=2081[]
i=2082[]
i=2083[]
i=2084[]
i=2085[]
i=2086[]
i=2087[]
i=2088[]
i=2089[]
i=2090[]
i=2091[]
i=2092[]
i=2093[]
i=2094[]
i=2095[]
i=2096[]
i=2097[]
i=2098[]
i=2099[]
i=2100[]
i=2101[]
i=2102[]
i=2103[]
i=2104[]
i=2105[]
i=2106[]
i=2107[]
i=2108[]
i=2109[]
i=2110[]
i=2111[]
i=2112[]
i=2113[]
i=2114[]
i=2115[]
i=2116[]
i=2117[]
i=2118[]
i=2119[]
i=2120[]
i=2121[]
i=2122[]
i=2123[]
i=2124[]
i=2125[]
i=2126[]
i=2127[]
i=2128[]
i=2129[]
i=2130[]
i=2131[]
i=2132[]
i=2133[]
i=2134[]
i=2135[]
i=2136[]
i=2137[]
i=2138[]
i=2139[]
i=2140[]
i=2141[]
i=2142[]
i=2143[]
i=2144[]
i=2145[]
i=2146[]
i=2147[]
i=2148[]
i=2149[]
i=2150[]
i=2151[]
i=2152[]
i=2153[]
i=2154[]
i=2155[]
i=2156[]
i=2157[]
i=2158[]
i=2159[]
i=2160[]
i=2161[]
i=2162[]
i=2163[]
i=2164[]
i=2165[]
i=2166[]
i=2167[]
i=2168[]
i=2169[]
i=2170[]
i=2171[]
i=2172[]
i=2173[]
i=2174[]
i=2175[]
i=2176[]
i=2177[]
i=2178[]
i=2179[]
i=2180[]
i=2181[]
i=2182[]
i=2183[]
i=2184[]
i=2185[]
i=2186[]
i=2187[]
i=2188[]
i=2189[]
i=2190[]
i=2191[]
i=2192[]
i=2193[]
i=2194[]
i=2195[]
i=2196[]
i=2197[]
i=2198[]
i=2199[]
i=2200[]
i=2201[]
i=2202[]
i=2203[]
i=2204[]
i=2205[]
i=2206[]
i=2207[]
i=2208[]
i=2209[]
i=2210[]
i=2211[]
i=2212[]
i=2213[]
i=2214[]
i=2215[]
i=2216[]
i=2217[]
i=2218[]
i=2219[]
i=2220[]
i=2221[]
i=2222[]
i=2223[]
i=2224[]
i=2225[]
i=2226[]
i=2227[]
i=2228[]
i=2229[]
i=2230[]
i=2231[]
i=2232[]
i=2233[]
i=2234[]
i=2235[]
i=2236[]
i=2237[]
i=2238[]
i=2239[]
i=2240[]
i=2241[]
i=2242[]
i=2243[]
i=2244[]
i=2245[]
i=2246[]
i=2247[]
i=2248[]
i=2249[]
i=2250[]
i=2251[]
i=2252[]
i=2253[]
i=2254[]
i=2255[]
i=2256[]
i=2257[]
i=2258[]
i=2259[]
i=2260[]
i=2261[]
i=2262[]
i=2263[]
i=2264[]
i=2265[]
i=2266[]
i=2267[]
i=2268[]
i=2269[]
i=2270[]
i=2271[]
i=2272[]
i=2273[]
i=2274[]
i=2275[]
i=2276[]
i=2277[]
i=2278[]
i=2279[]
i=2280[]
i=2281[]
i=2282[]
i=2283[]
i=2284[]
i=2285[]
i=2286[]
i=2287[]
i=2288[]
i=2289[]
i=2290[]
i=2291[]
i=2292[]
i=2293[]
i=2294[]
i=2295[]
i=2296[]
i=2297[]
i=2298[]
i=2299[]
i=2300[]
i=2301[]
i=2302[]
i=2303[]
i=2304[]
i=2305[]
i=2306[]
i=2307[]
i=2308[]
i=2309[]
i=2310[]
i=2311[]
i=2312[]
i=2313[]
i=2314[]
i=2315[]
i=2316[]
i=2317[]
i=2318[]
i=2319[]
i=2320[]
i=2321[]
i=2322[]
i=2323[]
i=2324[]
i=2325[]
i=2326[]
i=2327[]
i=2328[]
i=2329[]
i=2330[]
i=2331[]
i=2332[]
i=2333[]
i=2334[]
i=2335[]
i=2336[]
i=2337[]
i=2338[]
i=2339[]
i=2340[]
i=2341[]
i=2342[]
i=2343[]
i=2344[]
i=2345[]
i=2346[]
i=2347[]
i=2348[]
i=2349[]
i=2350[]
i=2351[]
i=2352[]
i=2353[]
i=2354[]
i=2355[]
i=2356[]
i=2357[]
i=2358[]
i=2359[]
i=2360[]
i=2361[]
i=2362[]
i=2363[]
i=2364[]
i=2365[]
i=2366[]
i=2367[]
i=2368[]
i=2369[]
i=2370[]
i=2371[]
i=2372[]
i=2373[]
i=2374[]
i=2375[]
i=2376[]
i=2377[]
i=2378[]
i=2379[]
i=2380[]
i=2381[]
i=2382[]
i=2383[]
i=2384[]
i=2385[]
i=2386[]
i=2387[]
i=2388[]
i=2389[]
i=2390[]
i=2391[]
i=2392[]
i=2393[]
i=2394[]
i=2395[]
i=2396[]
i=2397[]
i=2398[]
i=2399[]
i=2400[]
i=2401[]
i=2402[]
i=2403[]
i=2404[]
i=2405[]
i=2406[]
i=2407[]
i=2408[]
i=2409[]
i=2410[]
i=2411[]
i=2412[]
i=2413[]
i=2414[]
i=2415[]
i=2416[]
i=2417[]
i=2418[]
i=2419[]
i=2420[]
i=2421[]
i=2422[]
i=2423[]
i=2424[]
i=2425[]
i=2426[]
i=2427[]
i=2428[]
i=2429[]
i=2430[]
i=2431[]
i=2432[]
i=2433[]
i=2434[]
i=2435[]
i=2436[]
i=2437[]
i=2438[]
i=2439[]
i=2440[]
i=2441[]
i=2442[]
i=2443[]
i=2444[]
i=2445[]
i=2446[]
i=2447[]
i=2448[]
i=2449[]
i=2450[]
i=2451[]
i=2452[]
i=2453[]
i=2454[]
i=2455[]
i=2456[]
i=2457[]
i=2458[]
i=2459[]
i=2460[]
i=2461[]
i=2462[]
i=2463[]
i=2464[]
i=2465[]
i=2466[]
i=2467[]
i=2468[]
i=2469[]
i=2470[]
i=2471[]
i=2472[]
i=2473[]
i=2474[]
i=2475[]
i=2476[]
i=2477[]
i=2478[]
i=2479[]
i=2480[]
i=2481[]
i=2482[]
i=2483[]
i=2484[]
i=2485[]
i=2486[]
i=2487[]
i=2488[]
i=2489[]
i=2490[]
i=2491[]
i=2492[]
i=2493[]
i=2494[]
i=2495[]
i=2496[]
i=2497[]
i=2498[]
i=2499[]
i=2500[]
i=2501[]
i=2502[]
i=2503[]
i=2504[]
i=2505[]
i=2506[]
i=2507[]
i=2508[]
i=2509[]
i=2510[]
i=2511[]
i=2512[]
i=2513[]
i=2514[]
i=2515[]
i=2516[]
i=2517[]
i=2518[]
i=2519[]
i=2520[]
i=2521[]
i=2522[]
i=2523[]
i=2524[]
i=2525[]
i=2526[]
i=2527[]
i=2528[]
i=2529[]
i=2530[]
i=2531[]
i=2532[]
i=2533[]
i=2534[]
i=2535[]
i=2536[]
i=2537[]
i=2538[]
i=2539[]
i=2540[]
i=2541[]
i=2542[]
i=2543[]
i=2544[]
i=2545[]
i=2546[]
i=2547[]
i=2548[]
i=2549[]
i=2550[]
i=2551[]
i=2552[]
i=2553[]
i=2554[]
i=2555[]
i=2556[]
i=2557[]
i=2558[]
i=2559[]
i=2560[]
i=2561[]
i=2562[]
i=2563[]
i=2564[]
i=2565[]
i=2566[]
i=2567[]
i=2568[]
i=2569[]
i=2570[]
i=2571[]
i=2572[]
i=2573[]
i=2574[]
i=2575[]
i=2576[]
i=2577[]
i=2578[]
i=2579[]
i=2580[]
i=2581[]
i=2582[]
i=2583[]
i=2584[]
i=2585[]
i=2586[]
i=2587[]
i=2588[]
i=2589[]
i=2590[]
i=2591[]
i=2592[]
i=2593[]
i=2594[]
i=2595[]
i=2596[]
i=2597[]
i=2598[]
i=2599[]
i=2600[]
i=2601[]
i=2602[]
i=2603[]
i=2604[]
i=2605[]
i=2606[]
i=2607[]
i=2608[]
i=2609[]
i=2610[]
i=2611[]
i=2612[]
i=2613[]
i=2614[]
i=2615[]
i=2616[]
i=2617[]
i=2618[]
i=2619[]
i=2620[]
i=2621[]
i=2622[]
i=2623[]
i=2624[]
i=2625[]
i=2626[]
i=2627[]
i=2628[]
i=2629[]
i=2630[]
i=2631[]
i=2632[]
i=2633[]
i=2634[]
i=2635[]
i=2636[]
i=2637[]
i=2638[]
i=2639[]
i=2640[]
i=2641[]
i=2642[]
i=2643[]
i=2644[]
i=2645[]
i=2646[]
i=2647[]
i=2648[]
i=2649[]
i=2650[]
i=2651[]
i=2652[]
i=2653[]
i=2654[]
i=2655[]
i=2656[]
i=2657[]
i=2658[]
i=2659[]
i=2660[]
i=2661[]
i=2662[]
i=2663[]
i=2664[]
i=2665[]
i=2666[]
i=2667[]
i=2668[]
i=2669[]
i=2670[]
i=2671[]
i=2672[]
i=2673[]
i=2674[]
i=2675[]
i=2676[]
i=2677[]
i=2678[]
i=2679[]
i=2680[]
i=2681[]
i=2682[]
i=2683[]
i=2684[]
i=2685[]
i=2686[]
i=2687[]
i=2688[]
i=2689[]
i=2690[]
i=2691[]
i=2692[]
i=2693[]
i=2694[]
i=2695[]
i=2696[]
i=2697[]
i=2698[]
i=2699[]
i=2700[]
i=2701[]
i=2702[]
i=2703[]
i=2704[]
i=2705[]
i=2706[]
i=2707[]
i=2708[]
i=2709[]
i=2710[]
i=2711[]
i=2712[]
i=2713[]
i=2714[]
i=2715[]
i=2716[]
i=2717[]
i=2718[]
i=2719[]
i=2720[]
i=2721[]
i=2722[]
i=2723[]
i=2724[]
i=2725[]
i=2726[]
i=2727[]
i=2728[]
i=2729[]
i=2730[]
i=2731[]
i=2732[]
i=2733[]
i=2734[]
i=2735[]
i=2736[]
i=2737[]
i=2738[]
i=2739[]
i=2740[]
i=2741[]
i=2742[]
i=2743[]
i=2744[]
i=2745[]
i=2746[]
i=2747[]
i=2748[]
i=2749[]
i=2750[]
i=2751[]
i=2752[]
i=2753[]
i=2754[]
i=2755[]
i=2756[]
i=2757[]
i=2758[]
i=2759[]
i=2760[]
i=2761[]
i=2762[]
i=2763[]
i=2764[]
i=2765[]
i=2766[]
i=2767[]
i=2768[]
i=2769[]
i=2770[]
i=2771[]
i=2772[]
i=2773[]
i=2774[]
i=2775[]
i=2776[]
i=2777[]
i=2778[]
i=2779[]
i=2780[]
i=2781[]
i=2782[]
i=2783[]
i=2784[]
i=2785[]
i=2786[]
i=2787[]
i=2788[]
i=2789[]
i=2790[]
i=2791[]
i=2792[]
i=2793[]
i=2794[]
i=2795[]
i=2796[]
i=2797[]
i=2798[]
i=2799[]
i=2800[]
i=2801[]
i=2802[]
i=2803[]
i=2804[]
i=2805[]
i=2806[]
i=2807[]
i=2808[]
i=2809[]
i=2810[]
i=2811[]
i=2812[]
i=2813[]
i=2814[]
i=2815[]
i=2816[]
i=2817[]
i=2818[]
i=2819[]
i=2820[]
i=2821[]
i=2822[]
i=2823[]
i=2824[]
i=2825[]
i=2826[]
i=2827[]
i=2828[]
i=2829[]
i=2830[]
i=2831[]
i=2832[]
i=2833[]
i=2834[]
i=2835[]
i=2836[]
i=2837[128,160,192,]
i=2838[]
i=2839[]
i=2840[]
i=2841[]
i=2842[]
i=2843[]
i=2844[]
i=2845[]
i=2846[]
i=2847[]
i=2848[]
i=2849[]
i=2850[]
i=2851[]
i=2852[]
i=2853[]
i=2854[]
i=2855[]
i=2856[]
i=2857[]
i=2858[]
i=2859[]
i=2860[]
i=2861[]
i=2862[]
i=2863[]
i=2864[]
i=2865[]
i=2866[]
i=2867[]
i=2868[]
i=2869[]
i=2870[]
i=2871[]
i=2872[]
i=2873[]
i=2874[]
i=2875[]
i=2876[]
i=2877[]
i=2878[]
i=2879[]
i=2880[]
i=2881[]
i=2882[128,160,]
i=2883[]
i=2884[]
i=2885[]
i=2886[128,128,128,128,]
i=2887[]
i=2888[]
i=2889[]
i=2890[]
i=2891[]
i=2892[]
i=2893[]
i=2894[]
i=2895[]
i=2896[]
i=2897[]
i=2898[128,]
i=2899[]
i=2900[]
i=2901[]
i=2902[128,128,]
i=2903[]
i=2904[]
i=2905[]
i=2906[128,]
i=2907[]
i=2908[]
i=2909[]
i=2910[]
i=2911[]
i=2912[]
i=2913[]
i=2914[]
i=2915[]
i=2916[]
i=2917[]
i=2918[]
i=2919[]
i=2920[]
i=2921[]
i=2922[]
i=2923[]
i=2924[]
i=2925[]
i=2926[]
i=2927[]
i=2928[]
i=2929[]
i=2930[]
i=2931[]
i=2932[]
i=2933[]
i=2934[]
i=2935[]
i=2936[]
i=2937[]
i=2938[]
i=2939[]
i=2940[]
i=2941[]
i=2942[]
i=2943[]
i=2944[]
i=2945[]
i=2946[]
i=2947[]
i=2948[]
i=2949[]
i=2950[]
i=2951[]
i=2952[]
i=2953[]
i=2954[]
i=2955[]
i=2956[]
i=2957[]
i=2958[]
i=2959[]
i=2960[]
i=2961[]
i=2962[]
i=2963[]
i=2964[]
i=2965[]
i=2966[]
i=2967[]
i=2968[]
i=2969[]
i=2970[]
i=2971[]
i=2972[]
i=2973[]
i=2974[]
i=2975[]
i=2976[]
i=2977[]
i=2978[]
i=2979[]
i=2980[]
i=2981[]
i=2982[]
i=2983[]
i=2984[]
i=2985[]
i=2986[]
i=2987[]
i=2988[]
i=2989[]
i=2990[]
i=2991[]
i=2992[]
i=2993[]
i=2994[]
i=2995[]
i=2996[]
i=2997[]
i=2998[]
i=2999[]
i=3000[]
i=3001[]
i=3002[]
i=3003[]
i=3004[]
i=3005[]
i=3006[]
i=3007[]
i=3008[]
i=3009[]
i=3010[]
i=3011[]
i=3012[]
i=3013[]
i=3014[]
i=3015[]
i=3016[]
i=3017[128,]
i=3018[]
i=3019[]
i=3020[]
i=3021[]
i=3022[]
i=3023[]
i=3024[]
i=3025[128,128,]
i=3026[]
i=3027[]
i=3028[]
i=3029[128,128,128,]
i=3030[]
i=3031[]
i=3032[]
i=3033[128,128,]
i=3034[]
i=3035[]
i=3036[]
i=3037[128,128,]
i=3038[]
i=3039[]
i=3040[]
i=3041[128,128,112,144,]
i=3042[]
i=3043[]
i=3044[]
i=3045[192,176,184,]
i=3046[]
i=3047[]
i=3048[]
i=3049[]
i=3050[]
i=3051[]
i=3052[]
i=3053[]
i=3054[]
i=3055[]
i=3056[]
i=3057[]
i=3058[]
i=3059[]
i=3060[]
i=3061[]
i=3062[]
i=3063[]
i=3064[]
i=3065[128,128,128,]
i=3066[]
i=3067[]
i=3068[]
i=3069[128,128,128,]
i=3070[]
i=3071[]
i=3072[]
i=3073[128,128,]
i=3074[]
i=3075[]
i=3076[]
i=3077[]
i=3078[]
i=3079[]
i=3080[]
i=3081[]
i=3082[]
i=3083[]
i=3084[]
i=3085[]
i=3086[]
i=3087[]
i=3088[]
i=3089[]
i=3090[]
i=3091[]
i=3092[]
i=3093[]
i=3094[]
i=3095[]
i=3096[]
i=3097[]
i=3098[]
i=3099[]
i=3100[]
i=3101[]
i=3102[]
i=3103[]
i=3104[]
i=3105[]
i=3106[]
i=3107[]
i=3108[]
i=3109[]
i=3110[]
i=3111[]
i=3112[]
i=3113[]
i=3114[]
i=3115[]
i=3116[]
i=3117[]
i=3118[]
i=3119[]
i=3120[]
i=3121[]
i=3122[]
i=3123[]
i=3124[]
i=3125[]
i=3126[]
i=3127[]
i=3128[]
i=3129[]
i=3130[]
i=3131[]
i=3132[]
i=3133[]
i=3134[]
i=3135[]
i=3136[]
i=3137[]
i=3138[]
i=3139[]
i=3140[]
i=3141[]
i=3142[]
i=3143[]
i=3144[]
i=3145[]
i=3146[]
i=3147[]
i=3148[]
i=3149[]
i=3150[]
i=3151[]
i=3152[]
i=3153[]
i=3154[]
i=3155[]
i=3156[]
i=3157[]
i=3158[]
i=3159[]
i=3160[]
i=3161[]
i=3162[]
i=3163[]
i=3164[]
i=3165[]
i=3166[]
i=3167[]
i=3168[]
i=3169[]
i=3170[]
i=3171[]
i=3172[]
i=3173[]
i=3174[]
i=3175[]
i=3176[]
i=3177[]
i=3178[]
i=3179[]
i=3180[]
i=3181[]
i=3182[]
i=3183[]
i=3184[]
i=3185[]
i=3186[]
i=3187[]
i=3188[]
i=3189[]
i=3190[]
i=3191[]
i=3192[]
i=3193[]
i=3194[]
i=3195[]
i=3196[]
i=3197[]
i=3198[]
i=3199[]
i=3200[]
i=3201[]
i=3202[]
i=3203[]
i=3204[]
i=3205[]
i=3206[]
i=3207[]
i=3208[]
i=3209[]
i=3210[]
i=3211[]
i=3212[]
i=3213[]
i=3214[]
i=3215[]
i=3216[]
i=3217[]
i=3218[]
i=3219[]
i=3220[]
i=3221[]
i=3222[]
i=3223[]
i=3224[]
i=3225[]
i=3226[]
i=3227[]
i=3228[]
i=3229[]
i=3230[]
i=3231[]
i=3232[]
i=3233[]
i=3234[]
i=3235[]
i=3236[]
i=3237[]
i=3238[]
i=3239[]
i=3240[]
i=3241[]
i=3242[]
i=3243[]
i=3244[]
i=3245[]
i=3246[]
i=3247[]
i=3248[]
i=3249[128,128,]
i=3250[]
i=3251[]
i=3252[]
i=3253[]
i=3254[]
i=3255[]
i=3256[]
i=3257[128,128,]
i=3258[]
i=3259[]
i=3260[]
i=3261[128,128,144,]
i=3262[]
i=3263[]
i=3264[]
i=3265[128,200,]
i=3266[]
i=3267[]
i=3268[]
i=3269[]
i=3270[]
i=3271[]
i=3272[]
i=3273[]
i=3274[]
i=3275[]
i=3276[]
i=3277[]
i=3278[]
i=3279[]
i=3280[]
i=3281[]
i=3282[]
i=3283[]
i=3284[]
i=3285[]
i=3286[]
i=3287[]
i=3288[]
i=3289[]
i=3290[]
i=3291[]
i=3292[]
i=3293[]
i=3294[]
i=3295[]
i=3296[]
i=3297[]
i=3298[]
i=3299[]
i=3300[]
i=3301[]
i=3302[]
i=3303[]
i=3304[]
i=3305[]
i=3306[]
i=3307[]
i=3308[]
i=3309[]
i=3310[]
i=3311[]
i=3312[]
i=3313[]
i=3314[]
i=3315[]
i=3316[]
i=3317[]
i=3318[]
i=3319[]
i=3320[]
i=3321[]
i=3322[]
i=3323[]
i=3324[]
i=3325[]
i=3326[]
i=3327[]
i=3328[]
i=3329[]
i=3330[]
i=3331[]
i=3332[]
i=3333[]
i=3334[]
i=3335[]
i=3336[]
i=3337[]
i=3338[]
i=3339[]
i=3340[]
i=3341[128,]
i=3342[]
i=3343[]
i=3344[]
i=3345[128,128,]
i=3346[]
i=3347[]
i=3348[]
i=3349[128,128,]
i=3350[]
i=3351[]
i=3352[]
i=3353[128,]
i=3354[]
i=3355[]
i=3356[]
i=3357[128,128,]
i=3358[]
i=3359[]
i=3360[]
i=3361[224,224,]
i=3362[]
i=3363[]
i=3364[]
i=3365[]
i=3366[]
i=3367[]
i=3368[]
i=3369[]
i=3370[]
i=3371[]
i=3372[]
i=3373[]
i=3374[]
i=3375[]
i=3376[]
i=3377[]
i=3378[]
i=3379[]
i=3380[]
i=3381[]
i=3382[]
i=3383[]
i=3384[]
i=3385[]
i=3386[]
i=3387[]
i=3388[]
i=3389[]
i=3390[]
i=3391[]
i=3392[]
i=3393[]
i=3394[]
i=3395[]
i=3396[]
i=3397[]
i=3398[]
i=3399[]
i=3400[]
i=3401[]
i=3402[]
i=3403[]
i=3404[]
i=3405[]
i=3406[]
i=3407[]
i=3408[]
i=3409[]
i=3410[]
i=3411[]
i=3412[]
i=3413[]
i=3414[]
i=3415[]
i=3416[]
i=3417[160,160,144,]
i=3418[]
i=3419[]
i=3420[]
i=3421[128,128,128,]
i=3422[]
i=3423[]
i=3424[]
i=3425[128,]
i=3426[]
i=3427[]
i=3428[]
i=3429[128,]
i=3430[]
i=3431[]
i=3432[]
i=3433[128,128,128,]
i=3434[]
i=3435[]
i=3436[]
i=3437[128,128,128,]
i=3438[]
i=3439[]
i=3440[]
i=3441[128,]
i=3442[]
i=3443[]
i=3444[]
i=3445[128,]
i=3446[]
i=3447[]
i=3448[]
i=3449[]
i=3450[]
i=3451[]
i=3452[]
i=3453[]
i=3454[]
i=3455[]
i=3456[]
i=3457[]
i=3458[]
i=3459[]
i=3460[]
i=3461[]
i=3462[]
i=3463[]
i=3464[]
i=3465[]
i=3466[]
i=3467[]
i=3468[]
i=3469[]
i=3470[]
i=3471[]
i=3472[]
i=3473[]
i=3474[]
i=3475[]
i=3476[]
i=3477[]
i=3478[]
i=3479[]
i=3480[]
i=3481[]
i=3482[]
i=3483[]
i=3484[]
i=3485[]
i=3486[]
i=3487[]
i=3488[]
i=3489[]
i=3490[]
i=3491[]
i=3492[]
i=3493[]
i=3494[]
i=3495[]
i=3496[]
i=3497[]
i=3498[]
i=3499[]
i=3500[]
i=3501[]
i=3502[]
i=3503[]
i=3504[]
i=3505[]
i=3506[]
i=3507[]
i=3508[]
i=3509[]
i=3510[]
i=3511[]
i=3512[]
i=3513[]
i=3514[]
i=3515[]
i=3516[]
i=3517[]
i=3518[]
i=3519[]
i=3520[]
i=3521[]
i=3522[]
i=3523[]
i=3524[]
i=3525[]
i=3526[]
i=3527[]
i=3528[]
i=3529[]
i=3530[]
i=3531[]
i=3532[]
i=3533[]
i=3534[]
i=3535[]
i=3536[]
i=3537[]
i=3538[]
i=3539[]
i=3540[]
i=3541[]
i=3542[]
i=3543[]
i=3544[]
i=3545[]
i=3546[]
i=3547[]
i=3548[]
i=3549[]
i=3550[]
i=3551[]
i=3552[]
i=3553[]
i=3554[]
i=3555[]
i=3556[]
i=3557[]
i=3558[]
i=3559[]
i=3560[]
i=3561[]
i=3562[]
i=3563[]
i=3564[]
i=3565[]
i=3566[]
i=3567[]
i=3568[]
i=3569[]
i=3570[]
i=3571[]
i=3572[]
i=3573[]
i=3574[]
i=3575[]
i=3576[]
i=3577[]
i=3578[]
i=3579[]
i=3580[]
i=3581[]
i=3582[]
i=3583[]
i=3584[]
i=3585[]
i=3586[]
i=3587[]
i=3588[]
i=3589[]
i=3590[]
i=3591[]
i=3592[]
i=3593[]
i=3594[]
i=3595[]
i=3596[]
i=3597[]
i=3598[]
i=3599[]
i=3600[]
i=3601[]
i=3602[]
i=3603[]
i=3604[]
i=3605[]
i=3606[]
i=3607[]
i=3608[]
i=3609[]
i=3610[]
i=3611[]
i=3612[]
i=3613[]
i=3614[]
i=3615[]
i=3616[]
i=3617[]
i=3618[]
i=3619[]
i=3620[]
i=3621[]
i=3622[]
i=3623[]
i=3624[]
i=3625[]
i=3626[]
i=3627[]
i=3628[]
i=3629[]
i=3630[]
i=3631[]
i=3632[]
i=3633[]
i=3634[]
i=3635[]
i=3636[]
i=3637[]
i=3638[]
i=3639[]
i=3640[]
i=3641[]
i=3642[]
i=3643[]
i=3644[]
i=3645[]
i=3646[]
i=3647[]
i=3648[]
i=3649[]
i=3650[]
i=3651[]
i=3652[]
i=3653[]
i=3654[]
i=3655[]
i=3656[]
i=3657[]
i=3658[]
i=3659[]
i=3660[]
i=3661[]
i=3662[]
i=3663[]
i=3664[]
i=3665[]
i=3666[]
i=3667[]
i=3668[]
i=3669[]
i=3670[]
i=3671[]
i=3672[]
i=3673[]
i=3674[]
i=3675[]
i=3676[]
i=3677[]
i=3678[]
i=3679[]
i=3680[]
i=3681[]
i=3682[]
i=3683[]
i=3684[]
i=3685[]
i=3686[]
i=3687[]
i=3688[]
i=3689[]
i=3690[]
i=3691[]
i=3692[]
i=3693[]
i=3694[]
i=3695[]
i=3696[]
i=3697[]
i=3698[]
i=3699[]
i=3700[]
i=3701[]
i=3702[]
i=3703[]
i=3704[]
i=3705[]
i=3706[]
i=3707[]
i=3708[]
i=3709[]
i=3710[]
i=3711[]
i=3712[]
i=3713[]
i=3714[]
i=3715[]
i=3716[]
i=3717[]
i=3718[]
i=3719[]
i=3720[]
i=3721[]
i=3722[]
i=3723[]
i=3724[]
i=3725[]
i=3726[]
i=3727[]
i=3728[]
i=3729[]
i=3730[]
i=3731[]
i=3732[]
i=3733[]
i=3734[]
i=3735[]
i=3736[]
i=3737[]
i=3738[]
i=3739[]
i=3740[]
i=3741[]
i=3742[]
i=3743[]
i=3744[]
i=3745[]
i=3746[]
i=3747[]
i=3748[]
i=3749[]
i=3750[]
i=3751[]
i=3752[]
i=3753[]
i=3754[]
i=3755[]
i=3756[]
i=3757[]
i=3758[]
i=3759[]
i=3760[]
i=3761[]
i=3762[]
i=3763[]
i=3764[]
i=3765[]
i=3766[]
i=3767[]
i=3768[]
i=3769[]
i=3770[]
i=3771[]
i=3772[]
i=3773[]
i=3774[]
i=3775[]
i=3776[]
i=3777[]
i=3778[]
i=3779[]
i=3780[]
i=3781[]
i=3782[]
i=3783[]
i=3784[]
i=3785[]
i=3786[]
i=3787[]
i=3788[]
i=3789[]
i=3790[]
i=3791[]
i=3792[]
i=3793[]
i=3794[]
i=3795[]
i=3796[]
i=3797[]
i=3798[]
i=3799[]
i=3800[]
i=3801[]
i=3802[]
i=3803[]
i=3804[]
i=3805[]
i=3806[]
i=3807[]
i=3808[]
i=3809[]
i=3810[]
i=3811[]
i=3812[]
i=3813[]
i=3814[]
i=3815[]
i=3816[]
i=3817[]
i=3818[]
i=3819[]
i=3820[]
i=3821[]
i=3822[]
i=3823[]
i=3824[]
i=3825[]
i=3826[]
i=3827[]
i=3828[]
i=3829[]
i=3830[]
i=3831[]
i=3832[]
i=3833[]
i=3834[]
i=3835[]
i=3836[]
i=3837[]
i=3838[]
i=3839[]
i=3840[]
i=3841[]
i=3842[]
i=3843[]
i=3844[]
i=3845[]
i=3846[]
i=3847[]
i=3848[]
i=3849[]
i=3850[]
i=3851[]
i=3852[]
i=3853[]
i=3854[]
i=3855[]
i=3856[]
i=3857[]
i=3858[]
i=3859[]
i=3860[]
i=3861[]
i=3862[]
i=3863[]
i=3864[]
i=3865[]
i=3866[]
i=3867[]
i=3868[]
i=3869[]
i=3870[]
i=3871[]
i=3872[]
i=3873[]
i=3874[]
i=3875[]
i=3876[]
i=3877[]
i=3878[]
i=3879[]
i=3880[]
i=3881[]
i=3882[]
i=3883[]
i=3884[]
i=3885[]
i=3886[]
i=3887[]
i=3888[]
i=3889[]
i=3890[]
i=3891[]
i=3892[]
i=3893[]
i=3894[]
i=3895[]
i=3896[]
i=3897[]
i=3898[]
i=3899[]
i=3900[]
i=3901[]
i=3902[]
i=3903[]
i=3904[]
i=3905[]
i=3906[]
i=3907[]
i=3908[]
i=3909[]
i=3910[]
i=3911[]
i=3912[]
i=3913[]
i=3914[]
i=3915[]
i=3916[]
i=3917[]
i=3918[]
i=3919[]
i=3920[]
i=3921[]
i=3922[]
i=3923[]
i=3924[]
i=3925[]
i=3926[]
i=3927[]
i=3928[]
i=3929[]
i=3930[]
i=3931[]
i=3932[]
i=3933[]
i=3934[]
i=3935[]
i=3936[]
i=3937[]
i=3938[]
i=3939[]
i=3940[]
i=3941[]
i=3942[]
i=3943[]
i=3944[]
i=3945[]
i=3946[]
i=3947[]
i=3948[]
i=3949[]
i=3950[]
i=3951[]
i=3952[]
i=3953[]
i=3954[]
i=3955[]
i=3956[]
i=3957[]
i=3958[]
i=3959[]
i=3960[]
i=3961[]
i=3962[]
i=3963[]
i=3964[]
i=3965[]
i=3966[]
i=3967[]
i=3968[]
i=3969[]
i=3970[]
i=3971[]
i=3972[]
i=3973[]
i=3974[]
i=3975[]
i=3976[]
i=3977[]
i=3978[]
i=3979[]
i=3980[]
i=3981[]
i=3982[]
i=3983[]
i=3984[]
i=3985[]
i=3986[]
i=3987[]
i=3988[]
i=3989[]
i=3990[]
i=3991[]
i=3992[]
i=3993[]
i=3994[]
i=3995[]
i=3996[]
i=3997[]
i=3998[]
i=3999[]
]
filename=testimage/orion_9.jpg
convert s/f status=0
iSum status=0
cudaerr=0
Filter status=0
Maxidx8u status=0
totalwidth=3638,4749
diff=-544,-516
Am I now
outboundupper x=2812,y=4548
outboundlower x=544,y=516
newsize=3638,4749
newimage width=3638, height=4749
offsetposition=0,0
eresult=0
newimage width=3638, height=4749
offsetposition=0,0
eresult=0
newimage width=3638, height=4749
offsetposition=0,0
eresult=0
newimage width=3638, height=4749
offsetposition=0,0
eresult=0
newimage width=3638, height=4749
offsetposition=0,0
eresult=0
anothergo0
test
Last test bis
test
3638,4749
filename=testimage/orion_9.jpg
[i=1000[]
i=1001[]
i=1002[]
i=1003[]
i=1004[]
i=1005[]
i=1006[]
i=1007[]
i=1008[]
i=1009[]
i=1010[]
i=1011[]
i=1012[]
i=1013[]
i=1014[]
i=1015[]
i=1016[]
i=1017[]
i=1018[]
i=1019[]
i=1020[]
i=1021[]
i=1022[]
i=1023[]
i=1024[]
i=1025[]
i=1026[]
i=1027[]
i=1028[]
i=1029[]
i=1030[]
i=1031[]
i=1032[]
i=1033[]
i=1034[]
i=1035[]
i=1036[]
i=1037[]
i=1038[]
i=1039[]
i=1040[]
i=1041[]
i=1042[]
i=1043[]
i=1044[]
i=1045[]
i=1046[]
i=1047[]
i=1048[]
i=1049[]
i=1050[]
i=1051[]
i=1052[]
i=1053[]
i=1054[]
i=1055[]
i=1056[]
i=1057[]
i=1058[]
i=1059[]
i=1060[]
i=1061[]
i=1062[]
i=1063[]
i=1064[]
i=1065[]
i=1066[]
i=1067[]
i=1068[]
i=1069[]
i=1070[]
i=1071[]
i=1072[]
i=1073[]
i=1074[]
i=1075[]
i=1076[]
i=1077[]
i=1078[]
i=1079[]
i=1080[]
i=1081[]
i=1082[]
i=1083[]
i=1084[]
i=1085[]
i=1086[]
i=1087[]
i=1088[]
i=1089[]
i=1090[]
i=1091[]
i=1092[]
i=1093[]
i=1094[]
i=1095[]
i=1096[]
i=1097[]
i=1098[]
i=1099[]
i=1100[]
i=1101[]
i=1102[]
i=1103[]
i=1104[]
i=1105[]
i=1106[]
i=1107[]
i=1108[]
i=1109[]
i=1110[]
i=1111[]
i=1112[]
i=1113[]
i=1114[]
i=1115[]
i=1116[]
i=1117[]
i=1118[]
i=1119[]
i=1120[]
i=1121[]
i=1122[]
i=1123[]
i=1124[]
i=1125[]
i=1126[]
i=1127[]
i=1128[]
i=1129[]
i=1130[]
i=1131[]
i=1132[]
i=1133[]
i=1134[]
i=1135[]
i=1136[]
i=1137[]
i=1138[]
i=1139[]
i=1140[]
i=1141[]
i=1142[]
i=1143[]
i=1144[]
i=1145[]
i=1146[]
i=1147[]
i=1148[]
i=1149[]
i=1150[]
i=1151[]
i=1152[]
i=1153[]
i=1154[]
i=1155[]
i=1156[]
i=1157[]
i=1158[]
i=1159[]
i=1160[]
i=1161[]
i=1162[]
i=1163[]
i=1164[]
i=1165[]
i=1166[]
i=1167[]
i=1168[]
i=1169[]
i=1170[]
i=1171[]
i=1172[]
i=1173[]
i=1174[]
i=1175[]
i=1176[]
i=1177[]
i=1178[]
i=1179[]
i=1180[]
i=1181[]
i=1182[]
i=1183[]
i=1184[]
i=1185[]
i=1186[]
i=1187[]
i=1188[]
i=1189[]
i=1190[]
i=1191[]
i=1192[]
i=1193[]
i=1194[]
i=1195[]
i=1196[]
i=1197[]
i=1198[]
i=1199[]
i=1200[]
i=1201[]
i=1202[]
i=1203[]
i=1204[]
i=1205[]
i=1206[]
i=1207[]
i=1208[]
i=1209[]
i=1210[]
i=1211[]
i=1212[]
i=1213[]
i=1214[]
i=1215[]
i=1216[]
i=1217[]
i=1218[]
i=1219[]
i=1220[]
i=1221[]
i=1222[]
i=1223[]
i=1224[]
i=1225[]
i=1226[]
i=1227[]
i=1228[]
i=1229[]
i=1230[]
i=1231[]
i=1232[]
i=1233[]
i=1234[]
i=1235[]
i=1236[]
i=1237[]
i=1238[]
i=1239[]
i=1240[]
i=1241[]
i=1242[]
i=1243[]
i=1244[]
i=1245[]
i=1246[]
i=1247[]
i=1248[]
i=1249[]
i=1250[]
i=1251[]
i=1252[]
i=1253[]
i=1254[]
i=1255[]
i=1256[]
i=1257[]
i=1258[]
i=1259[]
i=1260[]
i=1261[]
i=1262[]
i=1263[]
i=1264[]
i=1265[]
i=1266[]
i=1267[]
i=1268[]
i=1269[]
i=1270[]
i=1271[]
i=1272[]
i=1273[]
i=1274[]
i=1275[]
i=1276[]
i=1277[]
i=1278[]
i=1279[]
i=1280[]
i=1281[]
i=1282[]
i=1283[]
i=1284[]
i=1285[]
i=1286[]
i=1287[]
i=1288[]
i=1289[]
i=1290[]
i=1291[]
i=1292[]
i=1293[]
i=1294[]
i=1295[]
i=1296[]
i=1297[]
i=1298[]
i=1299[]
i=1300[]
i=1301[]
i=1302[]
i=1303[]
i=1304[]
i=1305[]
i=1306[]
i=1307[]
i=1308[]
i=1309[]
i=1310[]
i=1311[]
i=1312[]
i=1313[]
i=1314[]
i=1315[]
i=1316[]
i=1317[]
i=1318[]
i=1319[]
i=1320[]
i=1321[]
i=1322[]
i=1323[]
i=1324[]
i=1325[]
i=1326[]
i=1327[]
i=1328[]
i=1329[]
i=1330[]
i=1331[]
i=1332[]
i=1333[]
i=1334[]
i=1335[]
i=1336[]
i=1337[]
i=1338[]
i=1339[]
i=1340[]
i=1341[]
i=1342[]
i=1343[]
i=1344[]
i=1345[]
i=1346[]
i=1347[]
i=1348[]
i=1349[]
i=1350[]
i=1351[]
i=1352[]
i=1353[]
i=1354[]
i=1355[]
i=1356[]
i=1357[]
i=1358[]
i=1359[]
i=1360[]
i=1361[]
i=1362[]
i=1363[]
i=1364[]
i=1365[]
i=1366[]
i=1367[]
i=1368[]
i=1369[]
i=1370[]
i=1371[]
i=1372[]
i=1373[]
i=1374[]
i=1375[]
i=1376[]
i=1377[]
i=1378[]
i=1379[]
i=1380[]
i=1381[]
i=1382[]
i=1383[]
i=1384[]
i=1385[]
i=1386[]
i=1387[]
i=1388[]
i=1389[]
i=1390[]
i=1391[]
i=1392[]
i=1393[]
i=1394[]
i=1395[]
i=1396[]
i=1397[]
i=1398[]
i=1399[]
i=1400[]
i=1401[]
i=1402[]
i=1403[]
i=1404[]
i=1405[]
i=1406[]
i=1407[]
i=1408[]
i=1409[]
i=1410[]
i=1411[]
i=1412[]
i=1413[]
i=1414[]
i=1415[]
i=1416[]
i=1417[]
i=1418[]
i=1419[]
i=1420[]
i=1421[]
i=1422[]
i=1423[]
i=1424[]
i=1425[]
i=1426[]
i=1427[]
i=1428[]
i=1429[]
i=1430[]
i=1431[]
i=1432[]
i=1433[]
i=1434[]
i=1435[]
i=1436[]
i=1437[]
i=1438[]
i=1439[]
i=1440[]
i=1441[]
i=1442[]
i=1443[]
i=1444[]
i=1445[]
i=1446[]
i=1447[]
i=1448[]
i=1449[]
i=1450[]
i=1451[]
i=1452[]
i=1453[]
i=1454[]
i=1455[]
i=1456[]
i=1457[]
i=1458[]
i=1459[]
i=1460[]
i=1461[]
i=1462[]
i=1463[]
i=1464[]
i=1465[]
i=1466[]
i=1467[]
i=1468[]
i=1469[]
i=1470[]
i=1471[]
i=1472[]
i=1473[]
i=1474[]
i=1475[]
i=1476[]
i=1477[]
i=1478[]
i=1479[]
i=1480[]
i=1481[]
i=1482[]
i=1483[]
i=1484[]
i=1485[]
i=1486[]
i=1487[]
i=1488[]
i=1489[]
i=1490[]
i=1491[]
i=1492[]
i=1493[]
i=1494[]
i=1495[]
i=1496[]
i=1497[]
i=1498[]
i=1499[]
i=1500[]
i=1501[]
i=1502[]
i=1503[]
i=1504[]
i=1505[]
i=1506[]
i=1507[]
i=1508[]
i=1509[]
i=1510[]
i=1511[]
i=1512[]
i=1513[]
i=1514[]
i=1515[]
i=1516[]
i=1517[]
i=1518[]
i=1519[]
i=1520[]
i=1521[]
i=1522[]
i=1523[]
i=1524[]
i=1525[]
i=1526[]
i=1527[]
i=1528[]
i=1529[]
i=1530[]
i=1531[]
i=1532[]
i=1533[]
i=1534[]
i=1535[]
i=1536[]
i=1537[]
i=1538[]
i=1539[]
i=1540[]
i=1541[]
i=1542[]
i=1543[]
i=1544[]
i=1545[]
i=1546[]
i=1547[]
i=1548[]
i=1549[]
i=1550[]
i=1551[]
i=1552[]
i=1553[]
i=1554[]
i=1555[]
i=1556[]
i=1557[]
i=1558[]
i=1559[]
i=1560[]
i=1561[]
i=1562[]
i=1563[]
i=1564[]
i=1565[]
i=1566[]
i=1567[]
i=1568[]
i=1569[]
i=1570[]
i=1571[]
i=1572[]
i=1573[]
i=1574[]
i=1575[]
i=1576[]
i=1577[]
i=1578[]
i=1579[]
i=1580[]
i=1581[]
i=1582[]
i=1583[]
i=1584[]
i=1585[]
i=1586[]
i=1587[]
i=1588[]
i=1589[]
i=1590[]
i=1591[]
i=1592[]
i=1593[]
i=1594[]
i=1595[]
i=1596[]
i=1597[]
i=1598[]
i=1599[]
i=1600[]
i=1601[]
i=1602[]
i=1603[]
i=1604[]
i=1605[]
i=1606[]
i=1607[]
i=1608[]
i=1609[]
i=1610[]
i=1611[]
i=1612[]
i=1613[]
i=1614[]
i=1615[]
i=1616[]
i=1617[]
i=1618[]
i=1619[]
i=1620[]
i=1621[]
i=1622[]
i=1623[]
i=1624[]
i=1625[]
i=1626[]
i=1627[]
i=1628[]
i=1629[]
i=1630[]
i=1631[]
i=1632[]
i=1633[]
i=1634[]
i=1635[]
i=1636[]
i=1637[]
i=1638[]
i=1639[]
i=1640[]
i=1641[]
i=1642[]
i=1643[]
i=1644[]
i=1645[]
i=1646[]
i=1647[]
i=1648[]
i=1649[]
i=1650[]
i=1651[]
i=1652[]
i=1653[]
i=1654[]
i=1655[]
i=1656[]
i=1657[]
i=1658[]
i=1659[]
i=1660[]
i=1661[]
i=1662[]
i=1663[]
i=1664[]
i=1665[]
i=1666[]
i=1667[]
i=1668[]
i=1669[]
i=1670[]
i=1671[]
i=1672[]
i=1673[]
i=1674[]
i=1675[]
i=1676[]
i=1677[]
i=1678[]
i=1679[]
i=1680[]
i=1681[]
i=1682[]
i=1683[]
i=1684[]
i=1685[]
i=1686[]
i=1687[]
i=1688[]
i=1689[]
i=1690[]
i=1691[]
i=1692[]
i=1693[]
i=1694[]
i=1695[]
i=1696[]
i=1697[]
i=1698[]
i=1699[]
i=1700[]
i=1701[]
i=1702[]
i=1703[]
i=1704[]
i=1705[]
i=1706[]
i=1707[]
i=1708[]
i=1709[]
i=1710[]
i=1711[]
i=1712[]
i=1713[]
i=1714[]
i=1715[]
i=1716[]
i=1717[]
i=1718[]
i=1719[]
i=1720[]
i=1721[]
i=1722[]
i=1723[]
i=1724[]
i=1725[]
i=1726[]
i=1727[]
i=1728[]
i=1729[]
i=1730[]
i=1731[]
i=1732[]
i=1733[]
i=1734[]
i=1735[]
i=1736[]
i=1737[]
i=1738[]
i=1739[]
i=1740[]
i=1741[]
i=1742[]
i=1743[]
i=1744[]
i=1745[]
i=1746[]
i=1747[]
i=1748[]
i=1749[]
i=1750[]
i=1751[]
i=1752[]
i=1753[]
i=1754[]
i=1755[]
i=1756[]
i=1757[]
i=1758[]
i=1759[]
i=1760[]
i=1761[]
i=1762[]
i=1763[]
i=1764[]
i=1765[]
i=1766[]
i=1767[]
i=1768[]
i=1769[]
i=1770[]
i=1771[]
i=1772[]
i=1773[]
i=1774[]
i=1775[]
i=1776[]
i=1777[]
i=1778[]
i=1779[]
i=1780[]
i=1781[]
i=1782[]
i=1783[]
i=1784[]
i=1785[]
i=1786[]
i=1787[]
i=1788[]
i=1789[]
i=1790[]
i=1791[]
i=1792[]
i=1793[]
i=1794[]
i=1795[]
i=1796[]
i=1797[]
i=1798[]
i=1799[]
i=1800[]
i=1801[]
i=1802[]
i=1803[]
i=1804[]
i=1805[]
i=1806[]
i=1807[]
i=1808[]
i=1809[]
i=1810[]
i=1811[]
i=1812[]
i=1813[]
i=1814[]
i=1815[]
i=1816[]
i=1817[]
i=1818[]
i=1819[]
i=1820[]
i=1821[]
i=1822[]
i=1823[]
i=1824[]
i=1825[]
i=1826[]
i=1827[]
i=1828[]
i=1829[]
i=1830[]
i=1831[]
i=1832[]
i=1833[]
i=1834[]
i=1835[]
i=1836[]
i=1837[]
i=1838[]
i=1839[]
i=1840[]
i=1841[]
i=1842[]
i=1843[]
i=1844[]
i=1845[]
i=1846[]
i=1847[]
i=1848[]
i=1849[]
i=1850[]
i=1851[]
i=1852[]
i=1853[]
i=1854[]
i=1855[]
i=1856[]
i=1857[]
i=1858[]
i=1859[]
i=1860[]
i=1861[]
i=1862[]
i=1863[]
i=1864[]
i=1865[]
i=1866[]
i=1867[]
i=1868[]
i=1869[]
i=1870[]
i=1871[]
i=1872[]
i=1873[]
i=1874[]
i=1875[]
i=1876[]
i=1877[]
i=1878[]
i=1879[]
i=1880[]
i=1881[]
i=1882[]
i=1883[]
i=1884[]
i=1885[]
i=1886[]
i=1887[]
i=1888[]
i=1889[]
i=1890[]
i=1891[]
i=1892[]
i=1893[]
i=1894[]
i=1895[]
i=1896[]
i=1897[]
i=1898[]
i=1899[]
i=1900[]
i=1901[]
i=1902[]
i=1903[]
i=1904[]
i=1905[]
i=1906[]
i=1907[]
i=1908[]
i=1909[]
i=1910[]
i=1911[]
i=1912[]
i=1913[]
i=1914[]
i=1915[]
i=1916[]
i=1917[]
i=1918[]
i=1919[]
i=1920[]
i=1921[]
i=1922[]
i=1923[]
i=1924[]
i=1925[]
i=1926[]
i=1927[]
i=1928[]
i=1929[]
i=1930[]
i=1931[]
i=1932[]
i=1933[]
i=1934[]
i=1935[]
i=1936[]
i=1937[]
i=1938[]
i=1939[]
i=1940[]
i=1941[]
i=1942[]
i=1943[]
i=1944[]
i=1945[]
i=1946[]
i=1947[]
i=1948[]
i=1949[]
i=1950[]
i=1951[]
i=1952[]
i=1953[]
i=1954[]
i=1955[]
i=1956[]
i=1957[]
i=1958[]
i=1959[]
i=1960[]
i=1961[]
i=1962[]
i=1963[]
i=1964[]
i=1965[]
i=1966[]
i=1967[]
i=1968[]
i=1969[]
i=1970[]
i=1971[]
i=1972[]
i=1973[]
i=1974[]
i=1975[]
i=1976[]
i=1977[]
i=1978[]
i=1979[]
i=1980[]
i=1981[]
i=1982[]
i=1983[]
i=1984[]
i=1985[]
i=1986[]
i=1987[]
i=1988[]
i=1989[]
i=1990[]
i=1991[]
i=1992[]
i=1993[]
i=1994[]
i=1995[]
i=1996[]
i=1997[]
i=1998[]
i=1999[]
i=2000[]
i=2001[]
i=2002[]
i=2003[]
i=2004[]
i=2005[]
i=2006[]
i=2007[]
i=2008[]
i=2009[]
i=2010[]
i=2011[]
i=2012[]
i=2013[]
i=2014[]
i=2015[]
i=2016[]
i=2017[]
i=2018[]
i=2019[]
i=2020[]
i=2021[]
i=2022[]
i=2023[]
i=2024[]
i=2025[]
i=2026[]
i=2027[]
i=2028[]
i=2029[]
i=2030[]
i=2031[]
i=2032[]
i=2033[]
i=2034[]
i=2035[]
i=2036[]
i=2037[]
i=2038[]
i=2039[]
i=2040[]
i=2041[]
i=2042[]
i=2043[]
i=2044[]
i=2045[]
i=2046[]
i=2047[]
i=2048[]
i=2049[]
i=2050[]
i=2051[]
i=2052[]
i=2053[]
i=2054[]
i=2055[]
i=2056[]
i=2057[]
i=2058[]
i=2059[]
i=2060[]
i=2061[]
i=2062[]
i=2063[]
i=2064[]
i=2065[]
i=2066[]
i=2067[]
i=2068[]
i=2069[]
i=2070[]
i=2071[]
i=2072[]
i=2073[]
i=2074[]
i=2075[]
i=2076[]
i=2077[]
i=2078[]
i=2079[]
i=2080[]
i=2081[]
i=2082[]
i=2083[]
i=2084[]
i=2085[]
i=2086[]
i=2087[]
i=2088[]
i=2089[]
i=2090[]
i=2091[]
i=2092[]
i=2093[]
i=2094[]
i=2095[]
i=2096[]
i=2097[]
i=2098[]
i=2099[]
i=2100[]
i=2101[]
i=2102[]
i=2103[]
i=2104[]
i=2105[]
i=2106[]
i=2107[]
i=2108[]
i=2109[]
i=2110[]
i=2111[]
i=2112[]
i=2113[]
i=2114[]
i=2115[]
i=2116[]
i=2117[]
i=2118[]
i=2119[]
i=2120[]
i=2121[]
i=2122[]
i=2123[]
i=2124[]
i=2125[]
i=2126[]
i=2127[]
i=2128[]
i=2129[]
i=2130[]
i=2131[]
i=2132[]
i=2133[]
i=2134[]
i=2135[]
i=2136[]
i=2137[]
i=2138[]
i=2139[]
i=2140[]
i=2141[]
i=2142[]
i=2143[]
i=2144[]
i=2145[]
i=2146[]
i=2147[]
i=2148[]
i=2149[]
i=2150[]
i=2151[]
i=2152[]
i=2153[]
i=2154[]
i=2155[]
i=2156[]
i=2157[]
i=2158[]
i=2159[]
i=2160[]
i=2161[]
i=2162[]
i=2163[]
i=2164[]
i=2165[]
i=2166[]
i=2167[]
i=2168[]
i=2169[]
i=2170[]
i=2171[]
i=2172[]
i=2173[]
i=2174[]
i=2175[]
i=2176[]
i=2177[]
i=2178[]
i=2179[]
i=2180[]
i=2181[]
i=2182[]
i=2183[]
i=2184[]
i=2185[]
i=2186[]
i=2187[]
i=2188[]
i=2189[]
i=2190[]
i=2191[]
i=2192[]
i=2193[]
i=2194[]
i=2195[]
i=2196[]
i=2197[]
i=2198[]
i=2199[]
i=2200[]
i=2201[]
i=2202[]
i=2203[]
i=2204[]
i=2205[]
i=2206[]
i=2207[]
i=2208[]
i=2209[]
i=2210[]
i=2211[]
i=2212[]
i=2213[]
i=2214[]
i=2215[]
i=2216[]
i=2217[]
i=2218[]
i=2219[]
i=2220[]
i=2221[]
i=2222[]
i=2223[]
i=2224[]
i=2225[]
i=2226[]
i=2227[]
i=2228[]
i=2229[]
i=2230[]
i=2231[]
i=2232[]
i=2233[]
i=2234[]
i=2235[]
i=2236[]
i=2237[]
i=2238[]
i=2239[]
i=2240[]
i=2241[]
i=2242[]
i=2243[]
i=2244[]
i=2245[]
i=2246[]
i=2247[]
i=2248[]
i=2249[]
i=2250[]
i=2251[]
i=2252[]
i=2253[]
i=2254[]
i=2255[]
i=2256[]
i=2257[]
i=2258[]
i=2259[]
i=2260[]
i=2261[]
i=2262[]
i=2263[]
i=2264[]
i=2265[]
i=2266[]
i=2267[]
i=2268[]
i=2269[]
i=2270[]
i=2271[]
i=2272[]
i=2273[]
i=2274[]
i=2275[]
i=2276[]
i=2277[]
i=2278[]
i=2279[]
i=2280[]
i=2281[]
i=2282[]
i=2283[]
i=2284[]
i=2285[]
i=2286[]
i=2287[]
i=2288[]
i=2289[]
i=2290[]
i=2291[]
i=2292[]
i=2293[]
i=2294[]
i=2295[]
i=2296[]
i=2297[]
i=2298[]
i=2299[]
i=2300[]
i=2301[]
i=2302[]
i=2303[]
i=2304[]
i=2305[]
i=2306[]
i=2307[]
i=2308[]
i=2309[]
i=2310[]
i=2311[]
i=2312[]
i=2313[]
i=2314[]
i=2315[]
i=2316[]
i=2317[]
i=2318[]
i=2319[]
i=2320[]
i=2321[]
i=2322[]
i=2323[]
i=2324[]
i=2325[]
i=2326[]
i=2327[]
i=2328[]
i=2329[]
i=2330[]
i=2331[]
i=2332[]
i=2333[]
i=2334[]
i=2335[]
i=2336[]
i=2337[]
i=2338[]
i=2339[]
i=2340[]
i=2341[]
i=2342[]
i=2343[]
i=2344[]
i=2345[]
i=2346[]
i=2347[]
i=2348[]
i=2349[]
i=2350[]
i=2351[]
i=2352[]
i=2353[]
i=2354[]
i=2355[]
i=2356[]
i=2357[]
i=2358[]
i=2359[]
i=2360[]
i=2361[]
i=2362[]
i=2363[]
i=2364[]
i=2365[]
i=2366[]
i=2367[]
i=2368[]
i=2369[]
i=2370[]
i=2371[]
i=2372[]
i=2373[]
i=2374[]
i=2375[]
i=2376[]
i=2377[]
i=2378[]
i=2379[]
i=2380[]
i=2381[]
i=2382[]
i=2383[]
i=2384[]
i=2385[]
i=2386[]
i=2387[]
i=2388[]
i=2389[]
i=2390[]
i=2391[]
i=2392[]
i=2393[]
i=2394[]
i=2395[]
i=2396[]
i=2397[]
i=2398[]
i=2399[]
i=2400[]
i=2401[]
i=2402[]
i=2403[]
i=2404[]
i=2405[]
i=2406[]
i=2407[]
i=2408[]
i=2409[]
i=2410[]
i=2411[]
i=2412[]
i=2413[]
i=2414[]
i=2415[]
i=2416[]
i=2417[]
i=2418[]
i=2419[]
i=2420[]
i=2421[]
i=2422[]
i=2423[]
i=2424[]
i=2425[]
i=2426[]
i=2427[]
i=2428[]
i=2429[]
i=2430[]
i=2431[]
i=2432[]
i=2433[]
i=2434[]
i=2435[]
i=2436[]
i=2437[]
i=2438[]
i=2439[]
i=2440[]
i=2441[]
i=2442[]
i=2443[]
i=2444[]
i=2445[]
i=2446[]
i=2447[]
i=2448[]
i=2449[]
i=2450[]
i=2451[]
i=2452[]
i=2453[]
i=2454[]
i=2455[]
i=2456[]
i=2457[]
i=2458[]
i=2459[]
i=2460[]
i=2461[]
i=2462[]
i=2463[]
i=2464[]
i=2465[]
i=2466[]
i=2467[]
i=2468[]
i=2469[]
i=2470[]
i=2471[]
i=2472[]
i=2473[]
i=2474[]
i=2475[]
i=2476[]
i=2477[]
i=2478[]
i=2479[]
i=2480[]
i=2481[]
i=2482[]
i=2483[]
i=2484[]
i=2485[]
i=2486[]
i=2487[]
i=2488[]
i=2489[]
i=2490[]
i=2491[]
i=2492[]
i=2493[]
i=2494[]
i=2495[]
i=2496[]
i=2497[]
i=2498[]
i=2499[]
i=2500[]
i=2501[]
i=2502[]
i=2503[]
i=2504[]
i=2505[]
i=2506[]
i=2507[]
i=2508[]
i=2509[]
i=2510[]
i=2511[]
i=2512[]
i=2513[]
i=2514[]
i=2515[]
i=2516[]
i=2517[]
i=2518[]
i=2519[]
i=2520[]
i=2521[]
i=2522[]
i=2523[]
i=2524[]
i=2525[]
i=2526[]
i=2527[]
i=2528[]
i=2529[]
i=2530[]
i=2531[]
i=2532[]
i=2533[]
i=2534[]
i=2535[]
i=2536[]
i=2537[]
i=2538[]
i=2539[]
i=2540[]
i=2541[]
i=2542[]
i=2543[]
i=2544[]
i=2545[]
i=2546[]
i=2547[]
i=2548[]
i=2549[]
i=2550[]
i=2551[]
i=2552[]
i=2553[]
i=2554[]
i=2555[]
i=2556[]
i=2557[]
i=2558[]
i=2559[]
i=2560[]
i=2561[]
i=2562[]
i=2563[]
i=2564[]
i=2565[]
i=2566[]
i=2567[]
i=2568[]
i=2569[]
i=2570[]
i=2571[]
i=2572[]
i=2573[]
i=2574[]
i=2575[]
i=2576[]
i=2577[]
i=2578[]
i=2579[]
i=2580[]
i=2581[]
i=2582[]
i=2583[]
i=2584[]
i=2585[]
i=2586[]
i=2587[]
i=2588[]
i=2589[]
i=2590[]
i=2591[]
i=2592[]
i=2593[]
i=2594[]
i=2595[]
i=2596[]
i=2597[]
i=2598[]
i=2599[]
i=2600[]
i=2601[]
i=2602[]
i=2603[]
i=2604[]
i=2605[]
i=2606[]
i=2607[]
i=2608[]
i=2609[]
i=2610[]
i=2611[]
i=2612[]
i=2613[]
i=2614[]
i=2615[]
i=2616[]
i=2617[]
i=2618[]
i=2619[]
i=2620[]
i=2621[]
i=2622[]
i=2623[]
i=2624[]
i=2625[]
i=2626[]
i=2627[]
i=2628[]
i=2629[]
i=2630[]
i=2631[]
i=2632[]
i=2633[]
i=2634[]
i=2635[]
i=2636[]
i=2637[]
i=2638[]
i=2639[]
i=2640[]
i=2641[]
i=2642[]
i=2643[]
i=2644[]
i=2645[]
i=2646[]
i=2647[]
i=2648[]
i=2649[]
i=2650[]
i=2651[]
i=2652[]
i=2653[]
i=2654[]
i=2655[]
i=2656[]
i=2657[]
i=2658[]
i=2659[]
i=2660[]
i=2661[]
i=2662[]
i=2663[]
i=2664[]
i=2665[]
i=2666[]
i=2667[]
i=2668[]
i=2669[]
i=2670[]
i=2671[]
i=2672[]
i=2673[]
i=2674[]
i=2675[]
i=2676[]
i=2677[]
i=2678[]
i=2679[]
i=2680[]
i=2681[]
i=2682[]
i=2683[]
i=2684[]
i=2685[]
i=2686[]
i=2687[]
i=2688[]
i=2689[]
i=2690[]
i=2691[]
i=2692[]
i=2693[]
i=2694[]
i=2695[]
i=2696[]
i=2697[]
i=2698[]
i=2699[]
i=2700[]
i=2701[]
i=2702[]
i=2703[]
i=2704[]
i=2705[]
i=2706[]
i=2707[]
i=2708[]
i=2709[]
i=2710[]
i=2711[]
i=2712[]
i=2713[]
i=2714[]
i=2715[]
i=2716[]
i=2717[]
i=2718[]
i=2719[]
i=2720[]
i=2721[]
i=2722[]
i=2723[]
i=2724[]
i=2725[]
i=2726[]
i=2727[]
i=2728[]
i=2729[]
i=2730[]
i=2731[]
i=2732[]
i=2733[]
i=2734[]
i=2735[]
i=2736[]
i=2737[]
i=2738[]
i=2739[]
i=2740[]
i=2741[]
i=2742[]
i=2743[]
i=2744[]
i=2745[]
i=2746[]
i=2747[]
i=2748[]
i=2749[]
i=2750[]
i=2751[]
i=2752[]
i=2753[]
i=2754[]
i=2755[]
i=2756[]
i=2757[]
i=2758[]
i=2759[]
i=2760[]
i=2761[]
i=2762[]
i=2763[]
i=2764[]
i=2765[]
i=2766[]
i=2767[]
i=2768[]
i=2769[]
i=2770[]
i=2771[]
i=2772[]
i=2773[]
i=2774[]
i=2775[]
i=2776[]
i=2777[]
i=2778[]
i=2779[]
i=2780[]
i=2781[]
i=2782[]
i=2783[]
i=2784[]
i=2785[]
i=2786[]
i=2787[]
i=2788[]
i=2789[]
i=2790[]
i=2791[]
i=2792[]
i=2793[]
i=2794[]
i=2795[]
i=2796[]
i=2797[]
i=2798[]
i=2799[]
i=2800[]
i=2801[]
i=2802[]
i=2803[]
i=2804[]
i=2805[]
i=2806[]
i=2807[]
i=2808[]
i=2809[]
i=2810[]
i=2811[]
i=2812[]
i=2813[]
i=2814[]
i=2815[]
i=2816[]
i=2817[]
i=2818[]
i=2819[]
i=2820[]
i=2821[]
i=2822[]
i=2823[]
i=2824[]
i=2825[]
i=2826[]
i=2827[]
i=2828[]
i=2829[]
i=2830[]
i=2831[]
i=2832[]
i=2833[]
i=2834[]
i=2835[]
i=2836[]
i=2837[128,160,192,]
i=2838[]
i=2839[]
i=2840[]
i=2841[]
i=2842[]
i=2843[]
i=2844[]
i=2845[]
i=2846[]
i=2847[]
i=2848[]
i=2849[]
i=2850[]
i=2851[]
i=2852[]
i=2853[]
i=2854[]
i=2855[]
i=2856[]
i=2857[]
i=2858[]
i=2859[]
i=2860[]
i=2861[]
i=2862[]
i=2863[]
i=2864[]
i=2865[]
i=2866[]
i=2867[]
i=2868[]
i=2869[]
i=2870[]
i=2871[]
i=2872[]
i=2873[]
i=2874[]
i=2875[]
i=2876[]
i=2877[]
i=2878[]
i=2879[]
i=2880[]
i=2881[]
i=2882[128,160,]
i=2883[]
i=2884[]
i=2885[]
i=2886[128,128,128,128,]
i=2887[]
i=2888[]
i=2889[]
i=2890[]
i=2891[]
i=2892[]
i=2893[]
i=2894[]
i=2895[]
i=2896[]
i=2897[]
i=2898[128,]
i=2899[]
i=2900[]
i=2901[]
i=2902[128,128,]
i=2903[]
i=2904[]
i=2905[]
i=2906[128,]
i=2907[]
i=2908[]
i=2909[]
i=2910[]
i=2911[]
i=2912[]
i=2913[]
i=2914[]
i=2915[]
i=2916[]
i=2917[]
i=2918[]
i=2919[]
i=2920[]
i=2921[]
i=2922[]
i=2923[]
i=2924[]
i=2925[]
i=2926[]
i=2927[]
i=2928[]
i=2929[]
i=2930[]
i=2931[]
i=2932[]
i=2933[]
i=2934[]
i=2935[]
i=2936[]
i=2937[]
i=2938[]
i=2939[]
i=2940[]
i=2941[]
i=2942[]
i=2943[]
i=2944[]
i=2945[]
i=2946[]
i=2947[]
i=2948[]
i=2949[]
i=2950[]
i=2951[]
i=2952[]
i=2953[]
i=2954[]
i=2955[]
i=2956[]
i=2957[]
i=2958[]
i=2959[]
i=2960[]
i=2961[]
i=2962[]
i=2963[]
i=2964[]
i=2965[]
i=2966[]
i=2967[]
i=2968[]
i=2969[]
i=2970[]
i=2971[]
i=2972[]
i=2973[]
i=2974[]
i=2975[]
i=2976[]
i=2977[]
i=2978[]
i=2979[]
i=2980[]
i=2981[]
i=2982[]
i=2983[]
i=2984[]
i=2985[]
i=2986[]
i=2987[]
i=2988[]
i=2989[]
i=2990[]
i=2991[]
i=2992[]
i=2993[]
i=2994[]
i=2995[]
i=2996[]
i=2997[]
i=2998[]
i=2999[]
i=3000[]
i=3001[]
i=3002[]
i=3003[]
i=3004[]
i=3005[]
i=3006[]
i=3007[]
i=3008[]
i=3009[]
i=3010[]
i=3011[]
i=3012[]
i=3013[]
i=3014[]
i=3015[]
i=3016[]
i=3017[128,]
i=3018[]
i=3019[]
i=3020[]
i=3021[]
i=3022[]
i=3023[]
i=3024[]
i=3025[128,128,]
i=3026[]
i=3027[]
i=3028[]
i=3029[128,128,128,]
i=3030[]
i=3031[]
i=3032[]
i=3033[128,128,]
i=3034[]
i=3035[]
i=3036[]
i=3037[128,128,]
i=3038[]
i=3039[]
i=3040[]
i=3041[128,128,112,144,]
i=3042[]
i=3043[]
i=3044[]
i=3045[192,176,184,]
i=3046[]
i=3047[]
i=3048[]
i=3049[]
i=3050[]
i=3051[]
i=3052[]
i=3053[]
i=3054[]
i=3055[]
i=3056[]
i=3057[]
i=3058[]
i=3059[]
i=3060[]
i=3061[]
i=3062[]
i=3063[]
i=3064[]
i=3065[128,128,128,]
i=3066[]
i=3067[]
i=3068[]
i=3069[128,128,128,]
i=3070[]
i=3071[]
i=3072[]
i=3073[128,128,]
i=3074[]
i=3075[]
i=3076[]
i=3077[]
i=3078[]
i=3079[]
i=3080[]
i=3081[]
i=3082[]
i=3083[]
i=3084[]
i=3085[]
i=3086[]
i=3087[]
i=3088[]
i=3089[]
i=3090[]
i=3091[]
i=3092[]
i=3093[]
i=3094[]
i=3095[]
i=3096[]
i=3097[]
i=3098[]
i=3099[]
i=3100[]
i=3101[]
i=3102[]
i=3103[]
i=3104[]
i=3105[]
i=3106[]
i=3107[]
i=3108[]
i=3109[]
i=3110[]
i=3111[]
i=3112[]
i=3113[]
i=3114[]
i=3115[]
i=3116[]
i=3117[]
i=3118[]
i=3119[]
i=3120[]
i=3121[]
i=3122[]
i=3123[]
i=3124[]
i=3125[]
i=3126[]
i=3127[]
i=3128[]
i=3129[]
i=3130[]
i=3131[]
i=3132[]
i=3133[]
i=3134[]
i=3135[]
i=3136[]
i=3137[]
i=3138[]
i=3139[]
i=3140[]
i=3141[]
i=3142[]
i=3143[]
i=3144[]
i=3145[]
i=3146[]
i=3147[]
i=3148[]
i=3149[]
i=3150[]
i=3151[]
i=3152[]
i=3153[]
i=3154[]
i=3155[]
i=3156[]
i=3157[]
i=3158[]
i=3159[]
i=3160[]
i=3161[]
i=3162[]
i=3163[]
i=3164[]
i=3165[]
i=3166[]
i=3167[]
i=3168[]
i=3169[]
i=3170[]
i=3171[]
i=3172[]
i=3173[]
i=3174[]
i=3175[]
i=3176[]
i=3177[]
i=3178[]
i=3179[]
i=3180[]
i=3181[]
i=3182[]
i=3183[]
i=3184[]
i=3185[]
i=3186[]
i=3187[]
i=3188[]
i=3189[]
i=3190[]
i=3191[]
i=3192[]
i=3193[]
i=3194[]
i=3195[]
i=3196[]
i=3197[]
i=3198[]
i=3199[]
i=3200[]
i=3201[]
i=3202[]
i=3203[]
i=3204[]
i=3205[]
i=3206[]
i=3207[]
i=3208[]
i=3209[]
i=3210[]
i=3211[]
i=3212[]
i=3213[]
i=3214[]
i=3215[]
i=3216[]
i=3217[]
i=3218[]
i=3219[]
i=3220[]
i=3221[]
i=3222[]
i=3223[]
i=3224[]
i=3225[]
i=3226[]
i=3227[]
i=3228[]
i=3229[]
i=3230[]
i=3231[]
i=3232[]
i=3233[]
i=3234[]
i=3235[]
i=3236[]
i=3237[]
i=3238[]
i=3239[]
i=3240[]
i=3241[]
i=3242[]
i=3243[]
i=3244[]
i=3245[]
i=3246[]
i=3247[]
i=3248[]
i=3249[128,128,]
i=3250[]
i=3251[]
i=3252[]
i=3253[]
i=3254[]
i=3255[]
i=3256[]
i=3257[128,128,]
i=3258[]
i=3259[]
i=3260[]
i=3261[128,128,144,]
i=3262[]
i=3263[]
i=3264[]
i=3265[128,200,]
i=3266[]
i=3267[]
i=3268[]
i=3269[]
i=3270[]
i=3271[]
i=3272[]
i=3273[]
i=3274[]
i=3275[]
i=3276[]
i=3277[]
i=3278[]
i=3279[]
i=3280[]
i=3281[]
i=3282[]
i=3283[]
i=3284[]
i=3285[]
i=3286[]
i=3287[]
i=3288[]
i=3289[]
i=3290[]
i=3291[]
i=3292[]
i=3293[]
i=3294[]
i=3295[]
i=3296[]
i=3297[]
i=3298[]
i=3299[]
i=3300[]
i=3301[]
i=3302[]
i=3303[]
i=3304[]
i=3305[]
i=3306[]
i=3307[]
i=3308[]
i=3309[]
i=3310[]
i=3311[]
i=3312[]
i=3313[]
i=3314[]
i=3315[]
i=3316[]
i=3317[]
i=3318[]
i=3319[]
i=3320[]
i=3321[]
i=3322[]
i=3323[]
i=3324[]
i=3325[]
i=3326[]
i=3327[]
i=3328[]
i=3329[]
i=3330[]
i=3331[]
i=3332[]
i=3333[]
i=3334[]
i=3335[]
i=3336[]
i=3337[]
i=3338[]
i=3339[]
i=3340[]
i=3341[128,]
i=3342[]
i=3343[]
i=3344[]
i=3345[128,128,]
i=3346[]
i=3347[]
i=3348[]
i=3349[128,128,]
i=3350[]
i=3351[]
i=3352[]
i=3353[128,]
i=3354[]
i=3355[]
i=3356[]
i=3357[128,128,]
i=3358[]
i=3359[]
i=3360[]
i=3361[224,224,]
i=3362[]
i=3363[]
i=3364[]
i=3365[]
i=3366[]
i=3367[]
i=3368[]
i=3369[]
i=3370[]
i=3371[]
i=3372[]
i=3373[]
i=3374[]
i=3375[]
i=3376[]
i=3377[]
i=3378[]
i=3379[]
i=3380[]
i=3381[]
i=3382[]
i=3383[]
i=3384[]
i=3385[]
i=3386[]
i=3387[]
i=3388[]
i=3389[]
i=3390[]
i=3391[]
i=3392[]
i=3393[]
i=3394[]
i=3395[]
i=3396[]
i=3397[]
i=3398[]
i=3399[]
i=3400[]
i=3401[]
i=3402[]
i=3403[]
i=3404[]
i=3405[]
i=3406[]
i=3407[]
i=3408[]
i=3409[]
i=3410[]
i=3411[]
i=3412[]
i=3413[]
i=3414[]
i=3415[]
i=3416[]
i=3417[160,160,144,]
i=3418[]
i=3419[]
i=3420[]
i=3421[128,128,128,]
i=3422[]
i=3423[]
i=3424[]
i=3425[128,]
i=3426[]
i=3427[]
i=3428[]
i=3429[128,]
i=3430[]
i=3431[]
i=3432[]
i=3433[128,128,128,]
i=3434[]
i=3435[]
i=3436[]
i=3437[128,128,128,]
i=3438[]
i=3439[]
i=3440[]
i=3441[128,]
i=3442[]
i=3443[]
i=3444[]
i=3445[128,]
i=3446[]
i=3447[]
i=3448[]
i=3449[]
i=3450[]
i=3451[]
i=3452[]
i=3453[]
i=3454[]
i=3455[]
i=3456[]
i=3457[]
i=3458[]
i=3459[]
i=3460[]
i=3461[]
i=3462[]
i=3463[]
i=3464[]
i=3465[]
i=3466[]
i=3467[]
i=3468[]
i=3469[]
i=3470[]
i=3471[]
i=3472[]
i=3473[]
i=3474[]
i=3475[]
i=3476[]
i=3477[]
i=3478[]
i=3479[]
i=3480[]
i=3481[]
i=3482[]
i=3483[]
i=3484[]
i=3485[]
i=3486[]
i=3487[]
i=3488[]
i=3489[]
i=3490[]
i=3491[]
i=3492[]
i=3493[]
i=3494[]
i=3495[]
i=3496[]
i=3497[]
i=3498[]
i=3499[]
i=3500[]
i=3501[]
i=3502[]
i=3503[]
i=3504[]
i=3505[]
i=3506[]
i=3507[]
i=3508[]
i=3509[]
i=3510[]
i=3511[]
i=3512[]
i=3513[]
i=3514[]
i=3515[]
i=3516[]
i=3517[]
i=3518[]
i=3519[]
i=3520[]
i=3521[]
i=3522[]
i=3523[]
i=3524[]
i=3525[]
i=3526[]
i=3527[]
i=3528[]
i=3529[]
i=3530[]
i=3531[]
i=3532[]
i=3533[]
i=3534[]
i=3535[]
i=3536[]
i=3537[]
i=3538[]
i=3539[]
i=3540[]
i=3541[]
i=3542[]
i=3543[]
i=3544[]
i=3545[]
i=3546[]
i=3547[]
i=3548[]
i=3549[]
i=3550[]
i=3551[]
i=3552[]
i=3553[]
i=3554[]
i=3555[]
i=3556[]
i=3557[]
i=3558[]
i=3559[]
i=3560[]
i=3561[]
i=3562[]
i=3563[]
i=3564[]
i=3565[]
i=3566[]
i=3567[]
i=3568[]
i=3569[]
i=3570[]
i=3571[]
i=3572[]
i=3573[]
i=3574[]
i=3575[]
i=3576[]
i=3577[]
i=3578[]
i=3579[]
i=3580[]
i=3581[]
i=3582[]
i=3583[]
i=3584[]
i=3585[]
i=3586[]
i=3587[]
i=3588[]
i=3589[]
i=3590[]
i=3591[]
i=3592[]
i=3593[]
i=3594[]
i=3595[]
i=3596[]
i=3597[]
i=3598[]
i=3599[]
i=3600[]
i=3601[]
i=3602[]
i=3603[]
i=3604[]
i=3605[]
i=3606[]
i=3607[]
i=3608[]
i=3609[]
i=3610[]
i=3611[]
i=3612[]
i=3613[]
i=3614[]
i=3615[]
i=3616[]
i=3617[]
i=3618[]
i=3619[]
i=3620[]
i=3621[]
i=3622[]
i=3623[]
i=3624[]
i=3625[]
i=3626[]
i=3627[]
i=3628[]
i=3629[]
i=3630[]
i=3631[]
i=3632[]
i=3633[]
i=3634[]
i=3635[]
i=3636[]
i=3637[]
i=3638[]
i=3639[]
i=3640[]
i=3641[]
i=3642[]
i=3643[]
i=3644[]
i=3645[]
i=3646[]
i=3647[]
i=3648[]
i=3649[]
i=3650[]
i=3651[]
i=3652[]
i=3653[]
i=3654[]
i=3655[]
i=3656[]
i=3657[]
i=3658[]
i=3659[]
i=3660[]
i=3661[]
i=3662[]
i=3663[]
i=3664[]
i=3665[]
i=3666[]
i=3667[]
i=3668[]
i=3669[]
i=3670[]
i=3671[]
i=3672[]
i=3673[]
i=3674[]
i=3675[]
i=3676[]
i=3677[]
i=3678[]
i=3679[]
i=3680[]
i=3681[]
i=3682[]
i=3683[]
i=3684[]
i=3685[]
i=3686[]
i=3687[]
i=3688[]
i=3689[]
i=3690[]
i=3691[]
i=3692[]
i=3693[]
i=3694[]
i=3695[]
i=3696[]
i=3697[]
i=3698[]
i=3699[]
i=3700[]
i=3701[]
i=3702[]
i=3703[]
i=3704[]
i=3705[]
i=3706[]
i=3707[]
i=3708[]
i=3709[]
i=3710[]
i=3711[]
i=3712[]
i=3713[]
i=3714[]
i=3715[]
i=3716[]
i=3717[]
i=3718[]
i=3719[]
i=3720[]
i=3721[]
i=3722[]
i=3723[]
i=3724[]
i=3725[]
i=3726[]
i=3727[]
i=3728[]
i=3729[]
i=3730[]
i=3731[]
i=3732[]
i=3733[]
i=3734[]
i=3735[]
i=3736[]
i=3737[]
i=3738[]
i=3739[]
i=3740[]
i=3741[]
i=3742[]
i=3743[]
i=3744[]
i=3745[]
i=3746[]
i=3747[]
i=3748[]
i=3749[]
i=3750[]
i=3751[]
i=3752[]
i=3753[]
i=3754[]
i=3755[]
i=3756[]
i=3757[]
i=3758[]
i=3759[]
i=3760[]
i=3761[]
i=3762[]
i=3763[]
i=3764[]
i=3765[]
i=3766[]
i=3767[]
i=3768[]
i=3769[]
i=3770[]
i=3771[]
i=3772[]
i=3773[]
i=3774[]
i=3775[]
i=3776[]
i=3777[]
i=3778[]
i=3779[]
i=3780[]
i=3781[]
i=3782[]
i=3783[]
i=3784[]
i=3785[]
i=3786[]
i=3787[]
i=3788[]
i=3789[]
i=3790[]
i=3791[]
i=3792[]
i=3793[]
i=3794[]
i=3795[]
i=3796[]
i=3797[]
i=3798[]
i=3799[]
i=3800[]
i=3801[]
i=3802[]
i=3803[]
i=3804[]
i=3805[]
i=3806[]
i=3807[]
i=3808[]
i=3809[]
i=3810[]
i=3811[]
i=3812[]
i=3813[]
i=3814[]
i=3815[]
i=3816[]
i=3817[]
i=3818[]
i=3819[]
i=3820[]
i=3821[]
i=3822[]
i=3823[]
i=3824[]
i=3825[]
i=3826[]
i=3827[]
i=3828[]
i=3829[]
i=3830[]
i=3831[]
i=3832[]
i=3833[]
i=3834[]
i=3835[]
i=3836[]
i=3837[]
i=3838[]
i=3839[]
i=3840[]
i=3841[]
i=3842[]
i=3843[]
i=3844[]
i=3845[]
i=3846[]
i=3847[]
i=3848[]
i=3849[]
i=3850[]
i=3851[]
i=3852[]
i=3853[]
i=3854[]
i=3855[]
i=3856[]
i=3857[]
i=3858[]
i=3859[]
i=3860[]
i=3861[]
i=3862[]
i=3863[]
i=3864[]
i=3865[]
i=3866[]
i=3867[]
i=3868[]
i=3869[]
i=3870[]
i=3871[]
i=3872[]
i=3873[]
i=3874[]
i=3875[]
i=3876[]
i=3877[]
i=3878[]
i=3879[]
i=3880[]
i=3881[]
i=3882[]
i=3883[]
i=3884[]
i=3885[]
i=3886[]
i=3887[]
i=3888[]
i=3889[]
i=3890[]
i=3891[]
i=3892[]
i=3893[]
i=3894[]
i=3895[]
i=3896[]
i=3897[]
i=3898[]
i=3899[]
i=3900[]
i=3901[]
i=3902[]
i=3903[]
i=3904[]
i=3905[]
i=3906[]
i=3907[]
i=3908[]
i=3909[]
i=3910[]
i=3911[]
i=3912[]
i=3913[]
i=3914[]
i=3915[]
i=3916[]
i=3917[]
i=3918[]
i=3919[]
i=3920[]
i=3921[]
i=3922[]
i=3923[]
i=3924[]
i=3925[]
i=3926[]
i=3927[]
i=3928[]
i=3929[]
i=3930[]
i=3931[]
i=3932[]
i=3933[]
i=3934[]
i=3935[]
i=3936[]
i=3937[]
i=3938[]
i=3939[]
i=3940[]
i=3941[]
i=3942[]
i=3943[]
i=3944[]
i=3945[]
i=3946[]
i=3947[]
i=3948[]
i=3949[]
i=3950[]
i=3951[]
i=3952[]
i=3953[]
i=3954[]
i=3955[]
i=3956[]
i=3957[]
i=3958[]
i=3959[]
i=3960[]
i=3961[]
i=3962[]
i=3963[]
i=3964[]
i=3965[]
i=3966[]
i=3967[]
i=3968[]
i=3969[]
i=3970[]
i=3971[]
i=3972[]
i=3973[]
i=3974[]
i=3975[]
i=3976[]
i=3977[]
i=3978[]
i=3979[]
i=3980[]
i=3981[]
i=3982[]
i=3983[]
i=3984[]
i=3985[]
i=3986[]
i=3987[]
i=3988[]
i=3989[]
i=3990[]
i=3991[]
i=3992[]
i=3993[]
i=3994[]
i=3995[]
i=3996[]
i=3997[]
i=3998[]
i=3999[]
]
maxpos=1878,3859
